_	 906
a	 376
h	 237
i	 215
n	 185
r	 117
e	 116
d	 115
_a	 97
g	 81
s	 80
l	 79
n_	 78
c	 76
an	 72
u	 70
ai	 67
h_	 67
t	 63
o	 58
ch	 56
a_	 56
dh	 55
ha	 54
ea	 53
b	 43
id	 41
m	 41
na	 38
ir	 38
r_	 38
an_	 36
à	 35
nn	 33
ac	 33
ach	 31
idh	 31
s_	 30
ad	 30
_an	 28
_c	 28
dh_	 27
he	 26
_b	 26
in	 25
bh	 24
ig	 24
th	 24
d_	 23
nn_	 23
T	 23
gh	 23
-	 23
ir_	 22
ei	 22
_t	 22
gu	 22
_T	 22
il	 22
ean	 21
.	 20
_ai	 20
,_	 20
,	 20
ann	 20
_g	 20
._	 20
ar	 19
ài	 19
_s	 19
air	 19
?	 19
ha_	 18
g_	 18
ag	 18
is	 18
_n	 17
C	 17
_na	 17
_C	 17
la	 16
ui	 16
cha	 16
ann_	 16
as	 16
G	 16
aid	 15
_G	 15
us_	 15
air_	 15
hai	 15
_an_	 15
_r	 15
adh	 15
gus	 15
oi	 15
gus_	 15
am	 15
us	 15
f	 15
_d	 14
_a_	 14
_Th	 14
?_	 14
da	 14
eac	 14
e_	 14
Th	 14
ig_	 14
_ch	 14
_a?_	 13
idh_	 13
on	 13
_a?	 13
a?	 13
hea	 13
_f	 13
m_	 13
ri	 13
a?_	 13
le	 13
na_	 12
aidh	 12
hl	 12
agus_	 12
_air	 12
each	 12
_na_	 12
adh_	 12
agu	 12
hi	 12
_agus	 12
hu	 12
l_	 12
ch_	 12
agus	 12
_agu	 12
_ag	 12
_bh	 11
ao	 11
àid	 11
àidh	 11
_ann_	 11
hd	 11
chd	 11
aig	 11
_e	 11
rd	 11
_ann	 11
_air_	 11
Tha	 10
E	 10
Tha_	 10
_Tha	 10
ma	 10
ith	 10
_Tha_	 10
it	 10
achd	 10
te	 10
am_	 10
ach_	 10
_B	 10
ne	 10
B	 10
al	 10
_gu	 9
acha	 9
ò	 9
inn	 9
_Gàid	 9
Gàidh	 9
ta	 9
ua	 9
aidh_	 9
ad_	 9
_E	 9
_Gài	 9
ga	 9
h-	 9
lea	 9
gh_	 9
Gà	 9
se	 9
mh	 9
sa	 9
Gài	 9
Gàid	 9
li	 9
_Gà	 9
hli	 8
ia	 8
Ch	 8
ho	 8
_Ch	 8
dhl	 8
ra	 8
u_	 8
ar_	 8
eil	 8
chai	 8
lig	 8
dhe	 8
ain	 8
ì	 8
ba	 8
re	 8
sg	 8
haid	 8
àr	 8
hei	 8
lt	 8
fh	 7
is_	 7
t_	 7
dhli	 7
_D	 7
igh	 7
ù	 7
idhl	 7
A	 7
idhli	 7
h._	 7
_se	 7
D	 7
idhe	 7
_i	 7
hlig	 7
I	 7
h.	 7
àidhl	 7
_th	 7
dhlig	 7
_dh	 7
_I	 7
hui	 7
bh_	 7
_l	 7
th_	 7
p	 6
hà	 6
_am_	 6
'	 6
hlig_	 6
han	 6
nam	 6
ile	 6
ada	 6
_A	 6
_tr	 6
ilt	 6
nea	 6
ona	 6
tha	 6
_aig_	 6
nan	 6
ean_	 6
on_	 6
Ei	 6
tr	 6
de	 6
ic	 6
lig_	 6
haidh	 6
_h-	 6
aoi	 6
_am	 6
_aig	 6
chaid	 6
un	 6
agh	 6
il_	 6
in_	 6
_h	 6
ana	 6
o_	 6
oin	 6
aig_	 6
eal	 5
bar	 5
ll	 5
ilea	 5
ain_	 5
iad	 5
_fa	 5
_N	 5
_ba	 5
gha	 5
rt	 5
ithe	 5
N	 5
_fh	 5
han_	 5
ur	 5
neach	 5
S	 5
Ta	 5
ead	 5
eu	 5
ine	 5
è	 5
ich	 5
_gu_	 5
bhe	 5
nac	 5
io	 5
had	 5
fa	 5
iad_	 5
hd_	 5
rd_	 5
_ri	 5
inn_	 5
hean	 5
ob	 5
gu_	 5
chu	 5
oine	 5
nan_	 5
eo	 5
eir	 5
un_	 5
dhea	 5
the	 5
chd_	 5
at	 5
eacha	 5
F	 5
_bar	 5
_Ta	 5
eann	 5
nach	 5
idhea	 5
aoine	 5
aoin	 5
_F	 5
neac	 5
im	 5
_Ei	 5
ro	 4
_Bh	 4
_cha	 4
_ia	 4
me	 4
ais	 4
_iad	 4
àrd	 4
ide	 4
_iad_	 4
Bh	 4
as_	 4
r-	 4
eann_	 4
_sm	 4
ilean	 4
huir	 4
obh	 4
sm	 4
asg	 4
uid	 4
_ea	 4
heil	 4
_m	 4
sea	 4
chi	 4
rì	 4
lte	 4
lean	 4
_sma	 4
ithea	 4
_S	 4
uir	 4
eachd	 4
Cha	 4
bhi	 4
_ù	 4
thea	 4
bà	 4
du	 4
fha	 4
eis	 4
sma	 4
ri_	 4
sga	 4
_bà	 4
hadh	 4
ilte	 4
achai	 4
_Cha	 4
inea	 4
achad	 4
si	 4
n-	 4
dea	 4
_P	 4
mh_	 4
nai	 4
dach	 4
_bho	 4
bho	 4
hit	 4
achd_	 4
ru	 4
_cl	 4
àn	 4
chadh	 4
lu	 4
ith_	 4
tha_	 4
aigh	 4
_chi	 4
rt_	 4
idea	 4
dac	 4
àna	 4
hadh_	 4
_chu	 4
n,	 4
cl	 4
irt	 4
oinea	 4
-_	 4
hith	 4
chad	 4
eò	 4
_ga	 4
obh_	 4
i_	 4
àidhe	 4
P	 4
_gh	 4
irt_	 4
ni	 4
ail	 4
n,_	 4
-d	 3
oir	 3
_seo	 3
e,_	 3
heal	 3
_bard	 3
om	 3
ear	 3
anan	 3
_chui	 3
ris	 3
chda	 3
y	 3
_Ca	 3
tea	 3
od	 3
)_	 3
ho_	 3
_ro	 3
rìg	 3
_te	 3
Eile	 3
mao	 3
hda	 3
ris_	 3
hr	 3
amh	 3
rob	 3
heil_	 3
smaoi	 3
_Iona	 3
achda	 3
_ce	 3
asga	 3
smao	 3
lach	 3
dhean	 3
dad	 3
huirt	 3
hla	 3
Ionad	 3
an,_	 3
ùr	 3
_Gh	 3
_Io	 3
d.	 3
hean_	 3
_bhe	 3
àis	 3
Eilea	 3
iu	 3
Iona	 3
e,	 3
Bhe	 3
Eil	 3
Taigh	 3
nad_	 3
_rob	 3
_smao	 3
Pa	 3
aic	 3
ch._	 3
rl	 3
_ùr_	 3
_Pa	 3
òr	 3
Ce	 3
rai	 3
al_	 3
ùr_	 3
tei	 3
ire	 3
Gh	 3
gai	 3
Io	 3
idean	 3
rìgh_	 3
_robh	 3
_rìg	 3
eilt	 3
_ei	 3
ard	 3
rìgh	 3
cin	 3
onad_	 3
heu	 3
uirt_	 3
(	 3
aigh-	 3
ean,	 3
dhei	 3
onad	 3
èa	 3
gh-	 3
eil_	 3
_Ion	 3
ch.	 3
nad	 3
In	 3
_(	 3
nni	 3
uirt	 3
hao	 3
ug	 3
ci	 3
rui	 3
dha	 3
_ùr	 3
ean,_	 3
Be	 3
maoi	 3
_Bhe	 3
uai	 3
_Tai	 3
_?	 3
_cu	 3
tri	 3
bard	 3
asa	 3
lan	 3
eir_	 3
Ca	 3
Thu	 3
_Ce	 3
dadh_	 3
rr	 3
st	 3
hài	 3
ath	 3
dean	 3
las	 3
robh_	 3
ìg	 3
_tha	 3
ce	 3
hn	 3
Pas	 3
_tha_	 3
ne_	 3
)	 3
mea	 3
_ri_	 3
an,	 3
ineac	 3
id_	 3
dadh	 3
maoin	 3
_Taig	 3
seo	 3
oc	 3
bhei	 3
_rìgh	 3
Ion	 3
_Be	 3
cu	 3
lua	 3
Taig	 3
ìgh_	 3
d._	 3
Tai	 3
rea	 3
_Thu	 3
nach_	 3
_In	 3
ab	 3
a,	 3
eadh	 3
cinn	 3
nt	 3
_tri	 3
chui	 3
igh-	 3
sg_	 3
_tei	 3
robh	 3
anan_	 3
_rì	 3
a,_	 3
_Pas	 3
_Du	 3
lac	 3
agha	 3
ìgh	 3
Du	 3
amh_	 3
n.	 2
_Fà	 2
hia	 2
adach	 2
hith_	 2
chdad	 2
theam	 2
bhit	 2
_Ath	 2
k	 2
_Chai	 2
anamh	 2
_eile	 2
_gan_	 2
bha	 2
_Na	 2
och	 2
_gus_	 2
leach	 2
Eid	 2
hear	 2
_la	 2
isg_	 2
sac	 2
cuid_	 2
h-à	 2
Fàil	 2
sa_	 2
_ru	 2
eacon	 2
eaco	 2
iom	 2
eo_	 2
ird	 2
oidh	 2
Pask_	 2
um	 2
dhèa	 2
_seir	 2
sgaid	 2
Ea	 2
_Cais	 2
ask_	 2
iomad	 2
teach	 2
_dhè	 2
sgai	 2
nme	 2
lagh	 2
bho_	 2
dh?	 2
eant	 2
ri,	 2
òi	 2
èanam	 2
èana	 2
_)_	 2
ata	 2
_ainm	 2
©_	 2
uin	 2
Ath	 2
rda	 2
all	 2
heul	 2
_Eil	 2
_eaco	 2
_Ceil	 2
thr	 2
bàrd	 2
clea	 2
At	 2
rb	 2
_Inbh	 2
eadh_	 2
àise	 2
_iom	 2
-c	 2
heis	 2
_nach	 2
hail	 2
oda	 2
gh.	 2
eanan	 2
_gan	 2
ta_	 2
ean.	 2
_Na_	 2
heis_	 2
Bheu	 2
uair	 2
_ris_	 2
sk	 2
eall	 2
_Gu	 2
irb	 2
_sea	 2
eòl	 2
ltac	 2
sgad	 2
isi	 2
acona	 2
ich_	 2
ghl	 2
_cà	 2
ean._	 2
©	 2
_Cha_	 2
_Fàil	 2
Ghài	 2
_le	 2
nbhi	 2
_ma	 2
_nac	 2
Na	 2
eile	 2
bhon_	 2
rbh	 2
aire	 2
isean	 2
ois	 2
cà	 2
hair	 2
+	 2
atha	 2
uith	 2
_ain	 2
an-	 2
èan	 2
gan	 2
càna	 2
idhei	 2
e._	 2
ns	 2
àilte	 2
_bhit	 2
-du	 2
br	 2
inmea	 2
seirb	 2
lai	 2
hal	 2
tai	 2
ul	 2
ualch	 2
_Ghà	 2
bheis	 2
_thui	 2
_ead	 2
an._	 2
seir	 2
_Thui	 2
nain	 2
alcha	 2
nta	 2
aich	 2
_ris	 2
isg	 2
hèan	 2
ioma	 2
Cha_	 2
+_	 2
heam	 2
_bi	 2
uid_	 2
eilte	 2
each_	 2
adac	 2
lteac	 2
ar-	 2
àisea	 2
cinni	 2
iar	 2
càn	 2
gaid	 2
cleac	 2
sk_	 2
inne	 2
_At	 2
_br	 2
n-d	 2
dheil	 2
_càna	 2
Dr	 2
nmea	 2
Cà	 2
omad	 2
dhi	 2
oil	 2
lb	 2
anta	 2
fai	 2
_a'	 2
to	 2
te_	 2
gad	 2
ualc	 2
thai	 2
_)	 2
ur_	 2
_dhèa	 2
dar-	 2
i,_	 2
tas	 2
rbhei	 2
ilte_	 2
'_	 2
thear	 2
tri,	 2
idhin	 2
eà	 2
_Inb	 2
Pask	 2
eirbh	 2
chit	 2
dhinn	 2
_Cai	 2
nta_	 2
cle	 2
eana	 2
-àr	 2
cuid	 2
tri,_	 2
_clea	 2
mean_	 2
_Fài	 2
_rui	 2
dò	 2
sach	 2
anna	 2
_Cà	 2
uim	 2
agh_	 2
maid	 2
nnid	 2
ada_	 2
d,	 2
sei	 2
che	 2
thuir	 2
_L	 2
-a	 2
_sa	 2
_eil	 2
conam	 2
idhi	 2
àir	 2
gr	 2
a'	 2
_fha	 2
rla	 2
ichea	 2
?s	 2
_Eile	 2
a'_	 2
ama	 2
hal_	 2
tasg	 2
_bhi	 2
bhon	 2
p_	 2
an.	 2
lba	 2
nbh	 2
sc	 2
_-	 2
Chai	 2
Cei	 2
tac	 2
k_	 2
inni	 2
_ta	 2
_Pask	 2
ànain	 2
ach._	 2
innid	 2
_sei	 2
sh	 2
rna	 2
dar	 2
hithe	 2
alch	 2
gadh	 2
fhu	 2
_bhon	 2
lcha	 2
dhin	 2
onam	 2
oma	 2
_-_	 2
seo_	 2
_Eid	 2
rain	 2
_fhua	 2
_dh?	 2
ub	 2
namh_	 2
_mar	 2
Eidea	 2
thui	 2
_©	 2
ill	 2
adar	 2
hear_	 2
ltach	 2
tach	 2
eirb	 2
eada	 2
bi	 2
ree_	 2
_Bheu	 2
R	 2
lc	 2
leana	 2
hàidh	 2
Alb	 2
_bàrd	 2
_Eide	 2
ànan	 2
arain	 2
lta	 2
_o	 2
abh	 2
ugh_	 2
Cais	 2
sean	 2
Gu	 2
_+_	 2
lan_	 2
amaid	 2
Cai	 2
da_	 2
asac	 2
_cui	 2
rbhe	 2
h-àr	 2
nm	 2
ànai	 2
adar-	 2
n._	 2
_càn	 2
Inbh	 2
amai	 2
dheal	 2
lla	 2
_Ea	 2
L	 2
nmean	 2
hir	 2
cona	 2
irbh	 2
nama	 2
ise	 2
gaidh	 2
?s_	 2
_gus	 2
hne	 2
Fài	 2
_tri,	 2
ras	 2
e.	 2
èi	 2
nidh	 2
irbhe	 2
ee_	 2
_bho_	 2
ltea	 2
hon	 2
ant	 2
mhn	 2
lag	 2
_©_	 2
_a'_	 2
(_	 2
nna	 2
_e_	 2
ri,_	 2
chea	 2
_p	 2
eanta	 2
_'	 2
dhè	 2
bhir	 2
_Cei	 2
_an-	 2
bàr	 2
_mar_	 2
aidhe	 2
òrd	 2
Fa	 2
h?	 2
eul	 2
ge	 2
Thui	 2
sgadh	 2
nnidh	 2
_eada	 2
hinn	 2
ara	 2
d,_	 2
_ruit	 2
_Dr	 2
mad	 2
ach.	 2
_+	 2
iri	 2
Fàilt	 2
ubh	 2
uair_	 2
eis_	 2
so	 2
_h-à	 2
lte_	 2
mar	 2
irean	 2
Ceil	 2
gan_	 2
iche	 2
_chai	 2
ree	 2
Na_	 2
ual	 2
tasga	 2
inme	 2
ainme	 2
bhith	 2
alc	 2
mai	 2
h'	 2
thu	 2
mar_	 2
anta_	 2
Inb	 2
_Ghài	 2
seant	 2
hir_	 2
nbhir	 2
_(_	 2
_Dun	 2
Ghà	 2
teac	 2
_fhu	 2
rean	 2
àird	 2
ùi	 2
_?s	 2
àrd_	 2
Ghàid	 2
Ceilt	 2
iltea	 2
namai	 2
rra	 2
Al	 2
_io	 2
nne	 2
_bàr	 2
maidh	 2
Alba	 2
nam_	 2
acon	 2
ask	 2
_nam	 2
eam	 2
Fà	 2
rm	 2
rn	 2
cho	 2
_u	 2
àil	 2
hèa	 2
i,	 2
nid	 2
ol	 2
hin	 2
isea	 2
_ioma	 2
bhir_	 2
Eide	 2
Dun_	 2
eadar	 2
hon_	 2
hè	 2
àilt	 2
_Fa	 2
_cle	 2
namh	 2
aco	 2
òl	 2
_?s_	 2
ruit	 2
ainm	 2
co	 2
ruith	 2
bo	 2
arai	 2
-à	 2
uit	 2
dach_	 2
_thu	 2
hdadh	 2
inm	 2
hre	 2
ee	 2
_Dun_	 2
lch	 2
igh_	 2
gadh_	 2
hdad	 2
_chit	 2
Dun	 2
fhua	 2
eàr	 2
chith	 2
rid	 2
adha	 2
Inbhi	 2
_h-àr	 2
ìo	 2
dhan_	 2
ear_	 2
hèana	 2
_nam_	 2
chean	 2
ugh	 2
con	 2
_seo_	 2
anam	 2
lagha	 2
onama	 2
hua	 2
òig	 2
_cuid	 2
cui	 2
hàid	 2
hinn_	 2
asach	 2
hol	 2
mean	 2
irea	 2
mha	 2
leac	 2
nb	 2
asgai	 2
dhan	 2
nain_	 2
deann	 2
_ghl	 2
oid	 2
gh._	 2
_fai	 2
_eac	 2
dhèan	 2
sp	 1
_Mar	 1
chd.	 1
hann	 1
rlac	 1
hris_	 1
habh	 1
_lea	 1
Phe	 1
nàis	 1
sa,_	 1
tì	 1
Turas	 1
aog	 1
eòla	 1
n-ci	 1
-ao	 1
h?è	 1
h'fh	 1
olt	 1
_buin	 1
Thuir	 1
_tì	 1
llai	 1
S_	 1
_Dro	 1
Roi	 1
Ceann	 1
bheu	 1
'fha	 1
irl	 1
Ia	 1
mhnea	 1
ille	 1
bàrda	 1
an-d	 1
bit	 1
idòmh	 1
_tyr_	 1
smac	 1
_seo,	 1
Chl	 1
ardag	 1
ìoba	 1
hich	 1
rdd	 1
eig	 1
hio	 1
eit	 1
Tao	 1
teis-	 1
rèagh	 1
de.	 1
rmo	 1
laich	 1
Somha	 1
illea	 1
id._	 1
inig	 1
n-di	 1
ìr-eò	 1
_sa_	 1
eul-	 1
_St	 1
Va	 1
_Somh	 1
_brèa	 1
al,_	 1
gh-_	 1
_Càis	 1
Beann	 1
diugh	 1
ot	 1
_si	 1
c_	 1
_V	 1
eur	 1
roc	 1
_An_	 1
chia	 1
hairl	 1
_th'	 1
arth_	 1
àrla	 1
simp	 1
luac	 1
Si	 1
siu	 1
teala	 1
rri	 1
_bàir	 1
_oir	 1
_rat	 1
l-	 1
r-nà	 1
_ayns	 1
àrl	 1
Somh	 1
slua	 1
iod	 1
mneac	 1
teis	 1
dagh	 1
ghan	 1
Ellan	 1
riu_	 1
chuim	 1
buin	 1
eann/	 1
stoc	 1
rd._	 1
mpl	 1
eum	 1
h-E	 1
oet	 1
_Nàis	 1
es	 1
mhair	 1
iubh	 1
nnei	 1
ùmh	 1
athai	 1
/Gl	 1
hlan	 1
ilti	 1
oisie	 1
tocai	 1
eile.	 1
mne	 1
_dhei	 1
Bòrd_	 1
Taobh	 1
hdsa	 1
_'S_	 1
cain	 1
h-du	 1
aid._	 1
thaid	 1
Cata	 1
hiad_	 1
sa,	 1
leir_	 1
uac	 1
cinn_	 1
lasc	 1
oidhn	 1
los	 1
einn_	 1
hionn	 1
urg	 1
hreit	 1
_Ell	 1
rle	 1
aich.	 1
_Eir	 1
_Dal_	 1
dsa,	 1
nana	 1
_Pheo	 1
Nài	 1
_do	 1
_fhà	 1
hnea	 1
ànan_	 1
llan	 1
ra_	 1
ile.	 1
àrd._	 1
nn-	 1
inig_	 1
Eir	 1
orm_	 1
mplei	 1
nnat	 1
oth_	 1
-di	 1
he_	 1
inead	 1
-aon_	 1
ge,_	 1
har	 1
boi	 1
hànan	 1
urla,	 1
ocain	 1
ofha	 1
_Ath_	 1
_pì	 1
_Gun	 1
h-a	 1
dlùit	 1
_?n-d	 1
haoth	 1
hrei	 1
fr	 1
h?èir	 1
-io	 1
m,_	 1
_Bean	 1
heo	 1
?èi	 1
-sao	 1
mhan_	 1
Cù	 1
den_	 1
_eisi	 1
_.	 1
plei	 1
dao	 1
?n-di	 1
hàrd	 1
rla,_	 1
tair	 1
_oir_	 1
huimh	 1
feall	 1
às_	 1
Glas	 1
Taob	 1
cain_	 1
Ath_	 1
_ceàr	 1
rdagh	 1
ò_	 1
bhà	 1
_Fai	 1
_R	 1
Bu	 1
tìr-e	 1
biodh	 1
ghao	 1
h?ài	 1
àrlac	 1
u-cho	 1
h'f	 1
_biod	 1
sgoi	 1
nneig	 1
Dal	 1
gèil	 1
_Som	 1
_toi	 1
_bith	 1
r-lag	 1
il._	 1
inte	 1
a._	 1
pì	 1
aoidh	 1
Dal_	 1
_Dal	 1
dubh	 1
soi	 1
fhàga	 1
_bhei	 1
id,_	 1
ay	 1
simpl	 1
reum	 1
le._	 1
trì	 1
hlinn	 1
_try	 1
sachd	 1
_far_	 1
òrd_	 1
or	 1
isimp	 1
seo,_	 1
dhail	 1
n/Gla	 1
abh_	 1
_Si	 1
hla_	 1
sanac	 1
hlach	 1
dòmh	 1
_cho	 1
n-dui	 1
s,	 1
sluag	 1
hun	 1
_soi	 1
laidh	 1
dai	 1
àd	 1
_Iar_	 1
Da	 1
oet_	 1
àra	 1
Pheof	 1
nidh_	 1
Nis._	 1
idh._	 1
rèag	 1
hain_	 1
iu_	 1
runn_	 1
_dhe	 1
dh?à	 1
às	 1
_El	 1
hdac	 1
Bhei	 1
linne	 1
dug	 1
imple	 1
iùlan	 1
tyr	 1
aidea	 1
_h-Ei	 1
_ceòl	 1
Roinn	 1
nnsid	 1
iar_	 1
hnai	 1
_bàs	 1
einn	 1
_rà	 1
lt_	 1
ls	 1
chol	 1
_lagh	 1
lasch	 1
-Alb	 1
-nài	 1
èiric	 1
dsa	 1
-aith	 1
_sam_	 1
teò	 1
dh.	 1
_òr	 1
chais	 1
oluim	 1
dlù	 1
_Goil	 1
igh-d	 1
_Dra	 1
ist,	 1
_._	 1
mu_	 1
ailea	 1
_Siar	 1
h-Eil	 1
_ua	 1
_Teà	 1
_Cata	 1
habh_	 1
Che	 1
haide	 1
_pìob	 1
lùi	 1
rz	 1
_as	 1
Drao	 1
t-sa	 1
_is_	 1
yr	 1
Tadh	 1
aoda	 1
_an-i	 1
_ghli	 1
_FT)_	 1
gha,_	 1
dar-_	 1
rnaid	 1
go	 1
_bhea	 1
_cla	 1
_ràd	 1
nat	 1
tree	 1
_Tad	 1
bhal_	 1
Thà	 1
_Al	 1
hd,	 1
_gi	 1
ghlua	 1
onn	 1
anac	 1
lann	 1
chuid	 1
sad_	 1
lath	 1
adhla	 1
èag	 1
(Roi	 1
eidh	 1
bàs_	 1
hanna	 1
oidh_	 1
haoin	 1
chas	 1
Go	 1
thris	 1
_bhàr	 1
_dlù	 1
dachd	 1
_shea	 1
ofhar	 1
Gha	 1
eòrn	 1
sim	 1
aster	 1
odai	 1
_dì	 1
hree	 1
hdach	 1
-cin	 1
rla,	 1
Cholu	 1
hd._	 1
ha,	 1
Inn	 1
ùmhl	 1
h-Al	 1
_Ni	 1
nnin_	 1
ceàr	 1
Cài	 1
sad	 1
eoi	 1
eamh	 1
oirid	 1
madh	 1
cea	 1
_Eas	 1
Beò	 1
h-d	 1
_sh	 1
sto	 1
naich	 1
isc	 1
ghic	 1
gh-t	 1
_gum	 1
_Càn	 1
far_	 1
aige	 1
_orm	 1
irde.	 1
-chol	 1
Thug	 1
hug	 1
omhai	 1
luag	 1
_B?_	 1
isht_	 1
_?n	 1
aithr	 1
_du	 1
_cur_	 1
ràdh	 1
fe	 1
_e,	 1
l-a	 1
lban	 1
_ra	 1
bài	 1
h-tas	 1
Earra	 1
Sre	 1
dar-n	 1
arzh_	 1
Ma	 1
imnea	 1
llsa	 1
ceàrn	 1
ail_	 1
zh_	 1
s._	 1
uinn	 1
oist,	 1
_tree	 1
àdh	 1
aoth_	 1
/G	 1
èir	 1
hlann	 1
st,_	 1
hlin	 1
nn-ci	 1
ail.	 1
Bean	 1
fhada	 1
sc_	 1
lacha	 1
_(R	 1
alas_	 1
ail._	 1
idh.	 1
ras_	 1
toirt	 1
_Chla	 1
hu.	 1
heidh	 1
òla	 1
_Inns	 1
aoth	 1
naidh	 1
ime	 1
?à	 1
ll_	 1
aicin	 1
chao	 1
s-m	 1
osgad	 1
hean.	 1
searm	 1
eòrna	 1
-àrd_	 1
al,	 1
holu	 1
rth_	 1
gru	 1
Vanni	 1
rdach	 1
ìn	 1
_Aon_	 1
T)_	 1
fir-	 1
rei	 1
__	 1
_gr	 1
_ràdh	 1
nài	 1
bour	 1
_fir-	 1
easa	 1
h-A	 1
banna	 1
rle,_	 1
chdac	 1
uach_	 1
ata._	 1
odh	 1
nin_	 1
teip_	 1
n/	 1
_lath	 1
_Gun_	 1
-me	 1
ul_	 1
Gun_	 1
chiad	 1
hnaic	 1
_bhà	 1
_Gha	 1
ini	 1
Chi	 1
lig.	 1
sam_	 1
hoiri	 1
rde._	 1
_Erri	 1
_Cùi	 1
allsa	 1
_chà	 1
FT)_	 1
rà	 1
chds	 1
_e,_	 1
_she	 1
ligh	 1
airso	 1
uidea	 1
_tair	 1
um_	 1
aon	 1
gho	 1
Dua	 1
FT)	 1
dh?ài	 1
ou	 1
nglai	 1
machd	 1
Times	 1
teir_	 1
òlas	 1
Fail	 1
_gach	 1
armo	 1
chio	 1
rnai	 1
-sa	 1
nn-c	 1
obai	 1
_mh	 1
_fas	 1
raid	 1
_bu	 1
ir-	 1
'aige	 1
heall	 1
Chlan	 1
Bun	 1
_Urr	 1
_uin	 1
iugh	 1
Goill	 1
onac	 1
icin	 1
is.	 1
-A	 1
she	 1
oe	 1
àrda	 1
M	 1
dlùi	 1
leadh	 1
hàini	 1
_tri_	 1
naic	 1
ceòl	 1
angl	 1
aobh	 1
_bour	 1
fhai	 1
tic	 1
_ò	 1
llsan	 1
àga	 1
mada	 1
An	 1
n-ioc	 1
tich_	 1
_gur_	 1
seach	 1
ath._	 1
toca	 1
uagh_	 1
ocai	 1
fi	 1
eàrla	 1
ìon_	 1
goi	 1
ge,	 1
bhagh	 1
san	 1
hàna	 1
-dub	 1
'f	 1
ibh_	 1
le_	 1
rra_	 1
ry	 1
innei	 1
alta	 1
Ste	 1
_FT)	 1
_siu	 1
_fad	 1
mn	 1
Thug_	 1
_Thà	 1
Nàis	 1
ideac	 1
_or	 1
ann/	 1
poet	 1
Dual	 1
do_	 1
earmo	 1
nns	 1
arm	 1
uas	 1
ubh_	 1
àrd.	 1
espan	 1
t-sao	 1
nteal	 1
dìon	 1
fais	 1
raid.	 1
rath	 1
is._	 1
oine_	 1
ithri	 1
'aig	 1
deach	 1
rdd_	 1
'sa	 1
Urr	 1
nnsi	 1
nnac	 1
Te	 1
_li	 1
Sia	 1
_fada	 1
_ùmhl	 1
ghi	 1
Caish	 1
bheil	 1
nsidh	 1
hail_	 1
gha,	 1
th.	 1
ait	 1
dd_	 1
orm	 1
laic	 1
daoin	 1
odair	 1
-ai	 1
nig	 1
eam_	 1
ie	 1
icinn	 1
dean,	 1
barth	 1
sht	 1
_ayn	 1
Bò	 1
igh-t	 1
ìobai	 1
clach	 1
holt	 1
Ear	 1
ib	 1
Droch	 1
irson	 1
_FT	 1
_den_	 1
_Bò	 1
rde	 1
sht_	 1
_Eire	 1
_Dua	 1
asgad	 1
_Goi	 1
/	 1
oghal	 1
esp	 1
ltich	 1
teip	 1
ùit	 1
dsa,_	 1
eip	 1
-àrd	 1
Ella	 1
bru	 1
dugh	 1
_cinn	 1
eamh_	 1
(Ro	 1
rèa	 1
_'sa	 1
daoi	 1
_Tao	 1
ibh	 1
heul-	 1
rdu	 1
_Pasg	 1
_Er	 1
ìr-	 1
hu._	 1
gach_	 1
lach.	 1
latha	 1
mhan	 1
monac	 1
Cùil	 1
art	 1
ì_	 1
-ch	 1
ng	 1
gridh	 1
t-s	 1
ala	 1
oirt_	 1
Steò	 1
uig	 1
àinig	 1
saog	 1
os	 1
iata.	 1
fhad	 1
hiar	 1
_Sia	 1
uidh	 1
rdac	 1
uagh	 1
ric	 1
_dh?è	 1
_Bein	 1
run	 1
mon	 1
dua	 1
iarai	 1
_da	 1
thain	 1
_(Roi	 1
mhl	 1
Thài	 1
_ui	 1
lin	 1
ìr-e	 1
h'fha	 1
_lua	 1
_Ph	 1
rgeo	 1
-saog	 1
'ai	 1
lei	 1
our	 1
_Sre	 1
_grun	 1
lo	 1
fhà	 1
m,	 1
Did	 1
rge	 1
ataib	 1
_Steò	 1
mhna	 1
as,	 1
di	 1
ist,_	 1
dìo	 1
_Le_	 1
nnath	 1
Dualc	 1
u._	 1
bann	 1
_feal	 1
sch	 1
òigh_	 1
B?	 1
schu.	 1
smach	 1
isht	 1
_to	 1
_Cho	 1
raoi	 1
ailt_	 1
ast	 1
hne_	 1
glai	 1
eadha	 1
eu-ch	 1
holta	 1
hri	 1
er	 1
an-io	 1
omh	 1
Càn	 1
Ni	 1
Ghab	 1
g._	 1
agha_	 1
oth	 1
_an-d	 1
rid,_	 1
aige,	 1
pìoba	 1
ilm,_	 1
_Fail	 1
gèi	 1
ealls	 1
_stoc	 1
lachd	 1
r-l	 1
_dh?à	 1
dh?èi	 1
h-àra	 1
_gèil	 1
èiri	 1
irle,	 1
_à	 1
odh_	 1
neig_	 1
fhao	 1
-eòl	 1
_smac	 1
s-me	 1
ster_	 1
_teir	 1
_luac	 1
gail	 1
_lig	 1
Teàrl	 1
bourg	 1
_Bhei	 1
Erriu	 1
-E	 1
eurla	 1
lti	 1
ighic	 1
_sam	 1
tìr-	 1
nn/	 1
rle,	 1
rnab	 1
_dual	 1
h-ta	 1
heurl	 1
òl_	 1
iub	 1
airea	 1
st,	 1
_nan	 1
irid,	 1
omha	 1
irid	 1
h-Alb	 1
aid.	 1
nidhe	 1
rde.	 1
losg	 1
_bit	 1
aimn	 1
lead	 1
chair	 1
_bàs_	 1
ùil	 1
ple	 1
_do_	 1
idhn	 1
arzh	 1
isc_	 1
-mea	 1
h'aig	 1
bio	 1
_tasg	 1
cholt	 1
bhrei	 1
aiche	 1
_dh'	 1
grun	 1
àin	 1
Le_	 1
_Nu	 1
_Go	 1
ùmhla	 1
n/G	 1
Droc	 1
_ùmh	 1
alt	 1
òm	 1
_lat	 1
Tim	 1
urgeo	 1
an-du	 1
bàs	 1
_Atha	 1
hagh.	 1
oinn_	 1
hais_	 1
dag	 1
mhnai	 1
las_	 1
_bou	 1
Fadh	 1
mhla	 1
huid	 1
mona	 1
Nà	 1
Chail	 1
heamh	 1
_Aon	 1
rè	 1
_bart	 1
'sa_	 1
Bòr	 1
fasga	 1
iugh_	 1
òigr	 1
chdsa	 1
fhar	 1
span	 1
Siar	 1
eofh	 1
ht	 1
bheac	 1
hug_	 1
hd.	 1
ngl	 1
_Ella	 1
_toir	 1
dair_	 1
_barz	 1
iubha	 1
nei	 1
ty	 1
Ell	 1
ard_	 1
_Mar_	 1
Nis.	 1
Catai	 1
fre	 1
siubh	 1
à_	 1
_Cea	 1
_dao	 1
lighi	 1
y,_	 1
fasg	 1
Loda	 1
_bio	 1
n-c	 1
bhre	 1
-la	 1
_(Ro	 1
Draoi	 1
heof	 1
Failt	 1
three	 1
ul-ai	 1
eo,_	 1
ige	 1
cànai	 1
-i	 1
rean_	 1
eip_	 1
eàrl	 1
-duig	 1
ban	 1
n-diu	 1
uag	 1
_fe	 1
_losg	 1
_Tura	 1
ogha	 1
òrn	 1
rriu_	 1
Bun_	 1
r-eòl	 1
uir_	 1
ruid	 1
th'a	 1
annac	 1
ul-a	 1
re_	 1
sidh_	 1
umhan	 1
eàrna	 1
-nà	 1
Nàise	 1
oba	 1
aogh	 1
luim	 1
et_	 1
r-eò	 1
_bài	 1
Earr	 1
nacha	 1
?n-	 1
asc	 1
aste	 1
dacha	 1
-Alba	 1
asg_	 1
uada	 1
-ait	 1
_cìn	 1
trì_	 1
rid,	 1
hais	 1
_thr	 1
-cinn	 1
heofh	 1
Srea	 1
ich._	 1
a.	 1
_tai	 1
_siub	 1
_Bu	 1
le,	 1
ntea	 1
giù	 1
_Càna	 1
eò_	 1
adhan	 1
èil	 1
ile._	 1
rdag	 1
àirde	 1
_Alba	 1
t,_	 1
?n	 1
Cat	 1
V	 1
pìo	 1
làr_	 1
_tìr	 1
ig._	 1
grunn	 1
ìr	 1
llan_	 1
uigh.	 1
bàrd_	 1
id.	 1
aschu	 1
meadh	 1
heam_	 1
_chia	 1
òmhn	 1
bith	 1
hagh	 1
uithe	 1
s-mea	 1
leabo	 1
iodh_	 1
_sgo	 1
eul-a	 1
ìon	 1
Pasg	 1
'fhao	 1
Fadhl	 1
rich_	 1
tyr_	 1
ga_	 1
ish	 1
_trì_	 1
h-t	 1
Urra	 1
eith	 1
?è	 1
Ag	 1
àgai	 1
chuir	 1
Le	 1
_Cat	 1
eofha	 1
lean,	 1
_uinn	 1
lui	 1
poe	 1
ionn_	 1
rasa	 1
_Cean	 1
er_	 1
-Al	 1
Athai	 1
fhaod	 1
_sto	 1
àrai	 1
h-ò	 1
Erri	 1
brèag	 1
aibh_	 1
_gum_	 1
llea	 1
fir	 1
Time	 1
Chei	 1
_Thài	 1
_fi	 1
sana	 1
oirt	 1
l.	 1
intea	 1
haod	 1
hun_	 1
èill	 1
chan	 1
_soid	 1
hlig.	 1
_uair	 1
chaoi	 1
sao	 1
brèa	 1
àrna	 1
eala	 1
_nan_	 1
_Nuai	 1
asad_	 1
fea	 1
dual	 1
ir-la	 1
lù	 1
Aon	 1
l,_	 1
ster	 1
-diug	 1
Ur	 1
'S_	 1
Urras	 1
_t-s	 1
huim	 1
?àird	 1
arz	 1
là	 1
Thuil	 1
-eòla	 1
of	 1
luas	 1
àrdac	 1
aghan	 1
h-òig	 1
_Urra	 1
dhne_	 1
-lag	 1
'S	 1
_po	 1
fhàg	 1
FT	 1
hiara	 1
's	 1
lig._	 1
gh-ta	 1
Lodai	 1
igri	 1
hàga	 1
_faig	 1
_mh_	 1
Nu	 1
_tyr	 1
_bo	 1
bheul	 1
naid	 1
cur_	 1
gac	 1
ird_	 1
U	 1
easac	 1
luagh	 1
_fasg	 1
ceòl_	 1
tach_	 1
ourg	 1
fada	 1
son_	 1
_Bòrd	 1
grid	 1
_h-ao	 1
eu-	 1
ha,_	 1
slu	 1
ar-_	 1
_Chl	 1
Chla	 1
_dhan	 1
faigh	 1
/Gla	 1
mnea	 1
_dl	 1
uilm	 1
taib	 1
bai	 1
dair	 1
nanan	 1
_Didò	 1
th'	 1
gail.	 1
healt	 1
soid	 1
ht_	 1
obair	 1
u-c	 1
-Eile	 1
_Beò	 1
Atha	 1
hris	 1
clàr_	 1
_cin	 1
Cùil_	 1
_Nà	 1
Chia	 1
arth	 1
Eirea	 1
an-i	 1
eoisi	 1
aisc	 1
_Nua	 1
bardd	 1
_òrd	 1
_Tur	 1
bàird	 1
_Alb	 1
_Did	 1
igr	 1
Teà	 1
(R	 1
cla	 1
-aon	 1
-t	 1
_tre	 1
ry,_	 1
linn	 1
_Iar	 1
uaimn	 1
imhn	 1
ghli	 1
_Agu	 1
_cur	 1
uach	 1
eumha	 1
arra	 1
glaic	 1
-Eil	 1
geois	 1
Ti	 1
angla	 1
barz	 1
gè	 1
heul_	 1
_Gu_	 1
_bheu	 1
_Bei	 1
leab	 1
hoi	 1
_ceà	 1
_tas	 1
-òi	 1
oiri	 1
-m	 1
gum	 1
la,	 1
dui	 1
igh._	 1
_uai	 1
ig.	 1
mac	 1
chu.	 1
ghan_	 1
rain,	 1
il.	 1
cur	 1
iata	 1
mo	 1
odadh	 1
ayns_	 1
pan_	 1
arra_	 1
gi	 1
Eas	 1
Er	 1
leas	 1
Lod	 1
aici	 1
ain,_	 1
g.	 1
heal,	 1
chà	 1
s,_	 1
heilt	 1
?ài	 1
rlach	 1
eòl_	 1
brui	 1
ta._	 1
_st	 1
eaboi	 1
Iar	 1
nnin	 1
àraid	 1
hic	 1
nabh	 1
Gun	 1
Goil	 1
iù	 1
eal,_	 1
anni	 1
boist	 1
gha_	 1
reu	 1
achds	 1
aot	 1
ithr	 1
_chio	 1
lat	 1
aib	 1
uigh	 1
ilm,	 1
Ri	 1
Som	 1
oinn	 1
en_	 1
mhai	 1
rich	 1
_gac	 1
t-	 1
aboi	 1
mespa	 1
_Che	 1
h-dub	 1
eis-m	 1
hain	 1
_ùm	 1
nn/Gl	 1
has_	 1
_eu	 1
lsana	 1
eurl	 1
huir_	 1
_Err	 1
cìn	 1
rat	 1
geoi	 1
chd._	 1
àrn	 1
th._	 1
ap	 1
uint	 1
Mar_	 1
_Taob	 1
ip	 1
eis-	 1
àisg_	 1
rain_	 1
la,_	 1
bhàrd	 1
fas	 1
neig	 1
mu	 1
hree_	 1
Di	 1
shea	 1
barzh	 1
iochd	 1
bard_	 1
madh_	 1
hlu	 1
ealt	 1
dheid	 1
_seac	 1
den	 1
_Van	 1
_Ear	 1
_slu	 1
haire	 1
iric	 1
ds	 1
Càis	 1
East	 1
_rath	 1
hean,	 1
_An	 1
h-ao	 1
dhne	 1
ta.	 1
_Ti	 1
_chao	 1
Ghabh	 1
_Di	 1
imne	 1
urla	 1
Bòrd	 1
schu	 1
harai	 1
lm,_	 1
ann/G	 1
s.	 1
Caisc	 1
eois	 1
alls	 1
riu	 1
impl	 1
_eis	 1
heir	 1
Roin	 1
_Nis.	 1
_ceò	 1
haoi	 1
rg	 1
_th'a	 1
omadh	 1
tair_	 1
_cho_	 1
Bheur	 1
ofh	 1
huilm	 1
dub	 1
allai	 1
oisi	 1
isie_	 1
/Glas	 1
oill_	 1
airs	 1
ileab	 1
ùlan_	 1
ais_	 1
ùil_	 1
_fre	 1
geo	 1
is-me	 1
_gha	 1
Agus_	 1
ruidh	 1
Bheir	 1
ealas	 1
pìob	 1
gri	 1
-Ei	 1
irle	 1
?èir	 1
urge	 1
_brui	 1
l-ai	 1
ìnn-c	 1
ghal_	 1
Iar_	 1
Teàr	 1
h-_	 1
chd,_	 1
_Droc	 1
igh.	 1
huil	 1
uidhi	 1
_try,	 1
aith	 1
-ò	 1
in,	 1
onn_	 1
clàr	 1
Beinn	 1
hara	 1
_dòig	 1
_Time	 1
heach	 1
tich	 1
_Drao	 1
ìob	 1
ithe_	 1
eal,	 1
_h-òi	 1
_Ag	 1
Err	 1
rnabh	 1
n-cin	 1
_Va	 1
Cùi	 1
hàg	 1
Van	 1
gèill	 1
_sear	 1
òlas,	 1
huad	 1
-mead	 1
Cea	 1
Sr	 1
?n-d	 1
umha	 1
dugh_	 1
Chaid	 1
_dha	 1
_ga_	 1
uimh	 1
seac	 1
r-_	 1
Càna	 1
Nuair	 1
nsi	 1
lsan	 1
h'a	 1
ang	 1
reann	 1
ich.	 1
àg	 1
Bhan	 1
ceò	 1
goil_	 1
hluas	 1
_airs	 1
aibh	 1
chun_	 1
ter	 1
aish	 1
_dua	 1
haot	 1
cai	 1
_Ma	 1
rras	 1
Didò	 1
fad	 1
-ioc	 1
yn	 1
iùla	 1
airl	 1
Càisg	 1
rd.	 1
_h-a	 1
n/Gl	 1
ici	 1
span_	 1
et	 1
lle	 1
_Chol	 1
isie	 1
Glasc	 1
-ioch	 1
Tur	 1
huaim	 1
r-la	 1
ùl	 1
dhla	 1
pleir	 1
-eò	 1
_Nài	 1
uaim	 1
Mar	 1
_orm_	 1
_so	 1
eang	 1
_leas	 1
dòmhn	 1
lchas	 1
Pheo	 1
annin	 1
èagha	 1
bart	 1
eo,	 1
Sreap	 1
imesp	 1
_sgoi	 1
nachd	 1
_fea	 1
reap	 1
asad	 1
òigri	 1
holui	 1
_dò	 1
tìr	 1
hàr	 1
olta	 1
Dro	 1
_mu_	 1
hdsa,	 1
heur	 1
tre	 1
_tìr-	 1
hiad	 1
ealta	 1
hag	 1
ry,	 1
eilti	 1
nead	 1
_lo	 1
ap_	 1
lann_	 1
_fais	 1
iara	 1
eithe	 1
bàir	 1
ain,	 1
_Vann	 1
achd.	 1
inne_	 1
teal	 1
ghoi	 1
Agu	 1
aile	 1
_Chei	 1
h?èi	 1
Cho	 1
_daoi	 1
aob	 1
hàin	 1
yns	 1
Eire	 1
_Earr	 1
mhne	 1
-e	 1
deac	 1
toc	 1
rmona	 1
_'s	 1
cìnn	 1
_bhr	 1
laid	 1
Nua	 1
_t-sa	 1
lùit	 1
uide	 1
_cha_	 1
l,	 1
heir_	 1
gh-du	 1
cànan	 1
aidh.	 1
nà	 1
dòi	 1
duig	 1
eisi	 1
Goi	 1
ul-	 1
_Bun_	 1
h-Ei	 1
brè	 1
_Bòr	 1
ine_	 1
do	 1
-s	 1
rso	 1
àr_	 1
hab	 1
taibh	 1
diug	 1
mesp	 1
uras	 1
_fhai	 1
_Ia	 1
ghich	 1
Ao	 1
l._	 1
eid	 1
_Te	 1
aoid	 1
reap_	 1
llead	 1
rocha	 1
imp	 1
Dra	 1
_clàr	 1
gur	 1
ip_	 1
-àra	 1
neadh	 1
_h-Al	 1
dh'fh	 1
aimne	 1
heac	 1
Siar_	 1
-tasg	 1
_Chi	 1
yns_	 1
gum_	 1
aon_	 1
unn	 1
ghal	 1
_cì	 1
ceà	 1
lchai	 1
_Beò_	 1
each.	 1
toir	 1
_bui	 1
ter_	 1
ceang	 1
sgo	 1
rdugh	 1
ighi	 1
gh-d	 1
fhara	 1
_giùl	 1
olui	 1
Alban	 1
Riat	 1
sid	 1
umh	 1
mach	 1
uinte	 1
gl	 1
t,	 1
achan	 1
abhag	 1
achd,	 1
_h-E	 1
B?_	 1
thre	 1
àird_	 1
irs	 1
òmh	 1
lsa	 1
dhai	 1
Didòm	 1
osga	 1
idòm	 1
eòlas	 1
(Roin	 1
-diu	 1
òrnab	 1
bou	 1
_Ri	 1
ridh	 1
n-io	 1
ayn	 1
h?à	 1
_?n-	 1
teir	 1
irich	 1
uasa	 1
-dubh	 1
eas	 1
cean	 1
eàrn	 1
lean.	 1
_fhad	 1
ein	 1
Riata	 1
sear	 1
Agus	 1
ar-nà	 1
_as_	 1
-nàis	 1
ràdh_	 1
hion	 1
tri_	 1
dd	 1
èille	 1
atai	 1
armon	 1
aisht	 1
bair	 1
_brè	 1
ir-l	 1
_freu	 1
?èiri	 1
Tura	 1
fhuad	 1
ar-n	 1
h?àir	 1
oltac	 1
eab	 1
rriu	 1
dòig	 1
lm	 1
is-	 1
chd,	 1
abo	 1
asch	 1
freu	 1
rm_	 1
_òrdu	 1
_cea	 1
goil	 1
ochai	 1
z	 1
_Le	 1
int	 1
s-	 1
So	 1
_Bha	 1
Steòr	 1
nnach	 1
bui	 1
fhaic	 1
_Inn	 1
seo,	 1
ca	 1
-ta	 1
_Nis	 1
_fir	 1
ilt_	 1
iltic	 1
fhuai	 1
luach	 1
_ghoi	 1
_h-ò	 1
_gho	 1
oill	 1
le.	 1
èagh	 1
faig	 1
rasac	 1
Tadha	 1
chàna	 1
iug	 1
ochd	 1
chan_	 1
eòr	 1
Lo	 1
rth	 1
chas_	 1
huide	 1
o,_	 1
àdh_	 1
_dìon	 1
aisg_	 1
y,	 1
imn	 1
h-àrd	 1
_t-	 1
_is	 1
zh	 1
luasa	 1
_mu	 1
try,	 1
siub	 1
_pìo	 1
ura	 1
rras_	 1
hàrd.	 1
ion	 1
ioc	 1
tachd	 1
far	 1
_Bea	 1
abha	 1
igh-_	 1
_chun	 1
ba_	 1
_slua	 1
_'S	 1
_Cài	 1
An_	 1
Tad	 1
Easte	 1
ige,	 1
the_	 1
_U	 1
dòm	 1
ns_	 1
_ay	 1
urasa	 1
haoda	 1
_chàn	 1
dìon_	 1
yr_	 1
mhlac	 1
ridh_	 1
ealla	 1
Cànai	 1
dhn	 1
dualc	 1
madac	 1
dì	 1
òrdu	 1
in,_	 1
_clac	 1
clac	 1
hlac	 1
_Ste	 1
espa	 1
bith_	 1
Bein	 1
Gu_	 1
uadac	 1
_cìnn	 1
aid_	 1
freum	 1
_den	 1
_teip	 1
_M	 1
aire_	 1
Cheil	 1
uad	 1
_Ao	 1
eu-c	 1
u.	 1
alla	 1
ilm	 1
àisg	 1
mes	 1
sie_	 1
Ria	 1
rson	 1
_dlùi	 1
nabha	 1
_oi	 1
olu	 1
eap	 1
o,	 1
fada_	 1
_Ur	 1
Bha	 1
huai	 1
Chol	 1
Nis	 1
Bei	 1
aogha	 1
hlua	 1
hoir	 1
aobh_	 1
_trì	 1
_sl	 1
rzh_	 1
aod	 1
giùla	 1
bhàr	 1
_Loda	 1
uim_	 1
as,_	 1
ghoir	 1
-n	 1
luim_	 1
bruid	 1
nn/G	 1
poet_	 1
Thàin	 1
haile	 1
pl	 1
iodh	 1
'a	 1
irso	 1
mple	 1
'fh	 1
ubhal	 1
nath.	 1
clà	 1
try	 1
_Tadh	 1
hàn	 1
diu	 1
_ci	 1
ìnn-	 1
buint	 1
la_	 1
ratha	 1
_East	 1
iat	 1
hada	 1
biod	 1
dh?è	 1
sam	 1
ige,_	 1
_fhàg	 1
irde	 1
sheal	 1
Ro	 1
ata.	 1
-l	 1
eilea	 1
làr	 1
agh._	 1
llaid	 1
lba_	 1
bhag	 1
òigh	 1
adhai	 1
n-i	 1
_teis	 1
spa	 1
_bru	 1
raoid	 1
unn_	 1
_Da	 1
h-aon	 1
las,	 1
ngla	 1
baire	 1
_So	 1
Alba_	 1
-lagh	 1
Nuai	 1
fir-l	 1
_B?	 1
rdug	 1
gur_	 1
eof	 1
òmhna	 1
bu	 1
toi	 1
Chiar	 1
ti	 1
dubh_	 1
aodad	 1
haid_	 1
àini	 1
eisim	 1
Aon_	 1
rì_	 1
duigh	 1
_Lo	 1
ùm	 1
dh._	 1
Tu	 1
thri	 1
tree_	 1
hiche	 1
son	 1
chion	 1
rgeoi	 1
_dìo	 1
losga	 1
_Dual	 1
alas	 1
Fai	 1
_sg	 1
ath.	 1
iùl	 1
_gur	 1
agh.	 1
aisg	 1
_bhre	 1
St	 1
_poe	 1
id,	 1
eap_	 1
ire_	 1
hd,_	 1
-tas	 1
r-n	 1
cìnn-	 1
idhne	 1
anach	 1
pa	 1
_clà	 1
rmon	 1
nab	 1
u-ch	 1
atha_	 1
ie_	 1
r-nài	 1
-àrai	 1
rson_	 1
ug_	 1
arr	 1
ànana	 1
cho_	 1
bhal	 1
rs	 1
_Bhan	 1
agha,	 1
has	 1
-dui	 1
_lag	 1
l-ait	 1
òrna	 1
onach	 1
_'sa_	 1
ghlin	 1
_dh'f	 1
sacha	 1
_eu-	 1
ist	 1
altac	 1
dh'	 1
adhl	 1
Bheul	 1
-cho	 1
lbann	 1
Fad	 1
nne_	 1
bhea	 1
El	 1
hàgai	 1
_Ria	 1
n-du	 1
ltic	 1
oil_	 1
ochd_	 1
_Bun	 1
de._	 1
dagh_	 1
stoca	 1
reith	 1
_Fad	 1
ùithe	 1
th'ai	 1
aigh_	 1
nàise	 1
imhne	 1
lùith	 1
en	 1
uilm,	 1
ghlu	 1
eig_	 1
dl	 1
Cean	 1
uil	 1
_ghlu	 1
_Thug	 1
lm,	 1
_Srea	 1
runn	 1
ogh	 1
uinne	 1
airle	 1
imh	 1
roch	 1
haic	 1
eabo	 1
ste	 1
aisc_	 1
ocha	 1
Inns	 1
_Chia	 1
?àir	 1
imes	 1
ùlan	 1
try,_	 1
ardd	 1
dhla_	 1
_Cù	 1
_gèi	 1
uith_	 1
ùla	 1
u-	 1
h-òi	 1
feal	 1
-òigr	 1
Vann	 1
im_	 1
pan	 1
mead	 1
nig_	 1
ill_	 1
-òig	 1
T)	 1
giùl	 1
Gla	 1
le,_	 1
saogh	 1
aide	 1
_Lod	 1
hada_	 1
uasad	 1
aim	 1
nte	 1
gach	 1
àgail	 1
ardd_	 1
isim	 1
earm	 1
h'ai	 1
àrnai	 1
cha_	 1
_Tu	 1
nsid	 1
sidh	 1
og	 1
is-m	 1
_ligh	 1
teòr	 1
soidh	 1
rzh	 1
_h-A	 1
Gl	 1
nin	 1
leasa	 1
abois	 1
eangl	 1
eumh	 1
las,_	 1
annat	 1
chun	 1
sl	 1
_Sr	 1
ourge	 1
bois	 1
chu._	 1
_thre	 1
oir_	 1
_cean	 1
Bhann	 1
oca	 1
ùith	 1
_gè	 1
eul_	 1
hds	 1
_Ghab	 1
_Tim	 1
òrdug	 1
ionn	 1
_lu	 1
_Fadh	 1
_le_	 1
dh'f	 1
url	 1
po	 1
gla	 1
haici	 1
ailt	 1
uimhn	 1
ghaot	 1
_fr	 1
ubha	 1
heid	 1
arda	 1
omada	 1
hneac	 1
teòrn	 1
ràd	 1
leir	 1
mp	 1
oist	 1
r-e	 1
_ty	 1
_gru	 1
rao	 1
_Phe	 1
ìnn	 1
chàn	 1
_ghao	 1
odad	 1
_Agus	 1
Innsi	 1
huada	 1
_de	 1
_giù	 1
-ci	 1
cì	 1
Ph	 1
igrid	 1
_poet	 1
ioch	 1
eidhi	 1
nath	 1
sgoil	 1
_Cùil	 1
bhr	 1
osg	 1
_los	 1
_dòi	 1
_eu-c	 1
_Riat	 1
ayns	 1
Beò_	 1
dòigh	 1
Pasg_	 1
Bea	 1
faisg	 1
reumh	 1
sie	 1
_far	 1
hna	 1
_Teàr	 1
barda	 1
reit	 1
idò	 1
_à_	 1
lls	 1
