_	 1418
a	 370
o	 334
e	 307
n	 255
i	 245
r	 191
v	 181
t	 164
s	 161
k	 150
l	 150
c	 142
u	 130
p	 127
d	 123
a_	 108
y	 106
h	 91
m	 88
z	 79
e_	 72
na	 69
_p	 68
.	 62
ov	 61
._	 60
_v	 60
j	 59
_s	 55
ro	 53
po	 52
i_	 51
o_	 50
b	 49
_n	 46
ch	 46
,	 46
,_	 46
v_	 44
u_	 43
ne	 41
en	 41
_z	 40
re	 40
_a	 39
y_	 39
la	 38
an	 37
h_	 37
st	 37
_na	 37
vy	 33
ch_	 33
od	 31
ie	 31
_o	 31
pr	 31
ko	 30
_po	 29
ci	 29
ti	 28
er	 28
_k	 28
na_	 27
sk	 27
_t	 27
_pr	 27
al	 27
or	 26
_v_	 26
ni	 26
ed	 26
ve	 26
mi	 25
va	 25
yc	 25
ny	 25
ak	 25
ho	 24
ra	 24
le	 24
ych	 24
_m	 24
to	 24
ac	 24
in	 23
tr	 23
_r	 23
ad	 23
no	 22
il	 22
ce	 22
li	 22
ka	 22
si	 22
ych_	 22
om	 20
os	 20
_na_	 20
it	 20
te	 20
ok	 20
sa	 20
ta	 19
da	 19
ku	 19
ia	 19
do	 19
me	 18
_a_	 18
_,_	 18
_,	 18
za	 18
es	 18
S	 18
ov_	 18
oc	 17
ej	 17
t_	 17
aj	 17
_d	 17
_c	 17
pre	 16
el	 16
at	 16
ol	 16
P	 16
_vy	 16
ur	 16
on	 16
_sa	 16
_b	 16
ky	 16
_ro	 15
_pre	 15
_%	 15
vo	 15
lo	 15
as	 15
_za	 15
ic	 15
%	 15
ri	 15
sa_	 15
ap	 15
rok	 15
ke	 14
N	 14
ob	 14
l_	 14
m_	 14
nyc	 14
_sa_	 14
nych	 14
D	 14
av	 14
eh	 14
zi	 14
nych_	 14
_u	 14
ot	 13
eho	 13
di	 13
ln	 13
eho_	 13
ho_	 13
am	 13
nu	 13
_do	 12
rov	 12
_P	 12
pa	 12
_ak	 12
sp	 12
_N	 12
ne_	 12
)	 12
co	 12
nt	 12
dn	 12
ar	 11
vi	 11
ky_	 11
az	 11
r_	 11
ny_	 11
zn	 11
kt	 11
_tr	 11
(	 11
_(	 11
j_	 11
n_	 11
_S	 10
ast	 10
ove	 10
_ob	 10
g	 10
zv	 10
oz	 10
ova	 10
-	 10
ovy	 10
cen	 10
_Na	 10
om_	 10
ka_	 10
Na	 10
ik	 10
du	 10
nan	 10
k_	 10
R	 10
de	 10
nc	 10
ej_	 10
ju	 10
pe	 10
_h	 10
em	 9
ku_	 9
uro	 9
kov	 9
V	 9
cov	 9
ek	 9
_l	 9
la_	 9
li_	 9
_mi	 9
f	 9
kl	 9
_ce	 9
je	 9
lad	 9
_j	 9
z_	 9
ti_	 9
ska	 9
tor	 9
pl	 9
pod	 9
iv	 9
vn	 8
nej	 8
_Po	 8
mi_	 8
ia_	 8
Po	 8
pred	 8
trh	 8
st_	 8
rh	 8
et	 8
_trh	 8
pri	 8
ske	 8
ze	 8
_zv	 8
ie_	 8
est	 8
uc	 8
_sp	 8
_ur	 8
_V	 8
vys	 8
red	 8
_rok	 8
M	 8
ina	 8
ent	 8
_e	 8
U	 8
en_	 8
ani	 8
ys	 8
_pred	 8
ca	 8
_U	 8
tu	 8
sl	 8
kci	 7
_pod	 7
nu_	 7
van	 7
br	 7
sti	 7
kc	 7
_i	 7
_-	 7
er_	 7
hod	 7
US	 7
mo	 7
_US	 7
to_	 7
oro	 7
neh	 7
neho	 7
up	 7
_ne	 7
is	 7
-_	 7
_akci	 7
_pri	 7
spo	 7
ali	 7
_akc	 7
_me	 7
_cen	 7
akc	 7
ud	 7
akci	 7
ns	 7
te_	 7
SD	 7
eni	 7
ec	 7
_USD	 7
ru	 7
ost	 7
ep	 7
USD	 7
_uro	 7
neho_	 7
uj	 7
su	 7
ati	 7
id	 6
by	 6
_su	 6
ja	 6
zac	 6
odn	 6
_pl	 6
tiv	 6
%.	 6
e._	 6
rod	 6
aci	 6
u._	 6
oku	 6
_ku	 6
mie	 6
re_	 6
alo	 6
_o_	 6
ach	 6
(_	 6
tre	 6
oku_	 6
cie	 6
V_	 6
osl	 6
_(_	 6
C	 6
cho	 6
ast_	 6
%._	 6
ore	 6
_pos	 6
ska_	 6
he	 6
hr	 6
eb	 6
je_	 6
_D	 6
sti_	 6
_%.	 6
nej_	 6
iny	 6
J	 6
nsk	 6
ke_	 6
_vo	 6
sil	 6
nov	 6
ty	 6
ri_	 6
roku	 6
_-_	 6
pos	 6
kon	 6
sta	 6
_st	 6
cii	 6
e.	 6
sia	 6
_V_	 6
roku_	 6
ly	 6
_%._	 6
por	 6
F	 6
ii	 6
ele	 6
_M	 6
u.	 6
ni_	 6
tn	 6
iny_	 6
_C	 6
us	 6
otr	 6
ita	 5
)._	 5
kla	 5
_roku	 5
bc	 5
hra	 5
zo	 5
dne	 5
_vyr	 5
ich_	 5
pot	 5
odu	 5
A	 5
ada	 5
ul	 5
pla	 5
_nak	 5
anc	 5
de_	 5
rove	 5
vyc	 5
ym	 5
al_	 5
dp	 5
ich	 5
lov	 5
_oc	 5
_ze	 5
chod	 5
vych	 5
_spo	 5
eda	 5
oko	 5
nak	 5
ven	 5
ktor	 5
mu	 5
nom	 5
se	 5
ier	 5
pov	 5
val	 5
_%_	 5
vych_	 5
ili	 5
un	 5
obc	 5
ju_	 5
pad	 5
nie	 5
%_	 5
kov_	 5
iln	 5
men	 5
ii_	 5
ola	 5
s_	 5
ck	 5
yr	 5
roko	 5
lo_	 5
za_	 5
_naj	 5
kor	 5
ali_	 5
sky	 5
vyr	 5
dz	 5
ez	 5
cii_	 5
_sk	 5
_T	 5
dol	 5
kto	 5
).	 5
uk	 5
vl	 5
oven	 5
naj	 5
T	 5
potr	 5
_z_	 5
il_	 5
rn	 5
_re	 5
dpo	 5
op	 5
sv	 4
pri_	 4
ran	 4
acs	 4
nom_	 4
nd	 4
_mie	 4
osi	 4
nost	 4
)_	 4
um	 4
ene	 4
_.	 4
_R	 4
_te	 4
nia_	 4
sko	 4
ava	 4
rt	 4
vo_	 4
_pri_	 4
_obc	 4
rz	 4
esia	 4
_%)	 4
ern	 4
nik	 4
du_	 4
dk	 4
iko	 4
rsk	 4
kur	 4
_dol	 4
zvys	 4
din	 4
_zac	 4
ane	 4
pi	 4
yv	 4
tov	 4
ske_	 4
fi	 4
bchod	 4
mn	 4
akup	 4
_A	 4
_Pr	 4
orov	 4
klad	 4
ocel	 4
_sv	 4
esi	 4
pokl	 4
x	 4
_The_	 4
nn	 4
cel	 4
ovn	 4
rovn	 4
zvy	 4
nac	 4
zap	 4
any	 4
be	 4
Pod	 4
urove	 4
ozn	 4
cs	 4
ovyc	 4
siln	 4
nanc	 4
bi	 4
_ka	 4
bch	 4
_f	 4
last	 4
apa	 4
oven_	 4
_kur	 4
hu	 4
vyro	 4
cent	 4
sve	 4
obch	 4
ter	 4
yn	 4
ovan	 4
_ho	 4
rek	 4
reb	 4
iac	 4
las	 4
%)	 4
asti_	 4
kr	 4
so	 4
acsi	 4
cas	 4
nal	 4
Na_	 4
ba	 4
_zvy	 4
bcho	 4
roven	 4
naku	 4
sled	 4
_vi	 4
jv	 4
sle	 4
u,_	 4
rh_	 4
urov	 4
trh_	 4
B	 4
rej	 4
rs	 4
ven_	 4
_naku	 4
dl	 4
aku	 4
urz	 4
lada	 4
_urov	 4
inan	 4
au	 4
_oce	 4
t._	 4
e,_	 4
mun	 4
vacs	 4
_in	 4
dzi	 4
_je	 4
poc	 4
och	 4
mne	 4
ex	 4
he_	 4
ami	 4
azn	 4
E	 4
per	 4
treb	 4
_._	 4
_Na_	 4
sto	 4
vy_	 4
_k_	 4
nam	 4
otreb	 4
ika	 4
d.	 4
eno	 4
hl	 4
tat	 4
vacsi	 4
_trh_	 4
dav	 4
oh	 4
csi	 4
e,	 4
stat	 4
pok	 4
u,	 4
ry	 4
vac	 4
_li	 4
yro	 4
_Th	 4
kup	 4
med	 4
_ko	 4
_The	 4
ovych	 4
ovy_	 4
stu	 4
The	 4
_sve	 4
pro	 4
_obch	 4
ito	 4
_zap	 4
l.	 4
_vyro	 4
_med	 4
ajv	 4
Pr	 4
otre	 4
_kurz	 4
ver	 4
len	 4
potre	 4
ien	 4
nia	 4
asti	 4
cn	 4
oj	 4
lni	 4
_ocel	 4
nos	 4
okl	 4
led	 4
nci	 4
nakup	 4
l._	 4
isk	 4
t.	 4
ko_	 4
adi	 4
_Pod	 4
kurz	 4
Th	 4
ick	 4
The_	 4
aju	 4
mil	 4
_by	 4
oce	 4
bu	 4
_zvys	 4
ore_	 4
obcho	 4
hran	 4
dal	 4
cit	 4
bl	 4
_za_	 4
aro	 4
zna	 4
ech	 3
dy_	 3
c_	 3
vere	 3
_je_	 3
ed_	 3
ovnan	 3
nani_	 3
_ako_	 3
unsk	 3
vna	 3
bude_	 3
and	 3
ercen	 3
rovna	 3
uci	 3
ikov	 3
ento	 3
vanyc	 3
il._	 3
_obl	 3
rob	 3
ila	 3
y.	 3
d_	 3
SD_	 3
enia_	 3
ymi	 3
_ost	 3
poro	 3
hodn	 3
plan	 3
tak	 3
_pro	 3
bude	 3
_le	 3
dos	 3
_os	 3
obla	 3
kraji	 3
plyn	 3
cov_	 3
spec	 3
blast	 3
_perc	 3
tie	 3
ld.	 3
ere	 3
rav	 3
_ml	 3
_roz	 3
ji	 3
le_	 3
nv	 3
tivn	 3
i.	 3
tivit	 3
_zve	 3
posil	 3
ani_	 3
v,_	 3
embr	 3
poct	 3
),_	 3
lyn	 3
_br	 3
_Cin	 3
ala	 3
bud	 3
vani	 3
rit	 3
nani	 3
ved	 3
mld._	 3
_spot	 3
_to	 3
ve_	 3
j._	 3
_mld.	 3
yd	 3
ze_	 3
ivn	 3
och_	 3
ono	 3
anyc	 3
tnych	 3
cer	 3
eds	 3
ame	 3
I	 3
min	 3
inu	 3
adu	 3
_va	 3
hy	 3
_ich	 3
rc	 3
okla	 3
tny	 3
sn	 3
olo	 3
_mier	 3
vyd	 3
ostat	 3
vet	 3
_pe	 3
_ta	 3
_trhu	 3
tova	 3
io	 3
In	 3
ves	 3
ct	 3
ovany	 3
erejn	 3
_bo	 3
oklad	 3
_vyda	 3
oru	 3
odp	 3
davk	 3
mil._	 3
ledk	 3
su_	 3
dno	 3
umu	 3
lna	 3
ydavk	 3
dars	 3
ds	 3
rg	 3
bla	 3
ovna	 3
ras	 3
mld.	 3
vany	 3
uje_	 3
tu._	 3
_mld	 3
_kl	 3
alo_	 3
rce	 3
blas	 3
bn	 3
D_	 3
_hr	 3
_pla	 3
raji	 3
keh	 3
aji	 3
ote	 3
inanc	 3
uca	 3
ov,	 3
_I	 3
by_	 3
ie,_	 3
oct	 3
ld	 3
dalo	 3
_kap	 3
avi	 3
oln	 3
zit	 3
odo	 3
posi	 3
erce	 3
ie,	 3
_kt	 3
spe	 3
atnyc	 3
kcii_	 3
ah	 3
obl	 3
_tak	 3
onc	 3
umun	 3
cele	 3
_USD_	 3
eto	 3
ps	 3
USD_	 3
tore_	 3
sie_	 3
mes	 3
ml	 3
lal	 3
ivit	 3
_F	 3
_ktor	 3
i,	 3
cu	 3
ars	 3
moz	 3
jn	 3
tu.	 3
aco	 3
edk	 3
bo	 3
rad	 3
_moz	 3
adn	 3
odi	 3
kych_	 3
_In	 3
nvest	 3
bro	 3
_vyd	 3
ako_	 3
im	 3
vydav	 3
dalo_	 3
akt	 3
_nap	 3
azna	 3
rep	 3
olar	 3
pokla	 3
rcen	 3
iska	 3
_per	 3
odpo	 3
vnan	 3
_de	 3
trhu	 3
sie	 3
dpor	 3
ivi	 3
res	 3
_vo_	 3
vla	 3
nk	 3
_si	 3
_sko	 3
_s_	 3
i._	 3
kcii	 3
arsk	 3
rhu	 3
ktiv	 3
keho_	 3
avk	 3
era	 3
_plyn	 3
ako	 3
adz	 3
cie_	 3
tatny	 3
oval	 3
poz	 3
zi_	 3
_ich_	 3
apo	 3
lasti	 3
_plan	 3
kv	 3
ld._	 3
ajin	 3
ta_	 3
_bud	 3
_op	 3
umuns	 3
odpor	 3
du,	 3
hla	 3
kle	 3
esto	 3
_kon	 3
ena	 3
),	 3
enov	 3
_ti	 3
erej	 3
_posi	 3
uns	 3
_posl	 3
adu_	 3
pec	 3
vod	 3
_bu	 3
_ako	 3
_ex	 3
ma	 3
zno	 3
zach	 3
perce	 3
_Ci	 3
nto	 3
tivi	 3
spotr	 3
_bude	 3
lar	 3
dnot	 3
/	 3
mil.	 3
dom	 3
perc	 3
tatn	 3
_zi	 3
keho	 3
akcii	 3
nen	 3
F_	 3
cia	 3
ov,_	 3
vs	 3
neni	 3
eko	 3
i,_	 3
j.	 3
osta	 3
alov	 3
ktore	 3
_mil	 3
ymi_	 3
_ic	 3
bol	 3
vk	 3
ozno	 3
raj	 3
mozn	 3
mozno	 3
Ci	 3
rcent	 3
emb	 3
uju	 3
ply	 3
orovn	 3
v,	 3
b_	 3
lk	 3
vyda	 3
_mozn	 3
_bol	 3
yda	 3
_ply	 3
ejn	 3
dar	 3
hu_	 3
klada	 3
upo	 3
erc	 3
tore	 3
du,_	 3
osiln	 3
sledk	 3
kyc	 3
oblas	 3
at_	 3
il.	 3
_mo	 3
_ze_	 3
_kto	 3
sov	 3
da_	 3
nil	 3
zvere	 3
rajin	 3
tra	 3
_mil.	 3
spot	 3
nap	 3
mbr	 3
jin	 3
les	 3
zve	 3
roz	 3
kles	 3
ude_	 3
_zver	 3
ovo	 3
ici	 3
lan	 3
muns	 3
voj	 3
rz_	 3
munsk	 3
lu	 3
znam	 3
nve	 3
ocele	 3
kap	 3
nves	 3
mer	 3
kra	 3
daj	 3
_vl	 3
_dos	 3
Cin	 3
ce_	 3
api	 3
ite	 3
zver	 3
ila_	 3
sky_	 3
mier	 3
rejn	 3
enia	 3
atny	 3
posl	 3
ial	 3
osil	 3
kych	 3
vno	 3
juc	 3
nach	 3
_obla	 3
verej	 3
kurz_	 3
_ci	 3
ss	 3
konc	 3
kti	 3
dy	 3
vit	 3
d._	 3
atn	 3
lom	 3
anych	 3
ana	 3
darsk	 3
mer_	 3
ydav	 3
ikov_	 3
ukt	 3
tnyc	 3
ude	 3
_osta	 3
y._	 3
mb	 3
_au	 3
kraj	 3
ktivi	 3
mld	 3
tro	 3
statn	 3
urz_	 3
vest	 3
_J	 3
not	 3
uje	 3
osp	 3
yt	 3
vyv	 2
rhu_	 2
vrtr	 2
cic	 2
af	 2
yva	 2
ajov_	 2
davky	 2
pons	 2
jo	 2
_St	 2
najvy	 2
medi	 2
iet	 2
_dosl	 2
fakt	 2
stvrt	 2
_urok	 2
sla	 2
_fina	 2
pade	 2
ide	 2
ctu._	 2
slo	 2
sov_	 2
oidom	 2
jl	 2
idom_	 2
yvo	 2
_su_	 2
vity	 2
_Mo	 2
_minu	 2
_Rast	 2
dmie	 2
talo	 2
odno	 2
zpoc	 2
si_	 2
yvani	 2
vlna_	 2
zieb	 2
ac_	 2
italo	 2
lep	 2
hosp	 2
ladal	 2
/JPY	 2
klesa	 2
lav	 2
nco	 2
R_	 2
xp	 2
psi	 2
zvysi	 2
zemn	 2
SD/	 2
dola	 2
_Pre	 2
trhu_	 2
porov	 2
lik	 2
iu_	 2
dom_	 2
rokov	 2
koch_	 2
ponsk	 2
odars	 2
ynu	 2
anie,	 2
suca	 2
inv	 2
tv	 2
oda	 2
oval_	 2
enie	 2
ajvac	 2
posla	 2
ivo	 2
mbrov	 2
dr	 2
USD/	 2
odnot	 2
pohy	 2
_Pol	 2
kor_	 2
lali	 2
vnom_	 2
lane_	 2
rol	 2
ugust	 2
skeh	 2
_USD/	 2
aju_	 2
podmi	 2
ivity	 2
pat	 2
apons	 2
ank	 2
g_	 2
_t._	 2
_vys	 2
_ma	 2
edi	 2
ity.	 2
mesi	 2
_od	 2
rodin	 2
_zaz	 2
lane	 2
usov	 2
kej	 2
dpokl	 2
ope	 2
v.	 2
tu_	 2
byva	 2
adzi	 2
_FR	 2
ranne	 2
_New_	 2
jne	 2
lyt	 2
kupo	 2
zis	 2
esa	 2
ou	 2
vnom	 2
ento_	 2
nske	 2
tske	 2
ucic	 2
ami_	 2
_zapl	 2
sno	 2
zisk	 2
arodn	 2
ulom	 2
vne	 2
odu,_	 2
_bank	 2
eps	 2
_vod	 2
do_	 2
bnych	 2
_fakt	 2
ece	 2
slali	 2
csi_	 2
amena	 2
inves	 2
ty.	 2
bnyc	 2
Ce	 2
nil_	 2
_medi	 2
vne_	 2
pit	 2
_zo	 2
brits	 2
nanci	 2
novy	 2
ejnen	 2
jucic	 2
ou_	 2
jleps	 2
adre	 2
oznos	 2
arsky	 2
_brit	 2
okov	 2
reti_	 2
ori	 2
aug	 2
pech	 2
odm	 2
sadzi	 2
vysil	 2
lna_	 2
_zapa	 2
jva	 2
prep	 2
azi	 2
its	 2
iaco	 2
zp	 2
eu	 2
ine	 2
cov,	 2
uroko	 2
iz	 2
podm	 2
ucich	 2
lnil	 2
ona	 2
jvac	 2
zname	 2
ak_	 2
%),	 2
plav	 2
ade_	 2
nalyt	 2
rozpo	 2
vym	 2
rom	 2
cle	 2
ovym	 2
gust	 2
tis	 2
roid	 2
_pozi	 2
ipa	 2
rtrok	 2
vid	 2
_rozp	 2
_podm	 2
ripad	 2
PY	 2
kcie	 2
ajle	 2
ban	 2
_stv	 2
byv	 2
ritsk	 2
prav	 2
_vyk	 2
centa	 2
Pol	 2
_l_	 2
_tiet	 2
osti_	 2
alyti	 2
epsi	 2
zaz	 2
dre	 2
jvacs	 2
odukt	 2
kvap	 2
tom	 2
mena	 2
_dole	 2
me_	 2
achr	 2
apla	 2
ts	 2
ram	 2
_hra	 2
vrt	 2
ten	 2
nu.	 2
hos	 2
Podla	 2
_cien	 2
tivne	 2
spech	 2
ativ	 2
kusov	 2
jvys	 2
treti	 2
anci	 2
ome	 2
finan	 2
cele_	 2
vyvoj	 2
vat	 2
iek	 2
adzie	 2
fa	 2
_%),	 2
dneh	 2
chra	 2
_kle	 2
ub	 2
oido	 2
lynu	 2
lepsi	 2
der_	 2
omi	 2
D/	 2
dnej_	 2
RF_	 2
acov	 2
olaro	 2
ajva	 2
_zach	 2
ol_	 2
New_	 2
_rod	 2
ceno	 2
avil	 2
w_	 2
cil	 2
_konc	 2
ovej	 2
tal	 2
apad	 2
ysil	 2
ladis	 2
pripa	 2
ons	 2
_fak	 2
cita	 2
pen	 2
ie._	 2
dv	 2
_an	 2
ody_	 2
augus	 2
Ras	 2
nul	 2
tne	 2
dzi_	 2
roduk	 2
nky_	 2
zapl	 2
dzie	 2
avky_	 2
_t.	 2
padn	 2
_kles	 2
_cl	 2
mnej_	 2
nska_	 2
_hodn	 2
elk	 2
ade	 2
stori	 2
jov	 2
osla	 2
dm	 2
zapa	 2
_Ciny	 2
poh	 2
toro	 2
podar	 2
upov	 2
zite	 2
jiny_	 2
ciu_	 2
BNR	 2
_Pola	 2
ant	 2
augu	 2
_Ru	 2
li._	 2
_rek	 2
ajuci	 2
jlep	 2
rekv	 2
_Naro	 2
ceny_	 2
idom	 2
akm	 2
tori	 2
edzi	 2
minu	 2
_Ce	 2
poctu	 2
Ciny	 2
pu	 2
tiko	 2
svete	 2
rsky	 2
eti	 2
it_	 2
edz	 2
reti	 2
lynu.	 2
rejne	 2
dpok	 2
predp	 2
_sadz	 2
casn	 2
ann	 2
_(B	 2
pozi	 2
laro	 2
ysil_	 2
ohyb	 2
_pok	 2
_j._	 2
ezny	 2
_sved	 2
nter	 2
_prod	 2
siah	 2
akcie	 2
_Ras	 2
_viac	 2
ty._	 2
_zisk	 2
kus	 2
kovyc	 2
Nar	 2
ine_	 2
udaj	 2
mien	 2
_pot	 2
_pov	 2
ite_	 2
naly	 2
apit	 2
acii	 2
poda	 2
_vacs	 2
sadz	 2
fak	 2
silni	 2
uda	 2
ctu.	 2
najv	 2
_hod	 2
_kuso	 2
diska	 2
takme	 2
_stu	 2
kam	 2
_jul	 2
_prep	 2
odu,	 2
edpok	 2
edpo	 2
plavi	 2
dmien	 2
reds	 2
bili	 2
tvrt	 2
_roko	 2
_ceny	 2
cl	 2
ura	 2
ynu.	 2
_mes	 2
ajlep	 2
oslo	 2
_potr	 2
znost	 2
ivne	 2
odar	 2
apl	 2
inul	 2
ceny	 2
preds	 2
ieto	 2
emneh	 2
slal	 2
zemne	 2
rske	 2
(BNR	 2
akme	 2
namen	 2
nosti	 2
arod	 2
_suca	 2
nami	 2
_skan	 2
_cle	 2
DEM	 2
_tret	 2
zachr	 2
_ceno	 2
Naro	 2
cien	 2
rovy	 2
vyvo	 2
nky	 2
emn	 2
onsk	 2
tvrtr	 2
zie	 2
tan	 2
redpo	 2
vr	 2
skeho	 2
zny	 2
(B	 2
_takm	 2
aznam	 2
akmer	 2
ili.	 2
emne	 2
ist	 2
cenov	 2
ajov	 2
najl	 2
vat_	 2
Ra	 2
skyc	 2
jvy	 2
koc	 2
zvla	 2
hlad	 2
oduk	 2
ekva	 2
dneho	 2
_hosp	 2
stor	 2
kme	 2
ozi	 2
zpoct	 2
ste	 2
lek	 2
jneni	 2
NR)	 2
Najva	 2
_udaj	 2
RF	 2
a,_	 2
pan	 2
vila_	 2
nu._	 2
og	 2
ice	 2
dko	 2
hol	 2
vyk	 2
oca	 2
tori_	 2
via	 2
Ciny_	 2
dla	 2
_hla	 2
tik	 2
cial	 2
ele_	 2
iah	 2
avila	 2
_pokl	 2
bri	 2
jul	 2
osti	 2
kapit	 2
ovej_	 2
inve	 2
tsk	 2
inac	 2
_ud	 2
len_	 2
ym_	 2
FRF	 2
duk	 2
_G	 2
takm	 2
_Ne	 2
dosl	 2
cky	 2
ilni	 2
yssi	 2
dina	 2
pra	 2
vky_	 2
iska_	 2
ajo	 2
ukti	 2
odmi	 2
_Rumu	 2
kovy	 2
okovy	 2
lny	 2
zapla	 2
vrtro	 2
yti	 2
edn	 2
ok_	 2
dis	 2
padne	 2
_hlad	 2
Ru	 2
ucasn	 2
yvoj	 2
_vyv	 2
_(BN	 2
plane	 2
_mesi	 2
brovy	 2
iern	 2
ity	 2
ozpo	 2
dajo	 2
ozp	 2
ra_	 2
w	 2
_ked_	 2
znych	 2
DE	 2
eme	 2
K	 2
Y	 2
_fa	 2
_pohy	 2
odl	 2
_najl	 2
EM	 2
_ba	 2
a._	 2
Naj	 2
byvan	 2
ohy	 2
ipad	 2
lavi	 2
dc	 2
FRF_	 2
_Ra	 2
apadn	 2
ij	 2
viac	 2
cit_	 2
(BN	 2
skych	 2
/JP	 2
rsky_	 2
spod	 2
ov.	 2
eb_	 2
_prip	 2
mit	 2
itom	 2
anic	 2
ci_	 2
hody_	 2
minul	 2
uju_	 2
ieb	 2
kan	 2
enovy	 2
zapad	 2
lko	 2
octu.	 2
esiac	 2
_por	 2
eze	 2
sad	 2
dnej	 2
dporu	 2
yss	 2
_len	 2
lyti	 2
bol_	 2
_ra	 2
(BNR)	 2
_pre_	 2
odmie	 2
ipade	 2
ry_	 2
pre_	 2
_Podl	 2
dajov	 2
_suc	 2
p.	 2
sucas	 2
pital	 2
_svet	 2
_byv	 2
_zemn	 2
_kra	 2
ust	 2
jnen	 2
ost_	 2
aroid	 2
ider_	 2
Pola	 2
iu	 2
anco	 2
skand	 2
v._	 2
BNR)	 2
vila	 2
udajo	 2
_j.	 2
ezn	 2
_vln	 2
_stup	 2
ice_	 2
rodu	 2
rast_	 2
ent_	 2
km	 2
sved	 2
zazn	 2
kupov	 2
lada_	 2
yrob	 2
nska	 2
anu	 2
tic	 2
trok	 2
exp	 2
ty_	 2
_byva	 2
radi	 2
omo	 2
edp	 2
acsi_	 2
nta	 2
ajuc	 2
usov_	 2
adis	 2
talov	 2
ole	 2
vysi	 2
jvyss	 2
chr	 2
elek	 2
_augu	 2
aplav	 2
Podl	 2
skan	 2
kapi	 2
roi	 2
ib	 2
asno	 2
JP	 2
no_	 2
kej_	 2
aly	 2
brov	 2
rel	 2
nnej	 2
ripa	 2
fin	 2
adisk	 2
adal	 2
mneho	 2
ynu._	 2
avky	 2
viac_	 2
_kr	 2
eto_	 2
Pre	 2
bny	 2
_fin	 2
pita	 2
rast	 2
_via	 2
ilny	 2
lez	 2
der	 2
_%),_	 2
imi_	 2
or_	 2
disk	 2
lesa	 2
spoda	 2
_Naj	 2
gus	 2
eni_	 2
oi	 2
clen	 2
hladi	 2
ider	 2
eny_	 2
asn	 2
dukt	 2
_do_	 2
li.	 2
kym	 2
vyss	 2
odne	 2
edzi_	 2
jov_	 2
_hos	 2
ros	 2
apita	 2
gu	 2
_E	 2
ekt	 2
leps	 2
_stvr	 2
ada_	 2
zazna	 2
iona	 2
kuso	 2
ked_	 2
vov	 2
rtro	 2
zem	 2
vodu	 2
achra	 2
Ne	 2
on_	 2
hospo	 2
jle	 2
unska	 2
dia	 2
uktiv	 2
ucas	 2
_vyvo	 2
_clen	 2
a.	 2
vnani	 2
toval	 2
ajvy	 2
NR	 2
be_	 2
hrann	 2
chran	 2
koch	 2
rip	 2
_ked	 2
niko	 2
_hran	 2
_kapi	 2
tup	 2
rozp	 2
dla_	 2
nnej_	 2
_(BNR	 2
bil	 2
odin	 2
ajvys	 2
ar_	 2
alyt	 2
hody	 2
_fi	 2
dole	 2
_kus	 2
_zem	 2
ugus	 2
BN	 2
tel	 2
nem	 2
stv	 2
_Nar	 2
_vlna	 2
_Sk	 2
cov,_	 2
_inve	 2
siac	 2
_Rum	 2
_po_	 2
vanie	 2
lali_	 2
ugu	 2
enta	 2
mneh	 2
ili_	 2
_u_	 2
pon	 2
reda	 2
kva	 2
cien_	 2
rani	 2
amen	 2
ajl	 2
G	 2
_tre	 2
ity._	 2
nto_	 2
eti_	 2
kmer_	 2
nikov	 2
ug	 2
casno	 2
_Najv	 2
urok	 2
stup	 2
_aug	 2
_kraj	 2
nic	 2
ut	 2
juci	 2
nie,	 2
gi	 2
_lib	 2
znos	 2
ospod	 2
apon	 2
_FRF	 2
tieto	 2
ekvap	 2
R)	 2
zvl	 2
_hl	 2
ach_	 2
kono	 2
rv	 2
rodn	 2
ip	 2
kand	 2
_bri	 2
laroi	 2
ieb_	 2
ozpoc	 2
obn	 2
_poz	 2
produ	 2
hyb	 2
ieto_	 2
mito	 2
_FRF_	 2
pohyb	 2
uso	 2
nenia	 2
rodi	 2
_DE	 2
ili._	 2
ajiny	 2
embro	 2
dia_	 2
vlad	 2
vity.	 2
upov_	 2
osled	 2
roido	 2
Sk	 2
vyrob	 2
skor	 2
vete	 2
yvan	 2
JPY	 2
preda	 2
poru	 2
Najv	 2
yb	 2
adalo	 2
raz	 2
nie,_	 2
lib	 2
ido	 2
pom	 2
dnu	 2
pade_	 2
Rum	 2
brit	 2
ie.	 2
lne	 2
osle	 2
stvr	 2
_poh	 2
Rumu	 2
_inv	 2
icke	 2
suc	 2
anie	 2
vap	 2
ciu	 2
chody	 2
bank	 2
rekva	 2
zieb_	 2
vil	 2
rop	 2
nt_	 2
ori_	 2
_zis	 2
vete_	 2
luc	 2
fina	 2
_skor	 2
ig	 2
siaco	 2
_bol_	 2
ospo	 2
odla	 2
dmi	 2
eny	 2
New	 2
Z	 2
estor	 2
vyssi	 2
_DEM	 2
Rast_	 2
adr	 2
_rodi	 2
_ska	 2
stu_	 2
hrani	 2
ien_	 2
vky	 2
_cie	 2
%),_	 2
oslal	 2
ala_	 2
cich_	 2
dukti	 2
ete_	 2
zpo	 2
ked	 2
vln	 2
ion	 2
_New	 2
plynu	 2
po_	 2
nne	 2
ctu	 2
k)	 2
imi	 2
inach	 2
ane_	 2
_Ja	 2
ladi	 2
Mo	 2
cke	 2
ranic	 2
estn	 2
ika_	 2
prip	 2
nost_	 2
vlna	 2
znyc	 2
ov._	 2
vej_	 2
cich	 2
ativn	 2
_ju	 2
kom	 2
ody	 2
ero	 2
kmer	 2
dzieb	 2
itsk	 2
ret	 2
_sad	 2
_zazn	 2
ocn	 2
Rumun	 2
yk	 2
tiet	 2
_vac	 2
_ban	 2
_len_	 2
najle	 2
skej_	 2
ejne	 2
skej	 2
vesto	 2
nach_	 2
ete	 2
octu	 2
tvr	 2
St	 2
rann	 2
ssi	 2
a,	 2
iac_	 2
_uda	 2
Narod	 2
vej	 2
stn	 2
itske	 2
iacov	 2
/J	 2
Rast	 2
rits	 2
_ke	 2
enn	 2
annej	 2
zite_	 2
eznyc	 2
jiny	 2
mesia	 2
_najv	 2
ivne_	 2
name	 2
Ja	 2
FR	 2
_exp	 2
ilnil	 2
naz	 2
nte	 2
sil_	 2
zov	 2
_poro	 2
Polar	 2
akupo	 2
aroi	 2
pov_	 2
ulo	 2
rtr	 2
redp	 2
ew	 2
ew_	 2
ital	 2
_min	 2
val_	 2
hodno	 2
_tie	 2
odla_	 2
prod	 2
ysi	 2
mnej	 2
tret	 2
adne	 2
miern	 2
oid	 2
ekv	 2
anne	 2
mbro	 2
lavil	 2
svet	 2
rativ	 1
dovse	 1
SZ	 1
n.	 1
zijsk	 1
vec	 1
infla	 1
nley_	 1
Jac	 1
e)	 1
dvana	 1
eusp	 1
gustu	 1
kersk	 1
enie_	 1
Gb	 1
jad	 1
tura	 1
uca,_	 1
amn	 1
epoc	 1
ent.	 1
vel	 1
_klu	 1
reni	 1
_-=-_	 1
_opr	 1
_doc	 1
_vsak	 1
avuju	 1
dobne	 1
kac	 1
Oka	 1
ir	 1
eba_	 1
mcov	 1
troku	 1
opera	 1
iona_	 1
skor_	 1
eja	 1
gram_	 1
zo_	 1
jinac	 1
ulom.	 1
_tej	 1
M,_	 1
ota	 1
_Gb	 1
slo_	 1
rzov	 1
Uk	 1
_Pri	 1
vetov	 1
_elek	 1
_EK_	 1
urad	 1
eur	 1
_des	 1
dresu	 1
rekla	 1
trolo	 1
votne	 1
polo	 1
at,	 1
fakt_	 1
epr	 1
aze._	 1
tnan	 1
pozic	 1
jedn	 1
nicu_	 1
vala	 1
rovy_	 1
_lide	 1
zisko	 1
Me	 1
oncer	 1
pujuc	 1
Nasl	 1
podi	 1
erat	 1
cque	 1
reba	 1
stnan	 1
rty_	 1
ledky	 1
amika	 1
yso	 1
radin	 1
nar	 1
otera	 1
ulom_	 1
(jk)_	 1
_prav	 1
tna	 1
omn	 1
spra	 1
_Sum	 1
podo	 1
yra	 1
edia_	 1
_ram	 1
epte	 1
am,_	 1
ela	 1
zelez	 1
Y,_	 1
o._	 1
_ca	 1
_cer	 1
_pove	 1
obi	 1
repo	 1
_Fin	 1
auja	 1
nsky	 1
odiny	 1
umit	 1
obcov	 1
rg:	 1
_inf	 1
_Velk	 1
urg	 1
nciu	 1
_vodu	 1
itov	 1
rgie.	 1
nana	 1
estu_	 1
itom_	 1
bilio	 1
zele	 1
japo	 1
roln	 1
as_	 1
jake_	 1
Dynam	 1
Okamz	 1
vana	 1
-=-	 1
qu	 1
_kam	 1
libr	 1
acal	 1
aras	 1
tici_	 1
lena	 1
nskyc	 1
k._	 1
andi	 1
otliv	 1
obne_	 1
ejake	 1
m,_	 1
ene)	 1
doc	 1
ces	 1
ecia	 1
hu,_	 1
onomi	 1
ivno	 1
asbu	 1
stic	 1
ryc	 1
ajma	 1
_rozv	 1
kvapu	 1
muni	 1
_Z	 1
saj	 1
silny	 1
dolnu	 1
erov_	 1
ancn	 1
SZ),_	 1
tisti	 1
ovo_	 1
vam	 1
sbur	 1
ilo	 1
libie	 1
audi	 1
hybe_	 1
lnan	 1
konom	 1
radi_	 1
ens	 1
viny_	 1
tras	 1
Dna_	 1
ybe_	 1
_vyko	 1
vaju_	 1
ladn	 1
publi	 1
julo	 1
senia	 1
bier.	 1
_Podp	 1
kazov	 1
kymi_	 1
_zn	 1
Podp	 1
erial	 1
_spe	 1
bel	 1
logic	 1
ilnen	 1
ekom	 1
-=-_	 1
doch	 1
obnyc	 1
ali,	 1
_Anal	 1
_jula	 1
oka_	 1
set	 1
akti	 1
_Dn	 1
_rest	 1
itu.	 1
rud	 1
cemb	 1
bitel	 1
vie	 1
zachs	 1
AR_	 1
tru	 1
lov_	 1
cio	 1
menej	 1
oper	 1
diny_	 1
seda_	 1
prepa	 1
bezny	 1
cak	 1
Banc	 1
lheh	 1
port	 1
plnan	 1
novem	 1
edkoc	 1
tiona	 1
trasb	 1
auj	 1
vyrok	 1
lid	 1
m._	 1
juce	 1
itels	 1
_pom	 1
silne	 1
_niek	 1
ontro	 1
napoj	 1
_vie	 1
rokom	 1
ely_	 1
lnu	 1
apuj	 1
%)._	 1
aca	 1
ikaty	 1
ykaz	 1
chol	 1
_K	 1
rex	 1
lider	 1
denni	 1
tehel	 1
nogra	 1
kymi	 1
ovemb	 1
vaju	 1
ciam	 1
odnu	 1
kaval	 1
adren	 1
achst	 1
_piv	 1
ilnyc	 1
mu_	 1
dig_	 1
_ene	 1
USD/t	 1
ykon	 1
_sm	 1
izi	 1
avam	 1
vuju_	 1
apeni	 1
piv	 1
snom	 1
cor	 1
hli	 1
ahnu	 1
ovymi	 1
nut.	 1
rekor	 1
vylu	 1
vem	 1
adza_	 1
_bil	 1
dovs	 1
rzo	 1
_afe	 1
ravam	 1
_bro	 1
_Corp	 1
_kluc	 1
_cuk	 1
ebny	 1
igh	 1
avat	 1
_tent	 1
tavu	 1
_obzv	 1
kamp	 1
xpan	 1
_zvla	 1
nat	 1
arske	 1
epa	 1
cembr	 1
_Str	 1
pene)	 1
Se	 1
exi	 1
ube_	 1
torym	 1
osia	 1
fici	 1
pod.	 1
mate	 1
rve_	 1
bav	 1
domy.	 1
ykazo	 1
olar_	 1
_opro	 1
ncore	 1
jem	 1
porty	 1
-=	 1
idia	 1
_vysl	 1
_siln	 1
anal	 1
avn	 1
nana_	 1
_zivo	 1
yssia	 1
NR).	 1
ytic	 1
amco	 1
Su	 1
itaco	 1
_libr	 1
achs	 1
sprav	 1
bzv	 1
euro.	 1
chu_	 1
amzit	 1
rodne	 1
notli	 1
oveda	 1
Cine_	 1
_Dy	 1
tanl	 1
resu	 1
mat	 1
_snaz	 1
_ni	 1
mika_	 1
ciovy	 1
simi_	 1
gh-t	 1
_Sk.	 1
Dec	 1
estme	 1
vali,	 1
_Inv	 1
sm	 1
Adig	 1
libry	 1
vyja	 1
zacn	 1
oti_	 1
rolov	 1
alovo	 1
cili	 1
avu	 1
don_	 1
ond	 1
anas	 1
zam	 1
edska	 1
certi	 1
lky_	 1
zili_	 1
_(+_	 1
rial	 1
zne_	 1
trukt	 1
zij	 1
-DJ_	 1
die	 1
nazn	 1
Ma	 1
Do	 1
prez	 1
seda	 1
_Vlad	 1
pajuc	 1
zili	 1
ery_	 1
itu	 1
sb	 1
odoro	 1
exist	 1
blika	 1
expo	 1
itivn	 1
_af	 1
_voln	 1
Inve	 1
jake	 1
dva	 1
edb	 1
vemb	 1
rasb	 1
ory	 1
ilne	 1
tem	 1
omick	 1
aneho	 1
ovani	 1
amnej	 1
_velm	 1
Vel	 1
D,_	 1
kanda	 1
dnota	 1
ovov	 1
ul._	 1
holic	 1
siati	 1
Kazac	 1
asle	 1
tk	 1
_Har	 1
speci	 1
nanco	 1
_*_	 1
yl	 1
%)_	 1
avaju	 1
vsky	 1
USD._	 1
_lik	 1
cene	 1
onske	 1
lnom_	 1
erg	 1
caka	 1
dal,_	 1
Avon	 1
edci	 1
vol	 1
+	 1
last_	 1
monog	 1
lar_	 1
hst	 1
libi	 1
D/t	 1
otn	 1
_stat	 1
gicka	 1
enk	 1
_JAR_	 1
atia_	 1
nal_	 1
ading	 1
onito	 1
ubli	 1
lovat	 1
_rast	 1
dko_	 1
dniko	 1
nta.	 1
ilny_	 1
Nasle	 1
uditu	 1
neal	 1
ukor	 1
piero	 1
novy_	 1
ev	 1
otes	 1
rocny	 1
treba	 1
_lei	 1
estm	 1
dve	 1
epsim	 1
_Svet	 1
vece	 1
apaci	 1
elu	 1
_vs	 1
odni	 1
obj	 1
bur	 1
dsk	 1
nduju	 1
arast	 1
Corp.	 1
Pomer	 1
ergi	 1
tanu	 1
vsak	 1
cern	 1
enni	 1
jm	 1
EK	 1
aznac	 1
/t)._	 1
skonc	 1
kcie,	 1
olic	 1
_Eu	 1
edi,	 1
rebit	 1
ktu	 1
stati	 1
asled	 1
omy	 1
Sk.	 1
_mene	 1
namik	 1
An	 1
ruktu	 1
hodco	 1
lnil_	 1
pne	 1
_Stra	 1
ozici	 1
rolo	 1
reba_	 1
rdn	 1
er.	 1
edov	 1
voj._	 1
_Adig	 1
prud	 1
-tec	 1
pivov	 1
dinac	 1
ijske	 1
euro	 1
siahn	 1
di,_	 1
erny_	 1
roka_	 1
ylu	 1
_opa	 1
_anal	 1
kontr	 1
jadr	 1
oju	 1
tikov	 1
mzi	 1
sali_	 1
tneh	 1
iahnu	 1
rskej	 1
lezi	 1
+_	 1
_Lon	 1
kamzi	 1
Eur	 1
is._	 1
expa	 1
Te	 1
Har	 1
neze	 1
maju	 1
ncu.	 1
rali	 1
elezn	 1
uca,	 1
kaz	 1
ton_	 1
lala	 1
miera	 1
hodc	 1
azi_	 1
_vodo	 1
nezel	 1
oht	 1
bie	 1
daci	 1
cakav	 1
pe_	 1
peni	 1
Med	 1
igh-t	 1
liz	 1
pova	 1
orymi	 1
irok	 1
_cest	 1
_H	 1
zuje_	 1
_Naf	 1
locno	 1
duju	 1
podie	 1
BNR)_	 1
rok_	 1
amila	 1
Adi	 1
fika	 1
tskej	 1
von	 1
onal	 1
Sv	 1
sak	 1
pati	 1
rym	 1
cnost	 1
VSZ)	 1
_se	 1
atie	 1
upne	 1
co_	 1
reni_	 1
rovno	 1
siro	 1
_(V	 1
jadre	 1
epad	 1
ozv	 1
ndin	 1
_ab	 1
fery_	 1
_afer	 1
_Prel	 1
lei._	 1
_bola	 1
ng	 1
ort	 1
ospe	 1
ucov	 1
reby	 1
reho	 1
voj.	 1
porou	 1
iera	 1
vysen	 1
ejno	 1
SD.	 1
anda	 1
ertif	 1
eraz_	 1
_MF	 1
afty_	 1
_Japo	 1
ahla_	 1
_Cel	 1
ovodu	 1
ibie	 1
lic	 1
vym_	 1
idaci	 1
rva	 1
_Podv	 1
cenn	 1
iest	 1
eli	 1
ovala	 1
lucit	 1
loven	 1
rymi_	 1
tlivy	 1
ake	 1
_maj	 1
estna	 1
lovo_	 1
nany	 1
ida	 1
ennik	 1
tanle	 1
jula,	 1
Sev	 1
itac	 1
dat,	 1
Japo	 1
ukrom	 1
_defi	 1
relo	 1
zivo	 1
ovazu	 1
rom_	 1
alko	 1
ienok	 1
ektor	 1
*_	 1
nast	 1
nazi_	 1
upozo	 1
znac	 1
iel	 1
psych	 1
_Dna_	 1
ruje_	 1
odcov	 1
eska_	 1
prava	 1
unik	 1
dob	 1
_vylu	 1
ysen	 1
rtif	 1
stenc	 1
jed	 1
_prek	 1
napat	 1
elsk	 1
hodu	 1
nside	 1
expor	 1
rvava	 1
_nepr	 1
natio	 1
San	 1
_Vla	 1
_suta	 1
enok	 1
zorni	 1
aliza	 1
az_	 1
_tyc	 1
_Avo	 1
enta.	 1
kvape	 1
dporo	 1
vysle	 1
lam	 1
_spln	 1
iahla	 1
inf	 1
exu_	 1
Inv	 1
loc	 1
rezen	 1
dolar	 1
_sna	 1
_dom	 1
_sme	 1
veds	 1
lyn.	 1
_ope	 1
medzi	 1
zot	 1
lide	 1
ocnyc	 1
nazna	 1
rhu,_	 1
cukor	 1
odve	 1
iek_	 1
_ekon	 1
_neja	 1
Muss	 1
_nahr	 1
_trhy	 1
Fin	 1
vapen	 1
_jap	 1
alne	 1
dnemu	 1
etky	 1
navsk	 1
sku	 1
tneho	 1
coch_	 1
_pap	 1
bra_	 1
trebi	 1
ohtor	 1
yroky	 1
oreh	 1
dseda	 1
povod	 1
orym	 1
kord	 1
dor	 1
fty_	 1
_Prek	 1
rny	 1
odol	 1
_by_	 1
_sukr	 1
JPY,	 1
DJ_	 1
gram	 1
ytik	 1
Avonm	 1
/JPY,	 1
Podv	 1
od.)	 1
_Ukr	 1
_rum	 1
aval	 1
_sn	 1
mco	 1
lkoho	 1
y,_	 1
org	 1
apati	 1
_Sve	 1
dkoch	 1
_ja	 1
avno	 1
orp.,	 1
cneho	 1
dbez	 1
ibry	 1
rokou	 1
medz	 1
xpor	 1
opro	 1
azuj	 1
jt	 1
_un	 1
JA	 1
nov_	 1
aja	 1
h.	 1
Harmo	 1
anter	 1
ijati	 1
iestn	 1
De	 1
rokoc	 1
if	 1
apu	 1
USD.	 1
epre	 1
ner	 1
_vyj	 1
vyrov	 1
_nakl	 1
ekla	 1
oj.	 1
oba	 1
nacil	 1
ei._	 1
_Sev	 1
rati	 1
_sme_	 1
more_	 1
lkoh	 1
emi	 1
Z),_	 1
bry	 1
doslo	 1
Stras	 1
h-tec	 1
:_	 1
edaja	 1
elko	 1
ledn	 1
zil	 1
vyluc	 1
_Pom	 1
toh	 1
edbez	 1
sali	 1
Eu	 1
rebny	 1
Fina	 1
edaj	 1
dinav	 1
vyse	 1
ujuce	 1
_Med	 1
hnu	 1
Prekv	 1
rialo	 1
_toht	 1
tohto	 1
ebit	 1
aky_	 1
t,_	 1
yco	 1
ssia_	 1
tejt	 1
Celk	 1
puju	 1
_GBP_	 1
olez	 1
ocno	 1
dza	 1
ogr	 1
_poc	 1
opat_	 1
_val	 1
tac	 1
katy	 1
Banco	 1
ozo	 1
h-t	 1
Dn	 1
redbe	 1
dsed	 1
lmi_	 1
olov	 1
(jk	 1
kandi	 1
ozorn	 1
paci	 1
_neze	 1
rdnem	 1
nealk	 1
vaj	 1
era_	 1
more	 1
aklad	 1
lanu	 1
DEM/	 1
urali	 1
adnu	 1
komu	 1
ech_	 1
rhy	 1
rna	 1
_dote	 1
adi_	 1
rgie	 1
sova	 1
mono	 1
Podpo	 1
_sto	 1
vladu	 1
idac	 1
rijat	 1
orp	 1
_vsa	 1
erne,	 1
Moni	 1
asnom	 1
trva	 1
edavn	 1
cov.	 1
ytici	 1
had	 1
.,_	 1
htoro	 1
doter	 1
dlhe	 1
_Celk	 1
mick	 1
epo	 1
taco	 1
nahra	 1
l,_	 1
uss	 1
Anal	 1
ikat	 1
skon	 1
_skon	 1
_Zauj	 1
.)._	 1
iovy	 1
achad	 1
_sice	 1
asbur	 1
_vidi	 1
bcov	 1
acilo	 1
ancov	 1
odola	 1
h-	 1
micky	 1
skov	 1
ocho	 1
_Naft	 1
tia_	 1
bola	 1
cas_	 1
stm	 1
Dy	 1
Vl	 1
ft	 1
_Dec	 1
Ok	 1
cno	 1
_byt	 1
adar	 1
iekto	 1
(jk)	 1
e)_	 1
Mus	 1
ersk	 1
alcov	 1
dnut.	 1
ncia	 1
fl	 1
ied	 1
niz	 1
kal	 1
rgi	 1
ley_	 1
D._	 1
_Sil	 1
suta	 1
unc	 1
pru	 1
echu_	 1
ierne	 1
_uncu	 1
nara	 1
MF	 1
_azij	 1
high-	 1
_zotr	 1
orou_	 1
atist	 1
oziti	 1
lativ	 1
ivnom	 1
adres	 1
pomo	 1
zorn	 1
akla	 1
lova	 1
okou	 1
slove	 1
velm	 1
ecer	 1
denn	 1
Prek	 1
_Okam	 1
rocn	 1
SD,	 1
prekv	 1
olal	 1
lcova	 1
vkov	 1
tment	 1
sice_	 1
nnych	 1
icka_	 1
am_	 1
razn	 1
rub	 1
rgan	 1
temb	 1
mzit	 1
yna	 1
raz_	 1
xpand	 1
voln	 1
_no	 1
acii_	 1
ntik	 1
rnu	 1
ujal	 1
ickeh	 1
prej	 1
lny_	 1
_nea	 1
veto	 1
rne	 1
aty,_	 1
lati	 1
bavaj	 1
laci	 1
pros	 1
_sept	 1
ejdu,	 1
voju_	 1
ze.	 1
_DEM/	 1
anku	 1
NR)_	 1
ussa_	 1
EM/	 1
ncne	 1
rul._	 1
(j	 1
roke	 1
cili.	 1
robc	 1
rgan_	 1
iti	 1
_rep	 1
onogr	 1
redov	 1
_akti	 1
_-=-	 1
aby	 1
epres	 1
hi	 1
redst	 1
repub	 1
odvec	 1
bely_	 1
vymi	 1
nav	 1
M/	 1
valco	 1
ealko	 1
_medz	 1
rnil	 1
jma_	 1
cast	 1
kat	 1
lat	 1
:	 1
urobi	 1
edci_	 1
odc	 1
nce	 1
_kapa	 1
anti	 1
enan	 1
ycov	 1
rg:_	 1
nmore	 1
acq	 1
_napr	 1
_dlh	 1
_Mada	 1
dky	 1
cialn	 1
mest	 1
h-te	 1
odor	 1
_az	 1
mz	 1
Europ	 1
rat	 1
znizi	 1
_Ukra	 1
nf	 1
vyl	 1
la,_	 1
ekor	 1
docho	 1
atio	 1
pech_	 1
_byt_	 1
klamn	 1
_tel	 1
Ve	 1
dobn	 1
oceli	 1
livy	 1
ier._	 1
Sk)	 1
_podo	 1
asl	 1
enok_	 1
zotr	 1
_JA	 1
lekt	 1
_An	 1
akupe	 1
viny	 1
erny	 1
olnom	 1
vidac	 1
_zot	 1
ahn	 1
eln	 1
ucovy	 1
ala.	 1
ucit	 1
_prij	 1
psy	 1
zitiv	 1
jnov	 1
_emi	 1
simi	 1
lsky	 1
menal	 1
ssie	 1
AP-	 1
Nafty	 1
lovo	 1
Ad	 1
dnu_	 1
di_	 1
elati	 1
poj	 1
tim	 1
DJ	 1
ukr	 1
od.	 1
_to_	 1
onca	 1
_nah	 1
ral	 1
lamne	 1
aft	 1
str	 1
acii,	 1
dig	 1
_mies	 1
nito	 1
japon	 1
enany	 1
cele.	 1
iro	 1
ssie_	 1
poci	 1
_obj	 1
fer	 1
JAR	 1
pozit	 1
oc_	 1
_tis	 1
Sk._	 1
li,_	 1
otrv	 1
_oper	 1
avam,	 1
kom_	 1
moc	 1
avsk	 1
afer	 1
opovo	 1
_aby	 1
erti	 1
akl	 1
H	 1
ekl	 1
treby	 1
des	 1
bra	 1
_adr	 1
edsk	 1
elky	 1
munik	 1
niekt	 1
coch	 1
_Cesk	 1
dosia	 1
rube	 1
icie	 1
zic	 1
avat_	 1
_cenn	 1
cestu	 1
toht	 1
yrov	 1
se_	 1
vania	 1
nnyc	 1
nsi	 1
toroc	 1
ladu	 1
inulo	 1
iami	 1
namil	 1
konci	 1
_anti	 1
Dyna	 1
erna	 1
-D	 1
Jacq	 1
ladu_	 1
vedsk	 1
eri	 1
Prit	 1
EK_	 1
_Ma	 1
nie.	 1
nti	 1
hadz	 1
cova	 1
dstav	 1
_tele	 1
estov	 1
_Sk).	 1
ditu.	 1
_zaca	 1
otl	 1
ne,	 1
moc_	 1
jdu	 1
_cene	 1
d.)._	 1
embra	 1
rske_	 1
reho_	 1
_so	 1
orexu	 1
sina	 1
dole_	 1
jdu,_	 1
vam,	 1
D/J	 1
jatie	 1
ektri	 1
oznam	 1
edl	 1
_Jap	 1
kluco	 1
_ana	 1
nsku	 1
_jedn	 1
amest	 1
_podi	 1
ej,	 1
_Oka	 1
Adig_	 1
nemu	 1
nskeh	 1
tenc	 1
oje.	 1
upaj	 1
objem	 1
leho	 1
rum	 1
alov_	 1
ara	 1
organ	 1
dreni	 1
Zauj	 1
kapac	 1
anicu	 1
jal_	 1
Pome	 1
_ton_	 1
ernu_	 1
pte	 1
isko	 1
ener	 1
jske	 1
nciu_	 1
oke	 1
_vel	 1
_nove	 1
kurzo	 1
cent.	 1
kove	 1
afery	 1
akav	 1
obne	 1
nle	 1
enie.	 1
rave_	 1
lheho	 1
_Vel	 1
edsed	 1
_oba	 1
psim	 1
jeme	 1
Harm	 1
_siro	 1
apoje	 1
edsta	 1
nali_	 1
D/t)	 1
Decem	 1
prosp	 1
ramc	 1
uktu	 1
eleko	 1
obje	 1
lese	 1
_Sa	 1
ierny	 1
med_	 1
ocita	 1
jedno	 1
cest	 1
nazi	 1
_otes	 1
pres	 1
Cor	 1
ivotn	 1
kvida	 1
banky	 1
esu	 1
_hrub	 1
cka	 1
uco	 1
ezele	 1
asnos	 1
Mad	 1
gra	 1
gie	 1
aze.	 1
_ocak	 1
fery	 1
xist	 1
BP_	 1
ton	 1
hadza	 1
kore	 1
Mon	 1
R)_	 1
juce_	 1
_Inve	 1
oni	 1
bne	 1
tskeh	 1
chadz	 1
kro	 1
ers	 1
dac	 1
nizil	 1
ejto_	 1
gic	 1
aka	 1
_ozna	 1
sid	 1
hlil	 1
aja_	 1
hn	 1
SZ)	 1
hstan	 1
iroko	 1
tnanc	 1
Prel	 1
ogi	 1
ejt	 1
lanuj	 1
bite	 1
rebi	 1
duju_	 1
_expa	 1
_Av	 1
xpa	 1
afty	 1
vin	 1
olezi	 1
etk	 1
AP-D	 1
def	 1
epsie	 1
ybe	 1
_sic	 1
ychl	 1
SR	 1
vsky_	 1
_Su	 1
Pocas	 1
orove	 1
ledko	 1
inavs	 1
rela	 1
Y,	 1
cim	 1
ptemb	 1
Z)	 1
ty,	 1
radu	 1
yrobn	 1
_ine	 1
ove_	 1
alc	 1
vaz	 1
trv	 1
edovs	 1
rube_	 1
_neu	 1
Tento	 1
lika	 1
rie	 1
redaj	 1
andin	 1
_med_	 1
priek	 1
dnych	 1
uce_	 1
ogram	 1
ticke	 1
omer_	 1
yseni	 1
otne	 1
_Nasl	 1
opat	 1
tatis	 1
radu_	 1
zne	 1
lion	 1
sept	 1
akcia	 1
tliv	 1
ysle	 1
voju	 1
Cesk	 1
_upoz	 1
ifi	 1
lese_	 1
lmi	 1
Pri	 1
my._	 1
ovnom	 1
yse	 1
rozvo	 1
_sta	 1
ea	 1
vape	 1
rin	 1
edst	 1
dolez	 1
ujuc	 1
desia	 1
covej	 1
andu	 1
vied	 1
dosi	 1
dny	 1
M/JPY	 1
amcov	 1
test	 1
vysov	 1
vuj	 1
ovs	 1
cneh	 1
okou_	 1
ont	 1
Sk)._	 1
iahn	 1
akup.	 1
jto	 1
_ot	 1
tovan	 1
Lo	 1
ula	 1
sut	 1
zici	 1
mpane	 1
ienk	 1
rukt	 1
_psy	 1
dat	 1
ne)	 1
esu_	 1
dres	 1
prie	 1
rot	 1
orga	 1
Prve	 1
ochod	 1
tels	 1
zacal	 1
bli	 1
tkym_	 1
cii,_	 1
povo	 1
vysl	 1
ienky	 1
_obje	 1
amik	 1
ssa_	 1
rnil_	 1
sme_	 1
_res	 1
valc	 1
okoc	 1
ijat	 1
apen	 1
Ban	 1
trebn	 1
pub	 1
podn	 1
mpan	 1
olnik	 1
obco	 1
analy	 1
_nep	 1
nulo	 1
repoc	 1
septe	 1
acnu	 1
klam	 1
hy_	 1
elo	 1
dza_	 1
otne_	 1
_den	 1
ania	 1
riek_	 1
je.	 1
bili_	 1
rija	 1
bezn	 1
ezel	 1
konca	 1
rnu_	 1
ancii	 1
ave	 1
esaju	 1
erov	 1
ha	 1
obav	 1
odnik	 1
ndi	 1
vnana	 1
lomen	 1
NR)._	 1
siahl	 1
my.	 1
brok	 1
covan	 1
eci	 1
vali	 1
poruj	 1
nley	 1
odobn	 1
dlh	 1
uko	 1
repa	 1
estu	 1
lala.	 1
roti	 1
sir	 1
li,	 1
papie	 1
_sil	 1
ula,	 1
ncov,	 1
omic	 1
adneh	 1
rnati	 1
dsta	 1
yrok	 1
_Medz	 1
teria	 1
zvo	 1
P-D	 1
nut	 1
_zam	 1
heho	 1
icka	 1
Monit	 1
navs	 1
acsin	 1
iat	 1
nter_	 1
odco	 1
-te	 1
_up	 1
anuj	 1
sukro	 1
nogr	 1
tam	 1
vala_	 1
_so_	 1
taze	 1
antik	 1
holi	 1
Ka	 1
rito	 1
nie._	 1
D.	 1
acque	 1
var_	 1
apoj	 1
.)	 1
tme	 1
ktory	 1
vyko	 1
lnani	 1
tif	 1
pane	 1
jsk	 1
_roln	 1
omuni	 1
_Ha	 1
Fi	 1
Inves	 1
_spra	 1
P-DJ	 1
USD,	 1
_pivo	 1
=-_	 1
seni	 1
_vysk	 1
ment	 1
Ukr	 1
zov.	 1
cny	 1
P-	 1
nuleh	 1
omo_	 1
stne	 1
zaci	 1
iahl	 1
ajina	 1
omen	 1
stme	 1
mic	 1
Avo	 1
nuj	 1
tern	 1
okle	 1
ik_	 1
nmor	 1
ritom	 1
ogick	 1
_prej	 1
nuje	 1
jati	 1
ech.	 1
_Do	 1
_aky	 1
cal	 1
Ten	 1
_opat	 1
telek	 1
tomo_	 1
odv	 1
avin	 1
zno_	 1
cie,_	 1
_rela	 1
aze	 1
robn	 1
lyn._	 1
dren	 1
rp.,_	 1
ekord	 1
an_	 1
ikoro	 1
kciov	 1
efic	 1
zvlad	 1
_Sv	 1
ovat_	 1
dbezn	 1
esk	 1
lil	 1
lne_	 1
mor	 1
ely	 1
andal	 1
enej	 1
ladnu	 1
diny	 1
kovo	 1
prot	 1
ert	 1
alovy	 1
ropov	 1
napr	 1
enov,	 1
acsie	 1
Gbely	 1
guste	 1
igh-	 1
uleh	 1
_aky_	 1
obzvl	 1
spr	 1
di,	 1
csie_	 1
vodu,	 1
vlas	 1
obny	 1
rdne	 1
kluc	 1
tyco	 1
orty	 1
kont	 1
_infl	 1
vedci	 1
sburg	 1
anl	 1
vyso	 1
byt	 1
lezny	 1
rasbu	 1
robco	 1
nili.	 1
predb	 1
_Ad	 1
rty	 1
holog	 1
anku_	 1
inav	 1
dkoc	 1
kcia	 1
t)	 1
Ces	 1
estr	 1
edat	 1
edky_	 1
_Ten	 1
ckyc	 1
ezi	 1
k)_	 1
ruje	 1
im_	 1
chsta	 1
rexu	 1
najma	 1
Nas	 1
upe	 1
istic	 1
efici	 1
_neus	 1
_mat	 1
luci	 1
_SR	 1
orul	 1
ncial	 1
_Fi	 1
_aby_	 1
_maju	 1
_cert	 1
ovov_	 1
ecial	 1
_Mus	 1
zor	 1
dci	 1
poloc	 1
itel	 1
spln	 1
Inter	 1
_Moni	 1
ustu_	 1
_Banc	 1
EM/J	 1
vykaz	 1
lucov	 1
ikac	 1
k)._	 1
ijs	 1
hrad	 1
stova	 1
tacoc	 1
tky	 1
uspec	 1
cnos	 1
AR	 1
ibry_	 1
unika	 1
zova	 1
cilo	 1
naras	 1
lnik	 1
stick	 1
Lon	 1
fik	 1
umi	 1
_brok	 1
enej,	 1
stru	 1
nflac	 1
ze._	 1
Cel	 1
zrych	 1
_hig	 1
cne	 1
tory	 1
oky_	 1
ivy	 1
enc	 1
jat	 1
_ty	 1
prejd	 1
spol	 1
sice	 1
yssie	 1
eby	 1
ey_	 1
epoct	 1
ube	 1
_azi	 1
iskov	 1
iero	 1
ames	 1
ncern	 1
Co	 1
esaj	 1
rave	 1
chodu	 1
tis.	 1
olnu_	 1
ordne	 1
yjad	 1
Vla	 1
ciami	 1
_*	 1
dvece	 1
Ukraj	 1
acnu_	 1
p.,	 1
rul	 1
vlast	 1
pand	 1
_Ve	 1
/t)	 1
_sep	 1
Mussa	 1
_pros	 1
nejak	 1
potra	 1
ozic	 1
elom	 1
olog	 1
_USD,	 1
jula	 1
kala	 1
_pra	 1
ckeho	 1
edalo	 1
.,	 1
_Sant	 1
oroc	 1
icky	 1
_urob	 1
mies	 1
rov_	 1
eal	 1
la.	 1
snos	 1
_suk	 1
_libi	 1
_cim	 1
elat	 1
pozor	 1
hig	 1
_audi	 1
znami	 1
tie_	 1
ncov	 1
lkov	 1
nfl	 1
leh	 1
vava	 1
chs	 1
posle	 1
preze	 1
lil_	 1
stupn	 1
Sil	 1
bit	 1
kt_	 1
onov	 1
ebi	 1
ierov	 1
ram_	 1
_(VSZ	 1
ndon	 1
trol	 1
rmo	 1
kapa	 1
ahla	 1
dli	 1
anast	 1
avali	 1
_Vl	 1
_tehe	 1
_reko	 1
etkym	 1
Prelo	 1
ogra	 1
ikvid	 1
ruk	 1
aky	 1
orn	 1
cu._	 1
enky_	 1
al,_	 1
odiel	 1
note	 1
_Do_	 1
Sveto	 1
_kamp	 1
_Co	 1
SZ),	 1
at,_	 1
roc	 1
reby_	 1
ent._	 1
oky	 1
cnyc	 1
kohol	 1
Podve	 1
Si	 1
_oz	 1
dosle	 1
icit	 1
uce	 1
ibr	 1
udko_	 1
itoru	 1
ynam	 1
odob	 1
omoc	 1
_(jk)	 1
doln	 1
ahl	 1
ro._	 1
ntro	 1
var	 1
orom_	 1
_vyka	 1
patia	 1
psyc	 1
vov_	 1
ovaz	 1
ucit_	 1
ncu	 1
_Ban	 1
olala	 1
_vid	 1
tkym	 1
omin	 1
bez	 1
acha	 1
iov	 1
ndal,	 1
chodn	 1
elm	 1
rope_	 1
eli_	 1
dcov_	 1
_el	 1
_GB	 1
aneh	 1
daja_	 1
fla	 1
icu	 1
testo	 1
(+_	 1
rosp	 1
travi	 1
ane.	 1
leno	 1
_desi	 1
edav	 1
ele.	 1
ntrol	 1
_trad	 1
_ru	 1
_nez	 1
rozv	 1
apat	 1
_Mad	 1
yb_	 1
dvan	 1
notl	 1
mec	 1
efi	 1
pol	 1
tehe	 1
daja	 1
ampa	 1
eska	 1
BP	 1
eria	 1
nep	 1
lamn	 1
dci_	 1
Mada	 1
presi	 1
cov._	 1
prudk	 1
pap	 1
liza	 1
opo	 1
sia_	 1
omy._	 1
mater	 1
rou_	 1
tej	 1
helni	 1
volno	 1
licke	 1
hto	 1
kampa	 1
vens	 1
BNR).	 1
_zo_	 1
up._	 1
tikor	 1
_odol	 1
sukr	 1
ole_	 1
orul.	 1
dit	 1
ania_	 1
cie,	 1
clena	 1
sina_	 1
sirok	 1
zames	 1
kym_	 1
rou	 1
ycho	 1
VSZ),	 1
vero	 1
D,	 1
elu_	 1
otest	 1
uspe	 1
uja	 1
pivo	 1
nog	 1
ysov	 1
luco	 1
odnu_	 1
%).	 1
ivych	 1
GB	 1
podob	 1
vonm	 1
oprot	 1
blik	 1
roky	 1
azova	 1
rne,	 1
ici_	 1
avaj	 1
_dola	 1
zaciu	 1
nda	 1
raliz	 1
stneh	 1
ali,_	 1
ancia	 1
ialov	 1
le._	 1
vembr	 1
kaci	 1
afe	 1
eck	 1
nov,_	 1
opa	 1
onom	 1
_lid	 1
ozit	 1
koro	 1
edse	 1
_Si	 1
hla_	 1
jk)_	 1
_ramc	 1
yluci	 1
bava	 1
relat	 1
_dlhe	 1
ozvo	 1
skov_	 1
ynami	 1
ernat	 1
yraz	 1
lu_	 1
miest	 1
uradu	 1
hu,	 1
ncili	 1
gie.	 1
_spol	 1
estru	 1
pove	 1
ejdu	 1
_Ka	 1
desi	 1
upen	 1
rebn	 1
cte_	 1
zvyso	 1
_tra	 1
diel	 1
nany_	 1
dnut	 1
tur	 1
vita_	 1
heh	 1
odie	 1
vodor	 1
M/JP	 1
oju_	 1
ls	 1
ledku	 1
_eur	 1
Str	 1
ordn	 1
GBP	 1
nati	 1
_MF_	 1
_Prv	 1
_zvl	 1
elmi	 1
snaz	 1
tom_	 1
onmor	 1
ese	 1
kazo	 1
zry	 1
lniko	 1
hybe	 1
j,_	 1
eby_	 1
hodu,	 1
_%)_	 1
dku_	 1
spom	 1
rovyc	 1
_Dyn	 1
js	 1
_exi	 1
edli_	 1
enky	 1
zaca	 1
zen	 1
ene)_	 1
enali	 1
ukro	 1
_nach	 1
rzov.	 1
vsk	 1
urop	 1
_pova	 1
_Prit	 1
ysl	 1
tav	 1
JAR_	 1
_zryc	 1
don	 1
ne._	 1
trav	 1
idi	 1
enal	 1
urob	 1
jeme_	 1
neme	 1
_ras	 1
cnych	 1
_(j	 1
azo	 1
nulom	 1
ysova	 1
rhy_	 1
_najm	 1
sy	 1
zvyse	 1
bjem	 1
telsk	 1
mo_	 1
ptem	 1
odnej	 1
asb	 1
esiat	 1
penie	 1
pane.	 1
robi	 1
ding_	 1
kou_	 1
jak	 1
energ	 1
ampan	 1
ckym	 1
_odpo	 1
_SR_	 1
rexu_	 1
_AP-	 1
xu	 1
rve	 1
ebnyc	 1
ziv	 1
cove	 1
dbe	 1
sim	 1
adnej	 1
uncu	 1
/t).	 1
dolal	 1
pomin	 1
zuj	 1
lektr	 1
papi	 1
Inte	 1
ykono	 1
aktiv	 1
pechu	 1
o.	 1
_obz	 1
stupa	 1
hyb_	 1
tick	 1
okoch	 1
vyj	 1
lady	 1
zuje	 1
bry_	 1
amil	 1
iedli	 1
neni_	 1
upene	 1
nku_	 1
tist	 1
omu	 1
ovar_	 1
lnen	 1
kacii	 1
_pod.	 1
_Uk	 1
maju_	 1
_rol	 1
nepre	 1
esali	 1
cha	 1
idia_	 1
fe	 1
ontr	 1
dnotl	 1
nikac	 1
vsak_	 1
akto	 1
_urad	 1
_spr	 1
tis._	 1
nule	 1
_podp	 1
any_	 1
Prve_	 1
lh	 1
lnu_	 1
R).	 1
predo	 1
ifika	 1
hrub	 1
k.	 1
Naft	 1
kamz	 1
_Insi	 1
s._	 1
epu	 1
tli	 1
Medz	 1
_prud	 1
ktur	 1
naci	 1
_GBP	 1
odu_	 1
lsk	 1
nut._	 1
_Dece	 1
zvoj	 1
jnova	 1
Japon	 1
_nac	 1
edc	 1
_neal	 1
kordn	 1
poved	 1
apier	 1
itor	 1
perat	 1
cilo_	 1
urg:_	 1
ielu	 1
al,	 1
mila_	 1
ledny	 1
onog	 1
omnej	 1
Ha	 1
onit	 1
itiv	 1
rychl	 1
_zame	 1
so_	 1
Kaza	 1
votn	 1
lytik	 1
omina	 1
__	 1
chst	 1
sbu	 1
ezite	 1
_hi	 1
ibi	 1
klese	 1
VSZ	 1
Sumit	 1
azach	 1
_Dna	 1
ii,_	 1
urope	 1
nancn	 1
edia	 1
media	 1
ychli	 1
erati	 1
gan	 1
neu	 1
resia	 1
mzite	 1
zivot	 1
_AP	 1
chlil	 1
ante	 1
cq	 1
ecer_	 1
trad	 1
gie._	 1
armo	 1
okers	 1
tak_	 1
ndal	 1
spl	 1
ncneh	 1
MF_	 1
teraz	 1
umito	 1
J_	 1
ruca	 1
ekon	 1
Vlad	 1
zame	 1
ncor	 1
novyc	 1
aciu	 1
Gbe	 1
_Me	 1
jma	 1
poje.	 1
Sve	 1
heho_	 1
_men	 1
urg:	 1
is.	 1
veros	 1
_nar	 1
ndo	 1
torom	 1
kcie_	 1
rospe	 1
_nie	 1
ut.	 1
davko	 1
enci	 1
yt_	 1
ord	 1
urzov	 1
Tent	 1
mik	 1
er._	 1
roslo	 1
_O	 1
oslo_	 1
oci	 1
ovset	 1
lcov	 1
yvoj.	 1
flaci	 1
prij	 1
lco	 1
_ura	 1
ikv	 1
exu	 1
podp	 1
cka_	 1
acov_	 1
_Euro	 1
nika	 1
la._	 1
ena_	 1
skal	 1
EM/JP	 1
rga	 1
Ana	 1
upaju	 1
_nara	 1
t).	 1
vse	 1
ornil	 1
poruc	 1
ovym_	 1
likv	 1
_pi	 1
nit	 1
Okam	 1
redse	 1
_spom	 1
_poci	 1
_podn	 1
itomo	 1
h._	 1
arm	 1
Ceska	 1
dov	 1
ch._	 1
tejto	 1
_Ba	 1
JPY_	 1
oholi	 1
menan	 1
lacie	 1
Zauja	 1
ekto	 1
trhu,	 1
bjeme	 1
psie	 1
ifik	 1
ialo	 1
_bili	 1
nitor	 1
_Muss	 1
SR_	 1
_Ins	 1
_bi	 1
orom	 1
acn	 1
ery	 1
tifi	 1
_lei.	 1
tio	 1
mika	 1
ca_	 1
erosl	 1
logi	 1
edal	 1
vyraz	 1
_rekl	 1
r.	 1
anduj	 1
_dosi	 1
_zr	 1
Zau	 1
ruj	 1
vodo	 1
ezent	 1
log	 1
vanas	 1
_nazn	 1
cuk	 1
_co	 1
ake_	 1
orni	 1
aprie	 1
emit	 1
splna	 1
vno_	 1
edku_	 1
ady	 1
ziska	 1
anky_	 1
omeni	 1
hs	 1
rope	 1
vavat	 1
lskyc	 1
lei.	 1
podni	 1
ala._	 1
dska_	 1
lesal	 1
ikor	 1
Prv	 1
_Gbel	 1
vidia	 1
ing_	 1
rp.	 1
ohol	 1
cnu	 1
tanu_	 1
_unc	 1
sycho	 1
opov	 1
ondo	 1
atie_	 1
ilio	 1
ey	 1
_Ana	 1
rnat	 1
ktri	 1
aujal	 1
ahnu_	 1
_tis.	 1
tembr	 1
lenov	 1
ei	 1
_dvan	 1
onal_	 1
_ten	 1
ikvi	 1
vymi_	 1
ues_	 1
mon	 1
nea	 1
Mor	 1
csina	 1
note_	 1
p.,_	 1
roker	 1
urzo	 1
db	 1
mene	 1
hradi	 1
ziti	 1
lei	 1
evero	 1
m,	 1
_Nas	 1
_zni	 1
nah	 1
nomi	 1
nej,_	 1
ravi	 1
epubl	 1
kup._	 1
nemu_	 1
_emit	 1
Velky	 1
AP	 1
_San	 1
rez	 1
ondon	 1
_vyra	 1
ation	 1
tural	 1
nuje_	 1
_cuko	 1
ibier	 1
ane._	 1
_kov	 1
teh	 1
koreh	 1
_toh	 1
_ote	 1
_Siln	 1
/JPY_	 1
zoval	 1
sme	 1
nsku_	 1
liona	 1
lom._	 1
am,	 1
tifik	 1
stna	 1
USD,_	 1
Sk).	 1
vyske	 1
klady	 1
ecemb	 1
aviny	 1
tovy_	 1
dse	 1
apac	 1
my	 1
yluc	 1
tycov	 1
dote	 1
_ant	 1
tion	 1
zryc	 1
_vlad	 1
rest	 1
ahra	 1
ensky	 1
jno	 1
prepo	 1
ue	 1
ut._	 1
vyra	 1
uleho	 1
sal	 1
ntov	 1
ocit	 1
emec	 1
naneh	 1
zniz	 1
alkoh	 1
neda	 1
=	 1
udko	 1
zni	 1
_ziv	 1
azu	 1
padu_	 1
Cine	 1
dky_	 1
nta_	 1
kovov	 1
atim	 1
DEM,_	 1
_Dyna	 1
burg:	 1
_AP-D	 1
.).	 1
ocnos	 1
burg	 1
rejd	 1
ncii	 1
zicie	 1
_vla	 1
ancne	 1
anuje	 1
ater	 1
eheln	 1
likvi	 1
lky	 1
elez	 1
euspe	 1
ukor_	 1
anice	 1
Morga	 1
defic	 1
rumun	 1
love	 1
Sta	 1
ht	 1
ejnov	 1
napo	 1
kvid	 1
sic	 1
robny	 1
esal	 1
oho	 1
Jacqu	 1
_(jk	 1
ntova	 1
prek	 1
cte	 1
ednyc	 1
_Fina	 1
lovy	 1
_Jacq	 1
cenny	 1
jal	 1
Kaz	 1
Analy	 1
ne)_	 1
niek	 1
_tyco	 1
nakla	 1
dni	 1
okom_	 1
ehel	 1
VS	 1
nske_	 1
zu	 1
jske_	 1
sku_	 1
onov_	 1
rny_	 1
inule	 1
_expo	 1
publ	 1
jto_	 1
izac	 1
napa	 1
dco	 1
_L	 1
kav	 1
avno_	 1
ysk	 1
pat_	 1
_neme	 1
Poc	 1
dnik	 1
bcov_	 1
olova	 1
vida	 1
amne	 1
pocit	 1
pecia	 1
olnu	 1
SD,_	 1
D/t).	 1
oved	 1
Medzi	 1
edny	 1
ilo_	 1
ohyb_	 1
rhu,	 1
gr	 1
epadu	 1
pln	 1
nacha	 1
napri	 1
vovar	 1
kava	 1
_nem	 1
mieno	 1
cene_	 1
ope_	 1
_Stan	 1
menie	 1
hrube	 1
repad	 1
_Int	 1
ca,_	 1
pt	 1
vonmo	 1
ednot	 1
octe_	 1
Siln	 1
elekt	 1
ndon_	 1
xport	 1
pier	 1
_Ces	 1
pene	 1
ahrad	 1
vuju	 1
ita_	 1
_ine_	 1
ospec	 1
osiah	 1
uncu.	 1
ruc	 1
enciu	 1
_dv	 1
kcio	 1
ckymi	 1
nane	 1
_mate	 1
_euro	 1
trok_	 1
vyjad	 1
oj_	 1
ii,	 1
koh	 1
ogic	 1
amzi	 1
aciu_	 1
icit_	 1
cali	 1
vestm	 1
cke_	 1
sto_	 1
ivov	 1
uta	 1
veda	 1
_sut	 1
rp	 1
expan	 1
sna	 1
leko	 1
lick	 1
_papi	 1
_pomo	 1
jdu,	 1
aty	 1
omer	 1
elmi_	 1
nota_	 1
okles	 1
upn	 1
lni_	 1
rti	 1
romn	 1
Mu	 1
hodne	 1
EM,_	 1
_zniz	 1
sutaz	 1
liv	 1
lio	 1
vazuj	 1
pocte	 1
elni	 1
ies	 1
coc	 1
cernu	 1
ocny	 1
dielu	 1
lovy_	 1
ei.	 1
Silny	 1
gh-	 1
oreho	 1
akcio	 1
SD._	 1
itova	 1
ncu._	 1
sep	 1
eckym	 1
udk	 1
mpa	 1
DEM,	 1
ija	 1
domy	 1
sveds	 1
_Sk)	 1
_Za	 1
ekono	 1
cques	 1
_cim_	 1
sledn	 1
emu	 1
planu	 1
ley	 1
enta_	 1
ch.	 1
vidi	 1
zr	 1
lnyc	 1
ateri	 1
tne_	 1
mecky	 1
xis	 1
_zry	 1
avs	 1
tec	 1
tm	 1
ektr	 1
rekl	 1
ga	 1
ned	 1
rvav	 1
nili	 1
pn	 1
_Eur	 1
redal	 1
siat	 1
ndu	 1
ialn	 1
restr	 1
heln	 1
puj	 1
_Gbe	 1
_rop	 1
alco	 1
avko	 1
terna	 1
_doln	 1
holo	 1
K_	 1
iami_	 1
que	 1
dlheh	 1
reh	 1
stan	 1
vyka	 1
_sto_	 1
edi,_	 1
romne	 1
komun	 1
emeck	 1
ocas	 1
ovar	 1
nice	 1
lhe	 1
rinu	 1
xu_	 1
rtifi	 1
otli	 1
ktrin	 1
utaz	 1
ek_	 1
neusp	 1
_EK	 1
ruca,	 1
lc	 1
voj_	 1
eklam	 1
_dl	 1
_high	 1
nni	 1
epub	 1
timi	 1
odina	 1
vysk	 1
vedat	 1
lizac	 1
resu_	 1
ncii_	 1
vko	 1
cial_	 1
stmen	 1
corex	 1
oj._	 1
tivno	 1
SD/t)	 1
obava	 1
eraz	 1
xpo	 1
ca,	 1
cent_	 1
_Seve	 1
defi	 1
Pom	 1
oruje	 1
rd	 1
opr	 1
oter	 1
gick	 1
etov	 1
Sant	 1
ustu	 1
sych	 1
chli	 1
-t	 1
jina	 1
d.).	 1
SD/t	 1
amp	 1
iekt	 1
orou	 1
edo	 1
ropo	 1
ivova	 1
cii,	 1
tes	 1
yj	 1
_co_	 1
acali	 1
ckych	 1
yjadr	 1
ly_	 1
jk)	 1
nmo	 1
tomo	 1
la,	 1
_(+	 1
ste_	 1
aty,	 1
ialne	 1
edli	 1
leho_	 1
kciam	 1
oje._	 1
ficit	 1
padu	 1
fakto	 1
ta._	 1
_Ok	 1
oti	 1
fty	 1
iskal	 1
_pa	 1
dat,_	 1
upa	 1
_Sk._	 1
ne,_	 1
iatim	 1
_akt	 1
yko	 1
nm	 1
oka	 1
akava	 1
trhy	 1
erne	 1
otrav	 1
acit	 1
sovan	 1
iam	 1
nduj	 1
yvoju	 1
_denn	 1
vita	 1
taze.	 1
rodnu	 1
cuko	 1
sen	 1
ial_	 1
yske	 1
pne_	 1
n._	 1
bely	 1
celi_	 1
_eu	 1
ejto	 1
ej,_	 1
oslov	 1
struk	 1
atimi	 1
obzv	 1
nova	 1
ech._	 1
ajma_	 1
_vol	 1
bj	 1
t)._	 1
azac	 1
slov	 1
konov	 1
anu_	 1
acita	 1
pod.)	 1
Stanl	 1
plna	 1
azij	 1
uro._	 1
kup.	 1
_cast	 1
trhy_	 1
ivyc	 1
Insi	 1
L	 1
vova	 1
alk	 1
ola_	 1
ajm	 1
octe	 1
_ton	 1
den	 1
xiste	 1
_napo	 1
_Se	 1
tupa	 1
_upo	 1
kers	 1
ding	 1
adin	 1
zent	 1
ta.	 1
rejdu	 1
ehe	 1
_julo	 1
broke	 1
dacii	 1
banku	 1
s.	 1
olick	 1
Poca	 1
vsetk	 1
rych	 1
PY,_	 1
setky	 1
chu	 1
utaze	 1
ramco	 1
Madar	 1
roka	 1
ozna	 1
R)._	 1
neja	 1
eda_	 1
_nov	 1
rolni	 1
gh-te	 1
iera_	 1
rymi	 1
ohto	 1
sten	 1
acoc	 1
oruca	 1
psie_	 1
lekom	 1
acie_	 1
ielu_	 1
elome	 1
nahr	 1
ssa	 1
ycove	 1
Naf	 1
(V	 1
nepr	 1
cu_	 1
najm	 1
_napa	 1
oje	 1
d.)	 1
infl	 1
Corp	 1
_domy	 1
acie	 1
_Zau	 1
Seve	 1
pie	 1
itu._	 1
ese_	 1
yka	 1
AP-DJ	 1
lezit	 1
ona_	 1
DEM/J	 1
ndina	 1
zacnu	 1
_teh	 1
nergi	 1
tyc	 1
rne,_	 1
ejak	 1
EM,	 1
lnom	 1
onci	 1
JPY,_	 1
Sum	 1
_cu	 1
otrva	 1
oli	 1
_Mu	 1
neus	 1
_ned	 1
(VS	 1
ebn	 1
_Harm	 1
azijs	 1
minan	 1
tri	 1
ilion	 1
_DEM,	 1
cem	 1
_naz	 1
sed	 1
ntiko	 1
orty_	 1
bzvla	 1
stanu	 1
m.	 1
davno	 1
ahr	 1
yske_	 1
ozno_	 1
_Pome	 1
roky_	 1
csie	 1
akt_	 1
ave_	 1
_neda	 1
rumu	 1
ing	 1
onsku	 1
isti	 1
ula,_	 1
uro.	 1
pokle	 1
fic	 1
g:	 1
znaci	 1
ever	 1
Ins	 1
rni	 1
vapu	 1
Sumi	 1
covy	 1
PY_	 1
_Morg	 1
vsa	 1
ennyc	 1
cnu_	 1
ieno	 1
_Jac	 1
doro	 1
_USD.	 1
nok_	 1
mc	 1
itam	 1
Y_	 1
_prez	 1
Ba	 1
Celko	 1
zel	 1
_Avon	 1
Londo	 1
SD/JP	 1
stov	 1
nota	 1
ejd	 1
udit	 1
iovym	 1
_vyja	 1
ckeh	 1
_JAR	 1
aby_	 1
dska	 1
Morg	 1
psimi	 1
dorov	 1
zijs	 1
_rel	 1
Av	 1
eros	 1
_hru	 1
ychol	 1
exis	 1
anley	 1
reze	 1
ktura	 1
truk	 1
r._	 1
estne	 1
eba	 1
nt._	 1
dnem	 1
udi	 1
lome	 1
zento	 1
csin	 1
htor	 1
edno	 1
amz	 1
tmen	 1
l,	 1
_kont	 1
avuj	 1
ma_	 1
citac	 1
_Poca	 1
g:_	 1
anle	 1
_sir	 1
Sante	 1
P-DJ_	 1
_japo	 1
prave	 1
nej,	 1
kou	 1
podpo	 1
ocaka	 1
ohybe	 1
ezen	 1
ebite	 1
aza	 1
edku	 1
ene_	 1
_oca	 1
_De	 1
_B	 1
_Te	 1
kupe	 1
upoz	 1
redo	 1
_ps	 1
snazi	 1
nta._	 1
vodu_	 1
_Lond	 1
_Poc	 1
/t	 1
apuju	 1
gan_	 1
GBP_	 1
-tech	 1
nali	 1
vkov_	 1
ter_	 1
acoch	 1
sider	 1
Insid	 1
kromn	 1
nizi	 1
lena_	 1
ncn	 1
aln	 1
okom	 1
oker	 1
nedav	 1
atis	 1
bier	 1
t,	 1
hnu_	 1
mitom	 1
omy.	 1
pozo	 1
toru	 1
_ropo	 1
Euro	 1
saju	 1
ele._	 1
iedl	 1
mestn	 1
syc	 1
ker	 1
nemec	 1
nicu	 1
ren	 1
meck	 1
avsky	 1
ysled	 1
nnik_	 1
_valc	 1
erske	 1
ntr	 1
ekomu	 1
novan	 1
oncil	 1
nku	 1
Gbel	 1
_kovo	 1
ady_	 1
dli_	 1
je._	 1
ty,_	 1
entov	 1
uktur	 1
inu_	 1
ciov	 1
Dece	 1
bzvl	 1
USD/J	 1
up.	 1
sak_	 1
Velk	 1
tech	 1
apri	 1
armon	 1
_Kaza	 1
nfla	 1
bco	 1
poje	 1
SD/J	 1
atia	 1
usp	 1
yrazn	 1
reko	 1
julom	 1
inane	 1
_Cor	 1
ocak	 1
Do_	 1
lm	 1
_eko	 1
pac	 1
vset	 1
ovat	 1
ssia	 1
zvlas	 1
vu	 1
spolo	 1
spomi	 1
_vyl	 1
_zacn	 1
cleno	 1
_odp	 1
_dva	 1
ovem	 1
uste_	 1
ditu	 1
dvec	 1
suk	 1
izaci	 1
celi	 1
paju	 1
_Mon	 1
nov,	 1
stavu	 1
om.	 1
ickyc	 1
Prito	 1
tupne	 1
mila	 1
_psyc	 1
otra	 1
ana_	 1
plyn.	 1
le.	 1
olocn	 1
upne_	 1
ota_	 1
eme_	 1
iste	 1
tl	 1
mbra_	 1
_pru	 1
nez	 1
es_	 1
adars	 1
riek	 1
_cas	 1
yn._	 1
ovse	 1
ment_	 1
dku	 1
koho	 1
y,	 1
oruj	 1
skala	 1
hel	 1
krom	 1
nove	 1
ues	 1
lneni	 1
_Tent	 1
_Adi	 1
stav	 1
p._	 1
ba_	 1
eus	 1
tami	 1
tupn	 1
olni	 1
acqu	 1
paj	 1
tera	 1
(VSZ)	 1
katy,	 1
_dot	 1
edko	 1
vapuj	 1
D/JP	 1
nok	 1
_%).	 1
ng_	 1
redb	 1
enny	 1
timi_	 1
tia	 1
vladn	 1
onm	 1
azne	 1
pomi	 1
ikaci	 1
_Kaz	 1
uni	 1
nca_	 1
ntern	 1
proti	 1
(+	 1
nomic	 1
citam	 1
PY,	 1
snost	 1
lezn	 1
onca_	 1
nakl	 1
ijsk	 1
locn	 1
gh	 1
aud	 1
elni_	 1
_Cine	 1
byt_	 1
_ele	 1
nt.	 1
rm	 1
rava	 1
etovy	 1
tovy	 1
Vlada	 1
ovens	 1
sajuc	 1
razne	 1
duj	 1
nerg	 1
omoc_	 1
_Prve	 1
ezit	 1
obz	 1
adza	 1
ques	 1
alne_	 1
Ukra	 1
ubl	 1
_spec	 1
vam,_	 1
omne	 1
rejno	 1
cim_	 1
Stra	 1
nik_	 1
mienk	 1
flac	 1
rudk	 1
_vied	 1
nie_	 1
Sa	 1
oloc	 1
_ozn	 1
mina	 1
ozor	 1
ozvoj	 1
relom	 1
ig_	 1
ncil	 1
acil	 1
orex	 1
dcov	 1
ef	 1
Dyn	 1
avkov	 1
trinu	 1
aliz	 1
echu	 1
once	 1
ne.	 1
nny	 1
nast_	 1
_Mor	 1
hru	 1
rosl	 1
ocas_	 1
lnych	 1
ina_	 1
_Inte	 1
robil	 1
yrovn	 1
jap	 1
klu	 1
bne_	 1
nl	 1
k).	 1
ktr	 1
_%)._	 1
apr	 1
_em	 1
ologi	 1
dnote	 1
azne_	 1
ape	 1
emito	 1
_jed	 1
rij	 1
ussa	 1
yrobc	 1
mcov,	 1
ional	 1
kvi	 1
tici	 1
tati	 1
ier.	 1
tento	 1
_cent	 1
oruc	 1
setk	 1
ria	 1
elky_	 1
audit	 1
vazu	 1
ate	 1
_nej	 1
onmo	 1
fikat	 1
chad	 1
hlil_	 1
azuje	 1
maj	 1
tupaj	 1
cert	 1
_ad	 1
_Lo	 1
ro.	 1
pera	 1
unske	 1
taz	 1
nice_	 1
_doch	 1
ule	 1
cholo	 1
_en	 1
Dna	 1
iza	 1
lesaj	 1
cqu	 1
ab	 1
tech.	 1
ublik	 1
mbra	 1
davn	 1
bje	 1
tami_	 1
tent	 1
*	 1
(VSZ	 1
rmon	 1
Sever	 1
M/J	 1
Int	 1
yja	 1
dnyc	 1
edbe	 1
zotrv	 1
velmi	 1
rul.	 1
ovod	 1
vykon	 1
bz	 1
edky	 1
orocn	 1
zvoj_	 1
core	 1
ecky	 1
_ces	 1
ote_	 1
tele	 1
itami	 1
vedc	 1
livyc	 1
ivita	 1
=-	 1
korov	 1
Stan	 1
Z),	 1
chodc	 1
side	 1
_def	 1
olno	 1
dst	 1
ovno	 1
od.).	 1
vensk	 1
_roka	 1
rovej	 1
aktor	 1
ncer	 1
lno	 1
ancor	 1
_spl	 1
_likv	 1
apie	 1
torul	 1
rinu_	 1
viedl	 1
esiah	 1
icu_	 1
chl	 1
izili	 1
snom_	 1
nca	 1
tradi	 1
eve	 1
peci	 1
skore	 1
_ve	 1
_tejt	 1
pomoc	 1
acov.	 1
xi	 1
_odo	 1
uste	 1
lom.	 1
ul.	 1
covym	 1
obil	 1
resi	 1
lytic	 1
dal,	 1
ensk	 1
-DJ	 1
povaz	 1
medi,	 1
repu	 1
anky	 1
nnik	 1
_(VS	 1
_adre	 1
P_	 1
ecem	 1
casti	 1
_exis	 1
obili	 1
ergie	 1
mitov	 1
hsta	 1
orp.	 1
vot	 1
cer_	 1
meni	 1
lnili	 1
els	 1
pandu	 1
nsid	 1
_ek	 1
konce	 1
iati	 1
_ener	 1
_repu	 1
emu_	 1
_obav	 1
sin	 1
vav	 1
teri	 1
ja_	 1
icie_	 1
roti_	 1
ktoro	 1
trvav	 1
eptem	 1
_Sta	 1
lika_	 1
ealk	 1
kupen	 1
jk	 1
elkov	 1
kala_	 1
svedc	 1
Finan	 1
prija	 1
_rumu	 1
_-=	 1
_tak_	 1
Svet	 1
cu.	 1
pacit	 1
ernu	 1
isten	 1
ques_	 1
q	 1
ivot	 1
rp.,	 1
edat,	 1
mp	 1
vecer	 1
lac	 1
ept	 1
_aud	 1
_Sumi	 1
Lond	 1
rudko	 1
lkove	 1
elsky	 1
amc	 1
D/JPY	 1
ytiko	 1
odneh	 1
cali_	 1
lom_	 1
dot	 1
jd	 1
om._	 1
icke_	 1
M,	 1
omun	 1
yn.	 1
j,	 1
Jap	 1
ravin	 1
azov	 1
rmono	 1
nas	 1
bola_	 1
high	 1
tavuj	 1
ujal_	 1
izil	 1
adnut	 1
O	 1
zov._	 1
trin	 1
Za	 1
ural	 1
lady_	 1
tenci	 1
kove_	 1
