_	 1214
e	 374
a	 374
r	 211
s	 207
l	 196
i	 188
n	 180
t	 178
o	 157
d	 130
c	 126
u	 124
a_	 112
s_	 97
_d	 86
e_	 84
de	 79
p	 75
m	 75
_de	 74
es	 68
_l	 57
_e	 55
en	 51
de_	 50
_de_	 50
l_	 48
,	 48
,_	 48
ta	 45
_a	 44
ra	 43
el	 42
re	 41
la	 40
an	 39
_c	 39
ar	 38
er	 38
at	 36
_p	 35
al	 34
on	 33
ci	 33
es_	 33
n_	 33
t_	 32
ue	 32
na	 31
g	 31
_la	 31
nt	 31
qu	 29
b	 29
se	 29
v	 29
q	 29
que	 27
co	 27
or	 26
'	 26
_s	 26
st	 26
la_	 25
.	 24
_la_	 23
._	 23
it	 23
el_	 23
f	 22
ac	 22
me	 21
as	 21
r_	 21
o_	 21
te	 21
pr	 20
un	 20
_m	 20
à	 19
_i	 19
i_	 19
le	 19
ro	 19
ur	 19
ll	 18
_q	 18
ó	 18
_t	 18
ic	 18
_qu	 18
est	 18
_el	 18
_co	 18
ca	 18
os	 17
ti	 17
y	 16
ue_	 16
_se	 16
li	 16
_que	 16
ns	 16
ent	 16
gu	 16
en_	 16
_que_	 16
que_	 16
tr	 15
C	 15
ri	 15
a,_	 15
ia	 15
a,	 15
va	 14
aci	 14
da	 14
pa	 14
sta	 14
pe	 14
_en	 14
_l'	 13
as_	 13
io	 13
_f	 13
_el_	 13
del	 13
ma	 13
l'	 13
_pr	 13
ec	 13
_del	 13
ne	 13
_C	 13
om	 12
ir	 12
_es	 12
na_	 12
_a_	 12
_i_	 12
al_	 12
_P	 12
P	 12
ls	 12
M	 12
am	 12
ió	 12
_M	 12
ls_	 12
h	 12
in	 11
ie	 11
x	 11
ona	 11
_en_	 11
ol	 11
ni	 11
ra_	 11
men	 11
E	 11
ta_	 11
to	 11
ció	 11
at_	 11
ad	 11
nt_	 11
ues	 11
ion	 11
_u	 11
mi	 10
ran	 10
nd	 10
no	 10
di	 10
_un	 10
ct	 10
_al	 10
z	 10
ura	 10
y_	 10
per	 10
esta	 10
_r	 10
_L	 10
L	 10
do	 10
ació	 10
_re	 10
po	 10
del_	 9
rt	 9
A	 9
_del_	 9
ons	 9
com	 9
cu	 9
rs	 9
_v	 9
res	 9
à_	 9
ó_	 9
os_	 9
rd	 9
nc	 9
ep	 9
_com	 9
ques	 9
em	 8
eg	 8
cio	 8
tiv	 8
pre	 8
fi	 8
las_	 8
vi	 8
ió_	 8
_pe	 8
des	 8
ara	 8
il	 8
las	 8
so	 8
nal	 8
ea	 8
'a	 8
ment	 8
im	 8
_y	 8
con	 8
ell	 8
ent_	 8
_E	 8
si	 8
les	 8
uest	 8
tu	 8
rn	 8
iv	 8
us	 8
ita	 7
_ca	 7
and	 7
_.	 7
ció_	 7
ul	 7
j	 7
cion	 7
ia_	 7
_n	 7
va_	 7
_las	 7
ant	 7
et	 7
ba	 7
quest	 7
oc	 7
ha	 7
les_	 7
_al_	 7
Co	 7
_Co	 7
era	 7
nda	 7
_._	 7
_las_	 7
tat	 7
nta	 7
cr	 7
cia	 7
tas	 7
pro	 7
iona	 7
_fi	 7
é	 7
els_	 7
_h	 7
ana	 7
els	 7
mp	 7
tura	 6
ron	 6
ot	 6
_des	 6
ació_	 6
ll_	 6
rac	 6
rà	 6
onal	 6
eu	 6
ua	 6
_ha	 6
_ta	 6
er_	 6
ativ	 6
í	 6
ncia	 6
_no	 6
rne	 6
cat	 6
ter	 6
lle	 6
una_	 6
_g	 6
_es_	 6
tam	 6
_y_	 6
rea	 6
an_	 6
rà_	 6
rep	 6
_una	 6
tur	 6
ui	 6
te_	 6
rec	 6
una	 6
par	 6
sta_	 6
ar_	 6
tar	 6
ect	 6
ici	 6
ed	 6
nci	 6
ite	 6
ment_	 6
_una_	 6
ional	 6
ati	 6
lt	 6
ir_	 5
á	 5
Mi	 5
xp	 5
_pre	 5
arà	 5
_pro	 5
Ma	 5
_le	 5
ev	 5
pi	 5
br	 5
itat	 5
do_	 5
aque	 5
anda	 5
lic	 5
lo	 5
_Mi	 5
I	 5
orne	 5
re_	 5
rc	 5
sc	 5
là	 5
_po	 5
fa	 5
rs_	 5
és	 5
ob	 5
res_	 5
se_	 5
eri	 5
_Ma	 5
Mar	 5
rr	 5
tre	 5
ge	 5
Cor	 5
ce	 5
para	 5
bli	 5
is	 5
m_	 5
_per	 5
enc	 5
_Mar	 5
za	 5
orn	 5
ali	 5
_me	 5
ex	 5
ha_	 5
aqu	 5
ese	 5
_D	 5
cre	 5
tas_	 5
_ex	 5
exp	 5
D	 5
urs	 5
ard	 5
ies	 5
ga	 5
_pa	 5
da_	 5
ap	 5
_T	 5
len	 5
ien	 5
egu	 5
mer	 5
ve	 5
_ha_	 5
_Cor	 5
T	 5
ju	 5
aq	 5
ns_	 5
ica	 5
_con	 5
ab	 5
aques	 5
bl	 5
_exp	 5
tro	 5
su	 5
arà_	 5
_d'a	 4
da,	 4
uesta	 4
'A	 4
Mir	 4
um	 4
_els	 4
randa	 4
nat	 4
fiest	 4
untam	 4
_ma	 4
fie	 4
unta	 4
raci	 4
_Po	 4
ia,_	 4
blic	 4
_Corn	 4
_La_	 4
_A	 4
ura_	 4
ort	 4
ng	 4
iest	 4
ch	 4
è	 4
tamen	 4
Po	 4
ara_	 4
Miran	 4
ame	 4
_va	 4
:_	 4
t,_	 4
V	 4
_fie	 4
ts	 4
any	 4
col	 4
ill	 4
_o	 4
_cr	 4
rnel	 4
:	 4
rat	 4
mu	 4
ellà	 4
to_	 4
_aqu	 4
nda,_	 4
lit	 4
tame	 4
nti	 4
_les_	 4
nell	 4
rnell	 4
_Mira	 4
pres	 4
esta_	 4
ració	 4
eva	 4
tz	 4
rta	 4
rie	 4
abo	 4
ira	 4
El_	 4
_La	 4
_Mir	 4
curs	 4
lica	 4
ncia_	 4
irand	 4
nellà	 4
ult	 4
bo	 4
ico	 4
_El_	 4
nse	 4
ament	 4
ny	 4
uc	 4
_les	 4
rand	 4
La_	 4
sp	 4
_in	 4
_V	 4
llen	 4
stas	 4
us_	 4
ntam	 4
Mira	 4
_fa	 4
_aque	 4
s,	 4
eb	 4
_El	 4
d'a	 4
estas	 4
fe	 4
s._	 4
_els_	 4
llà	 4
_tr	 4
esp	 4
u_	 4
du	 4
_d'	 4
ornel	 4
dia	 4
b_	 4
ts_	 4
als_	 4
unt	 4
one	 4
acion	 4
anda,	 4
_aq	 4
ciona	 4
amen	 4
stas_	 4
cur	 4
nic	 4
s,_	 4
s.	 4
_cu	 4
_ac	 4
La	 4
_fies	 4
ado	 4
rop	 4
iran	 4
gui	 4
d'	 4
cia_	 4
da,_	 4
ig	 4
t,	 4
ntr	 4
igu	 4
tat_	 4
ana_	 4
sa	 4
Corn	 4
tor	 4
ss	 4
iesta	 4
cons	 4
als	 4
Corne	 4
acio	 4
nda,	 4
El	 4
és_	 4
ix	 4
mb	 4
ia,	 4
fies	 4
nel	 4
op	 4
prim	 3
ás_	 3
id	 3
at,	 3
crea	 3
_ap	 3
ene	 3
muni	 3
repit	 3
ntame	 3
_te	 3
real	 3
ons_	 3
port	 3
_un_	 3
ava	 3
rdi	 3
esc	 3
all_	 3
epa	 3
xper	 3
dr	 3
ern	 3
pite	 3
van	 3
N	 3
edi	 3
_rec	 3
ime	 3
Ajun	 3
nal_	 3
tura_	 3
_prim	 3
perie	 3
tivit	 3
_Pa	 3
liz	 3
pit	 3
atg	 3
rant	 3
epar	 3
_S	 3
prep	 3
_to	 3
eali	 3
iz	 3
seu	 3
figu	 3
ú	 3
figur	 3
prese	 3
ban	 3
min	 3
ocu	 3
ra,	 3
gua	 3
_repi	 3
lleng	 3
scol	 3
icio	 3
_ver	 3
tura,	 3
obr	 3
l,_	 3
In	 3
Ajunt	 3
est_	 3
seg	 3
rim	 3
fect	 3
onat	 3
tal	 3
st_	 3
_,_	 3
mo	 3
trona	 3
_rep	 3
_an	 3
rese	 3
nce	 3
anti	 3
ema	 3
eat	 3
ones	 3
Aj	 3
peri	 3
rona	 3
ade	 3
str	 3
ura,_	 3
repi	 3
tard	 3
_,	 3
ant_	 3
_ll	 3
_so	 3
rienc	 3
pu	 3
_sev	 3
rre	 3
rso	 3
gra	 3
ite_	 3
_se_	 3
fig	 3
reali	 3
_dels	 3
seva_	 3
úbl	 3
man	 3
amb	 3
l'a	 3
eta	 3
spe	 3
_prep	 3
up	 3
junta	 3
o,	 3
vitat	 3
añ	 3
ivit	 3
tge	 3
pri	 3
_má	 3
engua	 3
eix	 3
_seva	 3
àr	 3
Aju	 3
labo	 3
ñ	 3
exper	 3
atr	 3
ny_	 3
engu	 3
úb	 3
_seu	 3
lengu	 3
per_	 3
ndo_	 3
eal	 3
mun	 3
_pri	 3
ivi	 3
ell_	 3
ultur	 3
_más_	 3
ngua	 3
at,_	 3
erien	 3
cen	 3
espe	 3
_per_	 3
ltu	 3
igur	 3
ami	 3
bor	 3
_s'	 3
ón	 3
all	 3
rar	 3
'Aju	 3
_tar	 3
ron_	 3
any_	 3
segu	 3
s'	 3
ena	 3
_crea	 3
itz	 3
ura,	 3
obre	 3
ndo	 3
enci	 3
ord	 3
eva_	 3
Pa	 3
leng	 3
nit	 3
tivi	 3
ole	 3
seva	 3
itza	 3
S	 3
onse	 3
_di	 3
gue	 3
no_	 3
av	 3
art	 3
ei	 3
onal_	 3
ues_	 3
tar_	 3
or_	 3
_L'	 3
pite_	 3
ellà_	 3
ón_	 3
rien	 3
ltur	 3
ros	 3
'Ajun	 3
_tard	 3
_real	 3
on_	 3
gr	 3
mana	 3
ez	 3
_cre	 3
ienc	 3
fo	 3
ultu	 3
tg	 3
más	 3
enta	 3
_lle	 3
xperi	 3
nes	 3
ás	 3
rí	 3
_cur	 3
oles	 3
ut	 3
ya	 3
_b	 3
atge	 3
tra	 3
labor	 3
más_	 3
vita	 3
abor	 3
ru	 3
ip	 3
ver	 3
den	 3
epite	 3
nsu	 3
ltura	 3
L'	 3
_rea	 3
dels	 3
sco	 3
ienci	 3
dia_	 3
"	 3
xpe	 3
_l'a	 3
_pas	 3
un_	 3
ani	 3
_l'A	 3
epit	 3
lu	 3
jun	 3
llà_	 3
l,	 3
_expe	 3
_más	 3
l'A	 3
uest_	 3
má	 3
gur	 3
iter	 3
erie	 3
ost	 3
fec	 3
entr	 3
'Aj	 3
por	 3
)	 3
lab	 3
úbli	 3
_ed	 3
sev	 3
itat_	 3
o,_	 3
pas	 3
_mu	 3
encia	 3
ctu	 3
bre	 3
blica	 3
uni	 3
rm	 3
ra,_	 3
tza	 3
Es	 3
aliz	 3
eng	 3
vit	 3
ngu	 3
_curs	 3
'an	 3
junt	 3
ssi	 3
dels_	 3
tron	 3
ivita	 3
_ve	 3
epi	 3
nte	 3
là_	 3
expe	 3
rimer	 2
Pat	 2
uropa	 2
cic	 2
'Cava	 2
arc	 2
sobre	 2
pú	 2
arí	 2
c_	 2
alitz	 2
tre_	 2
ades	 2
erat	 2
Ausi	 2
rsos	 2
_Vil	 2
_cam	 2
l'Es	 2
ique	 2
_inf	 2
_sobr	 2
_pres	 2
guir	 2
guio	 2
Urb	 2
od	 2
_Mo	 2
sià	 2
itera	 2
uar	 2
gener	 2
cad	 2
_Urb	 2
_su	 2
às_	 2
Aques	 2
erta	 2
é_	 2
_entr	 2
_mé	 2
_Gua	 2
set	 2
_Marí	 2
ora	 2
més	 2
tru	 2
Naci	 2
ors	 2
prepa	 2
_Aq	 2
eman	 2
rob	 2
sion	 2
_vers	 2
às	 2
_Tr	 2
urso	 2
Aque	 2
_Marc	 2
rda	 2
d_	 2
pass	 2
rb	 2
ores	 2
cor	 2
litza	 2
Se	 2
ence	 2
ivo	 2
'Cav	 2
gar	 2
_Gu	 2
_Pol	 2
mence	 2
mat	 2
tot	 2
alu	 2
iàs	 2
atron	 2
prime	 2
tad	 2
orr	 2
Do	 2
ç	 2
cam	 2
_gen	 2
dos	 2
ropa	 2
its_	 2
pot	 2
_qui	 2
para_	 2
_Cu	 2
_Naci	 2
_apro	 2
vall_	 2
Esc	 2
l'es	 2
_l'Es	 2
esent	 2
egui	 2
ubli	 2
ctura	 2
cat_	 2
ando_	 2
'e	 2
ada	 2
_dest	 2
act	 2
_Eu	 2
pot_	 2
mpr	 2
Tr	 2
nat,_	 2
reati	 2
rrec	 2
uro	 2
iàs_	 2
Eur	 2
xarà_	 2
_Vi	 2
imer	 2
_any	 2
ione	 2
sec	 2
_gui	 2
oles_	 2
_'C	 2
_l'E	 2
eixar	 2
vo	 2
rba	 2
Marí	 2
_prop	 2
alme	 2
its	 2
ida	 2
uir	 2
_ya_	 2
nes_	 2
Pe	 2
sti	 2
Guard	 2
aliza	 2
_pot_	 2
qui	 2
inf	 2
'est	 2
rí,_	 2
iq	 2
ealiz	 2
_tot	 2
tà	 2
tran	 2
ari	 2
atge_	 2
cativ	 2
unici	 2
á_	 2
vid	 2
ard_	 2
_ya	 2
aval	 2
urant	 2
uir_	 2
mie	 2
De	 2
_va_	 2
_ent	 2
més_	 2
ner	 2
efe	 2
Pol	 2
oba	 2
oto	 2
qui_	 2
í,	 2
Eu	 2
gen	 2
p_	 2
_més_	 2
scole	 2
ram	 2
ten	 2
vers	 2
era_	 2
rna	 2
_est	 2
_cons	 2
nici	 2
_'Ca	 2
ome	 2
sf	 2
uardi	 2
prob	 2
ai	 2
Nac	 2
ub	 2
_imp	 2
bi	 2
ncen	 2
_esco	 2
'ar	 2
eguir	 2
_Aque	 2
Cons	 2
come	 2
Gu	 2
comp	 2
eus_	 2
lmen	 2
ssio	 2
ut_	 2
ez_	 2
ot_	 2
esen	 2
ducat	 2
_Pe	 2
Europ	 2
rat_	 2
nf	 2
urs_	 2
rans	 2
_mer	 2
c,	 2
siona	 2
arí,_	 2
duca	 2
etas	 2
tivo	 2
_tran	 2
usiàs	 2
_Pon	 2
_"	 2
na,	 2
_lite	 2
seus	 2
und	 2
rime	 2
sobr	 2
ui_	 2
ctur	 2
ativi	 2
ructu	 2
merca	 2
ixarà	 2
erna	 2
ser	 2
essi	 2
_am	 2
iones	 2
dici	 2
Guar	 2
Ca	 2
sul	 2
_fa_	 2
_espe	 2
seus_	 2
igura	 2
ucati	 2
_lo	 2
_edu	 2
nicip	 2
ener	 2
odr	 2
icon	 2
uca	 2
efect	 2
_I	 2
-s	 2
opa_	 2
mien	 2
fa_	 2
_pot	 2
_van	 2
at.	 2
_dura	 2
imp	 2
arí,	 2
Mon	 2
forma	 2
rdia_	 2
tge_	 2
ronat	 2
rect	 2
ers	 2
'Es	 2
mb_	 2
form	 2
Pon	 2
val	 2
resen	 2
_'Cav	 2
cip	 2
creat	 2
_comp	 2
_ef	 2
_deix	 2
dura	 2
ag	 2
onals	 2
_seg	 2
alit	 2
ont	 2
l'e	 2
cl	 2
_gene	 2
pi_	 2
Cul	 2
icip	 2
Marc	 2
_vi	 2
bora	 2
Cultu	 2
ña	 2
mpo	 2
_pú	 2
_Ur	 2
eci	 2
repa	 2
_Patr	 2
educ	 2
úblic	 2
_F	 2
rban	 2
'any	 2
iat	 2
onsel	 2
_muni	 2
_són	 2
Marí,	 2
Aq	 2
siàs	 2
usià	 2
liter	 2
rad	 2
-	 2
ando	 2
onsu	 2
omen	 2
l'Aj	 2
com_	 2
tern	 2
_In	 2
_Do	 2
omenc	 2
ist	 2
aron	 2
ert	 2
_mi	 2
_fig	 2
segui	 2
gat	 2
_para	 2
_l'e	 2
rcat	 2
aron_	 2
_efe	 2
í,_	 2
ste	 2
_no_	 2
estr	 2
ans	 2
ecu	 2
onat,	 2
avall	 2
merc	 2
err	 2
ecto	 2
es,	 2
eativ	 2
'estr	 2
stru	 2
cicl	 2
edu	 2
ore	 2
_públ	 2
ria,_	 2
t._	 2
públ	 2
comen	 2
len_	 2
trans	 2
coles	 2
_G	 2
són	 2
_gu	 2
ille	 2
_Per	 2
xa	 2
truc	 2
Aus	 2
ones_	 2
_Na	 2
bana	 2
litz	 2
ntro	 2
Cu	 2
om_	 2
he	 2
orde	 2
dur	 2
is_	 2
liza	 2
'any_	 2
munic	 2
cri	 2
r,	 2
lite	 2
_N	 2
_ba	 2
a._	 2
iva	 2
opa	 2
cup	 2
lizan	 2
_l'Aj	 2
estru	 2
xar	 2
deixa	 2
cte_	 2
_tra	 2
_dei	 2
púb	 2
ublic	 2
_ce	 2
educa	 2
urop	 2
eb_	 2
rar_	 2
nç	 2
ransf	 2
mit	 2
ge_	 2
_só	 2
amie	 2
ardi	 2
pa_	 2
_pass	 2
ixa	 2
_com_	 2
_du	 2
_sob	 2
_llen	 2
sell_	 2
nat,	 2
uctu	 2
Na	 2
uct	 2
eati	 2
so_	 2
són_	 2
ardia	 2
Patr	 2
cés	 2
iu	 2
for	 2
Gua	 2
ol,_	 2
eu_	 2
nsell	 2
ctiv	 2
_apr	 2
arch	 2
mport	 2
stat	 2
_men	 2
_púb	 2
amien	 2
dem	 2
_Euro	 2
omo	 2
só	 2
dei	 2
_Ci	 2
uer	 2
_li	 2
sos	 2
mient	 2
_Cult	 2
uran	 2
orm	 2
ica_	 2
ca_	 2
rma	 2
des_	 2
Vil	 2
rde	 2
aprob	 2
ina	 2
J	 2
cone	 2
_Cul	 2
óm	 2
duran	 2
esco	 2
ssion	 2
apro	 2
_seus	 2
nsul	 2
uard	 2
emp	 2
Con	 2
uion	 2
reat	 2
vall	 2
Ausià	 2
cc	 2
ors_	 2
ins	 2
mot	 2
guir_	 2
_esc	 2
Cult	 2
cto	 2
'_	 2
osta	 2
c,_	 2
_Aqu	 2
roba	 2
ya_	 2
cole	 2
nan	 2
cte	 2
_j	 2
obre_	 2
sell	 2
Ci	 2
esper	 2
nals	 2
encen	 2
ada_	 2
'E	 2
icl	 2
orre	 2
ropa_	 2
vida	 2
í_	 2
_guio	 2
rí,	 2
_educ	 2
ecte_	 2
a.	 2
_desp	 2
eni	 2
(	 2
ruc	 2
_dur	 2
eixa	 2
dena	 2
_merc	 2
dest	 2
rbana	 2
cen_	 2
z_	 2
ados	 2
ncen_	 2
Vi	 2
_im	 2
dar	 2
Conse	 2
ansf	 2
Per	 2
públi	 2
tel	 2
Ur	 2
_mun	 2
orma	 2
_Urba	 2
_Eur	 2
ruct	 2
ecte	 2
erc	 2
U	 2
ase	 2
Cav	 2
_(	 2
R	 2
_come	 2
_ge	 2
r,_	 2
rca	 2
pos	 2
_efec	 2
rd_	 2
G	 2
_tre	 2
tiva	 2
'Ca	 2
mé	 2
tes	 2
almen	 2
_lit	 2
sob	 2
bana_	 2
sen	 2
amb_	 2
uctur	 2
sent	 2
ercat	 2
efec	 2
epara	 2
mpre	 2
'o	 2
Patro	 2
ass	 2
_Se	 2
_Pat	 2
'es	 2
ient	 2
lme	 2
escol	 2
es,_	 2
moto	 2
ores_	 2
ria,	 2
xarà	 2
ià	 2
l'E	 2
van_	 2
unic	 2
desp	 2
ucat	 2
eo	 2
abora	 2
l'Aju	 2
_'	 2
_act	 2
curso	 2
_Cons	 2
na,_	 2
bre_	 2
Ins	 2
nu	 2
nos	 2
at._	 2
tard_	 2
acc	 2
_Jo	 2
àri	 2
gura	 2
à,_	 2
_esp	 2
sio	 2
ma_	 2
_figu	 2
omp	 2
_van_	 2
rdia	 2
cé	 2
_De	 2
tit	 2
ocup	 2
ess	 2
ixar	 2
nali	 2
proba	 2
nsf	 2
Euro	 2
struc	 2
usi	 2
icion	 2
prop	 2
t.	 2
consu	 2
F	 2
duc	 2
aña	 2
lm	 2
zan	 2
_Con	 2
_qui_	 2
izan	 2
_Mon	 2
reg	 2
March	 2
_són_	 2
Cava	 2
sel	 2
em_	 2
_Nac	 2
_amb_	 2
eus	 2
nsel	 2
Urban	 2
ume	 2
_U	 2
tera	 2
à,	 2
Caval	 2
il_	 2
Mo	 2
cione	 2
gene	 2
ubl	 2
deix	 2
_ju	 2
pl	 2
sper	 2
ef	 2
_sec	 2
_ci	 2
ero	 2
mil	 2
Ro	 2
_segu	 2
_l'es	 2
apr	 2
emana	 2
ria	 2
menc	 2
rsos_	 2
mpor	 2
Aqu	 2
alm	 2
iza	 2
l'est	 2
_par	 2
iqu	 2
_pu	 2
truct	 2
dic	 2
erca	 2
rch	 2
cti	 2
Urba	 2
ativo	 2
repar	 2
_Guar	 2
aro	 2
cati	 2
_J	 2
sos_	 2
atro	 2
_més	 2
Jo	 2
nals_	 2
guion	 2
lment	 2
siàs_	 2
ques_	 2
anit	 2
Au	 2
'C	 2
uio	 2
Nacio	 2
_amb	 2
ol,	 2
imecr	 1
erro	 1
esea	 1
despe	 1
erram	 1
aWeb_	 1
veran	 1
eron	 1
Adol	 1
_Pu	 1
af	 1
mino,	 1
tada_	 1
ua,	 1
_ol	 1
_docu	 1
gra_	 1
tent_	 1
can	 1
mbit_	 1
uv	 1
purs_	 1
_doc	 1
d?Aus	 1
_cha	 1
)._	 1
isl	 1
lizó_	 1
herra	 1
ol.	 1
ècn	 1
_cap	 1
_Fu	 1
CdRo	 1
obac	 1
toci	 1
l'Ado	 1
ulen	 1
col.l	 1
_han_	 1
ota	 1
nore	 1
rlas_	 1
Cd	 1
eur	 1
Llo	 1
Fax	 1
lut	 1
medi	 1
ugar,	 1
rta_	 1
ntad	 1
epr	 1
gures	 1
stat_	 1
tat._	 1
_uns_	 1
Públi	 1
oncer	 1
mpren	 1
afec	 1
orneo	 1
reba	 1
local	 1
_Les_	 1
cola	 1
_tor	 1
nar	 1
ursa_	 1
lique	 1
otalm	 1
brill	 1
mpl	 1
ambé_	 1
sla	 1
là,	 1
sform	 1
(En	 1
ela	 1
marq	 1
ça_	 1
atura	 1
lter	 1
onç	 1
_Rodr	 1
ayo_	 1
ecibi	 1
uqu	 1
_cade	 1
uac	 1
pós	 1
praci	 1
ris	 1
ertar	 1
los	 1
Emili	 1
Dep	 1
daria	 1
meno	 1
_do	 1
tes._	 1
iquel	 1
_Vila	 1
any,	 1
onalm	 1
VII	 1
uez_	 1
osi	 1
gisl	 1
cres_	 1
gatz	 1
o-s	 1
tè	 1
_nos	 1
ntra	 1
mera	 1
nost	 1
maga	 1
cto_	 1
har	 1
onatg	 1
lum	 1
infr	 1
)_	 1
fr	 1
clomo	 1
tànci	 1
ngua,	 1
icio_	 1
doc	 1
any,_	 1
nça_	 1
ecia	 1
.lab	 1
_tam	 1
ctiva	 1
l'àm	 1
illan	 1
vo,	 1
integ	 1
imec	 1
nera	 1
_CdR	 1
Tema_	 1
laWe	 1
_d?	 1
gat_	 1
_Cd	 1
_maga	 1
drà_	 1
ento	 1
comun	 1
etit	 1
_recu	 1
_purs	 1
publi	 1
activ	 1
Ay	 1
meros	 1
'aq	 1
_R	 1
ona,	 1
antil	 1
tut_	 1
teni	 1
remi	 1
adic	 1
l),	 1
bal	 1
ecur	 1
rram	 1
edic	 1
_Públ	 1
_acon	 1
web	 1
eació	 1
inte	 1
yu	 1
ar,	 1
Seat	 1
entre	 1
rtí	 1
ció,_	 1
cènci	 1
.l	 1
rda_	 1
met	 1
alà._	 1
tt	 1
rso,	 1
arch_	 1
'accé	 1
ris_	 1
"l	 1
perr	 1
_grau	 1
_Pre	 1
guer.	 1
ano_	 1
ió)._	 1
zac	 1
'àmb	 1
oè	 1
nova_	 1
elab	 1
_enda	 1
m._	 1
ata	 1
iva._	 1
iu_	 1
ños	 1
rado	 1
Pere_	 1
ícita	 1
ila	 1
_icon	 1
egisl	 1
_nost	 1
seu_	 1
scri	 1
ontro	 1
nança	 1
_cult	 1
male	 1
rte	 1
ò	 1
_han	 1
rev	 1
_set	 1
aca	 1
nser	 1
Tra	 1
rgani	 1
temps	 1
_pod	 1
ordin	 1
tes_	 1
tiva.	 1
_comu	 1
Pere	 1
llor_	 1
ecun	 1
eral:	 1
jedre	 1
tas,	 1
acat_	 1
tle,	 1
ltar	 1
ntada	 1
Servi	 1
prepr	 1
rden	 1
_s'oc	 1
_afe	 1
denun	 1
_tasa	 1
relle	 1
aix	 1
dRo	 1
sani	 1
Torte	 1
_Cia,	 1
ones,	 1
_L'Aj	 1
guts_	 1
brar	 1
Fax:	 1
amins	 1
'oc	 1
mate	 1
ordi	 1
num	 1
bad	 1
gani	 1
uraci	 1
opues	 1
_tant	 1
anal	 1
fes	 1
procé	 1
legi	 1
ctivi	 1
regul	 1
dad	 1
alà.	 1
_col	 1
_cel	 1
julio	 1
arq	 1
_cab	 1
_noch	 1
rol	 1
va._	 1
"la	 1
rmet	 1
Web_	 1
Publi	 1
ió._	 1
dicio	 1
yal)	 1
_d'an	 1
_cà	 1
arlas	 1
nabeu	 1
'In	 1
guez_	 1
nes,	 1
'Esta	 1
'org	 1
stitu	 1
oan	 1
Em	 1
liol,	 1
ocicl	 1
_CdRo	 1
itu	 1
expo	 1
hes	 1
_af	 1
talà	 1
nda_	 1
upac	 1
vers_	 1
ioni	 1
_we	 1
ulio	 1
tem	 1
os,_	 1
mps_	 1
ciuda	 1
ument	 1
ansfo	 1
fessi	 1
Per_	 1
cult	 1
cata	 1
umnos	 1
ropos	 1
sfigu	 1
L'o	 1
zarà	 1
ació,	 1
speci	 1
yun	 1
Ponç_	 1
alà	 1
spec	 1
uel	 1
_gr	 1
rog	 1
agatz	 1
rígue	 1
tica_	 1
anç	 1
nt,_	 1
así	 1
llà,	 1
ta,	 1
han_	 1
cà	 1
drígu	 1
sfor	 1
sea	 1
tasas	 1
lar_	 1
icone	 1
purs	 1
rch,	 1
Mons	 1
bado_	 1
dese	 1
W	 1
uatg	 1
empre	 1
ivo,	 1
Domi	 1
vo,_	 1
din	 1
ere	 1
noc	 1
um_	 1
_impo	 1
tzarà	 1
otes	 1
treba	 1
Tema	 1
ou	 1
e._	 1
rebal	 1
odrà	 1
llen_	 1
-sa	 1
_l'In	 1
rill	 1
ofess	 1
ento_	 1
_fas	 1
tes.	 1
acat	 1
rmat_	 1
lica_	 1
lí	 1
prac	 1
attl	 1
_uso_	 1
ómi	 1
íg	 1
trar	 1
tiva_	 1
rtar	 1
nostr	 1
oe	 1
_proc	 1
cials	 1
izand	 1
Cr	 1
rmete	 1
ió.	 1
bor_	 1
rso,_	 1
mana,	 1
onist	 1
queu_	 1
podrà	 1
cicle	 1
_"N	 1
tze	 1
x_	 1
rimàr	 1
ajed	 1
os._	 1
leva	 1
_fu	 1
comar	 1
cèn	 1
cni	 1
_dep	 1
eses_	 1
er.	 1
mària	 1
san	 1
empr	 1
Depar	 1
lte	 1
_fin_	 1
ino	 1
etman	 1
cènc	 1
itut_	 1
_Rod	 1
gua,	 1
Ber	 1
_tota	 1
rtam	 1
ntil_	 1
mn	 1
mañan	 1
_l'à	 1
poet	 1
Publ	 1
ials_	 1
cund	 1
ana.	 1
apli	 1
rl	 1
_dese	 1
erda	 1
port_	 1
i.	 1
ècni	 1
Miq	 1
_Tru	 1
_meno	 1
Te	 1
_Pr	 1
ests	 1
_aco	 1
dríg	 1
ció.	 1
mpañ	 1
apar	 1
egule	 1
beu,	 1
crip	 1
_dómi	 1
certa	 1
Tan_	 1
rtame	 1
tj	 1
lob	 1
elèfo	 1
_Ay	 1
obad	 1
cupa	 1
juv	 1
umero	 1
elle	 1
ienta	 1
_así	 1
como	 1
s'int	 1
oches	 1
imàri	 1
accés	 1
abe	 1
tativ	 1
rnet_	 1
tives	 1
ript	 1
arant	 1
nil_	 1
_coor	 1
mal	 1
conse	 1
Rodrí	 1
_ocup	 1
ir-s	 1
també	 1
_Jose	 1
ebra	 1
cibi	 1
vir	 1
co_	 1
),_	 1
'ap	 1
nfa	 1
temp	 1
tive	 1
vant_	 1
dad.	 1
etm	 1
itjà,	 1
ó._	 1
vos_	 1
roso_	 1
iudad	 1
_corr	 1
etas,	 1
ers_	 1
_br	 1
rdena	 1
això_	 1
rega	 1
Pol,	 1
ives_	 1
ió,_	 1
'inte	 1
cost	 1
_Joa	 1
nsegu	 1
gund	 1
iol	 1
èf	 1
rit	 1
erra	 1
ador	 1
góm	 1
rmaci	 1
_sup	 1
ocum	 1
nen_	 1
uns_	 1
ous_	 1
mecre	 1
dors	 1
uga	 1
cunda	 1
_cami	 1
eli	 1
_té_	 1
corde	 1
_pese	 1
ltro	 1
ària	 1
egra_	 1
ntal	 1
osic	 1
_bat	 1
_Tem	 1
'Inst	 1
as,	 1
èfo	 1
ibido	 1
we	 1
tant_	 1
icada	 1
imer_	 1
h,_	 1
illor	 1
spert	 1
totes	 1
rec,_	 1
zand	 1
ncia,	 1
Josep	 1
acred	 1
tut	 1
_he	 1
caico	 1
end	 1
l.lab	 1
Ni	 1
ez,_	 1
ros,	 1
aW	 1
jed	 1
l'ar	 1
_perr	 1
otoci	 1
arad	 1
tzac	 1
dRom	 1
igues	 1
_Llo	 1
llev	 1
_ocu	 1
ur_	 1
udad.	 1
al),	 1
iuda	 1
illa	 1
irc_	 1
beu,_	 1
rc_	 1
loc	 1
ua,_	 1
eran	 1
íguez	 1
ción	 1
ies_	 1
jà	 1
egund	 1
ènc	 1
pré	 1
etent	 1
eu,	 1
terne	 1
char	 1
x:	 1
ials	 1
acre	 1
ive	 1
'àm	 1
_cana	 1
cumen	 1
cle	 1
_dir	 1
perro	 1
ecurs	 1
fan	 1
setma	 1
tis	 1
iclo	 1
espr	 1
angóm	 1
scè	 1
rros,	 1
cés.	 1
líci	 1
",	 1
uy_	 1
cones	 1
VI	 1
staca	 1
II_	 1
rrami	 1
dag	 1
Rom	 1
lerat	 1
ague	 1
otes_	 1
dor	 1
sí	 1
omini	 1
aña_	 1
'à	 1
eset	 1
ruque	 1
nitza	 1
cer	 1
ió)	 1
d'ar	 1
Tor	 1
iol,_	 1
ac,	 1
rdem_	 1
gram	 1
yo	 1
ures_	 1
ipa	 1
rme	 1
inser	 1
epósi	 1
_Per_	 1
ic_	 1
itjà	 1
Ayun	 1
_juve	 1
atrev	 1
àm	 1
y,_	 1
org	 1
oraci	 1
nic_	 1
ipi_	 1
_cul	 1
gura_	 1
ltron	 1
r-se	 1
onç_	 1
rdem	 1
años	 1
pal	 1
prés	 1
_oc	 1
che	 1
t"	 1
Cra	 1
rau	 1
'or	 1
cac	 1
_Des_	 1
l'Esc	 1
ión_	 1
plica	 1
cel	 1
sas.	 1
_aix	 1
tge.	 1
illo	 1
paseo	 1
rdina	 1
L'an	 1
opu	 1
liq	 1
ició_	 1
t",_	 1
ltar_	 1
emi	 1
rla	 1
eris_	 1
oord	 1
irect	 1
nitz	 1
erd	 1
credi	 1
onsi	 1
le,	 1
diat	 1
à.	 1
"Ni	 1
dre	 1
_any,	 1
cat"	 1
L'a	 1
no,	 1
los_	 1
on:	 1
Esco	 1
evir-	 1
rdag	 1
evar	 1
nabe	 1
aria,	 1
cci	 1
l:_	 1
dad._	 1
ostat	 1
anim	 1
Mont	 1
ànc	 1
ulta	 1
ogr	 1
ecta_	 1
_sus_	 1
cés._	 1
cap	 1
iento	 1
tac	 1
upaci	 1
nores	 1
será	 1
matei	 1
_gar	 1
tècn	 1
'Esco	 1
sol	 1
L'Aju	 1
otoc	 1
_Tan_	 1
Le	 1
her	 1
gatze	 1
En	 1
progr	 1
paci	 1
rsa	 1
Truqu	 1
poe	 1
uqueu	 1
_podr	 1
cana	 1
mini	 1
rtell	 1
docu	 1
_muy_	 1
sols	 1
ellà,	 1
lebr	 1
.labo	 1
urac	 1
be	 1
impo	 1
aran	 1
icai	 1
mbé	 1
_orde	 1
rcat_	 1
lomo	 1
Salut	 1
noch	 1
ives	 1
tota	 1
farà_	 1
rante	 1
porta	 1
ocume	 1
tivos	 1
_mag	 1
ndava	 1
tuac	 1
ster	 1
_Miq	 1
s'o	 1
ana,_	 1
icaic	 1
seri	 1
gure	 1
oma	 1
ves	 1
ionat	 1
of	 1
lim	 1
'Esc	 1
à._	 1
part	 1
ança	 1
venil	 1
Crac,	 1
lèfo	 1
cés_	 1
Martí	 1
_cos	 1
lleva	 1
_fase	 1
negut	 1
penal	 1
oèti	 1
l'I	 1
tors_	 1
-sani	 1
ocupi	 1
ros_	 1
arado	 1
omi	 1
uq	 1
_Don	 1
d?	 1
expos	 1
opos	 1
ses_	 1
ega	 1
epós	 1
rrel	 1
ànci	 1
'arti	 1
unc	 1
vera	 1
edici	 1
_Insu	 1
nte_	 1
ol_	 1
dRom.	 1
ediat	 1
_s'h	 1
_edic	 1
d'aqu	 1
_Vill	 1
_Es	 1
sfi	 1
rtànc	 1
quel_	 1
_Ponç	 1
ent,_	 1
stac	 1
supo	 1
ries_	 1
oordi	 1
Vill	 1
iato	 1
rgan	 1
_o_	 1
vic	 1
l'Ins	 1
ular	 1
rtist	 1
atxil	 1
contr	 1
expr	 1
ígu	 1
pet	 1
'I	 1
_mill	 1
_tas	 1
íc	 1
redit	 1
ità	 1
laci	 1
ven	 1
mac	 1
rá_	 1
cita	 1
pen	 1
Ayunt	 1
rofe	 1
_ico	 1
ursos	 1
mino	 1
mis	 1
_denu	 1
ico-s	 1
dinar	 1
_"la_	 1
parac	 1
ostre	 1
Serv	 1
neos_	 1
hi	 1
bid	 1
clo	 1
antir	 1
rogra	 1
irec	 1
_regu	 1
fess	 1
aseo_	 1
endav	 1
Monsi	 1
_can	 1
ebr	 1
enan	 1
_fo	 1
Ponç	 1
nseg	 1
_Salu	 1
marqu	 1
_Ausi	 1
rvi	 1
_L'o	 1
ña_	 1
eaci	 1
lació	 1
ico_	 1
gulen	 1
elèf	 1
caci	 1
acti	 1
_poè	 1
_Bern	 1
garan	 1
'àmbi	 1
sanit	 1
ngó	 1
plíci	 1
pli	 1
licad	 1
_tel	 1
Ve	 1
omar	 1
Di	 1
omoto	 1
evi	 1
tant	 1
Rodr	 1
ix_	 1
apa	 1
_farà	 1
stá_	 1
eac	 1
_Di	 1
Be	 1
d'acc	 1
txil	 1
erso	 1
'art	 1
tman	 1
rg	 1
sieur	 1
viat	 1
o-	 1
Para_	 1
_Loy	 1
l'à	 1
xill	 1
desea	 1
Ad	 1
rrect	 1
ere_	 1
ner,	 1
cita_	 1
ral	 1
èti	 1
tàrie	 1
rmac	 1
ecres	 1
ngóm	 1
omarq	 1
xò	 1
zar	 1
mitjà	 1
_web	 1
so,_	 1
sfig	 1
daron	 1
Truq	 1
xpres	 1
secto	 1
abeu	 1
I_	 1
ruq	 1
oyal	 1
angó	 1
_des_	 1
l),_	 1
ana,	 1
nimal	 1
mplíc	 1
paña	 1
ciclo	 1
zó	 1
eses	 1
cent	 1
_cont	 1
_w	 1
eos	 1
bra	 1
orac	 1
ñana	 1
numer	 1
tzad	 1
bat	 1
Miqu	 1
desta	 1
artí_	 1
_l'an	 1
s'hi	 1
iva_	 1
maña	 1
(_	 1
zades	 1
_fue	 1
enu	 1
nsi	 1
ang	 1
inarà	 1
ueu_	 1
tuaci	 1
asa	 1
_VII_	 1
cai	 1
ales_	 1
serir	 1
males	 1
tànc	 1
at",_	 1
ndav	 1
txill	 1
cume	 1
_esta	 1
Ver	 1
dimec	 1
ión	 1
unda	 1
_depó	 1
peti	 1
afect	 1
ígue	 1
limi	 1
Insu	 1
imàr	 1
gun	 1
ètic	 1
rador	 1
rmat	 1
scèn	 1
ona,_	 1
alut	 1
ril	 1
_emp	 1
ocic	 1
dos.	 1
asas.	 1
caic	 1
ó).	 1
_gara	 1
rq	 1
til	 1
vidar	 1
ueu	 1
eti	 1
lumno	 1
pese	 1
it_	 1
inic_	 1
sit	 1
oo	 1
_Pere	 1
reb	 1
_Cir	 1
ap_	 1
guat	 1
ó)	 1
pase	 1
ilaW	 1
_sem	 1
os,	 1
organ	 1
nità	 1
Emil	 1
_viat	 1
desti	 1
entad	 1
nguat	 1
ote	 1
Emi	 1
ugar	 1
ción_	 1
nter	 1
ateix	 1
tzade	 1
alumn	 1
ista_	 1
eris	 1
uque	 1
rnet	 1
cipal	 1
ciad	 1
ball	 1
'ant	 1
Joan_	 1
vici	 1
_Sa	 1
_crit	 1
pera_	 1
té	 1
rimà	 1
setas	 1
cab	 1
petit	 1
teix	 1
_moto	 1
àries	 1
itzad	 1
drí	 1
attle	 1
legis	 1
_Seat	 1
ep_	 1
fecti	 1
h_	 1
_"l	 1
olesc	 1
harla	 1
ropue	 1
umen	 1
nti_	 1
eleb	 1
enunc	 1
llo	 1
ad.	 1
ova_	 1
ri.	 1
_ani	 1
tècni	 1
xil	 1
oni	 1
",_	 1
VII_	 1
onsum	 1
otore	 1
nim	 1
ipi	 1
idar	 1
rá	 1
dó	 1
pacio	 1
tarda	 1
tjà	 1
_Fax	 1
vicio	 1
_Pons	 1
ral:	 1
ressi	 1
denu	 1
ueron	 1
_cor	 1
?Aus	 1
cnico	 1
dóm	 1
ntre	 1
posi	 1
iato_	 1
_atre	 1
rnabe	 1
Verd	 1
aguer	 1
mill	 1
uy	 1
uli	 1
nand	 1
egat_	 1
_Joan	 1
uda	 1
inme	 1
tica	 1
Verda	 1
o-sa	 1
may	 1
rneo	 1
onti_	 1
imera	 1
ntil	 1
_Emi	 1
_s'i	 1
nteg	 1
ogram	 1
seado	 1
rés	 1
segun	 1
Des_	 1
'Ins	 1
rau_	 1
ta,_	 1
nist	 1
nciad	 1
_jul	 1
_L'or	 1
lev	 1
ova	 1
repr	 1
mayo	 1
_Le	 1
arda_	 1
int	 1
_Pú	 1
ngua'	 1
là,_	 1
tàri	 1
_(_	 1
àrrec	 1
eatt	 1
h,	 1
fu	 1
ili	 1
ad._	 1
ultar	 1
undo	 1
obado	 1
egun	 1
_Ta	 1
ula	 1
Lo	 1
Corre	 1
poèt	 1
_Llob	 1
tits_	 1
imita	 1
_cap_	 1
escèn	 1
nfr	 1
ocal_	 1
onc	 1
cele	 1
Web	 1
brar_	 1
epra	 1
orga	 1
sieu	 1
iado	 1
far	 1
orat	 1
_ela	 1
ària,	 1
_Miqu	 1
_mes	 1
bació	 1
_sema	 1
ps	 1
l)	 1
cació	 1
góme	 1
expre	 1
osta_	 1
pub	 1
telè	 1
dem_	 1
ieu	 1
_mitj	 1
ersos	 1
yo_	 1
_mit	 1
_(En_	 1
actu	 1
recu	 1
_den	 1
camp	 1
ari.	 1
acon	 1
mayo_	 1
"Nit	 1
_d'ac	 1
etas_	 1
nitàr	 1
scr	 1
_ins	 1
uport	 1
u,_	 1
assat	 1
mes	 1
Diu_	 1
apl	 1
_fuer	 1
_torn	 1
_Dom	 1
itar	 1
'ac	 1
itar_	 1
aicon	 1
ecre	 1
propu	 1
Joa	 1
_inse	 1
itj	 1
L'org	 1
ures	 1
clet	 1
rnati	 1
_juli	 1
ps_	 1
lomot	 1
yunt	 1
unit	 1
cred	 1
arla	 1
ecta	 1
er,	 1
sat_	 1
_poèt	 1
ntigu	 1
Cia,_	 1
ccé	 1
ress	 1
cultu	 1
atur	 1
_tan	 1
_Emil	 1
bé	 1
uliol	 1
rques	 1
rtad	 1
aco	 1
guez	 1
zando	 1
jà,_	 1
lor_	 1
ansfi	 1
zade	 1
prene	 1
lico	 1
trevi	 1
quel	 1
l'Ad	 1
rcat"	 1
?Ausi	 1
ació)	 1
omuni	 1
nsum_	 1
_Les	 1
varon	 1
_any_	 1
inand	 1
recto	 1
li_	 1
ditat	 1
ofes	 1
Escri	 1
mat_	 1
_ga	 1
deli	 1
omo_	 1
ze	 1
rtà	 1
zaci	 1
rof	 1
_edi	 1
cibid	 1
ar,_	 1
ició	 1
teg	 1
'ara_	 1
perta	 1
elebr	 1
ativa	 1
ches_	 1
sus_	 1
cal	 1
B	 1
ctuac	 1
ato_	 1
Loyal	 1
tan	 1
inm	 1
atre	 1
ño	 1
nab	 1
ilaWe	 1
nfan	 1
alizó	 1
_num	 1
pena	 1
Ll	 1
bit_	 1
ller	 1
_Trad	 1
ratu	 1
ciado	 1
atze	 1
ante_	 1
eado	 1
_juv	 1
ccés	 1
poeta	 1
inse	 1
narà_	 1
_aje	 1
rch,_	 1
infra	 1
ista	 1
enil	 1
torne	 1
_lug	 1
entro	 1
tin	 1
ósi	 1
spr	 1
yal),	 1
_Mart	 1
_alte	 1
racci	 1
alter	 1
_cri	 1
tenir	 1
ntami	 1
ré	 1
_at	 1
_elab	 1
co-sa	 1
band	 1
emis_	 1
dep	 1
tzem_	 1
Tru	 1
t",	 1
iptor	 1
acr	 1
recor	 1
"Nits	 1
ompo	 1
àrr	 1
_her	 1
nita	 1
nico	 1
osep_	 1
ros,_	 1
_temp	 1
osici	 1
ico-	 1
'Ado	 1
cta_	 1
océ	 1
uer._	 1
rat._	 1
omot	 1
tle,_	 1
_"Ni	 1
ajedr	 1
_mat	 1
Mart	 1
entra	 1
xposi	 1
og	 1
ny,	 1
_Prem	 1
artí	 1
ecial	 1
laWeb	 1
co-	 1
cnic	 1
Inter	 1
eratu	 1
corre	 1
lumn	 1
inan	 1
_als_	 1
_Mont	 1
s'oc	 1
posta	 1
au	 1
leb	 1
oca	 1
tores	 1
arat	 1
àmb	 1
via	 1
_(E	 1
fecta	 1
elim	 1
ge.	 1
ompor	 1
egat	 1
accio	 1
ervic	 1
avan	 1
_acti	 1
ntir	 1
arda	 1
_mañ	 1
elè	 1
'anti	 1
avant	 1
prés_	 1
Sea	 1
ecor	 1
crite	 1
fase	 1
_L'A	 1
cial	 1
hi_	 1
bac	 1
epart	 1
sí_	 1
egra	 1
hes_	 1
ades_	 1
accé	 1
oltro	 1
scrip	 1
?Au	 1
_poet	 1
bri	 1
Rod	 1
_los	 1
jul	 1
Tan	 1
seta	 1
cos	 1
ció,	 1
_Ve	 1
sie	 1
sprés	 1
ses	 1
rsa_	 1
Pu	 1
ropu	 1
_d'ar	 1
l'_	 1
niste	 1
_VI	 1
parat	 1
_pet	 1
rés_	 1
txi	 1
abeu,	 1
assi	 1
zació	 1
sta,_	 1
eroso	 1
ins_	 1
_Verd	 1
viatg	 1
e,_	 1
olt	 1
tá	 1
Diu	 1
oètic	 1
web_	 1
munit	 1
itzac	 1
revi	 1
Loy	 1
cul	 1
ative	 1
compr	 1
centr	 1
dina	 1
bit	 1
guts	 1
pra	 1
nanç	 1
_afec	 1
clom	 1
_Ser	 1
ctor	 1
trol	 1
'hi_	 1
ino,	 1
càrre	 1
Adole	 1
rec,	 1
rat.	 1
Cir	 1
rac,	 1
_prof	 1
_cat	 1
ogra	 1
Villa	 1
al,_	 1
bliqu	 1
atge.	 1
talà.	 1
os.	 1
inic	 1
roc	 1
lícit	 1
_maña	 1
eguts	 1
_Par	 1
cord	 1
rneos	 1
_l'_	 1
_Para	 1
anali	 1
tacat	 1
ima	 1
eron_	 1
renen	 1
infa	 1
och	 1
tir	 1
egut	 1
_Ayun	 1
L'A	 1
olvid	 1
var	 1
farà	 1
_camp	 1
ecto_	 1
ayo	 1
VilaW	 1
Jose	 1
_vid	 1
oet	 1
juve	 1
omin	 1
_això	 1
er,_	 1
ordem	 1
i._	 1
_labo	 1
ari._	 1
es._	 1
tat.	 1
Nits	 1
nsieu	 1
terar	 1
gara	 1
nt,	 1
mecr	 1
uve	 1
narà	 1
_aj	 1
nis	 1
tros	 1
elimi	 1
Dona	 1
tas,_	 1
nmed	 1
ntrol	 1
nfrac	 1
sa_	 1
Insul	 1
Inst	 1
llà,_	 1
itati	 1
mec	 1
creac	 1
sió	 1
_pase	 1
ampa	 1
llan	 1
ri._	 1
Est	 1
grau_	 1
sem	 1
_uso	 1
mplí	 1
gua'_	 1
w	 1
crit	 1
essió	 1
co-s	 1
_cen	 1
eo_	 1
_vera	 1
Tem	 1
opo	 1
r-	 1
ación	 1
ol.l	 1
ció).	 1
mañ	 1
iud	 1
ctor_	 1
sult	 1
at"	 1
gis	 1
edre	 1
_sect	 1
sas._	 1
dit	 1
ícit	 1
'ocup	 1
_peti	 1
oltr	 1
En_	 1
tote	 1
_cabo	 1
ramie	 1
ano	 1
iad	 1
nsult	 1
cupac	 1
_ciud	 1
baci	 1
màr	 1
ò_	 1
neg	 1
rtàn	 1
_alu	 1
_Em	 1
ptor	 1
ner,_	 1
icaci	 1
lobre	 1
noche	 1
ec,_	 1
_nume	 1
ola	 1
ay	 1
imal	 1
eseta	 1
afe	 1
esti	 1
_lab	 1
nme	 1
gues	 1
L'or	 1
rem	 1
'hi	 1
treb	 1
ernat	 1
rene	 1
Pons_	 1
_)_	 1
z,_	 1
_for	 1
gar,_	 1
_té	 1
ortel	 1
muy_	 1
Les	 1
stes.	 1
rona,	 1
là._	 1
-se	 1
harl	 1
_anim	 1
nou	 1
scola	 1
ua'_	 1
erros	 1
s'hi_	 1
riter	 1
_prog	 1
langó	 1
-se_	 1
nitat	 1
ernab	 1
nati	 1
cursa	 1
cio_	 1
_apar	 1
això	 1
_Fus	 1
x:_	 1
red	 1
podr	 1
ulen_	 1
Esta	 1
(E	 1
iclet	 1
Dona_	 1
total	 1
s'ocu	 1
sulta	 1
_as	 1
portà	 1
edita	 1
vos	 1
enali	 1
_s'in	 1
unita	 1
tina	 1
pañ	 1
ental	 1
enal	 1
evaro	 1
ccio	 1
inmed	 1
_acr	 1
fin_	 1
onsie	 1
tista	 1
ols_	 1
passa	 1
rano_	 1
onseg	 1
_dia	 1
alte	 1
uacio	 1
mo_	 1
rdin	 1
rogr	 1
ssat	 1
zem_	 1
d?A	 1
_pes	 1
ries	 1
celeb	 1
paña_	 1
drez,	 1
ato	 1
_dema	 1
_Circ	 1
gut	 1
llang	 1
cipi_	 1
motoc	 1
atzem	 1
Inte	 1
essio	 1
grau	 1
adena	 1
To	 1
onti	 1
prog	 1
ch,	 1
_Escr	 1
Escol	 1
àmbit	 1
tist	 1
omu	 1
rofes	 1
icipi	 1
àrie	 1
ómez	 1
càr	 1
_perm	 1
sus	 1
cha	 1
_ord	 1
perme	 1
_ciu	 1
gómez	 1
ltr	 1
_us	 1
ontr	 1
_l'àm	 1
'orga	 1
_así_	 1
arta	 1
ó.	 1
magat	 1
Corr	 1
tegra	 1
ptors	 1
ivos_	 1
stre_	 1
obreg	 1
_Diu	 1
docum	 1
_l'ap	 1
s'i	 1
ocupa	 1
han	 1
urso,	 1
orte	 1
rari.	 1
lobr	 1
post	 1
senta	 1
so,	 1
ñan	 1
olvi	 1
d.	 1
eno	 1
ud	 1
gar,	 1
eur_	 1
èc	 1
tamie	 1
atal	 1
_end	 1
),	 1
ust	 1
lè	 1
oor	 1
Fuste	 1
al,	 1
ch,_	 1
_Ll	 1
_impl	 1
att	 1
eos_	 1
iques	 1
fuer	 1
Des	 1
ida_	 1
_dóm	 1
aj	 1
bado	 1
és.	 1
__	 1
ratur	 1
ància	 1
egul	 1
ipal_	 1
as.	 1
océs.	 1
primà	 1
dav	 1
ibi	 1
ríg	 1
col.	 1
abor_	 1
_char	 1
roso	 1
ormat	 1
ito_	 1
lico_	 1
je	 1
ini	 1
nsie	 1
edia	 1
media	 1
ral:_	 1
bido	 1
ntre_	 1
gan	 1
ama_	 1
tjà,	 1
ctua	 1
océs	 1
uns	 1
iteri	 1
atx	 1
herr	 1
ante	 1
e,	 1
pec	 1
ça	 1
plí	 1
_teni	 1
iller	 1
tivo,	 1
egi	 1
idaro	 1
d'an	 1
ir-	 1
_Jos	 1
icad	 1
cada_	 1
ómin	 1
l'àmb	 1
actua	 1
'aqu	 1
_l'Ad	 1
dir	 1
lug	 1
mera_	 1
juli	 1
tua	 1
uts_	 1
dagu	 1
abo_	 1
til_	 1
er._	 1
mnos	 1
oci	 1
laW	 1
davan	 1
años_	 1
mació	 1
uts	 1
tic	 1
tor_	 1
'apl	 1
llor	 1
_ai	 1
iclom	 1
ranti	 1
rama	 1
es.	 1
etma	 1
radi	 1
tèc	 1
illen	 1
telèf	 1
_Cra	 1
oeta_	 1
ena_	 1
rga	 1
lor	 1
anità	 1
u,	 1
tàr	 1
tat,_	 1
rocés	 1
iatg	 1
nto	 1
s'in	 1
_or	 1
_L'an	 1
aic	 1
orrec	 1
_:	 1
_cicl	 1
_uns	 1
stes	 1
màri	 1
ols	 1
rros	 1
d'ara	 1
sfo	 1
_loc	 1
eta_	 1
_ser	 1
_reg	 1
ase_	 1
araci	 1
_Ins	 1
mbé_	 1
_batx	 1
talm	 1
dema	 1
stina	 1
ec,	 1
gurac	 1
lizó	 1
bliq	 1
mbi	 1
Tradi	 1
_infa	 1
r.	 1
tades	 1
llera	 1
lèf	 1
stin	 1
_Mons	 1
mag	 1
_Tort	 1
_dime	 1
_l'I	 1
fuero	 1
és._	 1
delim	 1
ib	 1
lar	 1
varo	 1
Llob	 1
lèfon	 1
erdag	 1
teix_	 1
ipt	 1
_reci	 1
leta	 1
l.l	 1
enil_	 1
al)	 1
fue	 1
ssió	 1
_Serv	 1
rel	 1
o-san	 1
nst	 1
izan_	 1
fin	 1
ector	 1
rnat	 1
Pol,_	 1
está_	 1
zó_	 1
talme	 1
aje	 1
erar	 1
_leg	 1
Ta	 1
_ten	 1
rama_	 1
neos	 1
ead	 1
ntegr	 1
aden	 1
_pub	 1
sts	 1
itàri	 1
ebal	 1
_Fust	 1
Pre	 1
oa	 1
èfon:	 1
ua'	 1
èn	 1
sito	 1
seman	 1
net_	 1
med	 1
menta	 1
sas	 1
nen	 1
_cic	 1
_fin	 1
_atr	 1
neo	 1
izó	 1
Fust	 1
vant	 1
_via	 1
ular_	 1
bo_	 1
compo	 1
poè	 1
tei	 1
_Pol,	 1
cabo_	 1
rez	 1
adici	 1
rant_	 1
umer	 1
ire	 1
ampañ	 1
lvi	 1
plic	 1
_seu_	 1
tzaci	 1
orta_	 1
_año	 1
uven	 1
tjà,_	 1
uso_	 1
_(En	 1
_)	 1
umn	 1
aga	 1
ectiv	 1
tal,	 1
Cia	 1
emps_	 1
fra	 1
_dem	 1
ster_	 1
terat	 1
.la	 1
uster	 1
cal_	 1
ge._	 1
tres	 1
odrà_	 1
ivo,_	 1
licac	 1
está	 1
pal_	 1
rnab	 1
íci	 1
'i	 1
izó_	 1
nalm	 1
peset	 1
umno	 1
pes	 1
lv	 1
ervi	 1
onsul	 1
batxi	 1
rtel	 1
nta_	 1
_mil	 1
_dó	 1
prof	 1
cont	 1
liol	 1
eu,_	 1
icle	 1
aria	 1
luga	 1
conc	 1
alt	 1
_Esc	 1
tres_	 1
_càr	 1
ball_	 1
ripto	 1
xpr	 1
_s'o	 1
_ic	 1
oeta	 1
_apa	 1
Fax:_	 1
lut_	 1
_Des	 1
_alum	 1
Fu	 1
ñana_	 1
ieur	 1
elabo	 1
añana	 1
nov	 1
enera	 1
Bern	 1
leg	 1
rari	 1
sic	 1
recib	 1
camin	 1
_llev	 1
ecti	 1
banda	 1
l.la	 1
bido_	 1
rtí_	 1
Trad	 1
ales	 1
enen_	 1
recur	 1
_Ro	 1
arat_	 1
'apli	 1
corr	 1
bé_	 1
nume	 1
'Est	 1
_olv	 1
ados_	 1
mitar	 1
enda	 1
yal	 1
n:_	 1
mete	 1
_expo	 1
nça	 1
regu	 1
daro	 1
publ	 1
uel_	 1
_tem	 1
zem	 1
orrel	 1
enore	 1
pecia	 1
drez	 1
_Polt	 1
ntal,	 1
mita	 1
coma	 1
ito	 1
_bril	 1
et_	 1
a'	 1
arch,	 1
tigu	 1
eados	 1
Poltr	 1
r-se_	 1
_Ber	 1
udad	 1
unci	 1
sta,	 1
stre	 1
vida_	 1
ale	 1
_olvi	 1
mitj	 1
nsfi	 1
poèti	 1
cabo	 1
_Int	 1
pt	 1
ompre	 1
uer.	 1
irc	 1
a'_	 1
dena_	 1
ama	 1
ita_	 1
rip	 1
rrell	 1
atu	 1
_Fax:	 1
as._	 1
espré	 1
sicio	 1
etits	 1
despr	 1
_mate	 1
_deli	 1
ntig	 1
limit	 1
là.	 1
Pub	 1
iol,	 1
ment,	 1
nalit	 1
_Tor	 1
fant	 1
tada	 1
orat_	 1
titu	 1
agat	 1
espec	 1
coord	 1
sum	 1
supor	 1
sula	 1
como_	 1
_supo	 1
rrec,	 1
uero	 1
ños_	 1
'acc	 1
edit	 1
s'h	 1
Ser	 1
lugar	 1
denan	 1
cipi	 1
enanç	 1
nalme	 1
rti	 1
al:_	 1
net	 1
ionis	 1
let	 1
dR	 1
ntros	 1
iva.	 1
lio	 1
cami	 1
_Dep	 1
té_	 1
l'Est	 1
ti_	 1
evir	 1
_está	 1
mero	 1
l.	 1
l'an	 1
dole	 1
'aque	 1
nfant	 1
d?Au	 1
sep	 1
cade	 1
rille	 1
mpa	 1
mins	 1
rir	 1
enta_	 1
va.	 1
Nit	 1
ealit	 1
propo	 1
_l'ar	 1
ermet	 1
igue	 1
_actu	 1
_Publ	 1
tm	 1
seo_	 1
repra	 1
fecte	 1
millo	 1
_tote	 1
otal	 1
reac	 1
rlas	 1
upo	 1
Les_	 1
Pú	 1
enir_	 1
terna	 1
ana._	 1
tore	 1
blico	 1
ompr	 1
grama	 1
'ara	 1
rez,	 1
oche	 1
rite	 1
taca	 1
frac	 1
_expr	 1
cupi	 1
ac,_	 1
gule	 1
uat	 1
_inme	 1
nous	 1
nsti	 1
maci	 1
_Tema	 1
dava	 1
ov	 1
yunta	 1
ili_	 1
charl	 1
ax:_	 1
impor	 1
_como	 1
teris	 1
fon:_	 1
borac	 1
agu	 1
n:	 1
ertad	 1
_mes_	 1
ose	 1
passi	 1
drà	 1
ruqu	 1
mps	 1
_als	 1
tàn	 1
xpo	 1
campa	 1
revir	 1
tell_	 1
rtade	 1
_form	 1
Fus	 1
lta	 1
trev	 1
ados.	 1
_infr	 1
Par	 1
rque	 1
We	 1
d'aq	 1
canal	 1
mili	 1
nes,_	 1
rígu	 1
pert	 1
_Loya	 1
amp	 1
CdR	 1
setm	 1
ropo	 1
cleta	 1
nto_	 1
scènc	 1
mbit	 1
lescè	 1
càrr	 1
sat	 1
nima	 1
oan_	 1
ocal	 1
uiona	 1
ug	 1
cons_	 1
meten	 1
Pr	 1
inar	 1
epó	 1
Jos	 1
_pen	 1
upi	 1
cript	 1
'ocu	 1
gi	 1
_mo	 1
_Diu_	 1
coor	 1
arqu	 1
tx	 1
_cone	 1
ècnic	 1
_nova	 1
deman	 1
fase_	 1
pues	 1
adors	 1
tzar	 1
upa	 1
nil	 1
tí	 1
istes	 1
ó)._	 1
nm	 1
al:	 1
sols_	 1
sts_	 1
orta	 1
erne	 1
arl	 1
estac	 1
tig	 1
_nou	 1
imit	 1
ol.la	 1
d'ac	 1
aplic	 1
nativ	 1
ecund	 1
brega	 1
reci	 1
dim	 1
artam	 1
nova	 1
_ment	 1
ches	 1
rv	 1
reaci	 1
Joan	 1
motor	 1
odríg	 1
lla	 1
rez,_	 1
_Cia	 1
fas	 1
sió_	 1
_bri	 1
ola_	 1
sito_	 1
Rom._	 1
ny,_	 1
tat,	 1
olv	 1
dol	 1
sum_	 1
ions_	 1
ener,	 1
_coma	 1
aico	 1
remis	 1
egis	 1
rir_	 1
Ado	 1
dómin	 1
ósito	 1
impl	 1
_cad	 1
xille	 1
emps	 1
secu	 1
opost	 1
aseo	 1
ino,_	 1
_noc	 1
Cia,	 1
ous	 1
l'In	 1
àn	 1
oyal)	 1
alum	 1
_setm	 1
mno	 1
uso	 1
_nov	 1
Pons	 1
dague	 1
enir	 1
líc	 1
ó,	 1
e.	 1
_inm	 1
cat",	 1
_coo	 1
neral	 1
estin	 1
erari	 1
mana_	 1
_Truq	 1
ssa	 1
lvida	 1
sent_	 1
atz	 1
itat.	 1
ves_	 1
_Au	 1
_Ayu	 1
pren	 1
aWe	 1
coneg	 1
gundo	 1
_:_	 1
sep_	 1
ómino	 1
ona_	 1
_reco	 1
ostr	 1
tamb	 1
ixò	 1
ch_	 1
cn	 1
Públ	 1
rtis	 1
l'any	 1
zan_	 1
_nous	 1
ntir_	 1
ssió_	 1
tma	 1
otor	 1
vir-	 1
m.	 1
fanti	 1
CdRom	 1
egr	 1
cun	 1
queu	 1
tir_	 1
lan	 1
oso	 1
_muy	 1
atalà	 1
imale	 1
iatge	 1
ecib	 1
pó	 1
ttl	 1
ç_	 1
dire	 1
implí	 1
nsum	 1
cipa	 1
_sus	 1
ibid	 1
rano	 1
_may	 1
ema_	 1
ido	 1
Fa	 1
minic	 1
cions	 1
_sol	 1
profe	 1
fon:	 1
gó	 1
direc	 1
cta	 1
apara	 1
nico-	 1
antig	 1
no,_	 1
ivos	 1
_Corr	 1
_L'a	 1
cola_	 1
ent,	 1
_treb	 1
nunc	 1
verso	 1
_tècn	 1
guer	 1
slaci	 1
pósit	 1
caden	 1
ènci	 1
Dom	 1
beu	 1
dos._	 1
erir	 1
trol_	 1
proc	 1
eros	 1
des,	 1
mili_	 1
cres	 1
opue	 1
ecr	 1
Llobr	 1
liqu	 1
ntrar	 1
r._	 1
d'ant	 1
l'art	 1
eba	 1
regat	 1
toc	 1
_telè	 1
_años	 1
lebra	 1
Seatt	 1
ursa	 1
nsfo	 1
_los_	 1
on:_	 1
imà	 1
_nu	 1
itut	 1
ciu	 1
ança_	 1
Domin	 1
cap_	 1
_tamb	 1
ccion	 1
gues_	 1
menor	 1
icac	 1
curs_	 1
ngóme	 1
itàr	 1
_tèc	 1
lvid	 1
rro	 1
stat,	 1
Vila	 1
).	 1
al),_	 1
_Crac	 1
arac	 1
letas	 1
'h	 1
_B	 1
pósi	 1
_Te	 1
uveni	 1
tá_	 1
secun	 1
muy	 1
ós	 1
nos_	 1
mar	 1
rt_	 1
l:	 1
amin	 1
robad	 1
'int	 1
Escr	 1
_loca	 1
_"Nit	 1
tal,_	 1
ter_	 1
II	 1
mins_	 1
zarà_	 1
arti	 1
stit	 1
guatg	 1
ren	 1
Berna	 1
acons	 1
nor	 1
press	 1
Circ	 1
osep	 1
será_	 1
puest	 1
lesc	 1
uez	 1
año	 1
_Aus	 1
costa	 1
ixò_	 1
uests	 1
rtar_	 1
erat.	 1
iados	 1
óme	 1
Tort	 1
posic	 1
escè	 1
orden	 1
natg	 1
titut	 1
sema	 1
zad	 1
ció._	 1
doles	 1
uatge	 1
tegr	 1
gua,_	 1
artis	 1
èt	 1
obaci	 1
_Pub	 1
xò_	 1
_To	 1
ació.	 1
pac	 1
lang	 1
ax:	 1
tge._	 1
_acre	 1
_càrr	 1
gua'	 1
ltern	 1
_será	 1
_d?A	 1
ganit	 1
na.	 1
ofe	 1
odrí	 1
infan	 1
'Adol	 1
om.	 1
xpos	 1
dime	 1
redi	 1
fracc	 1
rdagu	 1
nfra	 1
tigue	 1
_gra	 1
iste	 1
tl	 1
ele	 1
gisla	 1
radic	 1
acci	 1
_dim	 1
"N	 1
"la_	 1
enor	 1
tros_	 1
ir-se	 1
adi	 1
ernet	 1
l'apl	 1
y,	 1
tmana	 1
tors	 1
-san	 1
tinan	 1
_Púb	 1
ial	 1
mnos_	 1
àmbi	 1
eral	 1
racc	 1
pur	 1
tami	 1
nsula	 1
reses	 1
ebrar	 1
breg	 1
rra	 1
upi_	 1
ortà	 1
Estat	 1
ecord	 1
veni	 1
ssat_	 1
rocé	 1
ió,	 1
_herr	 1
nir	 1
fon	 1
_Sal	 1
seo	 1
alut_	 1
_band	 1
sular	 1
imi	 1
añan	 1
erir_	 1
icons	 1
z,	 1
sup	 1
anda_	 1
ntern	 1
_"la	 1
Para	 1
itzar	 1
tí_	 1
_Domi	 1
sect	 1
(En_	 1
mis_	 1
atei	 1
nseri	 1
así_	 1
tasa	 1
_tè	 1
nunci	 1
_dire	 1
tade	 1
Loya	 1
eball	 1
ó,_	 1
tle	 1
Polt	 1
isla	 1
torn	 1
sici	 1
tocic	 1
tits	 1
spera	 1
ncert	 1
dita	 1
assa	 1
_Be	 1
cib	 1
ez,	 1
gul	 1
as,_	 1
coo	 1
ccés_	 1
Sa	 1
'in	 1
L'Aj	 1
ió).	 1
parta	 1
_vida	 1
edrez	 1
in_	 1
cum	 1
_pena	 1
ndar	 1
levar	 1
erá	 1
ttle,	 1
oy	 1
emis	 1
_d'aq	 1
ència	 1
ció)	 1
once	 1
Nits_	 1
Depa	 1
depó	 1
_s'hi	 1
depós	 1
ort_	 1
stá	 1
enen	 1
pod	 1
_Fa	 1
_Dona	 1
erano	 1
undo_	 1
rvic	 1
_web_	 1
ttle	 1
_sols	 1
_Inte	 1
_luga	 1
icipa	 1
nun	 1
_tres	 1
catal	 1
_em	 1
rol_	 1
úbliq	 1
pto	 1
nous_	 1
nir_	 1
_empr	 1
sead	 1
ieur_	 1
tati	 1
_mot	 1
d._	 1
_cent	 1
jà,	 1
uioni	 1
perm	 1
reco	 1
ate	 1
negu	 1
_ban	 1
onis	 1
onegu	 1
Salu	 1
_añ	 1
Premi	 1
cert	 1
ipal	 1
_Lo	 1
esta,	 1
nando	 1
_legi	 1
Sal	 1
_Depa	 1
lom	 1
cada	 1
pera	 1
at",	 1
Prem	 1
spré	 1
esead	 1
ests_	 1
dició	 1
_Sea	 1
ete	 1
ule	 1
jedr	 1
aWeb	 1
mez_	 1
_poe	 1
eattl	 1
mer_	 1
tent	 1
bril	 1
nmedi	 1
_conc	 1
nstit	 1
Circ_	 1
ndari	 1
tzem	 1
ambé	 1
uaci	 1
rqu	 1
Int	 1
dors_	 1
oso_	 1
_alt	 1
Rom.	 1
_publ	 1
nsfor	 1
ortàn	 1
dos_	 1
vir-s	 1
recte	 1
ormac	 1
èfon	 1
tell	 1
Monti	 1
_cost	 1
edr	 1
ions	 1
parad	 1
pue	 1
ido_	 1
ómez_	 1
rami	 1
Don	 1
ax	 1
atxi	 1
Púb	 1
ncer	 1
_d?Au	 1
ure	 1
ciud	 1
_secu	 1
erv	 1
_Ver	 1
eix_	 1
ler	 1
ado_	 1
Ayu	 1
cia,	 1
borat	 1
batx	 1
assio	 1
naliz	 1
loca	 1
rvici	 1
Mique	 1
l'ap	 1
?A	 1
cit	 1
peci	 1
mpres	 1
cè	 1
ipto	 1
erm	 1
xi	 1
ellen	 1
uste	 1
islac	 1
cupi_	 1
mes_	 1
dari	 1
_Cr	 1
L'any	 1
ades,	 1
asas	 1
erme	 1
_cele	 1
mana.	 1
nsfig	 1
le,_	 1
enun	 1
au_	 1
des,_	 1
arque	 1
anitz	 1
igure	 1
ètica	 1
_dia_	 1
eprac	 1
juven	 1
?	 1
teri	 1
robac	 1
xpre	 1
_ajed	 1
_Tan	 1
natge	 1
sl	 1
cia,_	 1
rell	 1
mà	 1
_ch	 1
r-s	 1
slac	 1
diato	 1
mpaña	 1
oya	 1
_lu	 1
lera	 1
anima	 1
ósit	 1
eten	 1
_col.	 1
undar	 1
rch_	 1
àrre	 1
trar_	 1
uncia	 1
_pur	 1
Insti	 1
lac	 1
upor	 1
rac,_	 1
Crac	 1
erá_	 1
_cata	 1
om._	 1
eco	 1
comu	 1
omun	 1
_Tra	 1
io_	 1
na._	 1
'Ad	 1
_mayo	 1
plíc	 1
_far	 1
oneg	 1
dómi	 1
_VII	 1
mez	 1
conce	 1
licai	 1
nç_	 1
oèt	 1
