_	 1504
a	 336
r	 312
n	 283
i	 254
u	 245
e	 242
s	 194
t	 176
ð	 175
l	 166
g	 157
k	 143
m	 135
f	 132
r_	 109
ð_	 79
v	 74
ar	 73
í	 71
o	 70
_s	 69
að	 63
á	 63
j	 62
m_	 60
a_	 58
in	 55
_f	 55
æ	 55
i_	 53
_e	 53
n_	 52
_a	 51
u_	 51
um	 48
ur	 48
h	 47
d	 46
_í	 46
.	 46
g_	 45
að_	 45
._	 45
b	 44
er	 44
st	 44
ó	 43
ö	 43
nn	 42
í_	 42
_í_	 41
_v	 40
ei	 40
nu	 40
ið	 38
þ	 38
y	 37
um_	 37
ir	 36
_á	 36
an	 36
á_	 36
_o	 36
_þ	 36
_að	 36
_h	 36
p	 35
ve	 35
ur_	 34
og	 34
un	 33
_og	 33
_og_	 33
og_	 33
_m	 32
ta	 30
_að_	 30
ar_	 30
na	 29
ðu	 29
en	 29
la	 28
ri	 28
ti	 28
lu	 28
ú	 26
_á_	 26
_ve	 26
ði	 25
t_	 25
nd	 24
ja	 24
ng	 24
_b	 24
ra	 23
ki	 23
kk	 23
rð	 23
_u	 23
ir_	 22
ið_	 22
_g	 21
ef	 21
sl	 21
em	 20
_t	 20
ku	 20
tu	 20
sk	 19
inn	 19
se	 19
il	 19
_l	 19
_n	 18
ga	 18
ver	 18
é	 18
ða	 18
af	 17
nn_	 17
ek	 17
_er	 17
ni	 17
eg	 16
num	 16
_se	 16
_ver	 16
sem	 16
mi	 15
da	 15
,	 15
_sem	 15
ag	 15
es	 15
ka	 15
_sem_	 15
,_	 15
gu	 15
sem_	 15
gi	 15
em_	 15
bæ	 14
nar	 14
lö	 14
_þe	 14
þe	 14
yr	 14
ði_	 14
rf	 14
ður	 14
jó	 14
am	 14
æk	 14
ll	 13
tt	 13
ög	 13
vi	 13
fl	 13
uð	 13
l_	 13
ge	 13
li	 13
ki_	 13
s_	 13
S	 13
ne	 13
re	 13
al	 13
me	 12
fr	 12
is	 12
ha	 12
he	 12
ekk	 12
num_	 12
ey	 12
ík	 12
te	 12
_k	 12
fyr	 11
_S	 11
di	 11
yrir	 11
_he	 11
inu	 11
slu	 11
yri	 11
fyri	 11
fyrir	 11
ma	 11
fy	 11
rir	 11
ru	 11
erð	 11
ju	 11
us	 11
pp	 10
fj	 10
or	 10
kj	 10
rðu	 10
_ha	 10
ekki_	 10
et	 10
ðs	 10
fu	 10
_mi	 10
le	 10
arf	 10
ekki	 10
kki	 10
ko	 10
_þa	 10
ns	 10
þa	 10
_ekki	 10
_ekk	 10
si	 10
kki_	 10
il_	 10
rn	 10
_ek	 10
f_	 10
_fyri	 9
kur	 9
_er_	 9
ru_	 9
gn	 9
ví	 9
er_	 9
til	 9
ann	 9
rs	 9
_fy	 9
_me	 9
ý	 9
K	 9
lu_	 9
ta_	 9
_til	 9
_ti	 9
til_	 9
av	 9
fæ	 9
_til_	 9
_um	 9
nni	 9
_ge	 9
_sk	 9
_st	 9
_um_	 9
sa	 9
_fyr	 9
va	 8
_af	 8
tu_	 8
lög	 8
_H	 8
út	 8
_ei	 8
_hef	 8
ða_	 8
fa	 8
st_	 8
H	 8
ður_	 8
ðu_	 8
_vi	 8
an_	 8
_fr	 8
_G	 8
nda	 8
uðu	 8
ón	 8
fe	 8
kt	 8
ik	 8
stu	 8
du	 8
gr	 8
it	 8
aði	 8
nes	 8
G	 8
eð	 8
ut	 8
ing	 8
un_	 8
hef	 8
ær	 8
ngi	 8
nar_	 8
ss	 8
_en	 8
rk	 7
æð	 7
rt	 7
_bæ	 7
_K	 7
_eru	 7
br	 7
fi	 7
erðu	 7
rl	 7
el	 7
as	 7
_un	 7
erður	 7
ga_	 7
ram	 7
und	 7
eru	 7
_fj	 7
kun	 7
_en_	 7
ld	 7
gl	 7
ein	 7
_fæ	 7
æt	 7
avík	 7
B	 7
yrir_	 7
fæk	 7
ækk	 7
eið	 7
jar	 7
ust	 7
fn	 7
_fæk	 7
r.	 7
_fækk	 7
rður	 7
_eru_	 7
inni	 7
lj	 7
rið	 7
ól	 7
en_	 7
gre	 7
rir_	 7
ðar	 7
m.	 7
aví	 7
r._	 7
fækk	 7
_B	 7
_ú	 7
ig	 7
vík	 7
eng	 7
eru_	 7
ja_	 7
and	 6
_R	 6
é_	 6
sko	 6
m._	 6
ön	 6
_Re	 6
_út	 6
gar	 6
já	 6
_%	 6
öl	 6
lið	 6
nga	 6
dag	 6
aði_	 6
_sé	 6
tr	 6
nuð	 6
inn_	 6
iðs	 6
lg	 6
avíku	 6
nna	 6
%	 6
at	 6
kja	 6
_%_	 6
_ef	 6
up	 6
víku	 6
_up	 6
rst	 6
rður_	 6
%_	 6
au	 6
eit	 6
tir	 6
ra_	 6
dur	 6
um._	 6
íkur	 6
ann_	 6
ót	 6
sé	 6
kaði	 6
fra	 6
kað	 6
fé	 6
k_	 6
ti_	 6
tar	 6
R	 6
ær_	 6
ug	 6
víkur	 6
_upp	 6
"	 6
tæ	 6
eir	 6
tir_	 6
íku	 6
ys	 6
Re	 6
dur_	 6
ár	 6
stu_	 6
upp	 6
fram	 6
tarf	 6
yk	 6
fur_	 6
um.	 6
enn	 6
fur	 6
ke	 5
eykja	 5
jan	 5
sv	 5
lað	 5
Reyk	 5
lum	 5
efur_	 5
nu_	 5
na_	 5
_fram	 5
_ma	 5
rei	 5
_Rey	 5
_þei	 5
_sv	 5
end	 5
þar	 5
sí	 5
_verð	 5
eykj	 5
_sí	 5
efu	 5
ft	 5
am_	 5
gum	 5
ús	 5
væ	 5
mu	 5
rg	 5
_þar	 5
bú	 5
slu_	 5
þei	 5
jón	 5
gun	 5
ér	 5
egl	 5
Rey	 5
verð	 5
unn	 5
ðsl	 5
tað_	 5
ndi	 5
Reykj	 5
rða	 5
ars	 5
-	 5
tin	 5
im	 5
rj	 5
_Reyk	 5
bæ_	 5
ðin	 5
arst	 5
var	 5
eða	 5
fla	 5
a._	 5
æði	 5
tur	 5
kur_	 5
sér	 5
ud	 5
_fl	 5
unu	 5
_af_	 5
M	 5
on	 5
tað	 5
sér_	 5
_fra	 5
lin	 5
ykj	 5
næ	 5
fti	 5
_sér	 5
inga	 5
eyk	 5
rið_	 5
ðslu	 5
a.	 5
engi	 5
ónu	 5
tæk	 5
él	 5
ndu	 5
hefur	 5
verðu	 5
sta	 5
ok	 5
nnu	 5
ykja	 5
ap	 5
ér_	 5
út_	 5
efur	 5
lan	 5
ly	 5
af_	 5
_sér_	 5
_hefu	 5
oð	 5
Þ	 5
hefu	 5
æ_	 5
_M	 5
ni_	 5
kaði_	 5
ljó	 5
sj	 5
tn	 5
ngu	 5
gö	 5
_gö	 5
_Þ	 5
su	 5
ita	 4
vel	 4
hús	 4
Kefla	 4
jum	 4
ögre	 4
ot	 4
janes	 4
sla	 4
greg	 4
sbæ	 4
urn	 4
fjö	 4
_te	 4
_veg	 4
lav	 4
hann_	 4
_han	 4
get	 4
kun_	 4
Su	 4
nuðu_	 4
rtæ	 4
sb	 4
flav	 4
óð	 4
uðurn	 4
hú	 4
fnu	 4
ane	 4
ór	 4
ung	 4
lavík	 4
urnes	 4
kku	 4
íb	 4
_hann	 4
tj	 4
esbæ	 4
_br	 4
os	 4
rirt	 4
_það_	 4
ndur	 4
þar_	 4
ðr	 4
ari	 4
efn	 4
min	 4
_fe	 4
_va	 4
úa	 4
erið_	 4
uður	 4
ten	 4
_eft	 4
_þes	 4
rna	 4
ndur_	 4
_ó	 4
reið	 4
ækkað	 4
ögreg	 4
hv	 4
flug	 4
anesb	 4
haf	 4
fnum	 4
_,_	 4
kju	 4
rne	 4
_íbú	 4
ró	 4
Suð	 4
gu_	 4
pr	 4
yrirt	 4
ætl	 4
ðurn	 4
eiðs	 4
fer	 4
_,	 4
_Kefl	 4
eri	 4
eða_	 4
ál	 4
gja	 4
rirtæ	 4
arfé	 4
_Kef	 4
arð	 4
efti	 4
anes	 4
_al	 4
fa_	 4
gum_	 4
vin	 4
_Su	 4
man	 4
þr	 4
uda	 4
fjöl	 4
_sta	 4
rin	 4
_ne	 4
_Suð	 4
far	 4
Kefl	 4
_þess	 4
-_	 4
sam	 4
jö	 4
tan	 4
pa	 4
esb	 4
ist	 4
uðu_	 4
tö	 4
sö	 4
ste	 4
_Ke	 4
ækka	 4
æjar	 4
nus	 4
ykjan	 4
endur	 4
t._	 4
öng	 4
gregl	 4
hann	 4
land	 4
eig	 4
ram_	 4
_la	 4
unum	 4
flaví	 4
nnar	 4
veri	 4
kl	 4
_efti	 4
all	 4
eys	 4
ögu	 4
bæj	 4
það_	 4
eim	 4
han	 4
kka	 4
nesb	 4
_d	 4
aða	 4
veg	 4
_veri	 4
nesbæ	 4
dir	 4
lug	 4
iðsl	 4
_eða_	 4
ftir	 4
Suðu	 4
jane	 4
_eða	 4
Ke	 4
eita	 4
regl	 4
arfél	 4
iðslu	 4
_bæj	 4
lei	 4
ðurne	 4
kem	 4
fram_	 4
Kef	 4
rtæk	 4
rði	 4
laví	 4
_Í	 4
leg	 4
_get	 4
fð	 4
_sa	 4
irtæ	 4
_Suðu	 4
irtæk	 4
ftir_	 4
æja	 4
orð	 4
rfé	 4
U	 4
_bæja	 4
rfél	 4
ger	 4
ðið_	 4
ustu	 4
bæjar	 4
tta	 4
fnum_	 4
eiðsl	 4
efl	 4
ögr	 4
udag	 4
verið	 4
endu	 4
bæja	 4
eft	 4
kjan	 4
Í	 4
ðið	 4
vei	 4
það	 4
_það	 4
kkaði	 4
ess	 4
ós	 4
fél	 4
nuðu	 4
t.	 4
gj	 4
flu	 4
ók	 4
erið	 4
_eð	 4
_haf	 4
kjane	 4
reg	 4
tl	 4
_und	 4
ns_	 4
gi_	 4
eflav	 4
fækka	 4
mið	 4
irt	 4
eftir	 4
ræ	 4
in_	 4
pl	 4
jöl	 4
æj	 4
Suður	 4
íbú	 4
öf	 4
þess	 4
kkað	 4
_ke	 4
_þar_	 4
_ein	 4
ak	 4
_íb	 4
_lö	 4
sin	 4
efla	 4
urne	 4
rnes	 4
lt	 4
þes	 4
n.	 3
arn	 3
lut	 3
eim_	 3
ihlut	 3
k._	 3
arða	 3
esj	 3
ney	 3
si_	 3
kemur	 3
nar.	 3
öm	 3
_eig	 3
emur_	 3
rnesj	 3
no	 3
egn	 3
mei	 3
án	 3
stö	 3
fjölg	 3
_var	 3
_við	 3
menn	 3
rú	 3
agn	 3
íkni	 3
þj	 3
_gr	 3
við	 3
lar_	 3
din	 3
lli	 3
síð	 3
svei	 3
ötu	 3
aðr	 3
unna	 3
_Br	 3
nds	 3
ie	 3
með	 3
fí	 3
hlut	 3
élö	 3
_þá_	 3
knief	 3
lo	 3
u._	 3
sti	 3
nga_	 3
_sam	 3
glu	 3
mur_	 3
vinn	 3
_mik	 3
rau	 3
ðar_	 3
fó	 3
_hv	 3
sn	 3
kkun	 3
ðst	 3
gen	 3
_þr	 3
vet	 3
nu.	 3
ill	 3
ega	 3
eitar	 3
_star	 3
æstu_	 3
_no	 3
_Þa	 3
koðu	 3
ink	 3
menn_	 3
ngið_	 3
æst	 3
hlu	 3
ds	 3
_kemu	 3
reiðs	 3
_"	 3
emur	 3
lands	 3
rh	 3
_fjár	 3
sve	 3
yn	 3
ldu	 3
mur	 3
unda	 3
ækku	 3
_lo	 3
ihlu	 3
gna	 3
ers	 3
rá	 3
æstu	 3
utan	 3
át	 3
eta	 3
itarf	 3
yf	 3
íð	 3
jónu	 3
_verk	 3
num.	 3
ölg	 3
oðu	 3
itar	 3
unnar	 3
ml	 3
_svei	 3
_má	 3
_þri	 3
var_	 3
ynd	 3
nie	 3
bo	 3
íu	 3
hve	 3
skoð	 3
niefn	 3
kemu	 3
reglu	 3
æki	 3
rfu	 3
Í_	 3
spr	 3
sbæ_	 3
ð._	 3
ferð	 3
est	 3
im_	 3
nu._	 3
áæ	 3
star	 3
ustu_	 3
tla	 3
_sp	 3
_með	 3
agi	 3
_lög	 3
tó	 3
sp	 3
jós	 3
yslu	 3
_ný	 3
gja_	 3
nk	 3
_si	 3
kni	 3
_sko	 3
_hel	 3
ali	 3
gun_	 3
rle	 3
iðj	 3
men	 3
þeim_	 3
tlað	 3
æði_	 3
ný	 3
félö	 3
_þá	 3
þri	 3
inni_	 3
_ger	 3
gið_	 3
_fa	 3
fækku	 3
tnu	 3
ar._	 3
ætlað	 3
þjó	 3
veit	 3
_r	 3
rar	 3
kv	 3
ysl	 3
lið_	 3
nni_	 3
ka_	 3
ett	 3
élög	 3
inu.	 3
uð_	 3
gerð	 3
kil	 3
_spr	 3
k.	 3
þá_	 3
hl	 3
_ney	 3
_sö	 3
jölg	 3
_þeim	 3
lun	 3
mik	 3
_var_	 3
rga	 3
_or	 3
nns	 3
_út_	 3
ækkun	 3
lar	 3
ting	 3
ræð	 3
neysl	 3
Br	 3
aut	 3
_ten	 3
erk	 3
_ko	 3
þá	 3
tei	 3
gir	 3
starf	 3
aðra	 3
ins	 3
_orð	 3
lögr	 3
esbæ_	 3
una	 3
_neys	 3
ótt	 3
_aðra	 3
raut	 3
_sve	 3
æs	 3
rfélö	 3
íkur_	 3
eysl	 3
Þa	 3
unum_	 3
þeim	 3
uta	 3
gir_	 3
nesj	 3
eil	 3
grei	 3
iku	 3
eglu	 3
ands	 3
inum	 3
emu	 3
ök	 3
áæt	 3
verk	 3
bó	 3
ih	 3
ð.	 3
ónus	 3
ás	 3
nsl	 3
sveit	 3
kta	 3
ski	 3
þjón	 3
tæki	 3
da_	 3
arl	 3
kn	 3
nar._	 3
ngu_	 3
öt	 3
n._	 3
_mið	 3
_fó	 3
búa	 3
ngið	 3
_T	 3
síðu	 3
íkn	 3
_aðr	 3
rð_	 3
_fjá	 3
skoðu	 3
ihl	 3
_síðu	 3
ppa	 3
lum_	 3
viku	 3
gó	 3
_síð	 3
inu._	 3
llt	 3
rðar	 3
veita	 3
má	 3
isk	 3
íðu	 3
num._	 3
við_	 3
F	 3
nief	 3
tek	 3
gið	 3
ljós	 3
fjár	 3
_við_	 3
T	 3
hel	 3
jár	 3
ðj	 3
_U	 3
vik	 3
neys	 3
u.	 3
_sl	 3
_Í_	 3
yslu_	 3
fík	 3
koð	 3
eyslu	 3
ief	 3
gn_	 3
áætl	 3
ar.	 3
iefn	 3
nt	 3
_gó	 3
félög	 3
ðra	 3
tur_	 3
fjá	 3
_kem	 3
ætla	 3
rnar	 3
_ár	 3
sög	 3
knie	 3
enn_	 3
lögre	 3
tarfé	 3
rtæki	 3
"_	 3
_far	 3
íknie	 3
nnur	 2
_stút	 2
_áæt	 2
ðju	 2
_hjá	 2
K.	 2
kið_	 2
lunar	 2
nnsl	 2
isl	 2
om	 2
by	 2
lgeng	 2
fi_	 2
tæki_	 2
ota	 2
esjum	 2
úu	 2
iðjud	 2
stjór	 2
_Gar	 2
erl	 2
_óa	 2
oðuð_	 2
jórn	 2
ötuó	 2
ega_	 2
ur.	 2
rstj	 2
eyti	 2
los	 2
ömlu_	 2
_þet	 2
geng	 2
flug_	 2
meir	 2
eila	 2
órn	 2
m,_	 2
lögu	 2
ferð_	 2
sjó	 2
síma_	 2
_óalg	 2
afi_	 2
tjór	 2
_þek	 2
Sl	 2
_síma	 2
ólf	 2
gólfi	 2
ku_	 2
gg	 2
ila	 2
nnið	 2
einn	 2
reyt	 2
Ga	 2
ragi_	 2
rb	 2
ag._	 2
hafa	 2
_bro	 2
nesju	 2
indav	 2
tingu	 2
_há	 2
þetta	 2
ags	 2
né_	 2
egna_	 2
mat	 2
mann	 2
_vin	 2
síðus	 2
innig	 2
jarf	 2
ugv	 2
tak	 2
gengi	 2
mfe	 2
itu	 2
_le	 2
jud	 2
engið	 2
nda_	 2
N	 2
afa	 2
egna	 2
ðrar	 2
gard	 2
losnu	 2
nslu	 2
iefna	 2
irih	 2
gfr	 2
judag	 2
ll_	 2
stút	 2
efnum	 2
afi	 2
skunn	 2
_krón	 2
þek	 2
_Ko	 2
skun	 2
ðrar_	 2
inda	 2
dag_	 2
otn	 2
_hve	 2
ýr	 2
óða	 2
Ko	 2
fari	 2
gerðu	 2
jór	 2
_lei	 2
iðju	 2
_þeir	 2
etað_	 2
lí	 2
mlu_	 2
lfinu	 2
ögun	 2
vell	 2
esju	 2
rðið_	 2
fræð	 2
götu	 2
otnuð	 2
þekkt	 2
sinn	 2
höfð	 2
losn	 2
_mynd	 2
auga	 2
öskun	 2
Þar	 2
tuóe	 2
nv	 2
hluta	 2
dag.	 2
sson	 2
i.	 2
snuð	 2
Tvær	 2
_hafa	 2
fara	 2
Höfnu	 2
minn	 2
md	 2
afj	 2
tækju	 2
ragi	 2
_lá	 2
há	 2
ynda	 2
vegna	 2
udag.	 2
ndin	 2
_áæ	 2
elli	 2
vo	 2
Kok	 2
aug	 2
um,	 2
ðinu	 2
oðuð	 2
úafjö	 2
Grin	 2
uga	 2
ynda_	 2
arga	 2
_Garð	 2
etta	 2
urf	 2
undi	 2
lgun_	 2
_Upp	 2
dan	 2
irihl	 2
fs	 2
linn_	 2
_nýt	 2
g._	 2
stút_	 2
_i	 2
öfðu_	 2
sku	 2
tis	 2
ara_	 2
kinu	 2
kkun_	 2
_allt	 2
gf	 2
_sím	 2
gle	 2
?_	 2
_ljó	 2
lön	 2
org	 2
_Þar_	 2
kkt	 2
uó	 2
llin	 2
_GK	 2
eis	 2
finu.	 2
mynd	 2
ækju	 2
gað	 2
ólfi	 2
ngar	 2
_ung	 2
_flug	 2
fíkni	 2
tækj	 2
erð_	 2
tenn	 2
_vik	 2
V	 2
_brey	 2
gin	 2
p_	 2
osnuð	 2
hafi	 2
_máli	 2
luna	 2
GK._	 2
essu	 2
tuó	 2
jónus	 2
vers	 2
fðu	 2
hafi_	 2
kst	 2
búaf	 2
íðust	 2
stj	 2
kunn	 2
einu	 2
búafj	 2
_fara	 2
kin	 2
ím	 2
ag.	 2
_né_	 2
fðu_	 2
rihl	 2
finu	 2
_nota	 2
jós_	 2
ub	 2
íma	 2
_sin	 2
_bo	 2
erle	 2
omi	 2
höf	 2
ðan	 2
arbr	 2
_bó	 2
ald	 2
innu	 2
_ka	 2
unar	 2
_næs	 2
linn	 2
arin	 2
millj	 2
Gr	 2
_mill	 2
_flös	 2
íbúum	 2
rá_	 2
_GK._	 2
Kokte	 2
_held	 2
g.	 2
hi	 2
efð	 2
íbúu	 2
fði	 2
mál	 2
yting	 2
mest	 2
_land	 2
nf	 2
ilar	 2
_þett	 2
_fól	 2
né	 2
iku_	 2
æn	 2
_Grin	 2
_lau	 2
algen	 2
ytin	 2
rón	 2
búu	 2
nnur_	 2
lf	 2
þeir	 2
tnuðu	 2
_höfð	 2
ldi	 2
irð	 2
fja	 2
bra	 2
ömlu	 2
_my	 2
_fólk	 2
_næ	 2
GK.	 2
essi	 2
ndav	 2
bb	 2
eki	 2
lauga	 2
snu	 2
aðrar	 2
rr	 2
hag	 2
uti	 2
ara	 2
ögn	 2
rind	 2
lað_	 2
ling	 2
_vel	 2
_gól	 2
ugar	 2
nýt	 2
daví	 2
las	 2
llað_	 2
óeirð	 2
ðslu_	 2
_mest	 2
hjá	 2
iri	 2
kjum	 2
rfa	 2
_Tvær	 2
ennu	 2
Gri	 2
kf	 2
ðum	 2
kr	 2
_Hö	 2
_vegn	 2
so	 2
juda	 2
kteil	 2
ösk	 2
pps	 2
myn	 2
aka	 2
_skoð	 2
lau	 2
eisla	 2
_frá_	 2
óa	 2
öfn	 2
rga_	 2
rstjó	 2
ekkt	 2
mill	 2
_Höfn	 2
snuðu	 2
laða	 2
hefð	 2
ndir	 2
Tvæ	 2
tjó	 2
rinda	 2
_aða	 2
rðið	 2
_þj	 2
lá	 2
greið	 2
lugv	 2
úafj	 2
_unda	 2
sjum	 2
úaf	 2
fara_	 2
rot	 2
ennur	 2
ögunu	 2
ngir_	 2
ðs_	 2
_mes	 2
flugv	 2
ju_	 2
_götu	 2
ps	 2
efði_	 2
mt	 2
dag._	 2
æm	 2
ögn_	 2
_höf	 2
eyt	 2
_lögr	 2
okte	 2
sle	 2
fund	 2
nur_	 2
mes	 2
ndaví	 2
apl	 2
úum	 2
nið_	 2
sir	 2
ysu	 2
óeir	 2
mf	 2
_F	 2
i,	 2
engir	 2
heldu	 2
_Sé_	 2
ræði	 2
la_	 2
mlu	 2
orði	 2
nustu	 2
élögu	 2
æki_	 2
fun	 2
fræði	 2
_Ha	 2
_hö	 2
llt_	 2
fna	 2
um,_	 2
lösku	 2
húsi	 2
ind	 2
son	 2
allt_	 2
öngu	 2
bro	 2
_gólf	 2
ætt	 2
feng	 2
ug_	 2
rðum_	 2
arga_	 2
miki	 2
mætt	 2
rfa_	 2
_vet	 2
_laug	 2
ós_	 2
_þjó	 2
eiri	 2
stöð_	 2
fræ	 2
tep	 2
frá	 2
brau	 2
ðum_	 2
ngir	 2
ans	 2
lösk	 2
jóð	 2
nig_	 2
ónum	 2
sá	 2
_mat	 2
rðum	 2
davík	 2
st.	 2
hefði	 2
ks	 2
þekk	 2
nin	 2
_göm	 2
_göt	 2
ðjuda	 2
agi_	 2
_GK.	 2
æjarf	 2
_Gr	 2
göml	 2
luta	 2
sju	 2
ef_	 2
eldu	 2
teila	 2
teil	 2
ötuóe	 2
rey	 2
stjó	 2
_los	 2
_miki	 2
ild	 2
arfu	 2
teki	 2
fólk	 2
eisl	 2
töð	 2
laðar	 2
ro	 2
geta	 2
ins_	 2
nnig	 2
_undi	 2
lega_	 2
_in	 2
ðus	 2
kt_	 2
riðju	 2
efði	 2
aðar_	 2
leit	 2
ðuð_	 2
tút_	 2
_V	 2
ngis	 2
Hö	 2
_hj	 2
kið	 2
_þekk	 2
augar	 2
yti	 2
fól	 2
dis	 2
omin	 2
fær	 2
getað	 2
Tv	 2
i._	 2
man_	 2
okt	 2
ntu	 2
komi	 2
kró	 2
_Gri	 2
_lj	 2
mæ	 2
gis	 2
jars	 2
era	 2
öfð	 2
_mei	 2
bor	 2
K._	 2
alið	 2
Þar_	 2
Höf	 2
gfræð	 2
þet	 2
eilar	 2
slum	 2
stú	 2
_N	 2
töð_	 2
_komi	 2
_tó	 2
egum	 2
esti	 2
rihlu	 2
gleg	 2
gunum	 2
Up	 2
ýt	 2
mm	 2
þessu	 2
_mæ	 2
_Up	 2
dý	 2
Gar	 2
lt_	 2
íbúa	 2
_ljós	 2
arg	 2
_all	 2
nud	 2
lyf	 2
_fí	 2
gv	 2
úsi_	 2
rar_	 2
nnslu	 2
_ás	 2
Hv	 2
kos	 2
irk	 2
_Höf	 2
lgu	 2
_menn	 2
hö	 2
nur	 2
_né	 2
tist	 2
með_	 2
_með_	 2
_Tv	 2
s._	 2
sir_	 2
lutan	 2
sti_	 2
efna	 2
Bragi	 2
etað	 2
Ha	 2
ölgun	 2
arf_	 2
ell	 2
dav	 2
stöð	 2
næstu	 2
_sinn	 2
st._	 2
vær_	 2
iki	 2
app	 2
gna_	 2
úsi	 2
_men	 2
æjars	 2
allt	 2
rf_	 2
máli	 2
dir_	 2
Tvær_	 2
_fjö	 2
uóei	 2
gs	 2
verkf	 2
ugard	 2
kunna	 2
ry	 2
laug	 2
osnu	 2
ldur_	 2
arstj	 2
egum_	 2
_tr	 2
_flu	 2
irðum	 2
rih	 2
göm	 2
nig	 2
sson_	 2
_orði	 2
_næst	 2
öfnu	 2
ina	 2
_Hv	 2
_losn	 2
eirðu	 2
hver	 2
brotn	 2
_tenn	 2
eytin	 2
aðar	 2
fin	 2
afa_	 2
reyti	 2
nsk	 2
run	 2
llað	 2
_kr	 2
_Brag	 2
kost	 2
m,	 2
_fen	 2
to	 2
ssu	 2
breyt	 2
_ö	 2
eldur	 2
_gerð	 2
þett	 2
mæt	 2
ent	 2
my	 2
i,_	 2
lfin	 2
krón	 2
_áætl	 2
frá_	 2
_óal	 2
ttu	 2
meiri	 2
_þrið	 2
sag	 2
_mil	 2
íma_	 2
okk	 2
tnuð	 2
búum	 2
ist_	 2
kte	 2
ard	 2
ækj	 2
Sé_	 2
_mætt	 2
gð	 2
nan	 2
_bre	 2
ðjud	 2
lgen	 2
_Kokt	 2
ssir_	 2
_vinn	 2
ó_	 2
ótta	 2
_mál	 2
_gre	 2
on_	 2
rkf	 2
afjöl	 2
öng_	 2
flösk	 2
afjö	 2
pt	 2
ðustu	 2
óal	 2
öð	 2
Grind	 2
ri_	 2
búum_	 2
lk	 2
sly	 2
öll	 2
sum	 2
vær	 2
sím	 2
mdir	 2
þriðj	 2
skil	 2
nota_	 2
_dý	 2
dar	 2
efnu	 2
_fi	 2
tg	 2
iði	 2
áætla	 2
ungi	 2
nnar.	 2
_fjöl	 2
undir	 2
lega	 2
_aða_	 2
eld	 2
_flö	 2
arðar	 2
GK	 2
_meir	 2
son_	 2
sögn	 2
hj	 2
appa	 2
allað	 2
osn	 2
ösku	 2
rd	 2
íbúaf	 2
de	 2
óalge	 2
eirð	 2
kon	 2
etta_	 2
_feng	 2
erkf	 2
_ára	 2
erj	 2
hafa_	 2
íðus	 2
uóeir	 2
gað_	 2
_fer	 2
sen	 2
öfnum	 2
plö	 2
_brot	 2
uóe	 2
tta_	 2
rkj	 2
lla	 2
Bra	 2
áf	 2
eð_	 2
ass	 2
orðið	 2
_frá	 2
_Þar	 2
flös	 2
_Bra	 2
s.	 2
koðuð	 2
lös	 2
Upp	 2
öku	 2
götuó	 2
þjónu	 2
oktei	 2
_hafi	 2
_Ga	 2
ur._	 2
_man	 2
ingu	 2
Kokt	 2
rotnu	 2
ingar	 2
jum_	 2
lá_	 2
uf	 2
Sé	 2
ldur	 2
_Sl	 2
_fík	 2
_p	 2
tennu	 2
þrið	 2
sögn_	 2
lge	 2
_Kok	 2
rbr	 2
öfðu	 2
otnu	 2
nota	 2
bók	 2
egu	 2
ðinn	 2
þessi	 2
_íbúa	 2
öml	 2
slys	 2
Höfn	 2
nnig_	 2
ðan_	 2
tuf	 2
ktei	 2
undan	 2
rleg	 2
ma_	 2
llj	 2
vil	 2
næst	 2
gfræ	 2
ölgu	 2
mar	 2
rt_	 2
öð_	 2
lgun	 2
ost	 2
_sög	 2
áli	 2
brot	 2
_þjón	 2
gól	 2
mynda	 2
alge	 2
ska	 2
ðust	 2
ónust	 2
ep	 2
höfðu	 2
inu_	 2
rotn	 2
inna	 2
inum_	 2
velli	 2
_hefð	 2
_ska	 2
_geta	 2
_fé	 2
næs	 2
_hú	 2
göt	 2
lfi	 2
tlaða	 2
_not	 2
na.	 2
gólf	 2
Brag	 2
braut	 2
ota_	 2
step	 2
rag	 2
jót	 2
sso	 2
vinnu	 2
nið	 2
ndan	 2
_göml	 2
_lá_	 2
kó	 2
ræði_	 2
ng_	 2
bre	 2
inga_	 2
jölgu	 2
alla	 2
_fíkn	 2
ös	 2
_kom	 2
tú	 2
held	 2
isla	 2
jarst	 2
óei	 2
fíkn	 2
nust	 2
rnar_	 2
kom	 2
ig_	 2
ndar	 2
húsi_	 2
alið_	 2
tuóei	 2
nnið_	 2
mil	 2
arb	 2
_by	 2
gunu	 2
fen	 2
rlega	 2
Garð	 2
kvi	 2
ólfin	 2
ag_	 2
ðuð	 2
fengi	 2
ðslum	 2
lögun	 2
ólk	 2
_na	 2
úum_	 2
_Sé	 2
ssi	 2
utin	 2
ilar_	 2
aða_	 2
óe	 2
_mæt	 2
arna	 2
_myn	 2
vegn	 2
_íbúu	 2
_ste	 2
óka	 2
síma	 2
_inn	 2
ust_	 2
_hús	 2
alg	 2
ára	 2
_grei	 2
fði_	 2
_stú	 2
nnar_	 2
ljós_	 2
eirih	 2
riðj	 2
_Tvæ	 2
irðu	 2
essir	 2
_kró	 2
flö	 2
óalg	 2
_lan	 2
?	 2
viku_	 2
lys	 2
not	 2
_min	 2
lug_	 2
tt_	 2
gömlu	 2
brey	 2
ssir	 2
tút	 2
mdi	 2
yt	 2
komin	 2
na._	 2
illj	 2
_viku	 2
tjórn	 2
irkj	 2
nds_	 1
mleið	 1
ðnar_	 1
alda	 1
palin	 1
_Kar	 1
bíl	 1
yndi	 1
hund	 1
_Sömu	 1
lykt	 1
glan	 1
m.a.	 1
rfse	 1
_dýn	 1
góðan	 1
k-_	 1
oru_	 1
esja	 1
lpin?	 1
yggi	 1
yfja.	 1
amn	 1
steik	 1
Einni	 1
avík.	 1
irl	 1
tyrk	 1
_sk.	 1
einuð	 1
rísa	 1
_m.a.	 1
væð	 1
_Ú	 1
kipti	 1
íutí	 1
aðs	 1
_slas	 1
nvel	 1
flóð	 1
rfund	 1
tnsl	 1
kla	 1
ílu	 1
_svo	 1
smorg	 1
_tól	 1
amín	 1
atj	 1
bif	 1
kosti	 1
trúa	 1
kun._	 1
gei	 1
arde	 1
ndin_	 1
kildu	 1
borð	 1
arljó	 1
iða_	 1
urra	 1
Bóka	 1
ntur	 1
amnin	 1
javík	 1
_væ	 1
_uppa	 1
rri	 1
eigja	 1
þær	 1
ndsl	 1
leysu	 1
_nýj	 1
fái	 1
éf_	 1
arnar	 1
gsáæt	 1
rpe	 1
udei	 1
kinu_	 1
óru	 1
ið._	 1
garst	 1
_Þjóð	 1
urtir	 1
nsley	 1
mmd	 1
ókun_	 1
mót	 1
tna	 1
sins_	 1
fja._	 1
ónus.	 1
spra	 1
væmdi	 1
_Uppt	 1
_Sö	 1
rstei	 1
kfr	 1
asj	 1
arbré	 1
skat	 1
kurk	 1
Bruna	 1
Ein	 1
fna.	 1
ildum	 1
plön	 1
unum.	 1
iturl	 1
_ap	 1
_fé_	 1
bæn	 1
pptök	 1
lugve	 1
Fræ	 1
éf	 1
ngubr	 1
riggj	 1
_úr_	 1
_matr	 1
nýju_	 1
sa,	 1
aðfer	 1
ljón_	 1
dikt_	 1
ga.	 1
eks	 1
_bæn	 1
ýttu	 1
elt	 1
Brun	 1
einhv	 1
að._	 1
einn_	 1
bækl	 1
_hvet	 1
ötur	 1
eitu	 1
_erl	 1
bifre	 1
_fjal	 1
álið	 1
ju-_	 1
eyði	 1
akas	 1
nað_	 1
"Umf	 1
ónum_	 1
mán	 1
rfur_	 1
Úr_	 1
sting	 1
_"Um	 1
mera	 1
orgun	 1
kip	 1
átn	 1
vettv	 1
har	 1
ið.	 1
andi	 1
trúar	 1
tufík	 1
lubók	 1
ene	 1
tökur	 1
_jaf	 1
óðar	 1
rjá	 1
utinn	 1
svo_	 1
_tóks	 1
_inna	 1
anum_	 1
fest	 1
asjó	 1
innsl	 1
_Vo	 1
umann	 1
Hven	 1
rju	 1
_sjón	 1
fnvel	 1
mmdir	 1
jótt	 1
_su	 1
pp,	 1
arstö	 1
áli_	 1
völ	 1
íklu	 1
lpin	 1
róna.	 1
stoða	 1
_klúb	 1
Mi	 1
liðs	 1
nus._	 1
inkon	 1
onar	 1
kar	 1
út._	 1
Unn	 1
skóla	 1
út.	 1
ja.	 1
lögf	 1
öntu	 1
tus	 1
_út.	 1
dum_	 1
_Happ	 1
utuf	 1
fjúka	 1
öngu_	 1
Hví	 1
ögum	 1
ilj	 1
ikið	 1
áætlu	 1
_góða	 1
ds_	 1
nkon	 1
ðstö	 1
in?	 1
IS	 1
plat	 1
dagsm	 1
jalla	 1
iskv	 1
væna	 1
ngis_	 1
rótta	 1
ors	 1
uði_	 1
urly	 1
yrj	 1
æðið	 1
tarfa	 1
ólk_	 1
sinna	 1
öllin	 1
fna._	 1
hun	 1
_Þau_	 1
úmer	 1
igi	 1
_amf	 1
_Þjó	 1
ýst_	 1
bbhús	 1
lög_	 1
_vers	 1
_vald	 1
pey	 1
lunn	 1
amt_	 1
trj	 1
ata	 1
_hæst	 1
mnin	 1
ufyr	 1
efna-	 1
pp_	 1
asaði	 1
num,_	 1
ænum	 1
ava	 1
rða_	 1
bifr	 1
kenn	 1
_miðv	 1
Myndi	 1
lyfj	 1
ótek	 1
_hing	 1
vo_	 1
verl	 1
gáfu	 1
nnud	 1
laði_	 1
styrk	 1
rgani	 1
rda	 1
_"U	 1
_Bóka	 1
d_	 1
arleg	 1
Uppsö	 1
regla	 1
dust_	 1
runa	 1
autu	 1
utan.	 1
arát	 1
mu_	 1
ðurh	 1
_stað	 1
eildi	 1
ára_	 1
prós	 1
konu	 1
garna	 1
rlak	 1
Baldv	 1
álykt	 1
árha	 1
_dögu	 1
rlyfj	 1
ltrú	 1
_dag	 1
stað_	 1
réf_	 1
_Fræ	 1
_fjú	 1
ána	 1
ðing	 1
tv	 1
ækjum	 1
einun	 1
ben	 1
óru_	 1
tgáfu	 1
_fun	 1
rðstý	 1
slysi	 1
dýpk	 1
ðist_	 1
_ske	 1
tlun	 1
spru	 1
_svo_	 1
eik	 1
lgað	 1
ufyri	 1
gers	 1
_hu	 1
ndsfl	 1
_leit	 1
Ná	 1
ápl	 1
úsnæ	 1
ísa,	 1
dans	 1
gani	 1
nvi	 1
ellin	 1
_sá	 1
ástæ	 1
dr	 1
_bja	 1
hagf	 1
nýttu	 1
Ísla	 1
ttva	 1
fes	 1
tinn_	 1
_skil	 1
jurt	 1
ggj	 1
_vegl	 1
arlj	 1
a-b	 1
rtir_	 1
firlö	 1
úar_	 1
tast	 1
líus_	 1
nglin	 1
landi	 1
sjóðs	 1
_borð	 1
nna_	 1
_lið	 1
kona	 1
trei	 1
ónn_	 1
urfa	 1
hagsá	 1
hing	 1
týr.	 1
ustr	 1
sm	 1
tgá	 1
van	 1
íður_	 1
igen	 1
itt_	 1
jón_	 1
gsáæ	 1
-bæ	 1
rósen	 1
mikl	 1
iði_	 1
rsend	 1
læmar	 1
okk-	 1
ndsli	 1
islap	 1
kór	 1
asæll	 1
Hvenæ	 1
sjum.	 1
Ma	 1
Gæti_	 1
fgrei	 1
uppl	 1
inns	 1
rður.	 1
sáæ	 1
sja_	 1
rað._	 1
ký	 1
yfj	 1
kemm	 1
ysum	 1
_"Umf	 1
áður	 1
erjar	 1
na?	 1
tryg	 1
sögu	 1
vers_	 1
ho	 1
edi	 1
þrigg	 1
bær_	 1
fborg	 1
húsnæ	 1
nnihl	 1
uppal	 1
ykta	 1
miðv	 1
ist._	 1
lóðið	 1
átnum	 1
aplöt	 1
sögu_	 1
kilj	 1
dge	 1
álið_	 1
tók	 1
kkvil	 1
áskó	 1
insso	 1
áfl	 1
æðu	 1
ústs	 1
annv	 1
næg	 1
féla	 1
amín_	 1
rfsem	 1
_Bó	 1
saði	 1
dö	 1
bréf	 1
slub	 1
háfló	 1
mta	 1
þæ	 1
liði	 1
göng	 1
átnu	 1
mdir_	 1
_þurf	 1
Vogu	 1
Þj	 1
pptö	 1
iggj	 1
kýrt_	 1
fja.	 1
ættu	 1
rygg	 1
raut_	 1
_mikl	 1
ttek	 1
aldvi	 1
endi	 1
yrk_	 1
ýrt_	 1
_skað	 1
pre	 1
Fík	 1
kilja	 1
ppas	 1
nnan	 1
gub	 1
ðf	 1
pi	 1
_dög	 1
Happ	 1
A	 1
_upp,	 1
læm	 1
Hve	 1
liðs_	 1
nnanl	 1
kirk	 1
ýju_	 1
alva	 1
tíu	 1
lgi	 1
varl	 1
aman	 1
leg_	 1
amkv	 1
utí	 1
ögfræ	 1
oðun	 1
króna	 1
_inná	 1
_þega	 1
atnsl	 1
ðinum	 1
hinga	 1
_Jú	 1
ekið_	 1
rn.	 1
tanu	 1
trar	 1
leig	 1
ul	 1
útgá	 1
gáf	 1
gis_	 1
arfs	 1
íti	 1
_flj	 1
pla	 1
jasj	 1
fjárh	 1
inum.	 1
löngu	 1
Nána	 1
_leig	 1
rún_	 1
ndirh	 1
_fu	 1
sön	 1
an._	 1
_dýnu	 1
gars	 1
eignf	 1
utina	 1
mle	 1
gum.	 1
ttast	 1
arna_	 1
_skok	 1
fski	 1
sitt_	 1
rho	 1
rra_	 1
_Söm	 1
smo	 1
mn	 1
_þó_	 1
_ólö	 1
ppsö	 1
aráta	 1
mmta_	 1
bæ.	 1
mi_	 1
jav	 1
óteki	 1
tast_	 1
hituð	 1
atrei	 1
nnv	 1
degi	 1
inuð.	 1
javí	 1
_A	 1
sleit	 1
freið	 1
_ár.	 1
is._	 1
sland	 1
rði.	 1
legum	 1
_hátt	 1
Fræð	 1
pti	 1
vít	 1
_Þau	 1
ttu_	 1
sust	 1
því	 1
réf	 1
íl	 1
rjend	 1
_sé_	 1
rtækj	 1
deild	 1
íkurk	 1
nus.	 1
jarni	 1
_kan	 1
ðbæ	 1
rfur	 1
Júl	 1
ðbæ_	 1
skokk	 1
ólum	 1
vað	 1
Einn	 1
slan	 1
núme	 1
tamí	 1
slökk	 1
níu	 1
garð	 1
FS	 1
engu_	 1
óna.	 1
_daga	 1
psa	 1
ar-	 1
skipt	 1
lljón	 1
tjurt	 1
sins	 1
inun	 1
lta_	 1
iliðs	 1
andsl	 1
mlei	 1
sáætl	 1
rfull	 1
yft	 1
sá_	 1
_vert	 1
rdag_	 1
ðun	 1
luma	 1
na-b	 1
arfun	 1
vir	 1
assa_	 1
slapl	 1
nfa	 1
llj.	 1
bát	 1
_Þæ	 1
nar-	 1
dýp	 1
tan.	 1
byrj	 1
junu	 1
lúbb	 1
ntu_	 1
nkinu	 1
_Bja	 1
ná_	 1
lagi	 1
mikla	 1
_Bald	 1
éla	 1
ers_	 1
umiðs	 1
áplö	 1
_öl	 1
arði	 1
sjón	 1
asað	 1
ala	 1
ilið	 1
semi	 1
unga_	 1
jós"	 1
anda	 1
þrótt	 1
kok	 1
He	 1
vegu	 1
útg	 1
áfló	 1
_Rek	 1
_Ísla	 1
sagði	 1
væn	 1
sunnu	 1
gink	 1
ilja	 1
fb	 1
narfu	 1
dgerð	 1
_vegu	 1
þann_	 1
jótga	 1
nvir	 1
kýr	 1
jóðs_	 1
_Man	 1
_ár._	 1
rönd_	 1
úlíus	 1
gagni	 1
lumið	 1
vetr	 1
víti	 1
lgi._	 1
hæs	 1
_tali	 1
_unni	 1
ví_	 1
unnið	 1
_nei	 1
_eina	 1
fna-b	 1
æðslu	 1
erja	 1
saðis	 1
nkur	 1
ætti_	 1
esi	 1
jónn	 1
sflu	 1
andar	 1
lögle	 1
Ís	 1
ljós"	 1
_to	 1
Slæma	 1
ua	 1
luþjó	 1
eik._	 1
ast	 1
arins	 1
urfl	 1
kafyr	 1
kór_	 1
próse	 1
kanar	 1
mferð	 1
iðb	 1
hjál	 1
jarn	 1
bílum	 1
slök	 1
_tryg	 1
lend	 1
ona	 1
j._	 1
oða	 1
róse	 1
nein	 1
San	 1
_Einn	 1
rbrau	 1
gnf	 1
aðinn	 1
ramó	 1
asæl	 1
samei	 1
geti	 1
skýrt	 1
nung	 1
ingu_	 1
úm	 1
þv	 1
jen	 1
Bald	 1
nhv	 1
gvé	 1
dög	 1
gendu	 1
ak_	 1
ngub	 1
papp	 1
sæ	 1
rapl	 1
óðan_	 1
ubr	 1
iðbæ	 1
iðbæ_	 1
ará	 1
nær_	 1
luhús	 1
rly	 1
glan_	 1
enns	 1
_ala	 1
_Mi	 1
praut	 1
egi_	 1
uu	 1
agf	 1
_fund	 1
rst_	 1
æðs	 1
ipti_	 1
ttust	 1
aðist	 1
mdirn	 1
_Tal	 1
uð.	 1
átak	 1
_Hás	 1
inná	 1
aplö	 1
_pap	 1
týr	 1
Nán	 1
lúb	 1
gi.	 1
talið	 1
leiðs	 1
lk_	 1
arste	 1
igg	 1
illj.	 1
Jú	 1
gnar	 1
kling	 1
tonn_	 1
_by_	 1
meðan	 1
_veið	 1
_utan	 1
nfæ	 1
ame	 1
tali	 1
mni	 1
tistö	 1
Sandg	 1
_vor	 1
uhúsi	 1
Hvíti	 1
árfes	 1
nei	 1
eka	 1
íkar	 1
ðstýr	 1
ipti	 1
_nú	 1
anir_	 1
rkju	 1
ttavö	 1
Ágúst	 1
nýj	 1
inss	 1
fsk	 1
toða	 1
ðinu.	 1
I	 1
manna	 1
_ja	 1
prun	 1
_byr	 1
ndinu	 1
send	 1
ign	 1
Mö	 1
jend	 1
lj._	 1
_afb	 1
ndus	 1
rpeyð	 1
ari"_	 1
_m.	 1
pal	 1
Rekst	 1
ægð	 1
illjó	 1
æ.	 1
agsáæ	 1
dvins	 1
_aðst	 1
if	 1
ja._	 1
fgr	 1
óði	 1
uþ	 1
sað	 1
bátnu	 1
nýtt	 1
meinu	 1
fnv	 1
_"ha	 1
ganir	 1
marga	 1
immta	 1
matr	 1
flas	 1
emi	 1
rlyf	 1
_Þær	 1
rla	 1
_núm	 1
_ánæ	 1
osti_	 1
járh	 1
rað.	 1
miðb	 1
nýju	 1
ful	 1
heimu	 1
rungi	 1
ufíkl	 1
_Hap	 1
kk-_	 1
dirn	 1
lok	 1
amó	 1
_Sor	 1
pp,_	 1
ndans	 1
Slíka	 1
rslun	 1
ldv	 1
konu_	 1
væmd	 1
lja	 1
tina?	 1
lub	 1
ítir	 1
rdag	 1
t,_	 1
saman	 1
ng,	 1
bænu	 1
flask	 1
þó	 1
yrk	 1
helg	 1
ning	 1
amfe	 1
_yr	 1
nýta	 1
sja	 1
ISFS_	 1
_-	 1
síður	 1
ygg	 1
ekinu	 1
_Fí	 1
apla	 1
rhag	 1
ts	 1
_val	 1
veiða	 1
runav	 1
órn._	 1
anfa	 1
ský	 1
innih	 1
afbo	 1
_man_	 1
_Bru	 1
ýtt	 1
Bjar	 1
_ta	 1
ærið	 1
kstur	 1
íus	 1
ljón	 1
_afgr	 1
eirri	 1
irh	 1
era_	 1
ænu	 1
_íþr	 1
heim	 1
alvar	 1
bb_	 1
_hjá_	 1
jum._	 1
"Um	 1
_nokk	 1
avöl	 1
apóte	 1
ktaka	 1
-b	 1
_eign	 1
slei	 1
be	 1
jálp	 1
öntur	 1
orp	 1
fullt	 1
fir	 1
kvin	 1
navar	 1
ólö	 1
_bílu	 1
jáp	 1
kassa	 1
ullt	 1
raml	 1
geg	 1
ikuda	 1
erlen	 1
ISFS	 1
_É	 1
_væna	 1
nuði_	 1
sf	 1
ppal	 1
stýr	 1
rni_	 1
ðv	 1
kana	 1
ýta	 1
Íslan	 1
þarf	 1
Úr	 1
skon	 1
rslu	 1
psag	 1
_anda	 1
_ými	 1
sama	 1
lutin	 1
ánu	 1
"s	 1
velt	 1
ló	 1
rlj	 1
_löng	 1
mmdi	 1
esin_	 1
ostn	 1
ufík	 1
_mar	 1
seg	 1
úme	 1
_nýta	 1
psagn	 1
stön	 1
bær	 1
Bja	 1
slubó	 1
_æ	 1
fimmt	 1
ökur_	 1
anf	 1
fuaðf	 1
nni,	 1
ðary	 1
oðary	 1
bi	 1
bbh	 1
_frú_	 1
_ræk	 1
kal	 1
merap	 1
rkjas	 1
ttekj	 1
kass	 1
_þrig	 1
svæð	 1
pru	 1
vetj	 1
rlögr	 1
vera	 1
un.	 1
gleg_	 1
rs_	 1
enedi	 1
mfet	 1
kur.	 1
ptöku	 1
tum	 1
undus	 1
mt_	 1
iða	 1
_afg	 1
É	 1
ánægð	 1
æg	 1
daga	 1
eglu_	 1
öldi	 1
_same	 1
orfu	 1
raplö	 1
aðsto	 1
rljós	 1
æmdir	 1
járf	 1
lýs	 1
yftis	 1
færða	 1
utufí	 1
_"s	 1
tal	 1
trjá	 1
_papp	 1
aryfi	 1
ænan	 1
stýr.	 1
rgan	 1
etj	 1
rri_	 1
fólk_	 1
ærða	 1
ömu	 1
oru	 1
taka	 1
ngum	 1
ndis	 1
kjunu	 1
ladis	 1
rfl	 1
_slys	 1
ýmis	 1
endis	 1
bónus	 1
anns_	 1
_Slæm	 1
_Unni	 1
vél.	 1
phit	 1
tuð	 1
lysi	 1
ven	 1
_dýp	 1
sliði	 1
ásamt	 1
lýst	 1
eður	 1
Bj	 1
Slæm	 1
mo	 1
irlög	 1
mis	 1
reka_	 1
llj._	 1
engis	 1
ISF	 1
Bjarn	 1
gön	 1
irn	 1
_skýr	 1
lunna	 1
rúar_	 1
lga	 1
tókst	 1
ndr	 1
_sagð	 1
dv	 1
_sögu	 1
.a.	 1
ut_	 1
_an	 1
Umfe	 1
irri	 1
æðinu	 1
esbær	 1
ái_	 1
bónu	 1
pph	 1
nav	 1
Bó	 1
su_	 1
takaf	 1
_nýju	 1
óttas	 1
_tal	 1
átt._	 1
"h	 1
æna	 1
hbb_	 1
kat	 1
lat	 1
hit	 1
járma	 1
eglan	 1
skó	 1
atan_	 1
Rek	 1
_fo	 1
rfs	 1
ingi_	 1
iðs_	 1
uh	 1
engja	 1
ri"_	 1
_Unn	 1
Slæ	 1
vald	 1
iðrú	 1
bjar	 1
dars	 1
lökk	 1
ppsa	 1
úar	 1
Gæti	 1
ubóka	 1
uþjón	 1
glegu	 1
tvang	 1
erju	 1
rðinu	 1
_engu	 1
afy	 1
ög_	 1
miðvi	 1
kjaví	 1
_kos	 1
kjas	 1
preng	 1
anla	 1
þrig	 1
ttt	 1
íklum	 1
ásam	 1
dra	 1
hjálp	 1
óna	 1
Be	 1
fé_	 1
ókst	 1
amle	 1
Heiðr	 1
bá	 1
_meða	 1
Munu_	 1
_Munu	 1
_Duu	 1
-bæk	 1
_veðu	 1
úbb	 1
danfa	 1
di_	 1
ðis	 1
ysust	 1
uhú	 1
ár.	 1
_hun	 1
ík._	 1
_tek	 1
ós"	 1
str	 1
amk	 1
ik._	 1
hátt.	 1
ull	 1
afgr	 1
ísa	 1
sluh	 1
glu_	 1
sum.	 1
_bæ_	 1
úbbhú	 1
ngli	 1
ðja	 1
lök	 1
hu	 1
li,_	 1
arlak	 1
ýrt	 1
skost	 1
iklar	 1
nnusl	 1
tekin	 1
erst	 1
ðaryf	 1
enær	 1
_háfl	 1
fari_	 1
_hagf	 1
tust	 1
ástæð	 1
slur	 1
irhe	 1
sæl	 1
i"	 1
gling	 1
lasko	 1
nná_	 1
Lögr	 1
_Ágú	 1
ðstý	 1
tnum_	 1
lag	 1
_fari	 1
slið	 1
irkja	 1
_rek	 1
na-bæ	 1
nsle	 1
aryf	 1
flóði	 1
ými	 1
lli,	 1
unar-	 1
dslið	 1
nnvir	 1
varle	 1
kjum,	 1
trú	 1
r-_	 1
egar_	 1
tinn	 1
ánar_	 1
ang	 1
rkja	 1
_fái_	 1
_Mör	 1
_jafn	 1
edikt	 1
tans	 1
ryfir	 1
Tal	 1
urho	 1
unnud	 1
eigj	 1
jáplö	 1
asa	 1
_am	 1
Hap	 1
dus	 1
_Ma	 1
jónum	 1
mikið	 1
þur	 1
erði	 1
innar	 1
elta	 1
_kl	 1
Nató	 1
æmar	 1
svæði	 1
"ha	 1
_trj	 1
_húsn	 1
tendu	 1
mí	 1
nokk	 1
Geisl	 1
uma	 1
ttas	 1
fór	 1
grjót	 1
Júlíu	 1
rek	 1
skona	 1
sitt	 1
færð	 1
aðra_	 1
kas	 1
úr	 1
órn.	 1
anum	 1
jas	 1
úbbh	 1
ardeg	 1
_sag	 1
orf	 1
kokk-	 1
æðu_	 1
ju-	 1
jafn	 1
eti	 1
_Að	 1
it_	 1
sit	 1
din_	 1
ást	 1
tre	 1
ræðs	 1
ggja_	 1
ostna	 1
agsmo	 1
_sögn	 1
getur	 1
_bá	 1
lið._	 1
þegar	 1
organ	 1
Mun	 1
ryf	 1
nih	 1
vel_	 1
isko	 1
phitu	 1
ktak	 1
Vog	 1
amótu	 1
gnarb	 1
Þæ	 1
_sty	 1
hef_	 1
óka_	 1
ykt	 1
Þjó	 1
ár._	 1
ass_	 1
varn	 1
_I	 1
júka	 1
tækis	 1
góða	 1
ignf	 1
hvað_	 1
ominn	 1
plý	 1
tól	 1
trarb	 1
iskon	 1
ndis.	 1
by_	 1
ánuði	 1
luti	 1
lljó	 1
aldv	 1
æðið_	 1
_Sa	 1
arbra	 1
útgáf	 1
ni,_	 1
ýp	 1
þu	 1
prung	 1
tja	 1
ep_	 1
einh	 1
_ungl	 1
nsso	 1
lysum	 1
gvell	 1
pró	 1
bóku	 1
ætlun	 1
Unnið	 1
ton	 1
_íþ	 1
linu	 1
fá	 1
umen	 1
gar_	 1
_sitt	 1
fóru	 1
ggja	 1
_Sand	 1
tavö	 1
egn_	 1
asæ	 1
eimun	 1
áplön	 1
orðs	 1
agði_	 1
að.	 1
uaðf	 1
hluti	 1
_vil	 1
bja	 1
uus,	 1
póte	 1
daga.	 1
samni	 1
esta_	 1
bæði	 1
eik.	 1
dýn	 1
plýs	 1
ingað	 1
lönt	 1
kum	 1
vetra	 1
Á	 1
vegl	 1
_ferj	 1
abæ.	 1
stei	 1
gúst	 1
_búa_	 1
ilja_	 1
_vei	 1
ðrún	 1
reini	 1
yg	 1
yrðu	 1
Umf	 1
völl	 1
óte	 1
ogum_	 1
FS_	 1
ndsf	 1
sentu	 1
s"	 1
amni	 1
koðun	 1
tök	 1
val	 1
áðu	 1
uman	 1
ba	 1
orðst	 1
inko	 1
_Á	 1
jarfé	 1
jum.	 1
skýr	 1
itt	 1
ginko	 1
ldin	 1
_My	 1
_ferð	 1
ppasæ	 1
afgre	 1
andin	 1
ildin	 1
orgu	 1
samt_	 1
_Ná	 1
ðsto	 1
_be	 1
_sun	 1
_Gæ	 1
_bifr	 1
líu	 1
gústs	 1
ppak	 1
ary	 1
vili	 1
tólu	 1
atan	 1
_Nat	 1
æll	 1
autin	 1
agfræ	 1
ungl	 1
aut_	 1
afnve	 1
ngað_	 1
ðab	 1
sinni	 1
So	 1
tíu_	 1
leið	 1
alda_	 1
óks	 1
_Bene	 1
ekstu	 1
_bar	 1
_seg	 1
Geis	 1
pphit	 1
dirh	 1
_Fræð	 1
úsnæð	 1
vill	 1
úlíu	 1
æðsl	 1
Tali	 1
_einn	 1
kju_	 1
_Heið	 1
veið	 1
lp	 1
arðin	 1
ili	 1
krónu	 1
us._	 1
ustuf	 1
ðna	 1
_Ta	 1
slad	 1
deil	 1
rja	 1
út,	 1
árm	 1
sflug	 1
ugvél	 1
ignfæ	 1
matre	 1
æti_	 1
dýpku	 1
Fí	 1
_ala_	 1
lask	 1
orga	 1
úk	 1
_teki	 1
Nánar	 1
fiskv	 1
sjónu	 1
a-bæk	 1
lysu	 1
_lið.	 1
igj	 1
_naf	 1
íþr	 1
borga	 1
fjall	 1
etur	 1
_hvað	 1
_dýpk	 1
ssa_	 1
_boð	 1
ari_	 1
nkin	 1
_ökum	 1
ótum_	 1
lata	 1
glun	 1
ngað	 1
_eng	 1
tnsle	 1
ítir_	 1
rðin	 1
ögum.	 1
_nýtt	 1
_Nató	 1
inni,	 1
_nam	 1
_sten	 1
u,_	 1
nfærð	 1
essu_	 1
_grj	 1
rg_	 1
jur	 1
_eit	 1
bent_	 1
tó_	 1
nægð_	 1
mning	 1
einin	 1
gum._	 1
urh	 1
kirkj	 1
leys	 1
_Hann	 1
júka_	 1
andsf	 1
_miðb	 1
styr	 1
ólki_	 1
lagin	 1
ungið	 1
_bíl	 1
SFS_	 1
yrje	 1
li,	 1
pót	 1
rpey	 1
miðbæ	 1
marg	 1
grein	 1
esja_	 1
Vatn	 1
_geg	 1
nihlu	 1
nkur_	 1
ituð	 1
iðr	 1
yndin	 1
_bát	 1
Sö	 1
miðja	 1
ðinga	 1
rbréf	 1
arla	 1
iðrún	 1
ina?	 1
horf	 1
fimm	 1
ferju	 1
Vat	 1
ungli	 1
sk.	 1
lli,_	 1
lóði	 1
rjáp	 1
stufy	 1
rhei	 1
aðis	 1
_eigi	 1
_þur	 1
samn	 1
Ágú	 1
_ánæg	 1
bí	 1
tam	 1
gð_	 1
fjal	 1
sley	 1
ýj	 1
lj.	 1
íutíu	 1
Fr	 1
nuda	 1
Ka	 1
kjum_	 1
_án	 1
_tók	 1
áfu	 1
_hver	 1
sprun	 1
ðn	 1
árhag	 1
nungi	 1
ýnud	 1
ðvi	 1
toð	 1
eige	 1
Um	 1
_So	 1
ast_	 1
oðn	 1
_spra	 1
ninni	 1
ndrað	 1
Bru	 1
sjóð	 1
rflug	 1
_bjar	 1
_ástæ	 1
li_	 1
mættu	 1
_mán	 1
lý	 1
orpey	 1
_ga	 1
istön	 1
ske	 1
danf	 1
ýs	 1
oðar	 1
ininn	 1
_Lö	 1
æmdi	 1
skv	 1
væm	 1
ph	 1
Hann_	 1
ni,	 1
ildu	 1
rfes	 1
_sla	 1
g,	 1
akass	 1
_amfe	 1
ður.	 1
gve	 1
fljó	 1
klúb	 1
ótga	 1
n?	 1
trönd	 1
_verl	 1
pin?_	 1
atre	 1
_Han	 1
ósen	 1
_lögf	 1
nsko	 1
pk	 1
asjóð	 1
sty	 1
afl	 1
mink	 1
mor	 1
Júlí	 1
has	 1
eyð	 1
ken	 1
hei	 1
rn._	 1
jar_	 1
_eitu	 1
Mörg_	 1
usl	 1
ert	 1
kjasj	 1
ramót	 1
_Mann	 1
_ly	 1
luþj	 1
o_	 1
dsf	 1
Sorp	 1
tns	 1
ppt	 1
orð_	 1
aðfe	 1
snæ	 1
reiði	 1
él.	 1
úlí	 1
örg	 1
yfi	 1
ré	 1
bjarg	 1
anl	 1
_Gæti	 1
vert	 1
a?_	 1
tólum	 1
_fimm	 1
ands_	 1
væðin	 1
arful	 1
kkti	 1
emi_	 1
ans_	 1
gnsko	 1
ílum_	 1
nss	 1
fjárm	 1
eit_	 1
ðinn_	 1
asko	 1
_y	 1
dags	 1
_tæk	 1
_nam_	 1
álp	 1
_bónu	 1
rkju_	 1
_rækt	 1
ltrúa	 1
trygg	 1
vilið	 1
_Bj	 1
kokk	 1
ggi	 1
a,_	 1
garda	 1
óðið_	 1
atr	 1
áskól	 1
ina?_	 1
Þjóða	 1
kjun	 1
Sömu	 1
ugvé	 1
fjú	 1
imm	 1
irna	 1
isk_	 1
sáæt	 1
svo	 1
_áðu	 1
tý	 1
elgi	 1
rféla	 1
_Bal	 1
ðvik	 1
rhags	 1
næði	 1
rnesi	 1
rðarl	 1
æmar_	 1
sendu	 1
egle	 1
ep"_	 1
igin	 1
ály	 1
ökum	 1
ætti	 1
yfja	 1
engu	 1
úb	 1
ásk	 1
urra_	 1
_út._	 1
mfer	 1
ýr._	 1
ryg	 1
gni	 1
afnv	 1
gegn	 1
umi	 1
treið	 1
p,_	 1
júk	 1
iskvi	 1
arda	 1
boðna	 1
_bátn	 1
tte	 1
narf	 1
lja_	 1
ækta_	 1
dýnud	 1
_Nána	 1
_hb	 1
misk	 1
_He	 1
stend	 1
erleg	 1
inu,	 1
úa_	 1
rðar_	 1
deg	 1
ðstöð	 1
_Hven	 1
igja	 1
kipt	 1
fet	 1
_öku	 1
sé_	 1
askoð	 1
tóks	 1
hjá_	 1
osti	 1
æ._	 1
ldinn	 1
_"ste	 1
feta	 1
_voru	 1
akó	 1
ækjun	 1
lak	 1
narb	 1
attt	 1
löntu	 1
söng	 1
aðf	 1
ækli	 1
_efn	 1
_ben	 1
akaf	 1
íkl	 1
númer	 1
ryggi	 1
abæ._	 1
kur._	 1
kkurr	 1
kta_	 1
ölgað	 1
sa,_	 1
agni	 1
_bj	 1
lur_	 1
minni	 1
rkirk	 1
psö	 1
jú	 1
_Að_	 1
jasjó	 1
rjar_	 1
mun	 1
voru	 1
bátn	 1
eini	 1
S_	 1
inhv	 1
pplýs	 1
gagn	 1
fái_	 1
bæð	 1
_hva	 1
iðja_	 1
stöng	 1
slysu	 1
sæll_	 1
núm	 1
laði	 1
_Vatn	 1
_þær_	 1
emmd	 1
ólög	 1
jum,_	 1
pra	 1
ardag	 1
áð	 1
lda	 1
_útg	 1
ekkt_	 1
_Úr_	 1
kenns	 1
sprau	 1
boð	 1
rðu_	 1
_lön	 1
_Fík	 1
rmagn	 1
geis	 1
vé	 1
þrót	 1
onar.	 1
_Mynd	 1
jurti	 1
Nató_	 1
appak	 1
Va	 1
sluma	 1
ykjav	 1
ppaka	 1
ikla	 1
_Hásk	 1
_efnu	 1
amí	 1
Mann	 1
_m.a	 1
nnus	 1
helgi	 1
ökk	 1
nusl	 1
y_	 1
hagfr	 1
_Duus	 1
óðará	 1
lpi	 1
_Na	 1
imun	 1
_ski	 1
svæ	 1
vél	 1
tan_	 1
garn	 1
_bor	 1
ptök	 1
ok_	 1
hbb	 1
tsson	 1
nskil	 1
jálpi	 1
ör	 1
_Slík	 1
rúar	 1
enæ	 1
ufí	 1
ldi_	 1
lltrú	 1
líus	 1
min_	 1
_bóku	 1
vö	 1
_segj	 1
matju	 1
us,_	 1
ótu	 1
árfe	 1
uus	 1
skól	 1
_ut	 1
segja	 1
ögu_	 1
us_	 1
mkv	 1
_lok	 1
strön	 1
ík.	 1
ifrei	 1
ettva	 1
m.a._	 1
sa_	 1
Duu	 1
kis	 1
jótt_	 1
byr	 1
ppsög	 1
bar	 1
_öllu	 1
fíkl	 1
eg_	 1
rjót	 1
nedik	 1
_fóru	 1
upph	 1
erapl	 1
_hbb	 1
_út,_	 1
n?_	 1
ís	 1
ækis	 1
is_	 1
_húsl	 1
utans	 1
pap	 1
hvetj	 1
_Vat	 1
_vera	 1
ókst_	 1
amót	 1
þjónn	 1
bæ._	 1
r-	 1
Há	 1
_sá_	 1
eild	 1
Hásk	 1
na-	 1
jendu	 1
ikt	 1
ninga	 1
pasæ	 1
ep"	 1
_Úr	 1
anna_	 1
ang,	 1
dvi	 1
ansk	 1
stnað	 1
kk-	 1
kuda	 1
tist.	 1
róna	 1
imunu	 1
_ál	 1
hvað	 1
nær	 1
r,	 1
undr	 1
orfur	 1
_geis	 1
lú	 1
munum	 1
úsle	 1
nafl	 1
árma	 1
eyðin	 1
undra	 1
slun	 1
E	 1
utíu	 1
esti_	 1
nanl	 1
Un	 1
ái	 1
þann	 1
amt	 1
stss	 1
okk-_	 1
garde	 1
skaði	 1
yktað	 1
óna._	 1
neinn	 1
jóðs	 1
iðvik	 1
_ba	 1
ít	 1
bílu	 1
ugvel	 1
töku	 1
pkun	 1
apót	 1
ptö	 1
skað	 1
jafnv	 1
gjan_	 1
rheim	 1
_try	 1
ingi	 1
velta	 1
u-_	 1
yrð	 1
ín_	 1
klum_	 1
stsso	 1
dsli	 1
ðb	 1
élagi	 1
_fór	 1
esta	 1
_skem	 1
_ól	 1
s,	 1
_áður	 1
iðja	 1
tekju	 1
ppali	 1
kfær	 1
"harð	 1
_ót	 1
ðra_	 1
_Ka	 1
_for	 1
ærða_	 1
kli	 1
vert_	 1
esin	 1
num,	 1
kun.	 1
ngi_	 1
samt	 1
tyr	 1
ngjan	 1
_sön	 1
tufy	 1
liði_	 1
ókað	 1
_þeg	 1
gegn_	 1
kurra	 1
nesja	 1
ályk	 1
klúbb	 1
onu	 1
inu,_	 1
arðab	 1
urki	 1
_kost	 1
_bent	 1
lötur	 1
yfir	 1
morgu	 1
kud	 1
ækta	 1
kurki	 1
því_	 1
eiði	 1
áður_	 1
æðin	 1
nh	 1
ólögl	 1
innu_	 1
erap	 1
_pró	 1
hvet	 1
ogu	 1
ólu	 1
löt	 1
amein	 1
tttek	 1
_D	 1
nedi	 1
Ben	 1
oðna	 1
tina	 1
_Fr	 1
tav	 1
nns_	 1
a-bæ	 1
fbor	 1
Minki	 1
irnar	 1
_sit	 1
Sorpe	 1
Fíkn	 1
onn	 1
bóka	 1
naf	 1
ekkti	 1
_góð	 1
Ú	 1
kan	 1
ldvi	 1
urflu	 1
trjáp	 1
bhús	 1
pasæl	 1
psög	 1
tnum	 1
gú	 1
ðrún_	 1
_tonn	 1
rónum	 1
rse	 1
_samn	 1
_spru	 1
Garði	 1
nuði	 1
_afsk	 1
úsn	 1
_Ísl	 1
nuð.	 1
íþ	 1
afn	 1
ttv	 1
þarf_	 1
ktist	 1
ðari	 1
irkju	 1
álpin	 1
upp,_	 1
gist_	 1
engj	 1
_sly	 1
rste	 1
elgi.	 1
ersl	 1
dvin	 1
sto	 1
urr	 1
ljótt	 1
_Tali	 1
Vogum	 1
rlakó	 1
minku	 1
ysum.	 1
Mörg	 1
sagn	 1
ogum	 1
erkfr	 1
sus	 1
isi	 1
úka_	 1
unnu	 1
Þær_	 1
ltr	 1
uus,_	 1
ísa,_	 1
_unga	 1
sunn	 1
anar_	 1
eiðr	 1
áfua	 1
unga	 1
Myn	 1
rós	 1
íu_	 1
_Sorp	 1
ýpku	 1
_yrðu	 1
áfuað	 1
ðurho	 1
afski	 1
nnvi	 1
Duus	 1
jál	 1
lingi	 1
Bók	 1
_hag	 1
sin_	 1
nokku	 1
rönd	 1
kaf	 1
nam	 1
_minn	 1
vins	 1
ss_	 1
ramle	 1
vegle	 1
onu_	 1
tnað_	 1
drað.	 1
Sand	 1
reka	 1
strö	 1
önt	 1
p,	 1
disk_	 1
lki_	 1
nnih	 1
mkvæm	 1
vík.	 1
_fim	 1
Mannv	 1
sbær_	 1
tekj	 1
ólum_	 1
_gagn	 1
rig	 1
lapla	 1
"ste	 1
tanum	 1
_svæð	 1
Na	 1
ótt_	 1
andg	 1
att	 1
_ým	 1
nslub	 1
__	 1
klar	 1
löng	 1
ögl	 1
fis	 1
Han	 1
háfl	 1
tæðu_	 1
Vo	 1
_hi	 1
skem	 1
ýpk	 1
kalla	 1
Kar	 1
ppsag	 1
kafy	 1
óla	 1
fua	 1
rlö	 1
rgun	 1
Ísl	 1
mein	 1
je	 1
ini	 1
nesin	 1
fékk	 1
_út,	 1
_Fíkn	 1
ættu_	 1
dinni	 1
nudag	 1
dirhe	 1
aplat	 1
for	 1
gan	 1
arfse	 1
ttte	 1
erst.	 1
ður._	 1
appas	 1
líkar	 1
hæ	 1
unu_	 1
inin	 1
sustr	 1
virkj	 1
ækisi	 1
ýju	 1
uð._	 1
tak_	 1
munu	 1
_ólög	 1
egi	 1
irlö	 1
rfest	 1
plötu	 1
misko	 1
rátak	 1
_ály	 1
akafy	 1
uhús	 1
_söng	 1
ent_	 1
öldi_	 1
eina_	 1
rði._	 1
is.	 1
ert_	 1
_hass	 1
imu	 1
forse	 1
_tæ	 1
_einh	 1
darin	 1
etja_	 1
gerst	 1
semi_	 1
_lok_	 1
_ályk	 1
gli	 1
íka	 1
pplý	 1
úmera	 1
_hjál	 1
hæstu	 1
anu	 1
etur_	 1
_nafl	 1
_göng	 1
leigj	 1
ðabæ	 1
vinns	 1
ubra	 1
_yrð	 1
ramkv	 1
Mynd	 1
skvin	 1
itað_	 1
_þv	 1
alinn	 1
lok_	 1
plönt	 1
þan	 1
dei	 1
magns	 1
ktis	 1
_Lög	 1
_háf	 1
u,	 1
kvæm	 1
mmt	 1
lúbbh	 1
anlan	 1
Háskó	 1
step"	 1
lda_	 1
Unni	 1
göngu	 1
eiðrú	 1
adis	 1
Umfer	 1
ýn	 1
eitur	 1
gnsk	 1
_Ba	 1
ögle	 1
_prós	 1
"step	 1
ulltr	 1
ndir_	 1
ggir_	 1
nnu_	 1
katt	 1
_li	 1
_slök	 1
venær	 1
ur,_	 1
nafla	 1
_bi	 1
isins	 1
kurf	 1
ýmisk	 1
_has	 1
ifr	 1
anir	 1
stoð	 1
aðst	 1
okku	 1
ened	 1
_byrj	 1
ngist	 1
nsluh	 1
_hin	 1
bóka_	 1
rma	 1
_Vogu	 1
farin	 1
stin	 1
lakó	 1
mag	 1
ækt	 1
Man	 1
ntur,	 1
pku	 1
umenn	 1
_sj	 1
voru_	 1
kemmd	 1
rde	 1
trö	 1
ókun	 1
garða	 1
avarn	 1
llu	 1
matj	 1
J	 1
ndra	 1
irri_	 1
rju-	 1
sk_	 1
urkir	 1
mmta	 1
ipt	 1
ðarlj	 1
D	 1
ðará	 1
_alva	 1
_ýmis	 1
ndge	 1
aman_	 1
ndanf	 1
_lyft	 1
bh	 1
a-	 1
ósent	 1
_klú	 1
veð	 1
minn_	 1
ndars	 1
vík._	 1
harð	 1
eigi	 1
annvi	 1
yðin	 1
_fors	 1
rkfær	 1
lad	 1
jöld	 1
inkin	 1
lögfr	 1
tuð_	 1
mesti	 1
"U	 1
darst	 1
adisk	 1
dsl	 1
rhor	 1
llinu	 1
Ta	 1
óðan	 1
ðfe	 1
_da	 1
ætlu	 1
amlei	 1
nko	 1
kil_	 1
_skat	 1
sts	 1
urk	 1
vél._	 1
fljót	 1
ýnude	 1
_Bjar	 1
áram	 1
firl	 1
_Hei	 1
etamí	 1
_einu	 1
urfa_	 1
_ken	 1
ði._	 1
næðið	 1
etam	 1
edik	 1
_San	 1
_Reks	 1
varna	 1
órna	 1
geisl	 1
"Umfe	 1
kisi	 1
átt	 1
gi._	 1
líka	 1
æll_	 1
ikl	 1
þega	 1
uði	 1
Uppt	 1
nd_	 1
us,	 1
egleg	 1
þeg	 1
_erle	 1
disk	 1
Nat	 1
_fék	 1
stna	 1
stæ	 1
fékk_	 1
meða	 1
aga	 1
ðfer	 1
rljó	 1
næð	 1
arst_	 1
auti	 1
áflóð	 1
upps	 1
ráta	 1
_bif	 1
_vo	 1
j.	 1
tas	 1
_ása	 1
etu	 1
Gei	 1
rfun	 1
ljót	 1
ldum	 1
kvili	 1
ón_	 1
hass	 1
sum._	 1
árh	 1
lýst_	 1
_sunn	 1
agnar	 1
_upps	 1
_frú	 1
ang,_	 1
tt.	 1
ekj	 1
nni,_	 1
rha	 1
pali	 1
lv	 1
þró	 1
ármag	 1
agði	 1
ikil	 1
fisk	 1
ttvan	 1
tend	 1
fnve	 1
iðstö	 1
pakas	 1
nsson	 1
teik.	 1
egluþ	 1
_afbo	 1
_Hve	 1
Talið	 1
tep"_	 1
a?	 1
sluna	 1
bæk	 1
gði_	 1
níutí	 1
kfram	 1
tsso	 1
pótek	 1
félag	 1
boðn	 1
_Ég	 1
_ást	 1
ubó	 1
ettv	 1
húsle	 1
fors	 1
æl	 1
nla	 1
avöll	 1
etja	 1
_fái	 1
mkvæ	 1
aml	 1
kir	 1
_getu	 1
ænum,	 1
lyfti	 1
árf	 1
_Gæt	 1
festi	 1
_step	 1
_þó	 1
ngl	 1
anna	 1
ysus	 1
tja_	 1
_hæ	 1
itur	 1
lubó	 1
_E	 1
rbré	 1
_j	 1
íður	 1
ty	 1
jal	 1
_vetr	 1
færið	 1
óðs_	 1
rein	 1
phi	 1
fre	 1
tarf_	 1
agns	 1
_áð	 1
Vatns	 1
_Vog	 1
_dö	 1
glunn	 1
mk	 1
vor	 1
pappa	 1
rön	 1
udag_	 1
eiða_	 1
_marg	 1
orsen	 1
fim	 1
p"	 1
leit_	 1
nusly	 1
ige	 1
kumen	 1
_upph	 1
rnarf	 1
eysu	 1
gluþ	 1
g,_	 1
fundu	 1
óttav	 1
_ský	 1
úsl	 1
_ótt	 1
_L	 1
reng	 1
öngub	 1
tti_	 1
efna.	 1
ikud	 1
uppsa	 1
bænum	 1
igend	 1
rúa	 1
etra	 1
_fisk	 1
sæll	 1
_öll	 1
tengi	 1
anns	 1
nfær	 1
völli	 1
_Ágús	 1
tt._	 1
Þau	 1
hverj	 1
_eige	 1
íþrót	 1
ékk	 1
_mánu	 1
jórna	 1
_bæði	 1
b_	 1
_bænu	 1
frei	 1
ðun_	 1
dis._	 1
peyð	 1
_ef_	 1
uþj	 1
_grjó	 1
drað	 1
jótg	 1
élag	 1
Upptö	 1
ama	 1
iðinn	 1
agnsk	 1
full	 1
lyfja	 1
"st	 1
jarfu	 1
fgre	 1
bars	 1
eðu	 1
rauti	 1
rlend	 1
_pr	 1
ékk_	 1
ærð	 1
rjar	 1
fjúk	 1
kvinn	 1
an.	 1
hitu	 1
verkt	 1
_gers	 1
lík	 1
_fá	 1
ánæg	 1
ekjum	 1
ýst	 1
Ei	 1
dansk	 1
kar_	 1
ungis	 1
ubrau	 1
dýnu	 1
vetja	 1
afs	 1
egj	 1
autuf	 1
ngum_	 1
nýta_	 1
nesi	 1
rp	 1
jarga	 1
Happa	 1
rö	 1
mikil	 1
usly	 1
kóla_	 1
llu_	 1
_gegn	 1
ufy	 1
sta_	 1
_styr	 1
rti	 1
Mink	 1
kkvi	 1
Mu	 1
lasað	 1
segj	 1
ramk	 1
ató_	 1
fo	 1
skok	 1
ekst	 1
rst.	 1
_Nán	 1
Söm	 1
peyði	 1
upp_	 1
sk._	 1
ðarát	 1
ðviku	 1
járha	 1
_Hvít	 1
ná	 1
þó_	 1
órnar	 1
slas	 1
nfari	 1
íkurf	 1
l.	 1
undu	 1
gnfær	 1
skos	 1
stur	 1
fsem	 1
ökume	 1
tum_	 1
eiða	 1
amkvæ	 1
hor	 1
rktak	 1
vænan	 1
_fis	 1
ley	 1
örg_	 1
junum	 1
morg	 1
bókun	 1
ölga	 1
týr._	 1
fse	 1
Hás	 1
gvél.	 1
rautu	 1
udeil	 1
bækli	 1
harða	 1
tlaði	 1
_-_	 1
erði.	 1
ftist	 1
tust_	 1
járm	 1
ned	 1
_veð	 1
_Há	 1
úslei	 1
skatt	 1
_bú	 1
glin	 1
ngarn	 1
urt	 1
immt	 1
rmag	 1
_apót	 1
rgun_	 1
versl	 1
él._	 1
_þæ	 1
elta_	 1
lykta	 1
vera_	 1
rkfæ	 1
vill_	 1
rdeg	 1
lóð	 1
_IS	 1
getu	 1
.a._	 1
rins_	 1
rhe	 1
Sömu_	 1
upp,	 1
rstö	 1
ar-_	 1
ldvin	 1
óse	 1
spre	 1
mín	 1
"har	 1
ktað_	 1
kudag	 1
ði.	 1
bón	 1
rung	 1
stý	 1
egar	 1
bæði_	 1
ýta_	 1
barst	 1
eitað	 1
r,_	 1
eina	 1
tur,	 1
ndg	 1
etrar	 1
íkur.	 1
ryfi	 1
iefnu	 1
llinn	 1
m.a	 1
ggir	 1
nihl	 1
afb	 1
ánuð	 1
afsk	 1
lki	 1
lögl	 1
lapl	 1
eysus	 1
kktis	 1
rengj	 1
ýnu	 1
lta	 1
ókaði	 1
ndger	 1
rjótg	 1
ari"	 1
ólki	 1
na?_	 1
nski	 1
erðar	 1
_Þj	 1
rí	 1
kinum	 1
_lyf	 1
_miðj	 1
borð_	 1
níut	 1
entu	 1
utanu	 1
-bækl	 1
lökkv	 1
_gei	 1
inuð	 1
rsl	 1
rlög	 1
iðst	 1
gns	 1
eti_	 1
psögn	 1
Bókað	 1
áta	 1
Munu	 1
iggja	 1
jall	 1
lgað_	 1
æma	 1
tss	 1
.a	 1
ýttus	 1
jónn_	 1
ögfr	 1
unava	 1
sun	 1
_fja	 1
yfti	 1
_teng	 1
ssum_	 1
erslu	 1
eign	 1
málið	 1
udags	 1
afg	 1
æklin	 1
urti	 1
tjur	 1
lan_	 1
ferða	 1
gubr	 1
s,_	 1
rkir	 1
entu_	 1
nvel_	 1
_bók	 1
essum	 1
paka	 1
tön	 1
frú_	 1
_Slí	 1
ðslur	 1
lva	 1
_pa	 1
borg	 1
ým	 1
stæð	 1
Upps	 1
Sor	 1
tí	 1
íkar_	 1
_vett	 1
ikil_	 1
ik.	 1
ótg	 1
kkur	 1
ifre	 1
rfe	 1
gjan	 1
rje	 1
_boðn	 1
same	 1
Hann	 1
agsá	 1
nki	 1
kurfl	 1
inki	 1
tra	 1
inná_	 1
_geti	 1
unni	 1
ðinni	 1
sent	 1
veður	 1
afyr	 1
urhor	 1
nude	 1
Karl	 1
kvæmd	 1
bj	 1
oðnar	 1
gáfua	 1
kfra	 1
rstöð	 1
skvi	 1
ip	 1
nskos	 1
rigg	 1
lltr	 1
óla_	 1
nu,_	 1
tva	 1
L	 1
gend	 1
igink	 1
omin_	 1
ninn	 1
_ton	 1
lasa	 1
jóðar	 1
sum_	 1
ýpkun	 1
óðs	 1
tonn	 1
hæst	 1
íut	 1
bhúsi	 1
tep_	 1
Karla	 1
kfæ	 1
jóða	 1
kattt	 1
slö	 1
_kal	 1
nudei	 1
_þu	 1
len	 1
átak_	 1
ögleg	 1
_vill	 1
önd	 1
framk	 1
ad	 1
funda	 1
dger	 1
dinn	 1
mfeta	 1
rótt	 1
dinu	 1
pak	 1
_sjó	 1
kkv	 1
lgi.	 1
arni	 1
vegum	 1
ingum	 1
mó	 1
linga	 1
tekið	 1
Þjóð	 1
rót	 1
aga.	 1
andge	 1
ferj	 1
rkt	 1
_apó	 1
_Mö	 1
_níut	 1
luman	 1
sten	 1
kurr	 1
_ætl	 1
ós"_	 1
gag	 1
þeir_	 1
estin	 1
_sama	 1
_æt	 1
rlen	 1
atju	 1
ssa	 1
amf	 1
fíklu	 1
yggir	 1
_fékk	 1
_því	 1
_uta	 1
ðabæ.	 1
klum	 1
ekin	 1
pren	 1
nan_	 1
rjápl	 1
onn_	 1
ng,_	 1
Gæ	 1
_and	 1
un._	 1
amei	 1
ekju	 1
hass_	 1
_íþró	 1
_velt	 1
My	 1
_Karl	 1
læ	 1
_Va	 1
igja_	 1
innus	 1
ærið_	 1
tgarð	 1
virk	 1
lyk	 1
nhver	 1
ræðsl	 1
s"_	 1
skild	 1
bhú	 1
mín_	 1
_Þær_	 1
gsm	 1
_Mu	 1
ömu_	 1
ssu_	 1
læma	 1
nkonu	 1
isin	 1
prau	 1
step_	 1
abæ	 1
erkta	 1
p"_	 1
fóru_	 1
kk_	 1
avar	 1
vað_	 1
afbor	 1
bbhú	 1
_Geis	 1
istö	 1
Bal	 1
_afs	 1
turly	 1
akór_	 1
pin	 1
erju-	 1
unar_	 1
_Mörg	 1
bent	 1
eir_	 1
ed	 1
ugve	 1
agfr	 1
pó	 1
dögu	 1
lyft	 1
arfa	 1
klin	 1
rni	 1
lendi	 1
öllu_	 1
eka_	 1
íþró	 1
_Min	 1
ðnar	 1
us.	 1
agni_	 1
ani	 1
jöldi	 1
_níu	 1
apó	 1
agna	 1
ása	 1
Ba	 1
_bars	 1
_bón	 1
góð	 1
ötur_	 1
jum,	 1
_áram	 1
nhve	 1
egla	 1
uþjó	 1
eðan_	 1
ýr.	 1
magn	 1
tgáf	 1
Hvít	 1
þeirr	 1
rap	 1
ún_	 1
tamín	 1
tyrk_	 1
jölga	 1
gús	 1
rkfr	 1
nað	 1
ék	 1
_Ein	 1
kaðin	 1
lvarl	 1
gerði	 1
Slík	 1
rðs	 1
legu	 1
rún	 1
jun	 1
uslys	 1
_upp_	 1
pti_	 1
tnað	 1
sli	 1
tlu	 1
þurf	 1
nve	 1
tufyr	 1
jaf	 1
attte	 1
gsmor	 1
mótum	 1
_Upps	 1
öld	 1
jan_	 1
_reka	 1
sluhú	 1
tgar	 1
ekið	 1
kvil	 1
tga	 1
verja	 1
_Myn	 1
vikud	 1
ökkvi	 1
hundr	 1
Min	 1
mánuð	 1
manns	 1
tluna	 1
rbra	 1
ðferð	 1
etr	 1
lvar	 1
húsn	 1
Reks	 1
væði	 1
slap	 1
ölli	 1
mer	 1
irr	 1
kkun.	 1
miðst	 1
eimu	 1
_úr	 1
út,_	 1
rju-_	 1
eigin	 1
Að	 1
áp	 1
ræk	 1
ín	 1
l._	 1
nt_	 1
lugvé	 1
já_	 1
luþ	 1
kst_	 1
_rís	 1
vinss	 1
óðið	 1
ttav	 1
ituð_	 1
sjum_	 1
tvan	 1
gsmo	 1
lumi	 1
_helg	 1
yði	 1
aflas	 1
oðun_	 1
narbr	 1
_Lögr	 1
mætti	 1
_hbb_	 1
pphi	 1
ánæ	 1
rækt	 1
ga._	 1
ginu	 1
agin	 1
el_	 1
fg	 1
_Un	 1
_þan	 1
rarbr	 1
dust	 1
t,	 1
_mink	 1
Gæt	 1
gubra	 1
iðvi	 1
dikt	 1
venæ	 1
spren	 1
_hund	 1
Lö	 1
Að_	 1
snæði	 1
ren	 1
_alv	 1
eirr	 1
kstu	 1
rgu	 1
nku	 1
gsá	 1
emm	 1
tep"	 1
rðari	 1
dirna	 1
mótu	 1
_væn	 1
rað	 1
rin_	 1
Ágús	 1
rflu	 1
_Júlí	 1
innan	 1
amfet	 1
yð	 1
járfe	 1
teik	 1
hags	 1
_mann	 1
nnuda	 1
akór	 1
hva	 1
nfar	 1
Slí	 1
skemm	 1
rú_	 1
ndust	 1
kkt_	 1
itað	 1
erkt	 1
miðs	 1
sbær	 1
mar_	 1
_Bók	 1
söng_	 1
rhorf	 1
_gön	 1
afyri	 1
ginu,	 1
nuð._	 1
_búa	 1
fjárf	 1
tti	 1
Ág	 1
_Ís	 1
nú	 1
dik	 1
toðar	 1
fuað	 1
miðj	 1
tur,_	 1
_ý	 1
fló	 1
umið	 1
stæðu	 1
Heið	 1
frú	 1
rækta	 1
uaðfe	 1
geti_	 1
dg	 1
_Hví	 1
ánar	 1
luh	 1
slumi	 1
ala_	 1
húsl	 1
stur_	 1
_"har	 1
pas	 1
ildi	 1
adi	 1
_svæ	 1
gði	 1
tæð	 1
Fræðs	 1
dum	 1
þær_	 1
jarg	 1
pin?	 1
lysi_	 1
hb	 1
_Ég_	 1
_þann	 1
ðrú	 1
rðabæ	 1
rra	 1
gist	 1
sladi	 1
ónum.	 1
ume	 1
aga._	 1
gvel	 1
_núme	 1
linum	 1
nir	 1
rki	 1
sagð	 1
ór_	 1
_Mink	 1
nok	 1
SFS	 1
rát	 1
gnfæ	 1
töng_	 1
anski	 1
tufí	 1
_ISF	 1
_útgá	 1
nam_	 1
ústss	 1
ladi	 1
sagna	 1
ögf	 1
avö	 1
úka	 1
ask	 1
orpe	 1
jós"_	 1
klar_	 1
ssum	 1
ðja_	 1
gvél	 1
stað	 1
fsemi	 1
_nok	 1
utu	 1
óku	 1
Duus,	 1
_Ge	 1
ægð_	 1
rjen	 1
framl	 1
rónu	 1
ató	 1
rm	 1
eðan	 1
Ég_	 1
ðist	 1
fbo	 1
mánu	 1
sleys	 1
bréf_	 1
emmdi	 1
æmd	 1
arin_	 1
dögum	 1
anar	 1
plýst	 1
ðari"	 1
assa	 1
_"st	 1
Mör	 1
nlan	 1
valda	 1
lið.	 1
klú	 1
ri"	 1
ótgar	 1
_Be	 1
_Júl	 1
Lög	 1
vítir	 1
agsm	 1
ökkv	 1
_re	 1
Sa	 1
afla	 1
egja_	 1
kisin	 1
rðst	 1
dinu_	 1
_orðs	 1
rísa,	 1
færi	 1
hin	 1
try	 1
pe	 1
smor	 1
_tólu	 1
eigen	 1
_bí	 1
ist.	 1
rís	 1
yðing	 1
kti	 1
egja	 1
_ásam	 1
grjó	 1
tan._	 1
fólki	 1
rðab	 1
_matj	 1
nná	 1
ldum_	 1
jórn.	 1
átt.	 1
_Ág	 1
snæð	 1
yrjen	 1
ina_	 1
verle	 1
okkur	 1
klu	 1
nun	 1
mta_	 1
_ára_	 1
nl	 1
anfar	 1
Bened	 1
_ní	 1
veðu	 1
dsflu	 1
horfu	 1
ú_	 1
elg	 1
uströ	 1
nægð	 1
erða	 1
nir_	 1
eglun	 1
_ök	 1
iðin	 1
rdegi	 1
_sk._	 1
vang,	 1
upplý	 1
orse	 1
_hát	 1
_hæs	 1
nvirk	 1
arni_	 1
Hei	 1
atn	 1
_fjúk	 1
nava	 1
_Mun	 1
rtir	 1
álpi	 1
ikt_	 1
kýrt	 1
aginu	 1
_Ben	 1
latan	 1
_þær	 1
vang	 1
hát	 1
ana	 1
nanla	 1
ab	 1
pkun_	 1
rst._	 1
a,	 1
búa_	 1
úst	 1
eðurh	 1
gni_	 1
agð	 1
ónn	 1
ubók	 1
ndari	 1
atns	 1
Garða	 1
stn	 1
plöt	 1
Bene	 1
ngj	 1
úl	 1
ænan_	 1
flj	 1
fjöld	 1
Lögre	 1
ökur	 1
inkur	 1
rsen	 1
einni	 1
Ge	 1
_því_	 1
urlyf	 1
nu,	 1
vett	 1
_ætla	 1
ðarl	 1
hátt	 1
yrðu_	 1
arfa_	 1
uppa	 1
k-	 1
stuf	 1
degi_	 1
fetam	 1
_gag	 1
tinga	 1
_Gei	 1
sfl	 1
inku	 1
ude	 1
grj	 1
ngars	 1
_hef_	 1
kjav	 1
rk_	 1
kól	 1
ótum	 1
kume	 1
ppl	 1
_aðs	 1
islad	 1
teng	 1
tæðu	 1
ur,	 1
inhve	 1
kild	 1
_slö	 1
rkfra	 1
slasa	 1
þurfa	 1
rarb	 1
gluþj	 1
utíu_	 1
_ræ	 1
_ISFS	 1
ílum	 1
_rí	 1
inung	 1
iðv	 1
ttus	 1
fna-	 1
elli,	 1
ðstoð	 1
lakór	 1
i"_	 1
_Brun	 1
mesta	 1
rins	 1
ysi_	 1
ní	 1
upphi	 1
lötu	 1
dari	 1
u-	 1
in?_	 1
töng	 1
önd_	 1
_trjá	 1
yfirl	 1
ill_	 1
fék	 1
ngja	 1
kfæri	 1
rna_	 1
au_	 1
_unn	 1
skip	 1
_kall	 1
alv	 1
rjó	 1
_bæð	 1
eiðin	 1
ftis	 1
ún	 1
Ég	 1
_J	 1
kóla	 1
aðin	 1
plata	 1
luhú	 1
trön	 1
_kana	 1
æti	 1
inh	 1
dis.	 1
Fíkni	 1
enær_	 1
_ótta	 1
byrje	 1
rkta	 1
konar	 1
_kenn	 1
_"h	 1
_Du	 1
tarfs	 1
atjur	 1
kostn	 1
æri	 1
jápl	 1
irhei	 1
uað	 1
nland	 1
kvæ	 1
url	 1
_spre	 1
gla	 1
máli_	 1
slur_	 1
skilj	 1
_þarf	 1
undar	 1
leita	 1
erkfæ	 1
SF	 1
_tækj	 1
tavöl	 1
_Ei	 1
turl	 1
_uppl	 1
nar-_	 1
öllu	 1
háf	 1
úr_	 1
arle	 1
Þær	 1
lap	 1
ktað	 1
_nein	 1
tans_	 1
Þau_	 1
tju	 1
alin	 1
rful	 1
íus_	 1
_rísa	 1
fskip	 1
ækl	 1
ysi	 1
bré	 1
_vell	 1
Du	 1
lur	 1
_fljó	 1
gá	 1
áramó	 1
ennsl	 1
kall	 1
verj	 1
_Slæ	 1
élög_	 1
hvers	 1
unav	 1
ikið_	 1
dsfl	 1
