_	 1596
a	 492
e	 342
i	 317
s	 308
n	 295
r	 240
t	 188
a_	 183
l	 181
u	 172
c	 157
d	 147
o	 132
g	 107
m	 104
h	 100
s_	 95
n_	 82
er	 81
p	 78
ch	 72
_d	 72
v	 72
_s	 72
_e	 67
in	 63
en	 60
r_	 58
sc	 57
,	 57
da	 56
,_	 56
f	 54
.	 53
_c	 53
ra	 48
l_	 48
an	 45
._	 45
_da	 45
ar	 43
sch	 43
_p	 43
_f	 41
z	 41
na	 39
ta	 39
ai	 39
un	 38
_m	 38
ma	 37
nt	 37
la	 35
da_	 35
_i	 34
_a	 33
as	 32
'	 32
_da_	 32
er_	 31
t_	 30
b	 29
i_	 29
es	 29
_t	 28
ia	 28
va	 27
is	 27
e_	 27
al	 27
st	 26
re	 26
gl	 25
cu	 25
_v	 25
ei	 25
de	 25
or	 24
di	 24
el	 24
ha	 24
he	 24
_l	 23
ve	 23
sa	 23
d_	 22
ts	 22
il	 22
te	 22
ad	 22
ü	 22
ss	 22
on	 21
pe	 21
as_	 20
_sc	 20
rt	 20
_n	 20
_o	 20
ain	 20
ur	 20
ns	 20
u_	 20
un_	 20
ng	 19
tg	 19
ig	 19
ir	 18
li	 18
rs	 18
per	 18
qu	 17
eg	 17
na_	 17
g_	 17
ie	 17
che	 17
se	 17
_g	 17
ti	 17
_in	 17
to	 17
en_	 17
_cu	 17
in_	 17
q	 17
ll	 16
et	 16
ha_	 16
ra_	 16
iu	 16
iv	 16
_en	 16
_ch	 16
mi	 15
_q	 15
fi	 15
I	 15
_qu	 15
_e_	 15
za	 15
ls	 15
cha	 15
ent	 15
_b	 15
ns_	 15
gn	 14
vi	 14
ic	 14
at	 14
ri	 14
o_	 14
igl	 14
_h	 14
co	 14
me	 13
nd	 13
_ma	 13
_pe	 13
pr	 13
int	 13
la_	 13
pa	 13
_per	 13
ni	 13
ta_	 13
it	 13
sta	 13
gi	 13
"	 13
el_	 13
ls_	 13
us	 13
ot	 12
A	 12
ia_	 12
uo	 12
hi	 12
sa_	 12
s,	 12
_di	 12
ue	 12
_fi	 12
ga	 12
s,_	 12
nz	 12
ed	 12
nu	 12
ca	 12
su	 12
um	 11
scha	 11
iss	 11
_I	 11
-	 11
_mi	 11
le	 11
au	 11
per_	 11
gl_	 11
_per_	 11
era	 11
a._	 11
chi	 11
M	 11
av	 11
a.	 11
si	 11
que	 11
lla	 11
am	 11
_in_	 11
lu	 11
ei_	 11
rt_	 11
mai	 11
_M	 11
_ve	 11
esc	 10
pi	 10
_A	 10
va_	 10
mo	 10
ter	 10
ge	 10
man	 10
_de	 10
nza	 10
_que	 10
_r	 10
fe	 10
s._	 10
main	 10
S	 10
ar_	 10
ut	 10
L	 10
s.	 10
zi	 10
iun	 10
lla_	 10
mp	 10
om	 9
em	 9
'e	 9
os	 9
al_	 9
tsc	 9
_ha	 9
igl_	 9
be	 9
fa	 9
des	 9
las	 9
h_	 9
esch	 9
an_	 9
P	 9
a,_	 9
ün	 9
_sch	 9
tsch	 9
gli	 9
nta	 9
_L	 9
ama	 9
ts_	 9
_st	 9
ch_	 9
cun	 9
ing	 9
_nu	 9
_ha_	 9
ng_	 9
_u	 9
a,	 9
_su	 8
ir_	 8
no	 8
ev	 8
_se	 8
x	 8
_cun	 8
_fe	 8
_P	 8
ier	 8
h'	 8
cl	 8
_er	 8
_il	 8
ro	 8
_la	 8
E	 8
za_	 8
_E	 8
_pa	 8
ver	 8
ch'	 8
ssa	 8
desc	 8
nc	 8
sch_	 8
rm	 8
n.	 7
_ed_	 7
c_	 7
ran	 7
ed_	 7
ors	 7
ava	 7
gia	 7
aint	 7
vai	 7
uel	 7
_S	 7
eu	 7
end	 7
las_	 7
az	 7
schi	 7
_en_	 7
ag	 7
ura	 7
_vi	 7
C	 7
_ün	 7
ert	 7
im	 7
desch	 7
sp	 7
_me	 7
us_	 7
_fa	 7
all	 7
sche	 7
_or	 7
_co	 7
ins	 7
l'	 7
_ch'	 7
_sa	 7
_pr	 7
_ü	 7
R	 7
sen	 7
n._	 7
nts	 7
ac	 7
_ed	 7
il_	 7
pl	 7
_na	 7
nte	 7
cha_	 7
nas	 7
ats	 6
ziun	 6
_l'	 6
od	 6
fr	 6
_.	 6
_es	 6
tg_	 6
_R	 6
_te	 6
egn	 6
tad	 6
ul	 6
_fiss	 6
co_	 6
_Il	 6
ua	 6
è	 6
ziu	 6
ive	 6
ari	 6
ad_	 6
chen	 6
nn	 6
min	 6
digl	 6
_las	 6
vair	 6
fiss	 6
_an	 6
_fo	 6
amai	 6
di_	 6
dig	 6
oz	 6
air	 6
_dig	 6
!_	 6
aing	 6
quel	 6
ist	 6
est	 6
_fr	 6
_G	 6
res	 6
iva	 6
Il	 6
ud	 6
_las_	 6
fis	 6
_bu	 6
ert_	 6
amain	 6
lar	 6
ina	 6
ing_	 6
art	 6
_cun_	 6
hen	 6
cun_	 6
_dal	 6
!	 6
sta_	 6
fo	 6
_fis	 6
rd	 6
G	 6
maing	 6
_man	 6
_digl	 6
_av	 6
nt_	 6
ne	 6
_re	 6
gn_	 6
bu	 6
dal	 6
_quel	 6
_C	 6
_lu	 6
id	 5
iet	 5
nza_	 5
scu	 5
_ei_	 5
ora	 5
tt	 5
iu_	 5
_pl	 5
dad	 5
anz	 5
pre	 5
ou	 5
_a_	 5
anc	 5
mal	 5
_sco_	 5
vo	 5
sco_	 5
lo	 5
ur_	 5
digl_	 5
_ei	 5
_va	 5
anza	 5
ga_	 5
ten	 5
rsa	 5
io	 5
orsa	 5
rs_	 5
esch_	 5
ob	 5
_cl	 5
_"	 5
ant	 5
pu	 5
tscha	 5
ara	 5
üna	 5
ers	 5
lie	 5
eva	 5
spe	 5
asch	 5
_La	 5
sse	 5
ssa_	 5
m_	 5
i,	 5
'a	 5
er,	 5
hh	 5
glie	 5
rsa_	 5
ins_	 5
_oz	 5
er,_	 5
ex	 5
orsa_	 5
r,	 5
ss_	 5
_sco	 5
uns	 5
eu_	 5
cr	 5
r.	 5
D	 5
aing_	 5
der	 5
i,_	 5
'i	 5
una	 5
par	 5
on_	 5
gr	 5
asc	 5
z_	 5
U	 5
r,_	 5
aiv	 5
_mo	 5
üs	 5
_T	 5
sco	 5
_tg	 5
La	 5
ren	 5
T	 5
es_	 5
adi	 5
_U	 5
tu	 5
_il_	 5
_pu	 5
_era	 5
"_	 5
ils_	 4
dent	 4
_ca	 4
_veg	 4
ntga	 4
_gi	 4
uto	 4
Ma	 4
rei	 4
_ün_	 4
maint	 4
_La_	 4
_Il_	 4
ton_	 4
j	 4
i'	 4
intg	 4
ura_	 4
ort	 4
h'e	 4
uor	 4
uns_	 4
_ena_	 4
azi	 4
our	 4
Pe	 4
_sen	 4
p_	 4
_ta	 4
era_	 4
_lur	 4
adi_	 4
_sto	 4
nde	 4
tr	 4
'ins_	 4
cs	 4
ber	 4
cla	 4
ach	 4
alla_	 4
ut_	 4
_Pe	 4
ella	 4
ds	 4
_era_	 4
_lura	 4
iun_	 4
iver	 4
ang	 4
_Ma	 4
ch'e	 4
fiss_	 4
_cum	 4
ton	 4
imp	 4
_vegn	 4
so	 4
egn_	 4
ier_	 4
ba	 4
_be	 4
eta	 4
ira	 4
ea	 4
_sta	 4
üna_	 4
_es_	 4
_che	 4
tge	 4
B	 4
tan	 4
hei	 4
è_	 4
_Gi	 4
_sp	 4
n,_	 4
La_	 4
ntg	 4
_ena	 4
ils	 4
ais	 4
_si	 4
itg	 4
men	 4
egia	 4
Gi	 4
nda	 4
_for	 4
_._	 4
art_	 4
sto	 4
ün_	 4
ena	 4
_ti	 4
ell	 4
dav	 4
for	 4
veg	 4
egi	 4
ena_	 4
intga	 4
_pi	 4
rma	 4
iss_	 4
emp	 4
fit	 4
du	 4
_ava	 4
sur	 4
enta	 4
rd_	 4
ora_	 4
..	 4
ci	 4
sun	 4
scha_	 4
ru	 4
den	 4
ode	 4
lura	 4
raz	 4
r._	 4
tga	 4
_on	 4
ep	 4
Il_	 4
'ins	 4
n,	 4
alla	 4
'in	 4
cum	 4
sper	 4
eng	 4
als	 4
_ad	 4
ssi	 4
_sur	 4
vegn	 4
xi	 4
uos	 4
_min	 4
lur	 4
op	 4
ita	 3
Gia	 3
vel	 3
uv	 3
_cha	 3
k	 3
_Gia	 3
_des	 3
uella	 3
int_	 3
nar	 3
_ig	 3
_Us	 3
_tsc	 3
hei,	 3
isse	 3
tut_	 3
_spe	 3
codes	 3
_san	 3
chel	 3
ons_	 3
ziun_	 3
ache	 3
nu_	 3
iver_	 3
_cla	 3
vart	 3
dr	 3
nzas_	 3
."_	 3
isc	 3
agn	 3
van	 3
clara	 3
rus	 3
tiv	 3
N	 3
_uo	 3
_gr	 3
Us	 3
mint	 3
ere	 3
enz	 3
_mint	 3
mpr	 3
_igl	 3
er.	 3
san	 3
mn	 3
_Pa	 3
chè	 3
zz	 3
_er_	 3
_H	 3
iar	 3
_ora	 3
rus_	 3
pia_	 3
mau	 3
ntga_	 3
tut	 3
_sche	 3
_he	 3
_usc	 3
qui	 3
cle	 3
_vair	 3
schen	 3
_pig	 3
hhh	 3
Sc	 3
ner	 3
'l	 3
."	 3
üm	 3
V	 3
topi	 3
ram	 3
her	 3
anzas	 3
ill	 3
_scu	 3
_qua	 3
bi	 3
quei	 3
un.	 3
eiv	 3
_no	 3
st_	 3
ven	 3
ons	 3
_fitg	 3
iti	 3
ella_	 3
Da_	 3
opia	 3
:	 3
rs.	 3
uei_	 3
mu	 3
dra	 3
pia	 3
to_	 3
ai_	 3
fer	 3
I_	 3
hu	 3
aira	 3
H	 3
iva_	 3
is,_	 3
_Da_	 3
uma	 3
_so	 3
_fa_	 3
rr	 3
ann	 3
vel_	 3
egl	 3
_hei	 3
iac	 3
_ons_	 3
nter	 3
_ch'i	 3
fitg_	 3
pres	 3
_al	 3
fa_	 3
oni	 3
ce	 3
agl	 3
quei_	 3
_dall	 3
ei,_	 3
odes	 3
uman	 3
cod	 3
ont	 3
l'e	 3
lara	 3
mintg	 3
ats_	 3
_usch	 3
_res	 3
Giach	 3
forsa	 3
scr	 3
_F	 3
rü	 3
ars	 3
ult	 3
ver_	 3
iach	 3
iuns	 3
vart_	 3
ze	 3
usch	 3
opi	 3
igli	 3
_bun	 3
aziun	 3
oz_	 3
ascha	 3
quell	 3
zza	 3
_ora_	 3
_cod	 3
uc	 3
lier	 3
zza_	 3
zas_	 3
gni	 3
qua	 3
inc	 3
Mai	 3
iache	 3
_ts	 3
clar	 3
_Per	 3
ö	 3
_Par	 3
top	 3
var	 3
_è	 3
ei,	 3
uve	 3
sem	 3
he_	 3
is,	 3
ranc	 3
_N	 3
_ba	 3
Da	 3
_oz_	 3
mm	 3
_tra	 3
code	 3
dal_	 3
_fit	 3
rar	 3
etg	 3
_D	 3
opia_	 3
uell	 3
raziu	 3
ett	 3
ui	 3
cre	 3
_us	 3
_vai	 3
vaira	 3
pig	 3
tat	 3
_avai	 3
che_	 3
tga_	 3
Giac	 3
_Mai	 3
aun	 3
_ex	 3
eva_	 3
er._	 3
_sper	 3
tic	 3
heg	 3
rama	 3
Pa	 3
iuns_	 3
rs._	 3
arm	 3
_tr	 3
orm	 3
aziu	 3
_üna	 3
_ils	 3
_fra	 3
_fors	 3
fin	 3
nts_	 3
aut	 3
_gia	 3
mon	 3
liu	 3
_ch'e	 3
odesc	 3
or_	 3
fra	 3
nta_	 3
_mil	 3
glier	 3
fors	 3
_üna_	 3
nzas	 3
fre	 3
_Ro	 3
pro	 3
ramai	 3
_ils_	 3
_Giac	 3
viv	 3
ff	 3
avai	 3
schè	 3
os_	 3
ec	 3
ez	 3
_code	 3
h'i	 3
Per	 3
gls_	 3
mna	 3
urt	 3
topia	 3
tar	 3
ov	 3
gls	 3
Par	 3
_hei,	 3
hen_	 3
tta	 3
nic	 3
nuo	 3
tra	 3
sent	 3
zas	 3
bs	 3
ass	 3
_fre	 3
chen_	 3
lura_	 3
fitg	 3
_ons	 3
un._	 3
aina	 3
_tgi	 3
ü_	 3
razi	 3
eir	 3
eir_	 3
dall	 3
ani	 3
_or_	 3
itg_	 3
_B	 3
ess	 3
ter_	 3
_tsch	 3
maun	 3
F	 3
ch'i	 3
achen	 3
_Sc	 3
hel	 3
gi_	 3
ntan	 3
uei	 3
ica	 3
nar_	 3
mil	 3
hè	 3
Ro	 3
ina_	 3
_nu_	 3
nun	 3
_Da	 3
usc	 3
_dal_	 3
ab	 3
_par	 3
bun	 3
_dav	 3
ude	 3
_I_	 3
hei,_	 3
au_	 3
?	 3
tgi	 3
ents	 3
'l_	 3
lt	 3
avel	 2
lz	 2
tou	 2
_giar	 2
nanz	 2
issi	 2
af	 2
sv	 2
can	 2
buc	 2
chla	 2
nsem	 2
ron	 2
_vend	 2
ints	 2
ende	 2
_betg	 2
_e'l_	 2
medi	 2
aint_	 2
_viru	 2
siu	 2
Me	 2
lup_	 2
chs._	 2
mpl	 2
ris	 2
zer	 2
l'ev	 2
zun	 2
iarsu	 2
mann!	 2
buca	 2
_Mo	 2
ene	 2
m,_	 2
iffe	 2
ente	 2
fest	 2
uziu	 2
ens	 2
Mi	 2
ler,	 2
iru	 2
oxi	 2
uotzu	 2
uvert	 2
laz	 2
inte	 2
ainza	 2
_rest	 2
ds_	 2
ia.	 2
volu	 2
vo_	 2
rev	 2
_feg	 2
erm_	 2
_güs	 2
Ga	 2
ffer	 2
iffer	 2
Pari	 2
scur	 2
illi	 2
cuve	 2
_veta	 2
_ang	 2
exi	 2
_la_	 2
ral_	 2
_pre	 2
_hu	 2
_Abe	 2
pran	 2
_disc	 2
ern	 2
fes	 2
gar	 2
incl	 2
adra	 2
azza_	 2
aus	 2
maun_	 2
aisse	 2
adra_	 2
megl	 2
amau	 2
mann	 2
_fran	 2
incle	 2
m"	 2
_svi	 2
ond	 2
'ev	 2
_pro	 2
gas	 2
_cud	 2
exist	 2
larie	 2
ts,_	 2
edi	 2
tem	 2
_qui	 2
ras_	 2
Per_	 2
svi	 2
_uoss	 2
chi'	 2
_Eva	 2
ls,	 2
_megl	 2
_HI	 2
scuv	 2
zia	 2
schè_	 2
vol	 2
tie	 2
fats	 2
ts,	 2
arsu	 2
nadi	 2
viver	 2
venda	 2
lli	 2
fat	 2
ntsc	 2
_bai	 2
ris,_	 2
tai	 2
ada	 2
ietad	 2
güsta	 2
h'ins	 2
an._	 2
_dep	 2
empr	 2
_plü	 2
hengh	 2
ra._	 2
sig	 2
nanza	 2
norma	 2
_HIV	 2
raf	 2
etg_	 2
ndadr	 2
_nuo	 2
ainz	 2
schs.	 2
reva	 2
soc	 2
_medi	 2
vir	 2
temp	 2
_part	 2
güst	 2
ers_	 2
ala	 2
Je	 2
iera	 2
gro	 2
ric	 2
eglie	 2
its	 2
_sv	 2
ociet	 2
h,_	 2
uels_	 2
spert	 2
etad	 2
HI	 2
arma	 2
fatsc	 2
Paris	 2
iscu	 2
dad_	 2
lliu	 2
lliun	 2
sti	 2
_nor	 2
l'evo	 2
hs.	 2
üm_	 2
nga	 2
_güst	 2
ich	 2
_Mi	 2
_gü	 2
",	 2
rmal	 2
azz	 2
ilu	 2
pus	 2
tü	 2
Eva_	 2
_Per_	 2
ic_	 2
?_	 2
tier	 2
nadi_	 2
_Aber	 2
if	 2
_ent	 2
oto	 2
iglie	 2
rc	 2
_ter	 2
:_	 2
Maiss	 2
_Eva_	 2
_na_	 2
_nun_	 2
ch'ei	 2
ra,	 2
sn	 2
lier_	 2
vend	 2
gen	 2
_-	 2
_scuv	 2
franc	 2
vet	 2
En	 2
schla	 2
rna	 2
lo,	 2
ainta	 2
had	 2
'el	 2
vilu	 2
ome	 2
ang_	 2
avair	 2
l,_	 2
nad	 2
uss	 2
n'	 2
oma	 2
part	 2
est_	 2
cude	 2
ub	 2
tia_	 2
Nu	 2
_imp	 2
rim	 2
ID	 2
chai	 2
fegn	 2
_Cla	 2
bai	 2
quels	 2
betg_	 2
oluzi	 2
inta	 2
nuotz	 2
nten_	 2
ober	 2
prü	 2
ch'in	 2
_cr	 2
agli	 2
scuve	 2
_mill	 2
viru	 2
cs_	 2
_nun	 2
giar	 2
ira_	 2
_Robe	 2
inten	 2
graf	 2
_tgi_	 2
llo,_	 2
rüm_	 2
arie	 2
nun_	 2
lat	 2
ot_	 2
Ri	 2
mul	 2
Mais	 2
vair_	 2
engh	 2
_bain	 2
nf	 2
urs_	 2
cuna	 2
pert_	 2
'evol	 2
chè_	 2
uschè	 2
_quei	 2
ivan	 2
ndad	 2
_Cl	 2
_mor	 2
ral	 2
enghe	 2
creiv	 2
ras	 2
pud	 2
Q	 2
ffe	 2
rsun	 2
com	 2
Clar	 2
IV	 2
uai	 2
tard	 2
gheg	 2
_el_	 2
_?	 2
utop	 2
ilup	 2
_dava	 2
sur_	 2
erna	 2
lit	 2
iau	 2
ser	 2
igls_	 2
cieta	 2
eri	 2
_am	 2
lmain	 2
nti	 2
nn_	 2
Cla	 2
_Ils	 2
'au	 2
fot	 2
_emp	 2
HIV	 2
liuns	 2
Rober	 2
umin	 2
hs._	 2
ffere	 2
uels	 2
aints	 2
iai	 2
ote	 2
zun_	 2
uca	 2
soci	 2
_sent	 2
prüm	 2
ista_	 2
bain,	 2
oluz	 2
lü	 2
gra	 2
'ei_	 2
xist	 2
_fes	 2
bert	 2
Ev	 2
llo	 2
_ani	 2
cie	 2
als,	 2
Gall	 2
",_	 2
gna	 2
avel_	 2
pigl	 2
V_	 2
ghe	 2
nn!	 2
discu	 2
reiv	 2
unas	 2
inta_	 2
nghe	 2
mill	 2
_è_	 2
_Gal	 2
prüm_	 2
chi_	 2
tz	 2
atta	 2
rie	 2
_igl_	 2
Gallo	 2
stad	 2
l'a	 2
_sun	 2
uca_	 2
fissi	 2
dra_	 2
id_	 2
nas_	 2
h,	 2
milli	 2
nten	 2
Lo	 2
ula	 2
luzi	 2
ders	 2
up	 2
rot	 2
h'ei_	 2
curs	 2
far	 2
ngheg	 2
liun	 2
Nus_	 2
n!	 2
feg	 2
Abe	 2
in,_	 2
oc	 2
_den	 2
üst	 2
ave	 2
otzun	 2
_ins	 2
_tut_	 2
ndi	 2
o,	 2
Jeu_	 2
rica	 2
_desc	 2
unasc	 2
_cumi	 2
ol	 2
riv	 2
-_	 2
als,_	 2
ran_	 2
h'ei	 2
virus	 2
_HIV_	 2
bain	 2
cleg	 2
ico	 2
riet	 2
irus_	 2
_ga	 2
ind	 2
tad_	 2
omen	 2
ads	 2
g,	 2
cal	 2
lis	 2
otz	 2
_prüm	 2
aris,	 2
unad	 2
_Rob	 2
mor	 2
_ad_	 2
Gal	 2
nse	 2
ista	 2
tin	 2
_vet	 2
chi,_	 2
_Mais	 2
vegn_	 2
_l'e	 2
_Ev	 2
vert	 2
dif	 2
dep	 2
ra.	 2
illiu	 2
Eva	 2
ste	 2
feren	 2
ans	 2
_temp	 2
ossa_	 2
megli	 2
avart	 2
giau_	 2
og	 2
_pus	 2
airam	 2
üsta_	 2
inan	 2
nder	 2
ghegi	 2
plü	 2
uai_	 2
ber_	 2
_fest	 2
umi	 2
n!_	 2
bet	 2
_pigl	 2
hi_	 2
irama	 2
t._	 2
mia_	 2
eschs	 2
pigli	 2
iscur	 2
eal	 2
Usc	 2
chs	 2
cul	 2
ivi	 2
pra	 2
scre	 2
_vir	 2
ump	 2
atsch	 2
ann!_	 2
lari	 2
gia_	 2
fran	 2
lo,_	 2
luz	 2
tan_	 2
up_	 2
hi'	 2
dis	 2
ali	 2
_el	 2
nis	 2
schs	 2
nn!_	 2
_ut	 2
_schl	 2
_Ab	 2
_ru	 2
ssigl	 2
is_	 2
air_	 2
hai	 2
inza_	 2
dit	 2
norm	 2
cri	 2
_gl	 2
_s'	 2
_tut	 2
disc	 2
mala	 2
e'l_	 2
'u	 2
ivan_	 2
esta	 2
Tg	 2
gel	 2
Aber_	 2
amaun	 2
ia._	 2
_Ils_	 2
vert_	 2
utopi	 2
h'el	 2
cunas	 2
tgi_	 2
ssig	 2
egiau	 2
_dam	 2
onia	 2
svilu	 2
_alla	 2
riet_	 2
'evo	 2
ox	 2
_all	 2
_tar	 2
_soci	 2
Ab	 2
Jeu	 2
diff	 2
_exi	 2
sun_	 2
o!	 2
car	 2
fin_	 2
ua_	 2
bert_	 2
eive	 2
onn	 2
rsu	 2
_Gall	 2
ge_	 2
_fegn	 2
rüm	 2
schl	 2
mod	 2
jeu_	 2
pa_	 2
_Tg	 2
itad	 2
ncl	 2
cudes	 2
_Nus	 2
hla	 2
ieta	 2
h'in	 2
_du	 2
_dif	 2
iun.	 2
mas_	 2
aiva	 2
s'	 2
ssen	 2
ris,	 2
_inc	 2
_norm	 2
_dama	 2
Cl	 2
d.	 2
issa	 2
udes	 2
enti	 2
...	 2
hl	 2
arsun	 2
att	 2
_uto	 2
cumin	 2
igls	 2
je	 2
inza	 2
ante	 2
_tu	 2
_dis	 2
lun	 2
cher	 2
Robe	 2
stat	 2
_Me	 2
ler,_	 2
ent_	 2
otzu	 2
luziu	 2
giars	 2
ord	 2
oci	 2
_Sch	 2
_uos	 2
schad	 2
Sch	 2
ca_	 2
_Jeu_	 2
sigl_	 2
_dent	 2
damau	 2
hs	 2
J	 2
tzun_	 2
ots	 2
rai	 2
a-	 2
X	 2
h'el_	 2
onta	 2
issig	 2
ngh	 2
dama	 2
our_	 2
tzun	 2
mia	 2
ik	 2
cud	 2
_meg	 2
m,	 2
med	 2
_fin	 2
unadi	 2
sigl	 2
inanz	 2
tei	 2
hegia	 2
nasch	 2
uoss	 2
_svil	 2
are	 2
e'l	 2
jeu	 2
ciet	 2
aiss	 2
_vo	 2
'_	 2
rest	 2
eta.	 2
cuv	 2
ple	 2
o!_	 2
_Nu	 2
scurs	 2
urs	 2
ard	 2
veta.	 2
uz	 2
leg	 2
giau	 2
nan	 2
ngl	 2
_tard	 2
gu	 2
_j	 2
betg	 2
ian	 2
_d'	 2
zu	 2
d,	 2
enda	 2
uel_	 2
g,_	 2
Rob	 2
_tem	 2
lup	 2
uotz	 2
et_	 2
nuot	 2
buca_	 2
üsta	 2
frei	 2
be_	 2
_buc	 2
als_	 2
_Nus_	 2
an.	 2
oss	 2
sto_	 2
hegi	 2
rp	 2
ziun.	 2
lma	 2
rti	 2
iun._	 2
ann!	 2
_im	 2
lio	 2
inz	 2
issen	 2
_ar	 2
ossa	 2
aris	 2
ch'el	 2
Ils_	 2
xis	 2
_-_	 2
_frei	 2
allo,	 2
orma	 2
iff	 2
_med	 2
meg	 2
_..	 2
fere	 2
hi,_	 2
azza	 2
_sto_	 2
diffe	 2
sunad	 2
cumi	 2
aun_	 2
dava	 2
_ge	 2
ormal	 2
_...	 2
uzi	 2
-t	 2
pert	 2
tiva	 2
sat	 2
ug	 2
at_	 2
_nas	 2
'ura	 2
cuver	 2
nc_	 2
cur	 2
ntan_	 2
ariet	 2
ain,_	 2
ta._	 2
iram	 2
_fot	 2
hè_	 2
ilup_	 2
svil	 2
tta_	 2
ap	 2
mpre	 2
'o	 2
chs.	 2
ede	 2
udesc	 2
obe	 2
_pud	 2
_sur_	 2
evolu	 2
ta.	 2
davar	 2
ncleg	 2
_mort	 2
_Je	 2
allo	 2
ncle	 2
_cude	 2
_Ga	 2
_schi	 2
sten	 2
fegn_	 2
les	 2
cu_	 2
van_	 2
_Clar	 2
in,	 2
Ils	 2
veta	 2
nia	 2
eiver	 2
glio	 2
vilup	 2
entan	 2
minan	 2
_l'a	 2
_'	 2
avar	 2
_sun_	 2
uossa	 2
_diff	 2
vei	 2
obert	 2
_stad	 2
alz	 2
uot	 2
_pas	 2
_Min	 2
Fa	 2
rsuna	 2
dadr	 2
_e'l	 2
_En	 2
iet_	 2
suna	 2
uziun	 2
ain,	 2
d,_	 2
ls,_	 2
Qu	 2
gü	 2
exis	 2
udi	 2
enza_	 2
dam	 2
_cha_	 2
l,	 2
endad	 2
Min	 2
ten_	 2
ma_	 2
ics	 2
atsc	 2
vil	 2
_chi	 2
curs_	 2
_prü	 2
vive	 2
_buca	 2
d'	 2
hhhh	 2
heng	 2
_bet	 2
HIV_	 2
arti	 2
anc_	 2
_viv	 2
_Ri	 2
nor	 2
eta._	 2
screi	 2
t.	 2
Usch	 2
_mann	 2
adr	 2
iau_	 2
lm	 2
lmai	 2
els_	 2
rm_	 2
'el_	 2
chi,	 2
reg	 2
voluz	 2
'en	 2
evol	 2
iste	 2
_utop	 2
o,_	 2
pas	 2
e'	 2
Nus	 2
ion	 2
_Usch	 2
rra	 2
dalla	 2
nir	 2
llo,	 2
_com	 2
tia	 2
irus	 2
Aber	 2
tzu	 2
omm	 2
_Jeu	 2
_Pari	 2
Mo	 2
gh	 2
olu	 2
rn	 2
'ei	 2
iars	 2
ra,_	 2
alat	 2
güs	 2
mina	 2
ef	 2
ero	 2
_Fa	 2
ocie	 2
eren	 2
_em	 2
ussa	 2
nir_	 2
_empr	 2
d._	 2
_scr	 2
Clari	 2
chad	 2
_nuot	 2
_Lo	 2
pera	 2
_'_	 2
_incl	 2
cheng	 2
tag	 2
'an	 2
mas	 2
'aut	 2
_soc	 2
evo	 2
ntsch	 2
mort	 2
malat	 2
auto	 2
_ven	 2
aina_	 2
_e'	 2
IV_	 2
rch	 2
uver	 2
uora	 2
schai	 2
ler	 2
'ur	 2
chl	 2
umina	 2
_be_	 2
erm	 2
hm	 2
_gli	 2
ord_	 2
_exis	 2
sai	 2
els	 2
_J	 2
nasc	 2
dadra	 2
_clar	 2
huo	 2
enza	 2
po	 2
ati	 2
isten	 2
hi,	 2
rend	 2
socie	 2
crei	 2
_Usc	 2
egli	 2
_far	 2
uors	 2
surv	 1
_amo_	 1
despe	 1
Cò_	 1
"Cort	 1
ners	 1
prec	 1
niss	 1
_lub	 1
Nike	 1
eron	 1
emna	 1
umpl	 1
pazia	 1
ke	 1
nzche	 1
tter	 1
rtüna	 1
otog	 1
ion_	 1
Unter	 1
enut	 1
stuor	 1
ess_	 1
unis	 1
tura	 1
_nagl	 1
Af	 1
Cano	 1
Nik	 1
domi	 1
_cour	 1
schic	 1
epen	 1
_chi'	 1
ent.	 1
maun.	 1
tga-t	 1
ican,	 1
tent_	 1
arri	 1
rega_	 1
_sa.	 1
prim	 1
_mam	 1
-sn	 1
"Quai	 1
_buor	 1
?da	 1
ssem	 1
arc	 1
primo	 1
zs,_	 1
cama	 1
büsc	 1
ais,_	 1
_d'a	 1
_cap	 1
otg	 1
ing,_	 1
mici	 1
ents.	 1
üna,_	 1
nas,	 1
ngal_	 1
agan_	 1
eids_	 1
jo	 1
iuna	 1
tatik	 1
_Cheg	 1
endsc	 1
aivl	 1
ias	 1
gei	 1
pariu	 1
oze	 1
lies	 1
chia	 1
aive	 1
joi	 1
ov?	 1
_mode	 1
chig	 1
rta_	 1
Angel	 1
düna	 1
vadi	 1
rimpl	 1
epr	 1
fotsc	 1
plü_	 1
stat_	 1
XXL	 1
atiku	 1
anoga	 1
erl	 1
monia	 1
rri	 1
acs	 1
_pa_	 1
Am	 1
Ussa_	 1
mpren	 1
Surto	 1
_fic	 1
enzia	 1
üsc	 1
Ma_	 1
uorsa	 1
ens_	 1
_ple	 1
riu_	 1
osex	 1
pp	 1
gliot	 1
_Af-	 1
impla	 1
peraz	 1
rd._	 1
pro!_	 1
f-ri	 1
_huor	 1
ong_	 1
sser	 1
spra	 1
ega_	 1
gnuo	 1
_ozil	 1
liou	 1
pel	 1
ur.	 1
_"Cor	 1
ide	 1
calz	 1
rk	 1
_tei.	 1
mnau	 1
anig	 1
"._	 1
_cer	 1
iner	 1
obi	 1
posit	 1
ort®,	 1
lund	 1
sa,	 1
ancs	 1
_clas	 1
owhe	 1
ance	 1
_omo	 1
ienti	 1
_pres	 1
_,sch	 1
Ming	 1
faj	 1
detg	 1
_nov?	 1
S._	 1
les._	 1
y	 1
ultic	 1
ceden	 1
_do	 1
SIDA	 1
vs_	 1
as!_	 1
_scu_	 1
_Ca	 1
_visu	 1
'oxi	 1
and	 1
far-h	 1
nass	 1
osi	 1
e-t	 1
_prec	 1
tier_	 1
rtot	 1
_i'l_	 1
rts	 1
R,_	 1
xig	 1
owh	 1
nox	 1
Plaz_	 1
ivs_	 1
tges	 1
stic	 1
ersi	 1
a-to	 1
aret	 1
_joi	 1
oposi	 1
sd	 1
tschn	 1
dils_	 1
araz	 1
_Bob	 1
muni	 1
nera	 1
gener	 1
uar	 1
rent	 1
deal	 1
amez_	 1
_ir	 1
hh,_	 1
et.	 1
dabsö	 1
"Vir	 1
ilo	 1
gnel_	 1
ento	 1
comun	 1
ac_	 1
,schi	 1
magna	 1
ndì_	 1
tras	 1
ux	 1
itad.	 1
udi-g	 1
egnin	 1
hadun	 1
_L.A.	 1
nsomm	 1
ivei	 1
erta	 1
refl	 1
vis	 1
itsc	 1
rimp	 1
edic	 1
geva_	 1
atta_	 1
SR,	 1
real	 1
set	 1
drap	 1
pis	 1
xp	 1
vie	 1
ike	 1
_tg'i	 1
siti	 1
met	 1
_Long	 1
üze	 1
Quai	 1
issa_	 1
_"V	 1
_AID	 1
hüsa	 1
port	 1
hanz	 1
mmen.	 1
ute	 1
isum	 1
ruma	 1
_obl	 1
_pude	 1
_Unt	 1
tivan	 1
ntiv	 1
zcher	 1
d'e	 1
efs	 1
ics,_	 1
chn	 1
ja	 1
".	 1
ierar	 1
kum"_	 1
onoxi	 1
IDS	 1
scri	 1
Beac	 1
otg_	 1
ics,	 1
pan._	 1
ntane	 1
rte	 1
_vis	 1
tenza	 1
ò	 1
veva	 1
rda	 1
_Re	 1
prova	 1
evair	 1
pass	 1
idar_	 1
_gro	 1
temps	 1
erna.	 1
_Luc	 1
pende	 1
_sni	 1
"Pn	 1
lü_	 1
_ens	 1
out_	 1
nia"	 1
senz	 1
quai_	 1
ziai	 1
exs_	 1
Ussa	 1
rb	 1
_ene	 1
gian	 1
_comu	 1
S,	 1
Che	 1
izi	 1
..."_	 1
_Rimn	 1
liote	 1
_Mint	 1
-c	 1
_Ame	 1
nsa	 1
_"C	 1
appan	 1
_i'l	 1
adün	 1
sente	 1
oda	 1
öcc	 1
endi_	 1
larm	 1
DS	 1
'd_	 1
eids	 1
_foto	 1
asse	 1
nsatg	 1
rvive	 1
agna_	 1
_gni	 1
nat	 1
epa	 1
eram	 1
un'	 1
mult	 1
Huxle	 1
cunfi	 1
num	 1
xua	 1
Park	 1
chas	 1
urviv	 1
ad,_	 1
üz	 1
sü_	 1
arm"	 1
_cou	 1
bon	 1
n'anc	 1
ncha_	 1
vegni	 1
Gion_	 1
natü	 1
aschi	 1
legi	 1
Su	 1
_Qu	 1
_Ni	 1
mals,	 1
regul	 1
enter	 1
Mhh	 1
resu	 1
dente	 1
_ni	 1
XXL,_	 1
viand	 1
tot	 1
_ents	 1
AS	 1
eud	 1
femna	 1
_var	 1
va._	 1
_Ang	 1
cumpl	 1
zer.	 1
nnunz	 1
igen	 1
som	 1
prend	 1
vein_	 1
liaiv	 1
stou	 1
clegi	 1
heia_	 1
di-	 1
h'il_	 1
agan	 1
_quis	 1
ich_	 1
_adi	 1
zam	 1
dev	 1
fs_	 1
elv	 1
_ple_	 1
ariu_	 1
laraz	 1
enton	 1
aivel	 1
lats	 1
_caus	 1
vin_	 1
rraz	 1
mplex	 1
cam	 1
_gen	 1
sb	 1
almai	 1
hes	 1
_le	 1
Cort	 1
sum,	 1
ratt	 1
sport	 1
nda_	 1
vivin	 1
its_	 1
ho	 1
gal_	 1
m"._	 1
dun	 1
_arev	 1
mps_	 1
_ingi	 1
_gas	 1
visu	 1
cult	 1
chent	 1
va,	 1
ropos	 1
_od	 1
eric	 1
esser	 1
ianta	 1
_dus	 1
Ame	 1
afi	 1
_chel	 1
_AB	 1
bing	 1
ngas	 1
ssiu	 1
_mem	 1
sepa	 1
saiv	 1
_"Qua	 1
rive	 1
sovi	 1
_cheu	 1
l'u	 1
ara,	 1
_perc	 1
kum"	 1
otege	 1
odu	 1
erna_	 1
_liug	 1
rna.	 1
nin_	 1
ta,	 1
-z	 1
pign	 1
_%	 1
re"	 1
deva	 1
lexs	 1
buns	 1
_stat	 1
iond_	 1
esent	 1
_san_	 1
_ain	 1
nton	 1
odur_	 1
atia_	 1
hest_	 1
ue_	 1
_dad_	 1
ubsta	 1
BS	 1
rett	 1
empre	 1
nteri	 1
hè,	 1
_mang	 1
nöc	 1
din	 1
_tge	 1
_ABS	 1
endi	 1
irs._	 1
mma_	 1
gasc	 1
ane	 1
lubei	 1
stiva	 1
nza,_	 1
_engl	 1
dirs	 1
tog	 1
esa	 1
cler	 1
nglai	 1
Plaz	 1
ced	 1
chi'd	 1
t'i	 1
_davo	 1
ark_	 1
mpar_	 1
ett'i	 1
ozen	 1
_rimp	 1
br	 1
mpi	 1
lord	 1
_),_	 1
arriv	 1
gliou	 1
ow	 1
escr	 1
tad._	 1
tiva_	 1
grot	 1
_cler	 1
_Eu	 1
Cr	 1
pau	 1
far-	 1
stati	 1
lzers	 1
xid	 1
_mal	 1
pla	 1
sum,_	 1
en.	 1
rarc	 1
oran	 1
rov	 1
An	 1
vion	 1
_Ut	 1
indi	 1
_cugn	 1
_fu	 1
a",	 1
c-sn	 1
persi	 1
omose	 1
ABS	 1
ere",	 1
tg'in	 1
_giu_	 1
-gn	 1
-ric	 1
_till	 1
hü	 1
_fin_	 1
le_	 1
nuosc	 1
_giu	 1
sero	 1
laz_	 1
noxi	 1
gnie	 1
ics_	 1
_faj	 1
r-hil	 1
fini	 1
_ch'j	 1
lzer	 1
rl	 1
flis_	 1
_Lon	 1
erda	 1
gular	 1
nü_	 1
i.	 1
is._	 1
_furt	 1
t'ins	 1
whe	 1
uipa	 1
'ari	 1
Te	 1
_Fo	 1
ece	 1
urtot	 1
iga	 1
_AIDS	 1
AI	 1
emp_	 1
nds	 1
lexs_	 1
gio	 1
lita	 1
bie	 1
fe-tg	 1
rpau	 1
certa	 1
semm	 1
eia	 1
pe_	 1
rdad_	 1
antsc	 1
Crü	 1
hil	 1
üna,	 1
_plüs	 1
Amer	 1
üs_	 1
ach,	 1
ar-	 1
enga	 1
tab	 1
ard._	 1
veiv	 1
ncepi	 1
s-ch	 1
Huxl	 1
arant	 1
"Cor	 1
_sd	 1
_AS	 1
_asch	 1
unal	 1
pit	 1
atg	 1
_chi_	 1
ieras	 1
er'ou	 1
_vid_	 1
iess_	 1
ntin	 1
lats_	 1
glais	 1
diu_	 1
otsi	 1
aglia	 1
),_	 1
nfa	 1
a"	 1
vant_	 1
frar	 1
mmoda	 1
Mh	 1
üzer	 1
razza	 1
rant	 1
ladad	 1
liug	 1
®,	 1
ngal	 1
chagn	 1
Ain	 1
ndit	 1
ppan.	 1
_mala	 1
miu_	 1
_dat	 1
epar	 1
ner.	 1
men.	 1
agnie	 1
_ing	 1
nals,	 1
rega	 1
subs	 1
anda	 1
hlas	 1
past	 1
düna,	 1
_anig	 1
Los	 1
_Lu	 1
_Beac	 1
_s-	 1
Men	 1
itge	 1
tgier	 1
Luc	 1
sics_	 1
rit	 1
um,	 1
erra	 1
gen_	 1
anga	 1
_mid	 1
_join	 1
ranz	 1
oxid_	 1
under	 1
ria_	 1
imont	 1
XL,	 1
schas	 1
inas	 1
'equi	 1
etta	 1
ma,	 1
ieg	 1
ubei	 1
onic_	 1
ars._	 1
dscha	 1
oman_	 1
ll'	 1
ida	 1
anta	 1
Gio	 1
ür	 1
_Rim	 1
_l'ev	 1
drapp	 1
alats	 1
renz	 1
_lefs	 1
as,	 1
urvi	 1
_pro!	 1
ll'e	 1
_tia_	 1
g'	 1
gton_	 1
ine	 1
iegia	 1
_pêr_	 1
angle	 1
obs	 1
_to	 1
bsög	 1
èn_	 1
quai	 1
eali	 1
_Bo	 1
-notg	 1
A.	 1
ast	 1
fs	 1
_et	 1
mula_	 1
can,_	 1
nuta	 1
etad,	 1
_ave	 1
iz	 1
Ni	 1
minc	 1
türel	 1
miss	 1
ngio_	 1
comm	 1
ntel	 1
l'ar	 1
uonn_	 1
cs,_	 1
nau	 1
ög	 1
lend	 1
fias_	 1
carpa	 1
festa	 1
/_	 1
orts_	 1
Ü	 1
az_	 1
_Plaz	 1
eits	 1
igro	 1
nel_	 1
SR,_	 1
_sia_	 1
l'ur	 1
taba	 1
her,	 1
blig_	 1
egev	 1
illa	 1
_esa	 1
eral_	 1
_cunf	 1
oviet	 1
eran	 1
L.A	 1
manöc	 1
_dom	 1
_"Co	 1
obli	 1
iegi	 1
_omos	 1
lze	 1
cugn	 1
ter,	 1
_che_	 1
iloni	 1
_maun	 1
eflis	 1
ssats	 1
amez	 1
eits_	 1
_Park	 1
s!	 1
za,_	 1
sdra	 1
_Uss	 1
gne	 1
_dir	 1
rost	 1
ono	 1
der!_	 1
Motor	 1
visum	 1
_magn	 1
eals_	 1
acs_	 1
mpel,	 1
fas_	 1
_aut	 1
sal_	 1
dents	 1
hum	 1
tis	 1
lüs	 1
rsi	 1
Thom	 1
gles	 1
Ena	 1
rotsi	 1
_zic	 1
endì	 1
Rom	 1
_Igl_	 1
pacs_	 1
uto!	 1
_avi	 1
chest	 1
Spe	 1
_Mail	 1
atge_	 1
Lu	 1
ends	 1
egnel	 1
gnar	 1
mp_	 1
cer	 1
arar	 1
_fich	 1
AB	 1
capir	 1
'aria	 1
cug	 1
_auto	 1
pum	 1
ac,	 1
ga-to	 1
Uto	 1
ugn	 1
ipa	 1
ame	 1
ntel_	 1
gle	 1
ABS,_	 1
ign.	 1
_pign	 1
adun	 1
Roman	 1
vid	 1
ard_	 1
_rum	 1
_sn	 1
ivein	 1
büsch	 1
t'	 1
_Hux	 1
surt	 1
lunsc	 1
bst	 1
prese	 1
_minc	 1
-zam	 1
nic_	 1
dall'	 1
_cul	 1
all'e	 1
bsögn	 1
ign	 1
"Co	 1
taina	 1
heu	 1
aja	 1
anter	 1
verd	 1
rboni	 1
nunzc	 1
emia	 1
_va_	 1
ike_	 1
freit	 1
s'a	 1
naivi	 1
selv	 1
-zama	 1
_Ussa	 1
a-not	 1
adu	 1
nzi	 1
_calz	 1
si'	 1
_Tgi_	 1
va:_	 1
ara-	 1
sats	 1
_vive	 1
nov?_	 1
estre	 1
um"	 1
emi	 1
emen	 1
_raz	 1
üsa,	 1
tics,	 1
piss	 1
anö	 1
uobs_	 1
zil	 1
_Sai	 1
riva:	 1
erd	 1
Perqu	 1
depri	 1
_s-c	 1
Eu	 1
rdad	 1
rais	 1
.."	 1
lord_	 1
onda	 1
temp_	 1
rüzer	 1
chico	 1
eud,_	 1
lub	 1
ads_	 1
_igls	 1
Balz	 1
arp	 1
tadi_	 1
alita	 1
iant	 1
ieud	 1
prov	 1
ng,	 1
hanza	 1
nac	 1
ssem_	 1
hi's_	 1
BS,	 1
anim	 1
ostat	 1
ziche	 1
Mont	 1
gier	 1
_meca	 1
DA	 1
heu_	 1
ulta	 1
itad_	 1
ogr	 1
nsc	 1
i'nü	 1
cap	 1
umpa	 1
finir	 1
_Thom	 1
larma	 1
_gar	 1
trend	 1
schma	 1
man-	 1
®	 1
_ozi	 1
mome	 1
_taba	 1
"Pne	 1
archi	 1
ort®	 1
cull	 1
ubeir	 1
ngasc	 1
arar_	 1
SI	 1
tuors	 1
n-za	 1
sainz	 1
evera	 1
_onns	 1
ntaiv	 1
hien	 1
sain	 1
_miu_	 1
gudi	 1
arbon	 1
Cò	 1
Nike_	 1
igrot	 1
_ver	 1
egni	 1
_cig	 1
duo	 1
bab	 1
ssai	 1
Ut	 1
mono	 1
noga	 1
_Af	 1
class	 1
eda	 1
ader	 1
aran	 1
annu	 1
siun	 1
rtü	 1
n'ur	 1
_Eu_	 1
pli_	 1
_mai_	 1
ancun	 1
BS,_	 1
i'n	 1
rante	 1
Ed	 1
erlen	 1
chanz	 1
stanz	 1
nsom	 1
_scha	 1
gio_	 1
hat	 1
_mag	 1
l'au	 1
senza	 1
geles	 1
biegi	 1
assic	 1
sca	 1
uxley	 1
nton_	 1
homas	 1
In	 1
r."	 1
rrazi	 1
_d'au	 1
evai	 1
sama	 1
eced	 1
_mhhh	 1
gnuos	 1
where	 1
gal	 1
_pers	 1
sch'e	 1
è,_	 1
gnin_	 1
_?dab	 1
inso	 1
memi	 1
zich	 1
deva_	 1
erle	 1
ümade	 1
subst	 1
iver.	 1
mamez	 1
ahc_	 1
chien	 1
öc	 1
ozs,	 1
der_	 1
.._	 1
Ina	 1
l'o	 1
omi	 1
fl	 1
opos	 1
depr	 1
_dec	 1
veive	 1
ega	 1
ley_	 1
decla	 1
atik	 1
esa_	 1
s'en	 1
hiun	 1
_ins_	 1
vera	 1
asta_	 1
hatta	 1
Mett	 1
_star	 1
_fat	 1
dea	 1
_buo	 1
udev	 1
Qua	 1
cour	 1
hi's	 1
_l'ox	 1
vio	 1
depen	 1
_AI	 1
cil	 1
etter	 1
plund	 1
'ar	 1
entas	 1
dicam	 1
otin_	 1
formu	 1
quel_	 1
n-z	 1
Crüze	 1
ditav	 1
schi,	 1
v?	 1
_pê	 1
oder	 1
razz	 1
_,s	 1
ürel	 1
medit	 1
ncs._	 1
igr	 1
_o_	 1
quis	 1
a:_	 1
her_	 1
_ri	 1
ular	 1
cref	 1
cheia	 1
scar	 1
oter'	 1
pude	 1
rtie	 1
expr	 1
eras_	 1
ara-n	 1
_ind	 1
adü	 1
furtü	 1
grond	 1
xista	 1
xige	 1
tiziu	 1
'ourd	 1
nge	 1
lati	 1
mans	 1
-snac	 1
Schu	 1
ids	 1
cump	 1
fia	 1
bac,_	 1
ussa_	 1
pen	 1
luns	 1
_irr	 1
hie	 1
L,_	 1
mis	 1
_Rom	 1
Ig	 1
_cull	 1
ver.	 1
_nic	 1
egian	 1
Reto	 1
reive	 1
_cuma	 1
tga-	 1
clo	 1
her,_	 1
_regu	 1
ez_	 1
dar_	 1
moda_	 1
nfats	 1
lara-	 1
hada.	 1
_Igl	 1
Ameri	 1
Scu	 1
i-	 1
ense	 1
_esse	 1
faja_	 1
ioter	 1
fich_	 1
_Ma_	 1
chatt	 1
rese	 1
ch'il	 1
esen	 1
rancs	 1
ud,_	 1
nce	 1
ugnuo	 1
adad	 1
ditge	 1
rna._	 1
Sur	 1
ritic	 1
teri_	 1
Aint	 1
uman-	 1
uoran	 1
hain	 1
rvi	 1
_lube	 1
_anc_	 1
ku	 1
da.	 1
babil	 1
i'd_	 1
ico_	 1
iaiv	 1
_Bobi	 1
igar	 1
rat	 1
_jeu_	 1
garan	 1
en,_	 1
rappa	 1
pasta	 1
vivi	 1
nia.	 1
'd	 1
f-r	 1
_pari	 1
antei	 1
pli	 1
rais_	 1
apir	 1
_Crüz	 1
tel_	 1
homa	 1
_Perq	 1
garet	 1
ch'je	 1
_sain	 1
c,	 1
_fe-t	 1
ndi_	 1
_tg'	 1
noga_	 1
_An	 1
ei."	 1
momen	 1
za,	 1
_plu	 1
aute	 1
d'en_	 1
_Ti	 1
_tir	 1
sis	 1
eac	 1
Be	 1
_natü	 1
dent.	 1
chie	 1
_mis	 1
ivlad	 1
?dab	 1
Pl	 1
g'in	 1
riu	 1
uschi	 1
füma	 1
_Ed	 1
Pneu	 1
survi	 1
chuo	 1
plexs	 1
nzc	 1
_Los_	 1
stadi	 1
zch	 1
iners	 1
ziar	 1
_Utop	 1
ade	 1
rtut	 1
êr	 1
ichel	 1
gn._	 1
aussa	 1
suven	 1
orts	 1
ents_	 1
sa.	 1
str	 1
aivan	 1
_"now	 1
na,	 1
artie	 1
ull	 1
cepi	 1
zar	 1
nom	 1
t'in	 1
hest	 1
omma_	 1
unf	 1
lig	 1
iro	 1
xpres	 1
orsp	 1
XL,_	 1
und	 1
a-n	 1
ads,	 1
_..."	 1
gierp	 1
_gas_	 1
Cheg	 1
frez	 1
zama	 1
ic-s	 1
lf	 1
nza,	 1
nimal	 1
ers._	 1
elmai	 1
torsp	 1
frezz	 1
ura,_	 1
-hilf	 1
hel.	 1
ldi	 1
ers,	 1
_cont	 1
üre	 1
_verd	 1
nagli	 1
_Met	 1
gea_	 1
veva_	 1
r."_	 1
l'aut	 1
_term	 1
"now	 1
xs_	 1
Quel	 1
_,	 1
_ruma	 1
lag	 1
mpro	 1
lube	 1
tgie	 1
leg,	 1
grots	 1
zic	 1
rs,_	 1
:inso	 1
ant_	 1
pits	 1
mam	 1
(_	 1
_Que	 1
tt'in	 1
enu	 1
midar	 1
l'eq	 1
el,	 1
_Ina	 1
dave	 1
ourd_	 1
grafi	 1
_SID	 1
onox	 1
Crüz	 1
lassi	 1
iö_	 1
_obli	 1
Los_	 1
san_	 1
XX	 1
rica,	 1
_grev	 1
essi	 1
mai_	 1
%	 1
caus	 1
ourd	 1
ic-sn	 1
_ess	 1
dus	 1
otogr	 1
rbo	 1
lieud	 1
satge	 1
xid_	 1
_ob	 1
ndav	 1
ngel	 1
aiva_	 1
Ca	 1
_surv	 1
ra-	 1
sul	 1
Af-r	 1
mma	 1
auto!	 1
-sna	 1
term	 1
l'equ	 1
ders_	 1
nomen	 1
.."_	 1
üschm	 1
noxid	 1
osch	 1
anöcc	 1
canis	 1
davel	 1
dils	 1
tez"_	 1
equip	 1
antai	 1
ovi	 1
e-tg	 1
êr_	 1
_pusp	 1
aivit	 1
vein	 1
_gara	 1
rq	 1
til	 1
ncha	 1
_bab	 1
ir."_	 1
_sev	 1
sit	 1
tre	 1
sets_	 1
_cuo	 1
hag	 1
-gnar	 1
_lo	 1
Pn	 1
Af-	 1
rum	 1
Quel_	 1
ögn	 1
trat	 1
icul	 1
ailer	 1
d'au	 1
_X	 1
,s	 1
ener	 1
otors	 1
aglio	 1
-h	 1
'en_	 1
tats_	 1
ierp	 1
nts,	 1
adüna	 1
xigen	 1
n'ura	 1
_gudi	 1
revai	 1
_?da	 1
mad	 1
rtiz	 1
tin_	 1
cot	 1
sex	 1
SIDA_	 1
hlag	 1
ilfa	 1
Moto	 1
_babi	 1
itis	 1
ngles	 1
armas	 1
_Pl	 1
_scri	 1
port®	 1
ì	 1
mose	 1
ere"	 1
_Sa	 1
_crit	 1
xl	 1
d'en	 1
umans	 1
-s	 1
chi's	 1
henta	 1
Cor	 1
gula	 1
Spera	 1
tout	 1
esu	 1
arm".	 1
rchia	 1
moda	 1
_Tgi	 1
Af-ri	 1
S,_	 1
inas_	 1
ommo	 1
gie	 1
ommod	 1
ld	 1
rova	 1
babi	 1
ntag	 1
_Sper	 1
hhhh,	 1
eid	 1
tava.	 1
_sant	 1
chma	 1
alza	 1
r!_	 1
Mon	 1
_luns	 1
_s'a	 1
ias_	 1
Unte	 1
ad.	 1
ncs	 1
ova_	 1
avi	 1
z"_	 1
emia_	 1
chna	 1
tge_	 1
ansem	 1
iche	 1
nim	 1
lfas	 1
reali	 1
mpiss	 1
idar	 1
Corte	 1
ancep	 1
_ide	 1
bun'	 1
mame	 1
R,	 1
ASR	 1
efs_	 1
ier,_	 1
esta_	 1
auss	 1
ideal	 1
Mintg	 1
pir	 1
liess	 1
form	 1
para	 1
aja_	 1
hn	 1
quipa	 1
nal	 1
kum	 1
ressi	 1
agls	 1
davo_	 1
erdad	 1
_feno	 1
amo_	 1
f-	 1
_puss	 1
_vei	 1
S.	 1
rafia	 1
l'ox	 1
gudi-	 1
bei	 1
er!_	 1
_ama	 1
detg:	 1
vin	 1
posi	 1
_Ain	 1
irraz	 1
ssen_	 1
huobs	 1
SR	 1
_Su	 1
_%_	 1
_E_	 1
lvad	 1
ivin_	 1
eiva	 1
_All	 1
trai	 1
umant	 1
_Surt	 1
moder	 1
rond	 1
huora	 1
_pit	 1
ein	 1
ts._	 1
r'o	 1
perch	 1
schna	 1
taner	 1
_resu	 1
aira_	 1
schè,	 1
rta	 1
tad.	 1
uter	 1
hi'd	 1
resen	 1
uto!_	 1
_ma_	 1
mid	 1
nts.	 1
criva	 1
_eran	 1
nfi	 1
_Cano	 1
ltats	 1
Fo	 1
ronz	 1
osc	 1
_Ena_	 1
pitsc	 1
ah	 1
isum,	 1
separ	 1
ta,_	 1
otsch	 1
an,	 1
_frez	 1
IDS._	 1
nist	 1
_stu	 1
uals	 1
vot_	 1
ova	 1
erama	 1
ssaiv	 1
greva	 1
schel	 1
ingto	 1
Farm	 1
dern	 1
obl	 1
rüz	 1
hma	 1
_sca	 1
Chegl	 1
-chüs	 1
h'j	 1
_(_	 1
Mette	 1
now	 1
ntai	 1
ender	 1
_mana	 1
ntiva	 1
scarp	 1
iand	 1
El_	 1
perai	 1
'eng	 1
fu	 1
alit	 1
ffit	 1
ugnu	 1
_l'au	 1
ili	 1
uos_	 1
ad._	 1
rots	 1
uind	 1
_pran	 1
uvent	 1
ign._	 1
lass	 1
tegev	 1
tei.	 1
_gene	 1
ngt	 1
eca	 1
adun_	 1
pi_	 1
Igl	 1
dat	 1
_mau	 1
_Gion	 1
gles_	 1
gliai	 1
vid_	 1
enom	 1
imn	 1
ei."_	 1
:i	 1
raff	 1
Balza	 1
our._	 1
hia.	 1
_"Vi	 1
_Bea	 1
hiu	 1
bli	 1
hi'd_	 1
_past	 1
Al	 1
isch_	 1
ssam	 1
tas.	 1
ensem	 1
eto	 1
_Nike	 1
eder	 1
ps	 1
aria_	 1
quest	 1
haiv	 1
_Ina_	 1
latia	 1
_Uto	 1
expre	 1
zs,	 1
ids_	 1
domic	 1
our.	 1
imals	 1
_odu	 1
_eng	 1
ieu	 1
_cref	 1
mplaz	 1
_manö	 1
_huo	 1
ögn_	 1
ezz	 1
clozs	 1
_füm	 1
liot	 1
rendì	 1
tg'	 1
_sü	 1
iug_	 1
dì_	 1
Rimn	 1
schiu	 1
iziun	 1
assat	 1
tüna	 1
ez"_	 1
siste	 1
manö	 1
urtut	 1
_Sur	 1
-hi	 1
utos_	 1
itsch	 1
engas	 1
hm,	 1
ers,_	 1
rviv	 1
urtün	 1
_cump	 1
_carb	 1
seve	 1
glieu	 1
nuta_	 1
_ahc	 1
itivs	 1
_sil	 1
join	 1
omic	 1
buns_	 1
ivit	 1
_zich	 1
_Moto	 1
esult	 1
heia	 1
XL	 1
hnas_	 1
gliö	 1
zar_	 1
inir	 1
fe-t	 1
ronda	 1
öccal	 1
ps_	 1
wher	 1
hhh,_	 1
nov?	 1
eneda	 1
mple	 1
_sim	 1
nut	 1
ach,_	 1
chnas	 1
made	 1
Pneum	 1
rtot_	 1
sbreg	 1
hada	 1
_SI	 1
nter_	 1
iour.	 1
pri	 1
sam	 1
tikum	 1
ortez	 1
ress	 1
cultu	 1
tira	 1
sant	 1
resta	 1
_vian	 1
_cle	 1
t®,	 1
_ques	 1
chmai	 1
uxl	 1
lara,	 1
tuor	 1
ormu	 1
'ura,	 1
dü	 1
orspo	 1
bstan	 1
cler,	 1
terle	 1
ngla	 1
nie	 1
iö	 1
fich	 1
liter	 1
bilon	 1
'j	 1
uter_	 1
Usche	 1
bo	 1
ingio	 1
omuni	 1
_spra	 1
aziai	 1
renta	 1
gea	 1
um,_	 1
ronza	 1
li_	 1
_nua_	 1
ment	 1
hel._	 1
amala	 1
tilla	 1
igare	 1
_Mhhm	 1
Viro	 1
iaiva	 1
rea	 1
spran	 1
llas	 1
mic	 1
va:	 1
irra	 1
teg	 1
human	 1
bin	 1
tern	 1
emn	 1
pranz	 1
_fe-	 1
les_	 1
_In	 1
tez	 1
Hux	 1
fenom	 1
quind	 1
_ches	 1
ava.	 1
_El_	 1
_Roma	 1
abilo	 1
rimon	 1
_büs	 1
_sero	 1
erta_	 1
_num	 1
_/_	 1
dica	 1
tos_	 1
ug_	 1
arr	 1
naus_	 1
Long_	 1
has	 1
-gna	 1
DS.	 1
sitiv	 1
elma	 1
vadi_	 1
agls_	 1
star_	 1
_adin	 1
dün	 1
_razz	 1
rm"	 1
prot	 1
va,_	 1
Utop	 1
carbo	 1
_ened	 1
r!	 1
mhh	 1
ancs.	 1
cuman	 1
spr	 1
tads	 1
hegl_	 1
_..._	 1
oin	 1
_cri	 1
dina_	 1
oxige	 1
chè,	 1
hom	 1
ats,	 1
eva,	 1
lais	 1
_nico	 1
mhhh	 1
_Can	 1
_dat_	 1
_pêr	 1
'ancu	 1
vev	 1
tei."	 1
hella	 1
er'	 1
ans_	 1
ozi	 1
etern	 1
_pli	 1
sö	 1
_fem	 1
reits	 1
nico	 1
Tge_	 1
raffi	 1
estr	 1
türe	 1
lada	 1
femn	 1
_Los	 1
"Qu	 1
iote	 1
%_	 1
rpa	 1
nas!_	 1
pan	 1
ciga	 1
malm	 1
dento	 1
ezza_	 1
riti	 1
istic	 1
con	 1
_Ti_	 1
_gron	 1
oxig	 1
prote	 1
ra-no	 1
_"P	 1
aner	 1
ada._	 1
nziar	 1
fias	 1
hegl	 1
_cert	 1
err	 1
zers	 1
.A	 1
pan.	 1
ssets	 1
ccal_	 1
star	 1
nin	 1
_Bal	 1
uniss	 1
Ed_	 1
DA_	 1
rmas	 1
_Mont	 1
_al_	 1
tgesc	 1
fots	 1
n'a	 1
_"Vir	 1
_"Pne	 1
dirs.	 1
via	 1
tt'i	 1
nisse	 1
L,	 1
terra	 1
Lon	 1
scu_	 1
avan	 1
tadi	 1
sats,	 1
_fats	 1
rtut_	 1
gel_	 1
IDA_	 1
nder!	 1
avant	 1
tik	 1
tte	 1
tratt	 1
zendi	 1
plüs_	 1
ey_	 1
bac	 1
_mono	 1
ail	 1
ubs	 1
_detg	 1
odur	 1
_cug	 1
rsis	 1
cau	 1
ube	 1
gare	 1
_hum	 1
gnu	 1
cuora	 1
_ord_	 1
_sil_	 1
Co	 1
_Q	 1
tis.	 1
_stuo	 1
_ier	 1
iet.	 1
e"	 1
mader	 1
to!	 1
l'oxi	 1
ild	 1
-rica	 1
Larm	 1
mpel	 1
to!_	 1
ziuna	 1
angal	 1
onts_	 1
cep	 1
_sep	 1
r'ou	 1
eclar	 1
blig	 1
tine	 1
lura.	 1
pel,_	 1
_pra	 1
men_	 1
tgei_	 1
enome	 1
_frar	 1
epi_	 1
illa_	 1
unfin	 1
ts.	 1
egl_	 1
_),	 1
agni	 1
assi	 1
sa,_	 1
sta,_	 1
-r	 1
otsi'	 1
i-gna	 1
sdr	 1
asche	 1
hia	 1
hig	 1
mun	 1
andav	 1
_gu	 1
hel_	 1
ratta	 1
Ret	 1
si'nü	 1
_mome	 1
lfa	 1
agn_	 1
_füma	 1
chel.	 1
sents	 1
"Vi	 1
dina	 1
ultur	 1
_Ming	 1
'auto	 1
_suve	 1
tour_	 1
bs_	 1
atü	 1
_Amer	 1
puss	 1
eit	 1
tgei	 1
_vo_	 1
_sub	 1
umnau	 1
tabac	 1
efli	 1
_je	 1
_Tho	 1
_sa_	 1
endì_	 1
vla	 1
ogra	 1
fem	 1
dab	 1
anis	 1
.A.	 1
uonn	 1
Sper	 1
el,_	 1
_pac	 1
,sch	 1
y_	 1
ent._	 1
zild	 1
_uon	 1
simp	 1
spo	 1
mals	 1
h'je	 1
imon	 1
ima	 1
quart	 1
ads,_	 1
Farm"	 1
_pum	 1
i'nü_	 1
tir	 1
'jeu	 1
ngton	 1
En'a	 1
zer._	 1
spor	 1
tg:_	 1
"nowh	 1
_sbre	 1
Ina_	 1
chadu	 1
ncu	 1
il,_	 1
eum	 1
_:in	 1
_vid	 1
sang_	 1
erra.	 1
espe	 1
ldi_	 1
_Aint	 1
gnir	 1
.A._	 1
tot_	 1
elm	 1
loz	 1
_fini	 1
man_	 1
es._	 1
sdrap	 1
_miss	 1
za.	 1
gara	 1
pudev	 1
_siu_	 1
En'	 1
depe	 1
ir.	 1
icu	 1
_sa._	 1
lasc	 1
beir_	 1
epe	 1
_simp	 1
_graf	 1
elva	 1
a-t	 1
_Quel	 1
'eq	 1
_mai	 1
rle	 1
buor	 1
Perq	 1
mec	 1
_sal_	 1
ican	 1
_are	 1
Risc	 1
_avel	 1
anigr	 1
oman	 1
rmai	 1
w	 1
crit	 1
dur	 1
artiz	 1
ezza	 1
epri	 1
arett	 1
mula	 1
ltu	 1
opo	 1
_quar	 1
rova_	 1
nders	 1
sia_	 1
igen_	 1
r-	 1
_nua	 1
E_	 1
sult	 1
erai	 1
ark	 1
hmain	 1
rican	 1
ner._	 1
decl	 1
entin	 1
ndì	 1
ndesc	 1
_Cò_	 1
hell	 1
'il	 1
giu	 1
nöcc	 1
nza.	 1
eg,_	 1
glia	 1
par_	 1
ints,	 1
r'	 1
uspe	 1
_"n	 1
isu	 1
_mida	 1
nog	 1
:ins	 1
si'n	 1
ssics	 1
ano	 1
eme	 1
air.	 1
ndent	 1
_glio	 1
n-zam	 1
ein_	 1
haiva	 1
tiner	 1
Un	 1
ncun	 1
aus_	 1
ò_	 1
lite	 1
_ense	 1
_ozen	 1
_bü	 1
urd_	 1
irost	 1
obing	 1
_Te_	 1
ASR,_	 1
dec	 1
aun.	 1
tagn	 1
onns_	 1
_senz	 1
tas._	 1
itava	 1
imal	 1
_veva	 1
satg	 1
giant	 1
tava	 1
pro!	 1
ingi	 1
_far_	 1
uis	 1
esti	 1
calze	 1
haint	 1
ziar_	 1
Ming_	 1
peron	 1
ntas.	 1
lfas_	 1
ir."	 1
igliö	 1
_Unte	 1
erque	 1
bsta	 1
ssama	 1
ais,	 1
malma	 1
edent	 1
mom	 1
_agls	 1
cloz	 1
stiv	 1
culla	 1
L.A.	 1
_quin	 1
_id	 1
_El	 1
sen,_	 1
_anim	 1
enf	 1
tur	 1
mort_	 1
micil	 1
iar_	 1
owher	 1
c-	 1
zche	 1
liour	 1
uin	 1
_dei	 1
tier,	 1
lasch	 1
schi_	 1
uista	 1
_?_	 1
il,	 1
ositi	 1
_clo	 1
nia._	 1
Lar	 1
lef	 1
d'a	 1
each,	 1
hm,_	 1
_Ris	 1
ese	 1
erent	 1
ozs	 1
dus_	 1
_ce	 1
sulta	 1
eter	 1
zend	 1
_as	 1
edita	 1
L.	 1
mnar	 1
dabs	 1
_dad	 1
zen	 1
geva	 1
ants	 1
füm	 1
rar_	 1
tav	 1
schan	 1
nns_	 1
icam	 1
cs._	 1
schag	 1
rtez"	 1
_cloz	 1
etg:	 1
part_	 1
xual	 1
Pede	 1
Te_	 1
_Al	 1
passa	 1
omici	 1
-tge	 1
_Ün_	 1
ston	 1
gron	 1
mo_	 1
bü	 1
nöcca	 1
ssat	 1
rchi	 1
_lord	 1
Ch	 1
_til	 1
umpar	 1
Mail	 1
cuor	 1
xu	 1
s-c	 1
selva	 1
sim	 1
_quai	 1
z"	 1
mhhhh	 1
puspe	 1
Ange	 1
_Schi	 1
d'aut	 1
reid	 1
xs	 1
iler,	 1
s!_	 1
ints_	 1
here"	 1
Rimna	 1
un'ur	 1
_tag	 1
_tagl	 1
_vivi	 1
itis.	 1
memia	 1
ch,	 1
taive	 1
_pass	 1
anza.	 1
Ai	 1
far_	 1
omu	 1
_numn	 1
_indi	 1
an,_	 1
Unt	 1
ndes	 1
somm	 1
higl	 1
s'e	 1
ston_	 1
_ord	 1
mens_	 1
's_	 1
_pudi	 1
an-za	 1
rto	 1
_ra	 1
seme	 1
anar_	 1
XXL,	 1
_mhh	 1
IDS.	 1
_spr	 1
rezz	 1
tis._	 1
xle	 1
pumpa	 1
men._	 1
han	 1
orte	 1
Sainz	 1
xley_	 1
_Alla	 1
gnir_	 1
chiun	 1
uals_	 1
eno	 1
quist	 1
atüre	 1
descr	 1
pussa	 1
_terr	 1
ura._	 1
mens	 1
_memi	 1
cs.	 1
e-tge	 1
'our	 1
nia",	 1
anse	 1
sics	 1
-za	 1
A_	 1
),	 1
uinde	 1
fli	 1
ssiun	 1
_mul	 1
insom	 1
vair.	 1
ssen,	 1
chlas	 1
ing,	 1
nasse	 1
eschi	 1
ch,_	 1
_sdra	 1
ile	 1
itiv	 1
nowh	 1
tagli	 1
Sp	 1
_met	 1
aj	 1
nö	 1
chè,_	 1
fiti	 1
__	 1
presc	 1
_prot	 1
egul	 1
_surt	 1
as.	 1
er!	 1
ara,_	 1
pari	 1
Viros	 1
tuo	 1
nditg	 1
_chat	 1
uist	 1
joint	 1
nuos	 1
nas!	 1
chia.	 1
_fur	 1
taiv	 1
_Mhh	 1
_Gio	 1
rrive	 1
_lor	 1
attai	 1
aner.	 1
nagl	 1
oint	 1
ini	 1
pign.	 1
ners.	 1
mang	 1
an-	 1
can,	 1
ica,_	 1
fitis	 1
gan	 1
neu	 1
cuma	 1
tsch_	 1
lefs	 1
_paz	 1
_mame	 1
mmen	 1
uosch	 1
erche	 1
resul	 1
ia"	 1
all'	 1
ferm_	 1
lefs_	 1
Tho	 1
teir_	 1
_Ch	 1
_Reto	 1
icama	 1
multi	 1
_insa	 1
arch	 1
_mh	 1
ura,	 1
_sai	 1
Ena_	 1
_Ped	 1
Bobi	 1
isch	 1
hilf	 1
app	 1
ad,	 1
ncep	 1
tanz	 1
lai	 1
senn	 1
gna_	 1
nigro	 1
'ox	 1
milit	 1
is.	 1
_huma	 1
dir	 1
rmalm	 1
'anc	 1
_tab	 1
impr	 1
as!	 1
gesch	 1
rece	 1
cher_	 1
For	 1
angl	 1
lis_	 1
_mec	 1
iou	 1
manar	 1
_ai	 1
rs,	 1
exp	 1
es.	 1
udiu	 1
exu	 1
hhh,	 1
anza,	 1
-not	 1
omo	 1
iour	 1
tter_	 1
dei	 1
lor	 1
rspor	 1
_siu	 1
Ti_	 1
nto	 1
tün	 1
_l'eq	 1
tic_	 1
itic	 1
_onn	 1
_Fats	 1
bun'u	 1
'il_	 1
_jo	 1
ivel_	 1
vitad	 1
_renf	 1
nns	 1
_:	 1
_tia	 1
_anse	 1
ntagn	 1
_Ba	 1
areva	 1
'oxig	 1
_ser	 1
_reg	 1
affi	 1
_li	 1
carb	 1
_sü_	 1
nier	 1
rmas_	 1
_avio	 1
exs	 1
higli	 1
_bi	 1
onza	 1
xuals	 1
zildi	 1
_Ret	 1
nig	 1
Canog	 1
mmod	 1
ivel	 1
ened	 1
erq	 1
emen_	 1
_mon	 1
en._	 1
armai	 1
mag	 1
_ciga	 1
'aute	 1
-tg	 1
cheu_	 1
sexua	 1
_l'ur	 1
SID	 1
neum	 1
nden	 1
nac_	 1
iunal	 1
Mhhm,	 1
_stou	 1
_Hu	 1
zamai	 1
fümad	 1
et._	 1
emme	 1
_En'	 1
cuo	 1
/	 1
esp	 1
ic-	 1
onns	 1
tiz	 1
Sai	 1
_decl	 1
mos	 1
snac_	 1
dom	 1
stenz	 1
uxle	 1
ava._	 1
aff	 1
gas_	 1
tenut	 1
raina	 1
Mhhm	 1
_Fat	 1
perc	 1
ellas	 1
osit	 1
ì_	 1
grev	 1
glies	 1
-ch	 1
_Luc_	 1
carp	 1
_,sc	 1
eud,	 1
eg,	 1
rel	 1
_:ins	 1
lad	 1
_tgei	 1
_For	 1
ey	 1
_Mett	 1
clas	 1
elvad	 1
eva,_	 1
t®	 1
afia	 1
_Th	 1
ia",	 1
avio	 1
gn.	 1
ier,	 1
ver._	 1
erar	 1
_ten	 1
..."	 1
viet	 1
_zi	 1
asta	 1
uta_	 1
nua_	 1
tar_	 1
causs	 1
_ans	 1
terl	 1
eto_	 1
mpis	 1
udi-	 1
_impr	 1
Maile	 1
tivs_	 1
èn	 1
menta	 1
_fen	 1
camai	 1
enzi	 1
_Ange	 1
Reto_	 1
vant	 1
_cau	 1
_via	 1
ntga-	 1
ozild	 1
anöc	 1
rez	 1
urd	 1
DS._	 1
ers.	 1
gnel	 1
tural	 1
insat	 1
ke_	 1
ter'	 1
eri_	 1
stu	 1
_esa_	 1
nic-s	 1
cc	 1
glai	 1
_Cò	 1
chüsa	 1
nd_	 1
'enga	 1
_vev	 1
nü	 1
ecani	 1
hhm	 1
uven	 1
_XXL,	 1
ors_	 1
_)	 1
umn	 1
exual	 1
_pits	 1
pudiu	 1
nome	 1
rec	 1
aga	 1
pissa	 1
_Huxl	 1
hia._	 1
vs	 1
minch	 1
reids	 1
nfat	 1
emps_	 1
umna	 1
rt®,_	 1
malit	 1
urtu	 1
_ABS,	 1
cal_	 1
odern	 1
zers_	 1
tas	 1
_senn	 1
eiva_	 1
lti	 1
absög	 1
rüze	 1
oi	 1
egia_	 1
enfat	 1
somma	 1
imo	 1
osta	 1
c,_	 1
sal	 1
nag	 1
rp_	 1
neda	 1
missa	 1
_Sp	 1
trais	 1
lv	 1
sil	 1
wh	 1
_Ig	 1
Fat	 1
ecl	 1
nunz	 1
escha	 1
ltur	 1
aivi	 1
ndsch	 1
cont	 1
imnar	 1
gton	 1
umple	 1
aria	 1
ist_	 1
obin	 1
ssic	 1
abil	 1
e",	 1
mants	 1
oran_	 1
cig	 1
renf	 1
munis	 1
tez"	 1
_Am	 1
xpr	 1
lende	 1
ürelm	 1
autos	 1
_nag	 1
ros	 1
icoti	 1
nov	 1
enera	 1
uobs	 1
,sc	 1
aba	 1
onz	 1
üsa,_	 1
ASR,	 1
sic	 1
serop	 1
festi	 1
hadu	 1
erop	 1
rt®	 1
cleg,	 1
man-z	 1
huor	 1
Pla	 1
aivla	 1
l'ura	 1
inir_	 1
esper	 1
ula_	 1
cou	 1
hhm,	 1
_trai	 1
nals	 1
pau_	 1
ural_	 1
ümad	 1
tad,	 1
vent_	 1
ontag	 1
ige	 1
ilf	 1
iva:_	 1
ograf	 1
-hil	 1
togr	 1
regu	 1
el.	 1
cigar	 1
sever	 1
_nas,	 1
mpe	 1
mecan	 1
_real	 1
rmula	 1
vian	 1
boni	 1
lticu	 1
_sovi	 1
_büsc	 1
uon	 1
_snic	 1
_gre	 1
paz	 1
each	 1
annun	 1
pero	 1
vegne	 1
lüs_	 1
ma,_	 1
omas_	 1
pranc	 1
?d	 1
?dabs	 1
_ASR,	 1
_odur	 1
lzar_	 1
ieud,	 1
udeva	 1
tsi	 1
ngto	 1
sta,	 1
stre	 1
schig	 1
deir	 1
ltat	 1
Schuo	 1
mang_	 1
ca,_	 1
tanza	 1
un'u	 1
chigl	 1
hagn_	 1
_desp	 1
surtu	 1
gnar_	 1
hlasc	 1
an-z	 1
ticu	 1
_sia	 1
m"_	 1
as._	 1
_mom	 1
di-g	 1
(	 1
ffiti	 1
_Pla	 1
abi	 1
mana	 1
rlend	 1
notg	 1
ter'o	 1
_L.	 1
ri_	 1
_anga	 1
semen	 1
naiv	 1
e-	 1
chiu	 1
mont	 1
_Men_	 1
commo	 1
retta	 1
snac	 1
_Ü	 1
sum	 1
eq	 1
rends	 1
mpla	 1
senti	 1
chei	 1
k_	 1
mprov	 1
uta	 1
sna	 1
a-ton	 1
bil	 1
_lun	 1
tain	 1
edit	 1
_cre	 1
_anc	 1
pacs	 1
ttain	 1
ncuna	 1
rtez	 1
onts	 1
i-g	 1
tizi	 1
n'an	 1
roteg	 1
_tier	 1
utos	 1
Vi	 1
Eu_	 1
"Viro	 1
Tge	 1
bingt	 1
liai	 1
ultu	 1
dar	 1
Fats	 1
reced	 1
iku	 1
man.	 1
"Pneu	 1
ets_	 1
ies	 1
ealis	 1
gele	 1
monox	 1
alist	 1
alma	 1
l.	 1
rmul	 1
ei.	 1
_miu	 1
_:i	 1
sep	 1
chan	 1
nigr	 1
mpa	 1
liera	 1
da._	 1
tel	 1
rt®,	 1
ley	 1
v?_	 1
enta_	 1
"V	 1
lais,	 1
derna	 1
va.	 1
Quai_	 1
rsp	 1
_l'ar	 1
Vir	 1
rivei	 1
_ah	 1
_rus_	 1
affit	 1
_i'	 1
_tour	 1
sch'	 1
ned	 1
ularm	 1
_Crü	 1
rspo	 1
nza._	 1
hhhhh	 1
sset	 1
fotog	 1
litad	 1
restr	 1
viet.	 1
:in	 1
's	 1
za._	 1
stads	 1
alis	 1
abac	 1
rain	 1
ruman	 1
_s'e	 1
ffi	 1
arpau	 1
erp	 1
iaint	 1
stics	 1
"P	 1
terna	 1
terr	 1
erc	 1
inch	 1
Roma	 1
_Scu_	 1
s-chü	 1
stan	 1
schm	 1
uipa_	 1
rm"._	 1
erarc	 1
rts_	 1
omas	 1
n-	 1
_bun_	 1
gnier	 1
mnaus	 1
cheu	 1
_expr	 1
_(	 1
_depe	 1
ac,_	 1
verda	 1
_Farm	 1
ar-h	 1
meca	 1
tgel	 1
i'd	 1
resc	 1
_impi	 1
tiku	 1
ez"	 1
gud	 1
iain	 1
en,	 1
"Qua	 1
_plü_	 1
ref	 1
_u_	 1
sögn	 1
entsc	 1
incha	 1
_sal	 1
reva,	 1
_tira	 1
hüsa,	 1
appa	 1
stent	 1
Bo	 1
alzar	 1
Ün_	 1
simpe	 1
hè,_	 1
ppan	 1
chlag	 1
pos	 1
ose	 1
_ete	 1
till	 1
mps	 1
itic_	 1
tg:	 1
eraz	 1
hmai	 1
AID	 1
eumon	 1
_gn	 1
ca,	 1
ro!	 1
oter	 1
icot	 1
oga_	 1
_depr	 1
_veiv	 1
osexu	 1
_sepa	 1
_form	 1
lta	 1
ulla	 1
engla	 1
_èn	 1
rque	 1
lonia	 1
eia_	 1
erqu	 1
sem_	 1
'nü_	 1
mili	 1
rriv	 1
nteir	 1
_dus_	 1
erch	 1
cepi_	 1
nai	 1
itges	 1
ets	 1
tsche	 1
schie	 1
ropo	 1
ovie	 1
_lef	 1
Ti	 1
sen,	 1
obs_	 1
_selv	 1
relma	 1
nua	 1
rsist	 1
_Mot	 1
sen_	 1
eals	 1
_l'u	 1
Pne	 1
nima	 1
unzch	 1
chüs	 1
mmo	 1
avo_	 1
irs.	 1
r'our	 1
rtün	 1
-ton	 1
'ann	 1
ianda	 1
i's_	 1
Peder	 1
ahc	 1
Beach	 1
saivl	 1
etta_	 1
s'ann	 1
parti	 1
_Schu	 1
"n	 1
Fats_	 1
_rus	 1
der!	 1
_z	 1
-tgel	 1
zc	 1
reiva	 1
naus	 1
erica	 1
lazz	 1
gt	 1
beir	 1
unde	 1
_amo	 1
oti	 1
_sel	 1
nnu	 1
sov	 1
_buns	 1
_gnir	 1
sexu	 1
lva	 1
pazi	 1
hic	 1
hagn	 1
dsc	 1
_pacs	 1
abac,	 1
'annu	 1
ingt	 1
lig_	 1
meri	 1
ada.	 1
'ura_	 1
er'o	 1
ultat	 1
frars	 1
atge	 1
-chü	 1
iot	 1
itav	 1
_Che	 1
vita	 1
insa	 1
arpa	 1
_fer	 1
All	 1
_l'o	 1
omos	 1
unfi	 1
Ün	 1
digls	 1
emmen	 1
has_	 1
crefl	 1
brega	 1
rche	 1
lza	 1
epara	 1
esul	 1
issem	 1
Tgi_	 1
ches	 1
rv	 1
_far-	 1
sche_	 1
quin	 1
nch	 1
laga	 1
_s'an	 1
here	 1
ip	 1
efl	 1
uspe_	 1
Tgi	 1
fas	 1
erazi	 1
egeva	 1
ura.	 1
icil	 1
_seve	 1
nsch_	 1
equi	 1
eden	 1
rmali	 1
xiste	 1
nowhe	 1
rapp	 1
moni	 1
_fü	 1
adin	 1
_SIDA	 1
_dirs	 1
cugnu	 1
bilo	 1
gev	 1
eder_	 1
gre	 1
ds,	 1
_deir	 1
'jeu_	 1
plüs	 1
iess	 1
hc	 1
chain	 1
_Nik	 1
impl	 1
ltura	 1
lzar	 1
AIDS.	 1
emps	 1
len	 1
'ou	 1
_"Pn	 1
lunde	 1
chu	 1
arbo	 1
plex	 1
_arr	 1
_irra	 1
oxid	 1
_sdr	 1
chat	 1
eumo	 1
_Far	 1
g'i	 1
avain	 1
nier_	 1
chell	 1
ient	 1
_Spe	 1
entel	 1
ngele	 1
_rea	 1
Luc_	 1
eda_	 1
ais_	 1
_nov	 1
_sb	 1
hh,	 1
scriv	 1
rtu	 1
onic	 1
duos_	 1
cil,_	 1
ien	 1
nzia	 1
ur._	 1
_Ed_	 1
_idea	 1
mett'	 1
rars	 1
neral	 1
coti	 1
_mia_	 1
Forsa	 1
vaina	 1
rlen	 1
schei	 1
Gion	 1
nist_	 1
ov?_	 1
_eter	 1
g'ins	 1
otin	 1
liug_	 1
Ang	 1
_sang	 1
afias	 1
'nü	 1
inde	 1
iros	 1
pren	 1
Met	 1
desp	 1
onn_	 1
cs,	 1
-ri	 1
_oze	 1
ng,_	 1
chm	 1
n'u	 1
unz	 1
sia	 1
stuo	 1
vlad	 1
®,_	 1
ard.	 1
_jeu	 1
onia"	 1
avion	 1
_"Qu	 1
ngio	 1
sbr	 1
xley	 1
ndsc	 1
uart	 1
pir_	 1
_mili	 1
samai	 1
edica	 1
_mia	 1
_gud	 1
man._	 1
_adün	 1
spero	 1
abs	 1
medic	 1
davo	 1
rbon	 1
dads	 1
ziain	 1
amal	 1
otor	 1
_sbr	 1
siu_	 1
arev	 1
i-gn	 1
stout	 1
r-hi	 1
ple_	 1
Bal	 1
ette	 1
cca	 1
ntine	 1
rd.	 1
siun_	 1
ainte	 1
IDA	 1
nseme	 1
ici	 1
sögn_	 1
essiu	 1
ticul	 1
pend	 1
egula	 1
emnas	 1
ppa	 1
flis	 1
isti	 1
na,_	 1
g:	 1
fic	 1
hilfa	 1
s'eng	 1
ever	 1
aun._	 1
_ma,	 1
ege	 1
_duo	 1
_gea_	 1
sets	 1
snic-	 1
ch'j	 1
dil	 1
gasch	 1
nsat	 1
cher,	 1
umon	 1
morts	 1
Fors	 1
üzer.	 1
ipa_	 1
rra._	 1
umoni	 1
agna	 1
Ba	 1
qua_	 1
ranza	 1
vlada	 1
Men_	 1
lvadi	 1
ll'ev	 1
Uschè	 1
rosta	 1
eles.	 1
uors_	 1
_Pede	 1
ierp_	 1
numn	 1
urtü	 1
magn	 1
ivin	 1
vad	 1
rap	 1
_tgie	 1
tard_	 1
ancu	 1
nts._	 1
-ton_	 1
egu	 1
ttai	 1
Re	 1
_femn	 1
mh	 1
_fots	 1
_subs	 1
a",_	 1
cede	 1
tsi'	 1
ntei	 1
gesc	 1
_bie	 1
Igl_	 1
deir_	 1
sü	 1
aile	 1
Alla	 1
listi	 1
_Ün	 1
oment	 1
Hu	 1
fe-	 1
um"_	 1
iond	 1
conta	 1
refli	 1
_plun	 1
nt._	 1
ozend	 1
üsa	 1
huma	 1
-to	 1
ilfas	 1
feno	 1
r-h	 1
_s'en	 1
pê	 1
_tou	 1
sist	 1
plaz	 1
h'il	 1
_arri	 1
engl	 1
tege	 1
tenu	 1
dun_	 1
hico_	 1
_glie	 1
g:_	 1
_Mh	 1
uip	 1
togra	 1
tivs	 1
tour	 1
AIDS	 1
_adü	 1
_d'en	 1
do	 1
irr	 1
mer	 1
unals	 1
rop	 1
eronz	 1
neda_	 1
uest	 1
viond	 1
dur_	 1
mnas	 1
_"Q	 1
uest_	 1
üsch	 1
imna	 1
lon	 1
mett	 1
cani	 1
_tras	 1
vl	 1
legia	 1
l._	 1
_Te	 1
gliö_	 1
suve	 1
ea_	 1
pel,	 1
zs	 1
fü	 1
iter	 1
epend	 1
buo	 1
f-ric	 1
A._	 1
pêr	 1
idea	 1
ica,	 1
_ie	 1
_naiv	 1
ost	 1
api	 1
gan_	 1
leg,_	 1
Mint	 1
_Sain	 1
ulla_	 1
deals	 1
ite	 1
ngi	 1
m".	 1
veram	 1
eprim	 1
erenz	 1
_Un	 1
uosc	 1
freid	 1
notg_	 1
ra-n	 1
rmu	 1
el._	 1
_qua_	 1
Ainte	 1
pêr_	 1
empro	 1
ual	 1
_cuor	 1
irs	 1
chuob	 1
_Larm	 1
det	 1
ges	 1
_Tge	 1
rimo	 1
di-gn	 1
ncs.	 1
nic-	 1
cotin	 1
En'an	 1
vent	 1
Monta	 1
impis	 1
press	 1
por	 1
emm	 1
rars.	 1
indes	 1
_avan	 1
teir	 1
)	 1
_mult	 1
Uss	 1
huob	 1
_gia_	 1
Ris	 1
liö_	 1
plu	 1
_trat	 1
chada	 1
gto	 1
sa._	 1
_ren	 1
bieg	 1
plazz	 1
les.	 1
anist	 1
amo	 1
ussai	 1
ntas	 1
öcca	 1
l'ari	 1
ga-t	 1
atia	 1
tat_	 1
usp	 1
ozs,_	 1
ivs	 1
_ahc_	 1
ikum"	 1
uc_	 1
re",_	 1
oint_	 1
chü	 1
bac,	 1
mode	 1
a-no	 1
ê	 1
pac	 1
lozs	 1
rezza	 1
ngle	 1
lazza	 1
"no	 1
equ	 1
esse	 1
a:	 1
_vart	 1
gei_	 1
s-	 1
rquei	 1
tagni	 1
na.	 1
tt'	 1
_ag	 1
mali	 1
_Mon	 1
Long	 1
ivla	 1
ainas	 1
sev	 1
_?d	 1
_s-ch	 1
_d'e	 1
ats,_	 1
pusp	 1
chag	 1
"Q	 1
suv	 1
L.A._	 1
icult	 1
dsch	 1
aing,	 1
plun	 1
sser_	 1
riva	 1
_gra	 1
rtier	 1
_enta	 1
ders,	 1
ele	 1
scher	 1
iug	 1
'n	 1
mnar_	 1
oblig	 1
chas_	 1
mem	 1
ildi	 1
ond_	 1
_En'a	 1
rche_	 1
sel	 1
ter,_	 1
tors	 1
uora_	 1
oteg	 1
em_	 1
term_	 1
monts	 1
_mu	 1
ues	 1
apir_	 1
_bieg	 1
onza_	 1
relm	 1
absö	 1
eral	 1
büs	 1
nterl	 1
breg	 1
mida	 1
ABS,	 1
tschi	 1
impi	 1
foto	 1
resch	 1
_comm	 1
entiv	 1
dì	 1
Utopi	 1
oga	 1
ö_	 1
_Ai	 1
renzi	 1
è,	 1
tor	 1
_XX	 1
bre	 1
_ston	 1
cour_	 1
_agl	 1
renfa	 1
tg'i	 1
_cal	 1
_Scu	 1
uni	 1
ars.	 1
Que	 1
hico	 1
hient	 1
Th	 1
giu_	 1
icil,	 1
_que_	 1
onia.	 1
osche	 1
egne	 1
impre	 1
sante	 1
capi	 1
_iera	 1
snic	 1
nt.	 1
_pli_	 1
uob	 1
chaiv	 1
sovie	 1
_"no	 1
uarti	 1
nfin	 1
-no	 1
faja	 1
_gea	 1
lex	 1
ivl	 1
gene	 1
lozs,	 1
cil,	 1
_nat	 1
tenz	 1
anar	 1
graff	 1
_duos	 1
hnas	 1
ques	 1
ozil	 1
i'l_	 1
dita	 1
spera	 1
_cuna	 1
assa	 1
t®,_	 1
exua	 1
rarch	 1
duos	 1
adina	 1
Alla_	 1
_Be	 1
Bobin	 1
criti	 1
ia",_	 1
rance	 1
gul	 1
alzer	 1
as,_	 1
i."_	 1
gnin	 1
-g	 1
Sa	 1
-n	 1
bsö	 1
rmain	 1
hent	 1
tüna_	 1
etg:_	 1
'equ	 1
_XXL	 1
ig_	 1
Risch	 1
eras	 1
_L.A	 1
diu	 1
omma	 1
quar	 1
neumo	 1
ildi_	 1
_ci	 1
ersis	 1
vain	 1
sbre	 1
spe_	 1
tane	 1
impel	 1
ort_	 1
arb	 1
stren	 1
eropo	 1
i'l	 1
iet._	 1
'je	 1
schn	 1
umo	 1
_liu	 1
fen	 1
_faja	 1
Larma	 1
urv	 1
_vot	 1
ret	 1
miu	 1
_scre	 1
tira_	 1
estiv	 1
_Lar	 1
lieu	 1
mant	 1
tren	 1
onda_	 1
ett'	 1
_asc	 1
h'jeu	 1
unsch	 1
senn_	 1
lagan	 1
vit	 1
tati	 1
_mod	 1
..._	 1
criv	 1
ria	 1
ar-hi	 1
Mot	 1
_sov	 1
Surt	 1
prece	 1
iva:	 1
s'an	 1
cert	 1
esta,	 1
iziu	 1
mans_	 1
escre	 1
nzch	 1
alm	 1
_con	 1
hiuns	 1
Sain	 1
_Af-r	 1
ecla	 1
ete	 1
_Balz	 1
tür	 1
buors	 1
ana	 1
chic	 1
mez_	 1
_Fors	 1
_nass	 1
erain	 1
meric	 1
sang	 1
i."	 1
iler	 1
_scar	 1
_om	 1
tent	 1
ulti	 1
_mett	 1
ga-	 1
_capi	 1
hüs	 1
air."	 1
Park_	 1
rqu	 1
dic	 1
enuta	 1
otsc	 1
eles	 1
lia	 1
ubst	 1
_/	 1
unzc	 1
enden	 1
rafi	 1
Rim	 1
list	 1
out	 1
ormul	 1
tsi'n	 1
arazi	 1
alze	 1
_ma,_	 1
tad,_	 1
tics	 1
alati	 1
_sch'	 1
Thoma	 1
hlaga	 1
_amal	 1
ivita	 1
parar	 1
impe	 1
aders	 1
ong	 1
El	 1
nsemm	 1
Schi	 1
issam	 1
ltic	 1
pudi	 1
re",	 1
Ped	 1
hc_	 1
enn	 1
ndave	 1
nsch	 1
pump	 1
eran_	 1
rk_	 1
loni	 1
erp_	 1
tout_	 1
i's	 1
Scu_	 1
quip	 1
Far	 1
furt	 1
iter,	 1
rote	 1
nnun	 1
eve	 1
ferm	 1
bl	 1
rm".	 1
mpres	 1
_tei	 1
_au	 1
numna	 1
adads	 1
tats	 1
asset	 1
_èn_	 1
üma	 1
hhm,_	 1
natür	 1
azia	 1
avo	 1
epi	 1
mosex	 1
_Cr	 1
bonic	 1
_exp	 1
rra.	 1
anog	 1
ecan	 1
nfin_	 1
chel_	 1
vot	 1
tard.	 1
ilit	 1
rna_	 1
sil_	 1
"C	 1
oda_	 1
sni	 1
ranc_	 1
_suv	 1
_uonn	 1
rpau_	 1
_pump	 1
indit	 1
_vot_	 1
_car	 1
tgel_	 1
_pazi	 1
bun_	 1
ariu	 1
mnas!	 1
_aint	 1
nicot	 1
_dils	 1
_domi	 1
ccal	 1
teri	 1
tagl	 1
ja_	 1
llas_	 1
mme	 1
xpre	 1
etad_	 1
mpar	 1
tos	 1
atür	 1
nas,_	 1
ud,	 1
_rim	 1
que_	 1
ecede	 1
ditg	 1
udiu_	 1
nel	 1
_Tge_	 1
_ASR	 1
_dil	 1
semme	 1
auter	 1
hatt	 1
_man.	 1
not	 1
pers	 1
ds,_	 1
nso	 1
anima	 1
ikum	 1
c-sna	 1
gla	 1
fur	 1
Can	 1
ilon	 1
_bun'	 1
liö	 1
unsc	 1
_tie	 1
_ferm	 1
c-s	 1
ilite	 1
sög	 1
ro!_	 1
dat_	 1
_angl	 1
Bob	 1
enn_	 1
Schi,	 1
tras_	 1
_Ena	 1
omens	 1
e",_	 1
comu	 1
enfa	 1
omun	 1
_tenu	 1
_Men	 1
urto	 1
tads_	 1
nts,_	 1
io_	 1
ontan	 1
schi'	 1
na._	 1
dads,	 1
_det	 1
_nai	 1
ser_	 1
Bea	 1
cunf	 1
rtizi	 1
hna	 1
ural	 1
mez	 1
reit	 1
sub	 1
_Risc	 1
