_	 1680
e	 486
a	 435
n	 264
o	 253
r	 235
t	 162
u	 146
i	 138
h	 134
l	 130
d	 122
a_	 111
z	 105
_a	 94
m	 91
_e	 91
g	 87
t_	 87
r_	 85
s	 84
v	 74
e_	 74
en	 72
k	 70
ou	 70
n_	 70
an	 68
b	 65
,	 65
,_	 64
'	 62
_d	 62
c	 62
.	 61
._	 60
et	 59
oa	 50
er	 50
'h	 50
p	 48
_g	 48
c'h	 48
c'	 48
ar	 47
ez	 47
_o	 46
ur	 43
et_	 41
_h	 38
nn	 37
_p	 36
ne	 36
nt	 36
ñ	 35
_m	 35
_k	 35
re	 34
ha	 33
_a_	 32
-	 32
ma	 32
de	 32
ra	 31
_e_	 31
_b	 30
s_	 29
nt_	 29
el	 28
be	 28
_c	 28
enn	 28
ho	 27
ur_	 27
l_	 27
w	 27
ve	 27
ar_	 26
zh	 25
he	 25
eu	 24
oa_	 24
añ	 24
_c'h	 24
_c'	 24
_oa	 23
d_	 23
_ma	 23
er_	 23
ant	 23
h_	 23
o_	 23
le	 23
_v	 23
z_	 23
ga	 23
ad	 23
ll	 22
ù	 22
_n	 22
an_	 22
_u	 22
où	 22
ke	 21
_ha	 21
_l	 21
_r	 21
ka	 21
al	 21
us	 21
em	 20
in	 20
_ga	 20
na	 19
our	 19
ro	 19
gan	 19
en_	 19
ù_	 19
où_	 19
me	 18
ao	 18
_t	 18
da	 18
ant_	 18
bo	 18
us_	 18
ñ_	 18
_gan	 18
on	 18
_oa_	 18
pe	 18
ezh	 17
di	 17
tr	 17
ze	 17
ue	 17
am	 17
ed	 17
la	 16
go	 16
g_	 16
_pe	 16
_ka	 16
m_	 16
_ur	 16
_de	 16
'ho	 16
_ur_	 16
_ar	 16
ab	 16
_c'ho	 15
hoa	 15
ae	 15
eus_	 15
_an	 15
_ne	 15
c'ho	 15
eus	 15
vez	 15
'hoa	 14
_ar_	 14
_ma_	 14
_be	 14
f	 14
ha_	 14
gant	 14
_di	 14
to	 14
ut	 14
añ_	 14
ma_	 14
_ha_	 14
out	 14
_ke	 14
?	 14
oue	 14
eg	 13
A	 13
ch	 13
iz	 13
vi	 13
?_	 13
n,_	 13
all	 13
c'hoa	 13
_s	 13
c'h_	 13
_gant	 13
_eu	 13
'h_	 13
bou	 13
n,	 13
iv	 13
_an_	 12
no	 12
va	 12
ta	 12
:_	 12
:	 12
ket_	 12
_eus_	 12
ri	 12
ni	 12
es	 12
M	 12
ket	 12
_da	 12
_eus	 12
st	 12
ed_	 11
vo	 11
we	 11
abou	 11
ber	 11
ez_	 11
_w	 11
ge	 11
abo	 11
ag	 11
un	 11
is	 11
P	 11
ec	 11
tra	 11
aou	 11
el_	 11
ne_	 11
_M	 11
oar	 11
_em	 11
gant_	 10
sk	 10
bour	 10
ev	 10
_i	 10
ad_	 10
_go	 10
io	 10
_P	 10
_f	 10
oz	 10
oc	 10
li	 10
gw	 10
abour	 10
_la	 10
av	 10
_ket_	 10
k_	 10
_en	 10
_ket	 10
out_	 9
'hoar	 9
zh_	 9
_A	 9
_o_	 9
ut_	 9
hi	 9
il	 9
pa	 9
labo	 9
hoar	 9
i_	 9
bet	 9
za	 9
ra_	 9
r,	 9
z,_	 9
_ra	 9
ent	 9
_ne_	 9
te	 9
r,_	 9
G	 9
labou	 9
_gw	 9
_bet	 9
lab	 9
z,	 9
wa	 8
j	 8
ie	 8
ive	 8
as	 8
che	 8
z.	 8
'he	 8
tra_	 8
ober	 8
ob	 8
ade	 8
nna	 8
_am	 8
nn_	 8
ec'h	 8
_en_	 8
at	 8
ba	 8
_G	 8
_labo	 8
eme	 8
E	 8
_lab	 8
_da_	 8
ko	 8
ent_	 8
gou	 8
our_	 8
rez	 8
_vo	 8
_d'	 8
etra	 8
etra_	 8
ec'	 8
_z	 8
da_	 8
obe	 8
eo	 8
etr	 8
do	 8
d'	 8
in_	 8
n.	 7
_hag_	 7
_ro	 7
or	 7
dr	 7
_ivez	 7
e._	 7
br	 7
ul	 7
_he	 7
re_	 7
ivez	 7
mz	 7
pr	 7
se	 7
z._	 7
hag	 7
_al	 7
ek	 7
c'he	 7
K	 7
_D	 7
_hag	 7
_iv	 7
ell	 7
D	 7
hag_	 7
_E	 7
_L	 7
it	 7
_pr	 7
n._	 7
rv	 7
L	 7
den	 7
e.	 7
lu	 7
ag_	 7
_ive	 7
ak	 7
enn_	 7
_.	 6
_K	 6
_gou	 6
rc'	 6
os	 6
lo	 6
Pe	 6
_em_	 6
_ober	 6
rc	 6
az	 6
ioù_	 6
her	 6
_bo	 6
denn	 6
_Pe	 6
ezh_	 6
_ob	 6
_bet_	 6
tre	 6
so	 6
rc'h	 6
'a	 6
ber_	 6
nk	 6
_me	 6
eg_	 6
tañ	 6
bour_	 6
_._	 6
wi	 6
rve	 6
fe	 6
ud	 6
war	 6
r.	 6
a-	 6
u_	 6
bet_	 6
uz	 6
e-	 6
one	 6
si	 6
U	 6
zi	 6
_obe	 6
ec'h_	 6
r._	 6
noz	 6
ioù	 6
ig	 6
ren	 6
ele	 6
em_	 6
_ev	 6
_U	 6
nne	 6
 	 6
eve	 6
ober_	 6
mi	 5
vel	 5
eza	 5
om	 5
_d'a	 5
ir	 5
oul	 5
_roc	 5
nd	 5
lec	 5
vez_	 5
hed	 5
_do	 5
as_	 5
petr	 5
_te	 5
met	 5
nno	 5
ava	 5
zo	 5
_e-	 5
_we	 5
ll_	 5
din	 5
oe	 5
An	 5
_br	 5
al_	 5
t,_	 5
gen	 5
ten	 5
_lur	 5
pet	 5
mze	 5
_An	 5
hu	 5
hon	 5
rezh	 5
_ho	 5
_so	 5
ann	 5
vel_	 5
gwi	 5
kae	 5
rie	 5
an,	 5
boa	 5
_La	 5
amm	 5
oc'	 5
ken	 5
oz_	 5
rak	 5
est	 5
a,_	 5
_pet	 5
e,_	 5
roc	 5
mañ	 5
mm	 5
petra	 5
d'a	 5
_wa	 5
ia	 5
an,_	 5
oc'h	 5
ez.	 5
e,	 5
_war	 5
ezho	 5
enno	 5
_tr	 5
'ha	 5
ei	 5
aden	 5
on_	 5
net	 5
l.	 5
_din	 5
dro	 5
rae	 5
_pa	 5
lec'	 5
len	 5
_ou	 5
La	 5
lec'h	 5
lou	 5
l._	 5
t,	 5
zho	 5
_petr	 5
rn	 5
pl	 5
ss	 5
iz,_	 5
a,	 5
adenn	 5
iz,	 5
_lu	 5
po	 5
c'ha	 5
lur	 5
Me	 4
tañ_	 4
ur.	 4
_amz	 4
zer	 4
mzer	 4
_Mo	 4
dezh	 4
nn,_	 4
unan	 4
Ga	 4
oazh	 4
_pl	 4
_gani	 4
all_	 4
_pre	 4
gani	 4
fes	 4
mm_	 4
oan	 4
uel	 4
_amze	 4
et,_	 4
anin	 4
ere	 4
pre	 4
_Ann	 4
erc'	 4
oud	 4
et,	 4
ae_	 4
_er_	 4
enn,_	 4
Ann	 4
ched	 4
ñ._	 4
wel	 4
dan	 4
ze_	 4
ari	 4
iñ	 4
_un	 4
_fe	 4
h.	 4
ner	 4
_a-	 4
_va	 4
iz_	 4
tenn	 4
oc'h_	 4
-b	 4
had	 4
ll.	 4
azh	 4
_po	 4
'ar	 4
am_	 4
her_	 4
_no	 4
_war_	 4
oude	 4
_rae	 4
oari	 4
Anna	 4
lle	 4
_gwi	 4
uen	 4
ñv	 4
-s	 4
llo	 4
met_	 4
amm_	 4
kam	 4
_er	 4
_kae	 4
amzer	 4
_vi	 4
hoaz	 4
ol	 4
añ.	 4
ist	 4
_Y	 4
roch	 4
'ar_	 4
zañ	 4
nin	 4
boa_	 4
_*	 4
-d	 4
enne	 4
añ._	 4
och	 4
_dezh	 4
men	 4
eo_	 4
he_	 4
ezañ	 4
r-	 4
dez	 4
enn,	 4
oaz	 4
Y	 4
deu	 4
oched	 4
ll._	 4
eb	 4
-se	 4
_all	 4
ganin	 4
eze	 4
_eo	 4
ouel	 4
_hi	 4
_Me	 4
lenn	 4
roche	 4
oad	 4
h._	 4
_:	 4
ur,_	 4
_noz	 4
ñ.	 4
nn,	 4
ac'h	 4
_eve	 4
net_	 4
_dez	 4
_out	 4
una	 4
mañ_	 4
nan	 4
ac'	 4
_Anna	 4
oñ	 4
erc	 4
oche	 4
ek_	 4
_ge	 4
-m	 4
at_	 4
hoazh	 4
t-	 4
v_	 4
ched_	 4
ur._	 4
_:_	 4
ac	 4
amze	 4
un_	 4
ani	 4
_deu	 4
rc'he	 4
amz	 4
kou	 4
isk	 4
ska	 4
'hoaz	 4
vez.	 4
ez._	 4
_boa_	 4
oar_	 4
_roch	 4
Mo	 4
ni_	 4
_boa	 4
hed_	 4
*	 4
_dr	 4
war_	 4
ude	 4
erc'h	 4
ur,	 4
_ve	 4
rvez	 4
_ch	 4
mp	 4
hoari	 4
tou	 3
_voe	 3
ech	 3
'her	 3
_pa_	 3
l-	 3
_he_	 3
pel	 3
rae_	 3
y	 3
_eg	 3
ene	 3
ennoù	 3
fest	 3
-un	 3
ivez_	 3
_am_	 3
fest-	 3
_kav	 3
hun	 3
sko	 3
_aba	 3
zhon	 3
aer	 3
wisk	 3
t?	 3
_un_	 3
rt	 3
vo_	 3
rz	 3
ben	 3
avat	 3
ern	 3
a-b	 3
Evi	 3
_le	 3
ras_	 3
_*_	 3
inda	 3
_kaer	 3
ouen	 3
wiska	 3
_dind	 3
ñj	 3
euz	 3
zhone	 3
de_	 3
wec	 3
_ab	 3
kaer	 3
evel_	 3
oneg_	 3
*_	 3
_to	 3
ua	 3
ini_	 3
ak_	 3
nemet	 3
our,_	 3
d'ar	 3
_eo_	 3
_Petr	 3
hone	 3
_soñj	 3
euze	 3
emen	 3
vit_	 3
lout_	 3
Petr	 3
V	 3
c'her	 3
lij	 3
keme	 3
indan	 3
_deus	 3
Pet	 3
l,_	 3
nad	 3
ouel_	 3
vat	 3
fa	 3
omz	 3
enna	 3
mzer_	 3
mo	 3
arie	 3
noù_	 3
ema	 3
oude_	 3
-una	 3
pli	 3
evi	 3
goù	 3
zañ,	 3
añ,	 3
ras	 3
_Ur_	 3
all.	 3
H	 3
eri	 3
uze	 3
hini	 3
rr	 3
it_	 3
_hini	 3
_fes	 3
Ev	 3
Gall	 3
skou	 3
_Gal	 3
evel	 3
ont	 3
soñ	 3
_Ur	 3
zha	 3
oñj	 3
_goue	 3
ti	 3
ment	 3
ind	 3
B	 3
gent	 3
ac'h_	 3
Gal	 3
_mi	 3
_Ev	 3
_pli	 3
ezhon	 3
_Ke	 3
all._	 3
_ema	 3
og	 3
iska	 3
_Evi	 3
_al_	 3
_fest	 3
hi_	 3
d'ar_	 3
llou	 3
goue	 3
sp	 3
ki	 3
_d'ar	 3
Ya	 3
_vo_	 3
var	 3
Ur_	 3
ho_	 3
oio	 3
era	 3
rou	 3
dinda	 3
_fa	 3
neg	 3
_ba	 3
a._	 3
nda	 3
s,	 3
Da	 3
ezañ,	 3
ij	 3
_tra	 3
ezha	 3
_rae_	 3
red	 3
neme	 3
oioù_	 3
Petra	 3
kan	 3
_Gall	 3
pa_	 3
ui	 3
sto	 3
nnoù_	 3
honeg	 3
zañ,_	 3
nnoù	 3
our,	 3
je	 3
ini	 3
_tu	 3
soñj	 3
dei	 3
noù	 3
ouez	 3
-u	 3
_li	 3
roi	 3
_hin	 3
Ke	 3
emet	 3
_Ya	 3
llout	 3
emp	 3
-dr	 3
kem	 3
st-	 3
hen	 3
añ,_	 3
-unan	 3
oi	 3
plij	 3
du	 3
lout	 3
oen	 3
aba	 3
nañ	 3
eiz	 3
uel_	 3
kav	 3
_neme	 3
_c'he	 3
_nem	 3
a.	 3
ama	 3
(	 3
_pren	 3
ivez.	 3
gwisk	 3
_soñ	 3
nem	 3
Ur	 3
ñ,_	 3
hini_	 3
_(	 3
vou	 3
ger	 3
est-	 3
_Pet	 3
oan_	 3
ug	 3
_mo	 3
gouel	 3
s,_	 3
deus	 3
ru	 3
'o	 3
wis	 3
MA	 3
_Ga	 3
iñ_	 3
pren	 3
ude_	 3
_pel	 3
kemen	 3
_all.	 3
deiz	 3
l,	 3
voe	 3
_B	 3
-dro	 3
_keme	 3
deus_	 3
)	 3
uez	 3
zad	 3
_evel	 3
zer_	 3
es_	 3
ñ,	 3
ment_	 3
oz,	 3
ndan	 3
bre	 3
il_	 3
gwis	 3
tu	 3
eue	 3
hin	 3
_plij	 3
dind	 3
oz,_	 3
roio	 3
_Da	 3
vit	 3
alle	 3
erve	 3
ssi	 3
hoar_	 3
isto	 3
_gwis	 3
erv	 3
neg_	 3
_kem	 3
wen	 3
t?_	 3
oioù	 3
ement	 3
roioù	 3
rezho	 3
vez._	 3
oad_	 3
benn	 3
viz	 3
oneg	 3
mez	 3
oarie	 3
ita	 2
goù_	 2
rezh_	 2
Gw	 2
_pell	 2
sess	 2
arn	 2
st-no	 2
_mam	 2
id	 2
arc	 2
ijet	 2
Anna_	 2
ulen	 2
zo_	 2
ot	 2
eur	 2
tre_	 2
ran	 2
_Les_	 2
'houl	 2
_c'ha	 2
vet_	 2
a-be	 2
ifs:_	 2
_emez	 2
brezh	 2
_MA-u	 2
_kam	 2
ù,	 2
zhi	 2
kave	 2
dao	 2
ir_	 2
wreg	 2
enet	 2
elec	 2
vis	 2
bel	 2
lav	 2
ezhañ	 2
aoue	 2
agent	 2
_Mer	 2
_gwa	 2
trao	 2
c'hou	 2
banne	 2
bet,	 2
fs:_	 2
klevi	 2
gor	 2
kenn	 2
fs:	 2
brez	 2
ekenn	 2
_pe_	 2
aoù	 2
road_	 2
izi	 2
get	 2
'hr	 2
_siz	 2
emez	 2
ll-	 2
_e-le	 2
ad,_	 2
bad	 2
na_	 2
beza	 2
_brez	 2
_Yann	 2
gom	 2
dad	 2
_son	 2
rtoz_	 2
agen	 2
nna_	 2
age	 2
du_	 2
adego	 2
pell	 2
egoù	 2
ank	 2
_gen	 2
goud	 2
et?	 2
_Evit	 2
unan_	 2
_ruz	 2
-lec	 2
e-lec	 2
nin_	 2
ul_	 2
-me	 2
enk	 2
avout	 2
_avat	 2
Ko	 2
Merc'	 2
ane	 2
Ha_	 2
_pez	 2
aman	 2
veze	 2
'e	 2
A-un	 2
plije	 2
pla	 2
en.	 2
c'hw	 2
fi	 2
nan,	 2
le_	 2
uro	 2
i.	 2
emp_	 2
_kan	 2
pe_	 2
liz	 2
enn._	 2
aout	 2
_bra	 2
ervel	 2
_zo	 2
skama	 2
ou_	 2
rioù_	 2
ng	 2
ort	 2
_S	 2
oner	 2
ma,	 2
ake	 2
rie_	 2
bann	 2
'hwe	 2
hou	 2
e-l	 2
outañ	 2
klev	 2
fs	 2
_Gou	 2
_deiz	 2
/_	 2
A-u	 2
l-dr	 2
tred	 2
rvel	 2
evis_	 2
_bet,	 2
Piv_	 2
_mamm	 2
ich	 2
stor-	 2
_dir	 2
_kamm	 2
_mell	 2
div	 2
sizhu	 2
_Go	 2
rvel_	 2
_bou	 2
nade	 2
kama	 2
oazh_	 2
mp_	 2
ifs:	 2
_Un_	 2
'obe	 2
_dao	 2
tañ.	 2
r-se	 2
kamm	 2
_oc	 2
ban	 2
iskam	 2
if	 2
bras	 2
hoarv	 2
st-n	 2
-se.	 2
ze,_	 2
'hou	 2
A-una	 2
zil	 2
dre	 2
pem	 2
_ze	 2
doa	 2
nac	 2
p_	 2
teu	 2
vet	 2
_ta	 2
Le	 2
orto	 2
_ae	 2
aez	 2
_ver	 2
eda	 2
divi	 2
aet	 2
_za	 2
gal	 2
Pera	 2
_kle	 2
_kao	 2
Ar_	 2
A-	 2
_ist	 2
Gou	 2
poss	 2
evis	 2
d?	 2
ied	 2
_c'hr	 2
droa	 2
tal	 2
sif	 2
deiz,	 2
abade	 2
rne	 2
pen	 2
oge	 2
Da_	 2
ic	 2
vezh	 2
rtoz	 2
ebr	 2
Ar	 2
_lur.	 2
uh	 2
arvez	 2
en,_	 2
Di	 2
_bann	 2
non	 2
ntañ	 2
_Di	 2
Pl	 2
hek	 2
vout	 2
elen	 2
 ?	 2
'ober	 2
noz,_	 2
_viz_	 2
toù	 2
adeg	 2
kaman	 2
voen	 2
zhu	 2
Perak	 2
_Met	 2
bra	 2
ell-	 2
_?	 2
MA-un	 2
avat_	 2
mam	 2
el,	 2
had_	 2
essi	 2
bezañ	 2
_kl	 2
;_	 2
Mou	 2
_Da_	 2
vag	 2
;	 2
uhez	 2
baden	 2
din_	 2
neuz	 2
zv	 2
dre_	 2
arc'	 2
_Mou	 2
-h	 2
outa	 2
wech	 2
_hon_	 2
oazh.	 2
s:	 2
rak_	 2
_Pl	 2
_Gw	 2
avou	 2
mell-	 2
_eget	 2
'hall	 2
_bras	 2
oarve	 2
dek_	 2
MA-	 2
iche	 2
c'hal	 2
posse	 2
road	 2
gl	 2
_vag	 2
droi	 2
mell	 2
vin	 2
voen_	 2
man	 2
ello	 2
istor	 2
hall	 2
_neu	 2
sses	 2
gwa	 2
Gallo	 2
ruz	 2
_din_	 2
lev	 2
_Le	 2
sifs:	 2
-le	 2
kaer_	 2
ili	 2
sse	 2
_is	 2
c'hel	 2
-droa	 2
C	 2
in,_	 2
raoù	 2
_che	 2
ave	 2
eken	 2
_droi	 2
mamm_	 2
kamm_	 2
kant	 2
Piv	 2
er,	 2
_Met_	 2
pri	 2
hw	 2
or-	 2
_oc'	 2
zade	 2
pou	 2
_Les	 2
zhañ	 2
zhun	 2
ije	 2
mel	 2
son	 2
_ege	 2
bro	 2
gorto	 2
et?_	 2
aze	 2
utañ	 2
ie_	 2
evez	 2
vr	 2
_/_	 2
oarv	 2
Un_	 2
iv_	 2
_wec	 2
vat_	 2
gort	 2
tañ._	 2
nac'h	 2
pezh	 2
im	 2
stor	 2
s:_	 2
ste	 2
_y	 2
pezh_	 2
ouro	 2
err	 2
_neuz	 2
penn	 2
_wenn	 2
d?_	 2
_voen	 2
denn_	 2
_doa_	 2
_pos	 2
deg	 2
ses	 2
_ul_	 2
azh.	 2
lur_	 2
siz	 2
Yan	 2
uen_	 2
_pri	 2
sessi	 2
ivi	 2
_Per	 2
dego	 2
ll-d	 2
droad	 2
_si	 2
_V	 2
el,_	 2
bade	 2
oen_	 2
dis	 2
skam	 2
bez	 2
er,_	 2
icher	 2
i._	 2
_Merc	 2
us,_	 2
_a-b	 2
_ru	 2
_lur_	 2
jet	 2
oure	 2
is_	 2
pour	 2
_du_	 2
_met_	 2
gomz	 2
_zo_	 2
_klev	 2
allou	 2
iad	 2
Un	 2
_gl	 2
_pezh	 2
kl	 2
noz,	 2
hr	 2
'hi	 2
rene	 2
ssess	 2
ezho_	 2
kant_	 2
Les	 2
ed?	 2
_goud	 2
_trao	 2
_dei	 2
ouen_	 2
_?_	 2
uhe	 2
_Yan	 2
_Goue	 2
iliz	 2
_gort	 2
nn._	 2
don	 2
wre	 2
wr	 2
nnet	 2
_chek	 2
aer_	 2
Go	 2
mil_	 2
_pemp	 2
rio	 2
'her_	 2
kle	 2
_du	 2
mant_	 2
rto	 2
sifs	 2
lh	 2
_nac'	 2
ena	 2
anin_	 2
où,_	 2
lur._	 2
wele	 2
se.	 2
lus	 2
_nac	 2
_wech	 2
ed?_	 2
),	 2
Ha	 2
levi	 2
_met	 2
_MA-	 2
_abad	 2
onere	 2
-noz	 2
oua	 2
eiz,	 2
neu	 2
_oc'h	 2
vout_	 2
hwe	 2
_ul	 2
uhez_	 2
_dis	 2
neuze	 2
cher	 2
ad,	 2
_oan	 2
essif	 2
hal	 2
dir	 2
osses	 2
cher_	 2
nañ_	 2
iou	 2
houle	 2
mamm	 2
nta	 2
-ma	 2
nto	 2
emañ	 2
'hal	 2
ù,_	 2
heken	 2
eke	 2
en._	 2
nere	 2
nin,_	 2
'ob	 2
où,	 2
S	 2
/	 2
_ber	 2
_dre_	 2
_tenn	 2
hez	 2
vage	 2
kao	 2
emeza	 2
aou_	 2
_ten	 2
_zi	 2
zh._	 2
nko	 2
ik	 2
amant	 2
D'	 2
erak	 2
abad	 2
unan,	 2
lijet	 2
neo	 2
vis_	 2
der	 2
rioù	 2
us,	 2
are	 2
_emañ	 2
viz_	 2
_mil	 2
oug	 2
renet	 2
anin,	 2
mezañ	 2
arve	 2
leg	 2
wir	 2
uan	 2
toz	 2
_bre	 2
hez_	 2
_vage	 2
d,	 2
erezh	 2
ssif	 2
ma,_	 2
gr	 2
Mer	 2
kenn_	 2
pez	 2
_ava	 2
ifs	 2
_gwel	 2
t-n	 2
oss	 2
enet_	 2
_hon	 2
ll-dr	 2
lur.	 2
bras_	 2
uta	 2
pemp	 2
-se._	 2
_fi	 2
euze_	 2
Per	 2
_gwe	 2
enn.	 2
arz	 2
erez	 2
_ec	 2
mou	 2
arie_	 2
Les_	 2
toz_	 2
t-noz	 2
arc'h	 2
n-	 2
Merc	 2
uet	 2
en,	 2
se._	 2
pos	 2
Pi	 2
azh._	 2
izhu	 2
_outa	 2
c'hwe	 2
_tre	 2
_sizh	 2
_sk	 2
kon	 2
hañ	 2
oe_	 2
sta	 2
pemp_	 2
gi	 2
_Pera	 2
dezho	 2
erne	 2
_Ar_	 2
rez_	 2
cheke	 2
bour,	 2
ner_	 2
bet,_	 2
_T	 2
ver	 2
_kave	 2
Goue	 2
Met_	 2
ous	 2
lije	 2
allo	 2
arni	 2
_isto	 2
sten	 2
nan_	 2
in,	 2
Met	 2
_teu	 2
elec'	 2
emañ_	 2
gent_	 2
ell-d	 2
utañ_	 2
osse	 2
_av	 2
"	 2
tor-	 2
sizh	 2
nac'	 2
avar	 2
oulen	 2
_poss	 2
_ma,	 2
ulenn	 2
ege	 2
rni	 2
_eme	 2
_Ar	 2
e-le	 2
c'hi	 2
d,_	 2
_mou	 2
_mil_	 2
t-no	 2
houl	 2
j_	 2
_MA	 2
nin,	 2
tour	 2
ortoz	 2
traoù	 2
nan,_	 2
_dro	 2
oule	 2
ess	 2
nerez	 2
ost	 2
ont_	 2
-lec'	 2
_Un	 2
_hen	 2
_wen	 2
_dre	 2
oll	 2
det	 2
arv	 2
uze_	 2
emet_	 2
dan_	 2
chek	 2
wenn	 2
vu	 2
_vu	 2
_gor	 2
est-n	 2
reg	 2
T	 2
l-d	 2
hel	 2
heke	 2
_tud	 2
Evit_	 2
_viz	 2
denno	 2
berr	 2
meza	 2
_D'	 2
tor	 2
dek	 2
azh_	 2
herv	 2
ndan_	 2
-no	 2
gwel	 2
goude	 2
_e-l	 2
_re	 2
-n	 2
ret_	 2
Evit	 2
ig_	 2
nn.	 2
hon_	 2
mil	 2
droio	 2
-l	 2
urv	 2
ret	 2
_oan_	 2
mant	 2
doa_	 2
gwe	 2
ria	 2
_ban	 2
tud	 2
_na	 2
ego	 2
ssifs	 2
ule	 2
ana	 2
roa	 2
ennet	 2
vagen	 2
_/	 2
ilh	 2
c'hr	 2
degoù	 2
_ma,_	 2
levis	 2
Yann	 2
ure	 2
_kant	 2
noz_	 2
rc'ha	 2
_c'hw	 2
_pem	 2
eget	 2
avo	 2
tal_	 2
izhun	 2
_mel	 2
'hw	 2
l-dro	 2
'hel	 2
zho_	 2
_C	 2
-be	 2
r-s	 2
eñ	 2
eiz,_	 2
_doa	 2
bao	 2
dezha	 2
rao	 2
izh	 2
ze,	 2
zh.	 2
ezhi	 2
MA-u	 2
anne	 2
herve	 2
roue	 2
_ 	 1
AV_	 1
vec	 1
lz	 1
_evi	 1
eañ_	 1
ion_	 1
ennon	 1
af	 1
ck,	 1
_Piv	 1
bele	 1
t ?	 1
_cha	 1
edon	 1
'herv	 1
roù_	 1
_n'e	 1
diaz	 1
hio	 1
eb.	 1
-ha	 1
ol.	 1
KE	 1
viz,_	 1
_Chab	 1
liz_	 1
oad,	 1
_Vras	 1
ron	 1
_daou	 1
jo	 1
atoù_	 1
(bez	 1
'am_	 1
gei	 1
_Bua	 1
gêr	 1
_des	 1
stenn	 1
Neuz	 1
paee	 1
vere	 1
uzhpe	 1
lgo	 1
aosk	 1
Laou	 1
lsko	 1
hun.	 1
iet	 1
aoul	 1
goll	 1
_lide	 1
zvou	 1
int_	 1
_skou	 1
Am	 1
Mikae	 1
_gerv	 1
arnia	 1
en-dr	 1
Lan	 1
nneoù	 1
toù-	 1
ioue	 1
erze	 1
bisto	 1
waz	 1
gleb.	 1
Mouli	 1
lur,_	 1
rdivi	 1
_toui	 1
liou	 1
mza	 1
win	 1
_lip	 1
ide	 1
oñjen	 1
Gant_	 1
_Ul_	 1
zabel	 1
o._	 1
_nev	 1
_buh	 1
izik.	 1
onkon	 1
_da-	 1
nekoc	 1
ouank	 1
vn	 1
hoge	 1
elt	 1
dj	 1
_vr	 1
zad_	 1
vned_	 1
_derc	 1
uiñ_	 1
_benn	 1
ulsk	 1
ramb	 1
and	 1
urme	 1
alz.	 1
gwell	 1
kavou	 1
ngr	 1
Kera	 1
nañ.	 1
eriañ	 1
od	 1
k._	 1
Mik	 1
reve	 1
ourva	 1
iviz	 1
)_	 1
_e-b	 1
_out_	 1
_diz	 1
h!	 1
tud_	 1
plas_	 1
egoù_	 1
lha	 1
_tam	 1
'hel_	 1
aret	 1
chom_	 1
ijet_	 1
den_	 1
_D'a	 1
zhun_	 1
neko	 1
urva	 1
uar	 1
_ospi	 1
et.	 1
toenn	 1
aoude	 1
zou	 1
gavo	 1
det,_	 1
_zebr	 1
iaze	 1
ndiv	 1
t-d	 1
Mi	 1
nnañ	 1
dizim	 1
red_	 1
ler,	 1
_mic	 1
zh!	 1
goune	 1
oulsk	 1
rre._	 1
gant:	 1
Bu	 1
teni	 1
Gouer	 1
st-d	 1
hra	 1
bous_	 1
_sone	 1
wel_	 1
_san	 1
Monko	 1
golle	 1
me,_	 1
_Piv_	 1
Laket	 1
_kim	 1
nnus,	 1
nkon	 1
soñj.	 1
Lava	 1
gein	 1
hoant	 1
ia.	 1
ti._	 1
nw	 1
Ploug	 1
genta	 1
priñs	 1
_cho	 1
_Et	 1
_aes	 1
_Yez	 1
-bar	 1
d'e	 1
kalz	 1
_Pre	 1
nkfe	 1
sion	 1
me'o	 1
 ?_	 1
"c	 1
lid	 1
doù	 1
uger	 1
ata	 1
daou_	 1
led_	 1
porpa	 1
_d'o	 1
Kom	 1
D'ar_	 1
doñva	 1
_(Kor	 1
_ruz.	 1
blu	 1
rte	 1
oñje	 1
ikael	 1
buhe	 1
Et	 1
nna.	 1
rev	 1
aezh!	 1
agad_	 1
ar-s	 1
'had	 1
_me'o	 1
varet	 1
diou	 1
nkiz	 1
vign	 1
_diwa	 1
habo	 1
zim	 1
gale	 1
omp._	 1
ebre	 1
Neuze	 1
_Azi	 1
êr,_	 1
_gour	 1
gleb	 1
spar.	 1
_Kera	 1
kablu	 1
_« H	 1
tke	 1
tolen	 1
rdi	 1
zoa	 1
kelt	 1
azed_	 1
ue?_	 1
_Plou	 1
_anv-	 1
vuga	 1
diwar	 1
a-u	 1
ried_	 1
zebr	 1
k?_	 1
_bro	 1
aeet_	 1
baotr	 1
lr_	 1
_Moug	 1
ber)_	 1
nat	 1
ezh!_	 1
_dek_	 1
arier	 1
_ouz	 1
vich	 1
c'h._	 1
ihu	 1
_gi	 1
sona	 1
kalz.	 1
eram	 1
lann	 1
ospit	 1
_diw	 1
_vra	 1
_hu	 1
stole	 1
tken	 1
Korej	 1
ouiñ	 1
ar?	 1
-me._	 1
nnak_	 1
on-me	 1
_dou	 1
kavo	 1
gall	 1
jet_	 1
-de	 1
_zeue	 1
aoula	 1
on.	 1
imia	 1
rne._	 1
diw	 1
aet?_	 1
chu_	 1
tor-s	 1
fes_	 1
rpan	 1
mat	 1
abel,	 1
broio	 1
_osp	 1
_huñv	 1
k,_	 1
est-d	 1
artez	 1
_vin	 1
me'	 1
_Sone	 1
rol	 1
debre	 1
c'han	 1
alu	 1
oñj.	 1
nt:	 1
vare	 1
_«	 1
nnad.	 1
_d'an	 1
peogw	 1
ezhad	 1
don_	 1
plan	 1
atenn	 1
_pro	 1
oare	 1
_yaou	 1
pat	 1
disko	 1
euit	 1
waze	 1
eske	 1
rvezo	 1
zili	 1
ded	 1
_genl	 1
zik._	 1
pele	 1
êr,	 1
oskan	 1
usk	 1
_list	 1
leur.	 1
gno	 1
grae	 1
N	 1
_os	 1
_"c'h	 1
'eo_	 1
_Gwi	 1
sket_	 1
lz._	 1
plij_	 1
 Ha	 1
priñ	 1
uz._	 1
ulio	 1
Plr_	 1
koude	 1
dan,_	 1
hwek	 1
igo	 1
añv	 1
uet_	 1
va,	 1
ime	 1
mp.	 1
flo	 1
zvezh	 1
ndern	 1
uzh	 1
uere	 1
tk	 1
isp	 1
or-s	 1
eramb	 1
stal_	 1
aten	 1
lh,_	 1
fizik	 1
nnig:	 1
u),_	 1
ae-eñ	 1
re,	 1
'h-me	 1
_vere	 1
_gr	 1
aesoc	 1
_disp	 1
_dori	 1
ck,_	 1
Izabe	 1
skinw	 1
ivez 	 1
_Ko	 1
kouls	 1
vezh_	 1
-z	 1
tu_	 1
_toe	 1
tie	 1
a;_	 1
zhp	 1
elen_	 1
_raio	 1
_d'h	 1
añ?	 1
_da-u	 1
udek_	 1
_dad_	 1
prou	 1
aout,	 1
ern_	 1
dede	 1
ariv	 1
lm_	 1
debr	 1
_lava	 1
endi	 1
yen.	 1
t ?_	 1
neomp	 1
pi	 1
oz.	 1
_tren	 1
eogw	 1
etoc	 1
_Yezh	 1
nek	 1
uti_	 1
rav	 1
noa	 1
tar?	 1
lli	 1
mper	 1
kent_	 1
darr	 1
leg_	 1
hoalu	 1
_grae	 1
_roz	 1
mzad	 1
_echu	 1
da-	 1
_tos	 1
doù_	 1
_Moge	 1
lañ	 1
'hwec	 1
ji	 1
noad,	 1
enke	 1
ravat	 1
ada	 1
_Eu	 1
tost	 1
erak?	 1
_mal	 1
vugal	 1
bel,_	 1
-berr	 1
_heg	 1
mat-	 1
ñvr	 1
lloù	 1
netoc	 1
_a-bo	 1
n'eo	 1
tenna	 1
ouzh	 1
-se,_	 1
ir,_	 1
er.	 1
aet?	 1
proue	 1
ñvaa	 1
vne	 1
san	 1
huñv	 1
lus_	 1
rafes	 1
urez	 1
laosk	 1
ni.	 1
eget_	 1
oant_	 1
nv	 1
z ? 	 1
avet	 1
Gwene	 1
_mat-	 1
nevez	 1
_diaz	 1
_zao	 1
_peog	 1
_« Ha	 1
raf	 1
ouarn	 1
_laos	 1
Te	 1
nwel_	 1
_ra_	 1
_Pr	 1
ren_	 1
_Iz	 1
iga	 1
_Br	 1
_Test	 1
ro?	 1
-zo	 1
aket	 1
Amañ	 1
_koul	 1
ria._	 1
aet_	 1
vinko	 1
_vez	 1
_ac'h	 1
D'obe	 1
fel	 1
hrav	 1
Daou	 1
ar-	 1
_H	 1
ha-be	 1
rni.	 1
abe	 1
_fae	 1
viche	 1
von	 1
soc	 1
_der	 1
oñj_	 1
*Piv_	 1
lled	 1
-hi_	 1
mal	 1
zilha	 1
"c'hi	 1
pit	 1
nneto	 1
arte	 1
anki	 1
_se	 1
stañ	 1
),_	 1
raet	 1
gêr,_	 1
'hed	 1
c'has	 1
Moger	 1
_Er	 1
ozv	 1
Pren	 1
'hig_	 1
_gêr,	 1
heg_	 1
trake	 1
hp	 1
tred?	 1
ut,	 1
dont	 1
l-se	 1
n-d	 1
hed?	 1
Teste	 1
_kre	 1
diviz	 1
lav_	 1
aes	 1
_hoa	 1
ori	 1
kañ_	 1
evned	 1
y-	 1
gen_	 1
outi_	 1
rae-e	 1
soc'	 1
ous_	 1
e-mae	 1
Yezh	 1
uga	 1
d'obe	 1
rva	 1
voe_	 1
ndivi	 1
vezhi	 1
vestr	 1
_ao	 1
anta	 1
_rin	 1
nnek	 1
ni._	 1
enner	 1
as,	 1
_spla	 1
h-me.	 1
_gita	 1
emao	 1
_ded	 1
inwel	 1
neoù_	 1
_digo	 1
nañ._	 1
metke	 1
h,_	 1
lañv	 1
eze_	 1
bed	 1
habou	 1
etañ	 1
nna._	 1
_toen	 1
dad_	 1
oñv	 1
end	 1
niad_	 1
gn	 1
g._	 1
ez,_	 1
_Vr	 1
varc'	 1
ntañ_	 1
ona	 1
soñj_	 1
_gwre	 1
j._	 1
gwall	 1
uez._	 1
ngo	 1
mouez	 1
ñ?	 1
_Lak	 1
 Gant	 1
a-bo	 1
jen	 1
_Div	 1
c'had	 1
teue	 1
nkoù	 1
vezou	 1
avare	 1
ken,	 1
ruz._	 1
rne_	 1
derne	 1
wir_	 1
Bua	 1
Prene	 1
boued	 1
ilh,_	 1
aez_	 1
mall_	 1
kimi	 1
omzoù	 1
wenn_	 1
Div	 1
lide	 1
kiz,_	 1
enken	 1
eleg.	 1
gwr	 1
EA	 1
iek_	 1
Etr	 1
_lez	 1
Brezh	 1
_« 	 1
arzh	 1
zet	 1
ulsko	 1
_pou	 1
_Mi	 1
bel,	 1
uñv	 1
ambe	 1
zvoue	 1
urvez	 1
oc'h.	 1
zout	 1
-me.	 1
y-hi	 1
kaou	 1
sello	 1
lleu	 1
las_	 1
imezi	 1
_oa:	 1
ñvaat	 1
dor	 1
iskou	 1
wazed	 1
pell,	 1
mañ?_	 1
gall_	 1
ant:	 1
onade	 1
eñ_	 1
_C'h	 1
ipa	 1
rme	 1
usk_	 1
Komze	 1
imez	 1
bet?_	 1
_bed	 1
gle	 1
teil_	 1
zilh	 1
vid	 1
onto	 1
Lav	 1
_moue	 1
_ya	 1
a-un	 1
ñvdio	 1
ouar	 1
_kabl	 1
zeañ	 1
_ye	 1
c'hre	 1
_warn	 1
ouls	 1
I	 1
anv-s	 1
renañ	 1
r-ma	 1
ign	 1
nnata	 1
jou),	 1
_gê	 1
llin	 1
c'hig	 1
oue._	 1
ousk	 1
_ G	 1
enn"	 1
_pa,_	 1
ac'ha	 1
rnia	 1
t 	 1
adu	 1
skañ_	 1
a'z	 1
mper_	 1
où-r	 1
_desk	 1
oto	 1
en-d	 1
estre	 1
-ruil	 1
entañ	 1
ebret	 1
ezeañ	 1
ilh,	 1
verz	 1
soc'h	 1
Hir	 1
edenn	 1
adur_	 1
Son	 1
kinwe	 1
mañ?	 1
aven	 1
daol.	 1
kfen	 1
Dive	 1
ndana	 1
-mañ	 1
_KEA	 1
Eu	 1
'he_	 1
sion_	 1
daou	 1
enn 	 1
este	 1
gile_	 1
spi	 1
nnañ_	 1
rre.	 1
mena	 1
bet?	 1
-p	 1
KEAV	 1
_-	 1
d'am	 1
koue	 1
nke	 1
uran_	 1
oare,	 1
jin_	 1
are,	 1
halli	 1
loug	 1
rpant	 1
kan,_	 1
eoù_	 1
ram	 1
'an_	 1
Laoue	 1
'oar	 1
oue.	 1
_C'ho	 1
mbe	 1
re,_	 1
nt?_	 1
djin	 1
iskañ	 1
_eb	 1
pelec	 1
e'o	 1
_oad	 1
otred	 1
Iza	 1
_lis	 1
ech_	 1
jet._	 1
uiñ	 1
rejou	 1
orp	 1
skan,	 1
nde	 1
gein.	 1
vate	 1
urone	 1
mbel	 1
yen	 1
uze,	 1
rvez_	 1
rier	 1
Dao	 1
_teue	 1
uñvre	 1
adarr	 1
_Cha	 1
eil_	 1
ay-	 1
ammi	 1
enañ	 1
oz._	 1
aat_	 1
_Evid	 1
aoska	 1
zoar	 1
kin	 1
ennus	 1
ouan	 1
n'	 1
r-m	 1
-pad	 1
ves	 1
_Eus	 1
lus,	 1
wall	 1
_e-p	 1
ital_	 1
wek	 1
iek	 1
vezo	 1
tole	 1
gwin	 1
ai	 1
Bassi	 1
h-	 1
llgom	 1
uniñ	 1
iad_	 1
ub	 1
_Lan	 1
_mar	 1
sket	 1
uñvr	 1
*Pi	 1
_a-z	 1
llet_	 1
eur._	 1
_eba	 1
iade	 1
adar	 1
oll._	 1
_berr	 1
mouk_	 1
eso	 1
.._	 1
ebat	 1
oueza	 1
abel	 1
bi	 1
fl	 1
azez	 1
_Hir	 1
_vuh	 1
rafe	 1
teze	 1
kal	 1
nwe	 1
kaezh	 1
anez	 1
d'an_	 1
euze,	 1
lgomz	 1
iñs	 1
_dira	 1
echu_	 1
un.	 1
eze,_	 1
yao	 1
Moge	 1
da-un	 1
zhañ.	 1
fal	 1
nn"	 1
d'he_	 1
me.	 1
alz._	 1
ganeo	 1
nlabo	 1
zihu	 1
osk	 1
arre.	 1
abaoe	 1
raio_	 1
gomzo	 1
eogwi	 1
_gêr	 1
wec'	 1
roll	 1
deden	 1
_anao	 1
z ?	 1
z ? _	 1
_boue	 1
vic	 1
a:_	 1
_gle	 1
_ri	 1
emaou	 1
engo	 1
edad,	 1
leb.	 1
wene	 1
rmen	 1
_evne	 1
nak	 1
_ili	 1
st_	 1
diz	 1
urez_	 1
barz	 1
nto.	 1
riañ:	 1
_*P	 1
e-pad	 1
_,_	 1
_tud_	 1
ellou	 1
renk	 1
ken.	 1
ven	 1
a-ber	 1
_noz_	 1
iañ	 1
hie	 1
ink	 1
Gant	 1
noad	 1
oued	 1
_prev	 1
wreg,	 1
g.	 1
ssio	 1
reri	 1
_Gwen	 1
ez 	 1
_Land	 1
esoc'	 1
ae-e	 1
zenn,	 1
_Izab	 1
u)	 1
lour	 1
tan,_	 1
lioue	 1
anni	 1
vez ?	 1
_Laou	 1
koc'h	 1
lg	 1
uron	 1
anti	 1
C'ho	 1
reñv	 1
ziñ_	 1
'e_	 1
enn :	 1
fae_	 1
vont_	 1
zabe	 1
sangr	 1
_farz	 1
_Ul	 1
ezenn	 1
_Plr	 1
_fizi	 1
uroù	 1
film	 1
Test	 1
it;	 1
_mer	 1
Ve	 1
erioù	 1
_plas	 1
nnak	 1
t-t	 1
_kaez	 1
pae	 1
_Ti	 1
uls	 1
eog	 1
mzoù	 1
_a-be	 1
_Yao	 1
_rak	 1
_Daou	 1
_paee	 1
Vra	 1
eiz_	 1
ñ:_	 1
(MA)	 1
raken	 1
aol._	 1
oula	 1
err-	 1
goù,	 1
Gwir_	 1
(Ko	 1
red?_	 1
kinw	 1
di_	 1
êr	 1
ere_	 1
-zoa	 1
_"	 1
str	 1
ik._	 1
na,	 1
'has,	 1
zao	 1
agoù	 1
ezvou	 1
nkf	 1
uanki	 1
Vezvo	 1
dig	 1
'oar_	 1
r)	 1
iviz,	 1
olenn	 1
vec'h	 1
onet	 1
rr,_	 1
_ves	 1
_rank	 1
iro	 1
film_	 1
zimez	 1
Kem	 1
Keram	 1
naoud	 1
helen	 1
toui	 1
dispa	 1
hioù_	 1
_fae_	 1
let_	 1
des	 1
eos	 1
a'z_	 1
fiz	 1
_rez_	 1
_,	 1
h-me	 1
bat	 1
_chad	 1
arre	 1
ober)	 1
lag	 1
_mouk	 1
_bez	 1
huñ	 1
_rou	 1
Moug	 1
olen	 1
has,	 1
esket	 1
zoù_	 1
ock	 1
eze,	 1
kaoz_	 1
_(K	 1
se_	 1
-ber	 1
hioù	 1
aken	 1
Ul	 1
or-se	 1
ang	 1
ou)	 1
uilh,	 1
Buan_	 1
(Kore	 1
farz_	 1
ilha	 1
err,	 1
zez	 1
elti	 1
nti	 1
udoù_	 1
n"_	 1
uit;_	 1
peog	 1
e-m	 1
_fall	 1
e-ma	 1
ziliz	 1
laos	 1
_doñv	 1
Chabo	 1
h-m	 1
Kan	 1
kas	 1
'h-	 1
_Bas	 1
_Pren	 1
ata_	 1
rvar	 1
_ana	 1
_Labo	 1
leur	 1
_pla	 1
u),	 1
mmig	 1
ue.	 1
lleg_	 1
fen_	 1
ebato	 1
uti	 1
_Bre	 1
vac'h	 1
elloù	 1
trez	 1
_rock	 1
_chom	 1
_lec	 1
Lao	 1
me'oa	 1
eg._	 1
noz.	 1
kreñv	 1
ier	 1
chade	 1
rre	 1
isko	 1
ener	 1
_sell	 1
ontou	 1
l-se_	 1
nna,	 1
ntou	 1
_mart	 1
riañ	 1
emper	 1
_vaou	 1
el-se	 1
-e	 1
D'o	 1
las	 1
_skin	 1
_I	 1
ye	 1
_gal	 1
nlab	 1
itar?	 1
a-zoa	 1
well	 1
nad._	 1
abous	 1
egil	 1
in._	 1
_Iza	 1
_ler	 1
_n'	 1
'hen	 1
_ruz_	 1
azed	 1
ilm_	 1
ien,	 1
t-tre	 1
hrava	 1
Labo	 1
Vezv	 1
r)_	 1
geri	 1
_gwal	 1
_zih	 1
ennu	 1
anto.	 1
gra	 1
Gwen	 1
-tre	 1
_gomz	 1
kf	 1
mall	 1
kr	 1
annig	 1
enad	 1
hom_	 1
Mon	 1
ad.	 1
_broi	 1
kon_	 1
renno	 1
at-t	 1
neom	 1
nkiz,	 1
fizi	 1
neto	 1
_beza	 1
_goll	 1
_vug	 1
oalu	 1
Izab	 1
benna	 1
V_	 1
_yen.	 1
eur.	 1
erne_	 1
boue	 1
non.	 1
tan,	 1
_dig	 1
ier_	 1
alli	 1
kimia	 1
spita	 1
digo	 1
_Vezv	 1
_gane	 1
_deb	 1
_ama	 1
etk	 1
Gwir	 1
benn.	 1
pried	 1
aoud	 1
Buan	 1
_E_	 1
uli	 1
flour	 1
war-s	 1
zhpe	 1
inko	 1
amb	 1
uezad	 1
lskou	 1
wek_	 1
anañ.	 1
ein	 1
nnet_	 1
kael_	 1
war-	 1
c'h-	 1
_D'ob	 1
ez ?	 1
_Dig	 1
*P	 1
glañ	 1
_-Ha	 1
eta	 1
ù-rui	 1
Gan	 1
ouge	 1
rniad	 1
_kaoz	 1
_gent	 1
nnon-	 1
_dede	 1
ispar	 1
ira	 1
mod_	 1
D'a	 1
EAV_	 1
c'hie	 1
int	 1
So	 1
_tamm	 1
_sta	 1
ea	 1
hpen	 1
dern	 1
rin	 1
Ama	 1
_d'e_	 1
da-u	 1
Eus	 1
anneo	 1
_Ken	 1
nel,_	 1
Ker	 1
h,	 1
o?_	 1
vdi	 1
ll,	 1
teni_	 1
_ki	 1
ad._	 1
lagad	 1
_Lao	 1
hendi	 1
ogen_	 1
eg.	 1
!_	 1
ula	 1
uan_	 1
tar?_	 1
eom	 1
-tr	 1
ha-b	 1
_tost	 1
ien,_	 1
prie	 1
evit	 1
riñs	 1
iliz,	 1
_Diga	 1
gitar	 1
ura	 1
our._	 1
_arc'	 1
ber._	 1
far	 1
hañ_	 1
_von	 1
t:_	 1
uet,	 1
Az	 1
_me'	 1
Anna.	 1
_aet_	 1
wir,_	 1
spit	 1
« Ha	 1
rne.	 1
eto	 1
Yaou	 1
_ay	 1
Gwe	 1
ma;_	 1
at-	 1
out 	 1
rteze	 1
vint_	 1
kabl	 1
wech.	 1
'hrav	 1
our.	 1
esten	 1
_huñ	 1
afes_	 1
roll.	 1
pad	 1
euen	 1
_den	 1
-boa	 1
_raf	 1
kañ	 1
_emao	 1
_ma;	 1
'had_	 1
fello	 1
ez.._	 1
zhioù	 1
uze,_	 1
ollet	 1
ndi	 1
eañ	 1
_asie	 1
aouez	 1
ankfe	 1
itar	 1
divin	 1
cho	 1
-hi	 1
Lande	 1
_fal	 1
llin_	 1
rena	 1
oub	 1
oa:	 1
varou	 1
oñvaa	 1
engou	 1
etañ_	 1
eurv	 1
'hend	 1
_amañ	 1
mmig_	 1
(MA	 1
peo	 1
-dei	 1
ñs_	 1
baot	 1
uenn	 1
_Moul	 1
Land	 1
igant	 1
evez.	 1
hren	 1
evne	 1
zvo	 1
Azi	 1
hiet_	 1
riv	 1
det_	 1
ogeri	 1
kaout	 1
deiz_	 1
ouli	 1
renn	 1
tam	 1
_tan	 1
ouk	 1
ued_	 1
Ka	 1
ennek	 1
kre	 1
pa,	 1
ran_	 1
agad	 1
Vez	 1
rout_	 1
oui	 1
aer,	 1
KEA	 1
 Ga	 1
oger	 1
prene	 1
irak	 1
_So	 1
el-	 1
mae	 1
uit	 1
ber.	 1
ske	 1
olle	 1
non._	 1
),:_	 1
kaer,	 1
-H	 1
mic	 1
_zilh	 1
udo	 1
v-se.	 1
_aet	 1
gous	 1
d'o	 1
gria.	 1
g,	 1
ragoù	 1
ech.	 1
tez	 1
rago	 1
d'he	 1
gnon.	 1
ezout	 1
lis	 1
tan	 1
eñv_	 1
asi	 1
aotre	 1
_ec'h	 1
_aou	 1
iañ:	 1
rej	 1
dan,	 1
akon	 1
_ardi	 1
dio	 1
_(bez	 1
n-me,	 1
eomp.	 1
preve	 1
_verz	 1
*Piv	 1
ug_	 1
arr	 1
esk	 1
(b	 1
omp.	 1
has	 1
bro?	 1
Mika	 1
anto	 1
louge	 1
_baot	 1
ourv	 1
jou	 1
arou	 1
va,_	 1
Digan	 1
_yen	 1
(K	 1
tammi	 1
_il	 1
eost_	 1
v-s	 1
ven_	 1
nne_	 1
gerve	 1
vaten	 1
tamm	 1
huniñ	 1
_mod_	 1
ec'h-	 1
koc	 1
ervez	 1
eost	 1
_film	 1
veze,	 1
dorio	 1
kont	 1
ronet	 1
ennad	 1
_hoal	 1
hom	 1
tiek	 1
iliz_	 1
Monk	 1
dizi	 1
fall_	 1
_her	 1
ozvez	 1
oulio	 1
hwek_	 1
_d'ob	 1
afes	 1
estr	 1
_kelt	 1
Brez	 1
ezade	 1
aoù,	 1
_Kom	 1
hun._	 1
trenk	 1
llg	 1
_Dive	 1
ezi	 1
rpa	 1
c'h.	 1
pan	 1
_bis	 1
EAV	 1
Gla	 1
-me,_	 1
rni._	 1
_heng	 1
etken	 1
_mat	 1
edan,	 1
_a-zo	 1
où-	 1
'hre	 1
elenn	 1
merc	 1
euet_	 1
zoù	 1
_anez	 1
nev	 1
ut ?	 1
rzh	 1
dira	 1
nder	 1
_vao	 1
unel,	 1
oñj._	 1
vouet	 1
leb	 1
_sp	 1
uz.	 1
tudo	 1
ñj.	 1
soner	 1
une	 1
nto._	 1
'hig	 1
angri	 1
kim	 1
_penn	 1
'am	 1
 G	 1
mp._	 1
y-hi_	 1
mat-t	 1
_-H	 1
viz,	 1
it;_	 1
Tes	 1
ouger	 1
ngria	 1
alled	 1
ore	 1
-tre_	 1
uel-	 1
oa:_	 1
teil	 1
gerv	 1
ej	 1
ube	 1
lus,_	 1
ant?_	 1
nus	 1
on-	 1
ar?_	 1
_egil	 1
_d'am	 1
A),:_	 1
« 	 1
per_	 1
nnoa	 1
nner_	 1
_una	 1
ieda	 1
t._	 1
a-v	 1
Vras_	 1
_Ve	 1
sie	 1
gwaz	 1
'han	 1
_C'	 1
_ben	 1
boure	 1
len_	 1
Daoub	 1
hwec	 1
ria.	 1
_dji	 1
_Kenk	 1
hele	 1
doñv	 1
abao	 1
_Tito	 1
teui	 1
oa._	 1
assi	 1
geta	 1
_ec'	 1
-r	 1
deuet	 1
gil	 1
warni	 1
_Tes	 1
nnig	 1
erz	 1
ue?	 1
_Ne	 1
hig	 1
hel_	 1
Kore	 1
zvez	 1
lenn 	 1
nnon	 1
dro_	 1
gousk	 1
ell_	 1
_lipa	 1
ñs	 1
lanna	 1
_kavo	 1
tour_	 1
-benn	 1
eb._	 1
treda	 1
_djin	 1
l-s	 1
yaoua	 1
nak_	 1
strez	 1
,:_	 1
n-dr	 1
jou)	 1
dori	 1
graet	 1
huni	 1
tenn,	 1
ejo	 1
steni	 1
-zoar	 1
nezh	 1
enla	 1
nnus	 1
zout_	 1
_gol	 1
_An_	 1
ntour	 1
_hoge	 1
lour_	 1
in.	 1
r?_	 1
onet_	 1
erien	 1
nn"_	 1
ezo	 1
n'e	 1
ngou	 1
mzoù_	 1
_n'eo	 1
lloù_	 1
_ski	 1
se,_	 1
_Hir_	 1
Gwi	 1
_Ama	 1
gwre	 1
_sko	 1
-ba	 1
_Yaou	 1
aouan	 1
_vuga	 1
_Monk	 1
Glav	 1
tiek_	 1
« H	 1
erne.	 1
_Mika	 1
e-b	 1
b.	 1
 ? 	 1
Evid	 1
er)_	 1
Er_	 1
C'	 1
gane	 1
MA),	 1
om_	 1
wec'h	 1
welen	 1
_d'he	 1
ostañ	 1
nner	 1
añ:	 1
_iliz	 1
ele.	 1
allin	 1
halle	 1
Galle	 1
ezh!	 1
bar	 1
a-vic	 1
ñj_	 1
zik.	 1
MA)	 1
ugern	 1
win_	 1
,:	 1
ezv	 1
plas	 1
_diro	 1
dur	 1
-eñ	 1
eria	 1
deske	 1
nnat	 1
oant	 1
_Gla	 1
r-ha-	 1
E_	 1
_Mog	 1
eet	 1
lipa	 1
enlab	 1
ezou	 1
'oa	 1
ezhio	 1
Yanni	 1
atoù	 1
(Kor	 1
eoù	 1
eg,_	 1
gwal	 1
dour,	 1
dad,	 1
_*Pi	 1
touiñ	 1
_ger	 1
ourez	 1
ako	 1
_zaou	 1
_dj	 1
ñj._	 1
a-una	 1
nkoù_	 1
_dour	 1
n'eo_	 1
mmi	 1
_re_	 1
_N	 1
ma'z_	 1
_gwr	 1
gour	 1
ñjen_	 1
pa,_	 1
uit;	 1
ue._	 1
Plo	 1
err-h	 1
ebro	 1
iva	 1
ay	 1
mao	 1
zed	 1
urvar	 1
le._	 1
ock,	 1
rr-ha	 1
afe	 1
lhad_	 1
_lid	 1
ae-	 1
rak?_	 1
hant?	 1
per	 1
ar._	 1
-pa	 1
enañ_	 1
kavet	 1
wele.	 1
nezhi	 1
_"c'	 1
_flo	 1
idon_	 1
evet	 1
a-boa	 1
prev	 1
ia._	 1
d'am_	 1
_Ka	 1
_ada	 1
deue	 1
miche	 1
c'hen	 1
_Plo	 1
aotr	 1
izik	 1
bed_	 1
_doñ	 1
rr,	 1
vint	 1
ck	 1
goù,_	 1
'has	 1
_gall	 1
-se_	 1
ls	 1
erze_	 1
aol.	 1
n-m	 1
_eur	 1
broi	 1
iwar	 1
hogen	 1
y-h	 1
nneko	 1
ignon	 1
_teil	 1
_zeu	 1
ispa	 1
z..	 1
_daol	 1
omza	 1
-pad_	 1
z.._	 1
Pele	 1
_as	 1
ouzhp	 1
rze_	 1
ù-ru	 1
_dad	 1
zen	 1
aio_	 1
fil	 1
pren_	 1
(be	 1
_Ye	 1
ne._	 1
ta_	 1
kiz	 1
Moul	 1
ueza	 1
vaoue	 1
e'oar	 1
jen_	 1
ay-h	 1
_"c	 1
MA),:	 1
n-dro	 1
_KEAV	 1
_dia	 1
toc'h	 1
_zihu	 1
iva,_	 1
kfe	 1
r-ha	 1
nadeg	 1
Ch	 1
_lao	 1
Eus_	 1
'hwek	 1
to.	 1
ato	 1
Spo	 1
d'ob	 1
-me,	 1
aoù,_	 1
_aeso	 1
_D'o	 1
_wre	 1
idet	 1
ardi	 1
mod	 1
-dro_	 1
 Ha_	 1
_por	 1
_porp	 1
rankf	 1
aer,_	 1
n"	 1
_eurv	 1
_oad_	 1
danañ	 1
ouer	 1
_zad	 1
lled_	 1
o.	 1
ariva	 1
uezh_	 1
_ma'z	 1
ipat_	 1
verze	 1
r-mañ	 1
_yao	 1
vaat	 1
teuit	 1
_Vez	 1
onko	 1
Gouel	 1
wir,	 1
cha	 1
_hi_	 1
gwreg	 1
aoua	 1
izime	 1
ij_	 1
zhun.	 1
 :	 1
_debr	 1
_ Gan	 1
arzh_	 1
ogwir	 1
ihun	 1
ekoc	 1
maout	 1
k.	 1
nnad	 1
_dizi	 1
 :_	 1
z 	 1
_oa:_	 1
han	 1
_ Ga	 1
ander	 1
zez_	 1
oudek	 1
p.	 1
pital	 1
ika	 1
lsk	 1
d.	 1
Divec	 1
liz,_	 1
orejo	 1
vre	 1
empe	 1
-vi	 1
aoz_	 1
_(M	 1
nkent	 1
nneo	 1
ile	 1
ñjen	 1
lip	 1
leu	 1
lhad	 1
ost_	 1
_Kant	 1
Sp	 1
ouel-	 1
aa	 1
ouroù	 1
__	 1
eleg	 1
out,	 1
D'ob	 1
stal	 1
se,	 1
or-ma	 1
trak	 1
_veze	 1
v-	 1
(beza	 1
diwa	 1
bato	 1
-ha-b	 1
zeu	 1
evn	 1
tudoù	 1
kiz,	 1
imiad	 1
ut 	 1
omzad	 1
bern	 1
_bist	 1
eui	 1
_e-pa	 1
Etre_	 1
ann_	 1
_tu_	 1
_fl	 1
me,	 1
ogen	 1
e-ba	 1
vuhe	 1
_evet	 1
avet_	 1
Anna,	 1
gern	 1
_bao	 1
uent	 1
_anv	 1
dont_	 1
aour	 1
hañ._	 1
Dig	 1
Evido	 1
_Ch	 1
egile	 1
spl	 1
egi	 1
ered_	 1
flou	 1
er)	 1
_ech	 1
_bu	 1
otoù	 1
nt:_	 1
d'an	 1
Bre	 1
ñvdi	 1
batoù	 1
rmena	 1
«	 1
tenne	 1
ler,_	 1
onk	 1
-ben	 1
nken	 1
iwa	 1
dji	 1
anti.	 1
ogwi	 1
etke	 1
anao	 1
spla	 1
er._	 1
genl	 1
_Neu	 1
'hant	 1
Titou	 1
ouez.	 1
oalus	 1
stañ.	 1
 ? _	 1
ouben	 1
heg	 1
asied	 1
_fell	 1
ejou)	 1
mig_	 1
iour	 1
adur	 1
ouere	 1
getañ	 1
ugal	 1
igno	 1
nt?	 1
Yann_	 1
lenne	 1
rank	 1
-eñ_	 1
Glav_	 1
leg.	 1
pad_	 1
nus,	 1
_oa.	 1
uer	 1
gwaze	 1
rer	 1
ober.	 1
C'hoa	 1
ch._	 1
_Ba	 1
ennak	 1
idon	 1
_kreñ	 1
ole	 1
vac	 1
erak_	 1
enn"_	 1
Hir_	 1
ago	 1
_wele	 1
sieda	 1
_bi	 1
Vr	 1
_(be	 1
vuhez	 1
skan	 1
uran	 1
Chab	 1
yen._	 1
bis	 1
_disk	 1
nig	 1
tor-m	 1
roz,	 1
unel	 1
kan,	 1
nv-	 1
zañ_	 1
_lav	 1
vuh	 1
Tito	 1
'z_	 1
idet_	 1
_kimi	 1
loù_	 1
_gom	 1
_den_	 1
et._	 1
renk_	 1
itou	 1
orio	 1
rr-h	 1
varo	 1
llgo	 1
teue?	 1
ziñ	 1
_edon	 1
koù	 1
n-me	 1
lgom	 1
sk_	 1
ez ? 	 1
Yao	 1
_Son	 1
menad	 1
ebro?	 1
ti.	 1
r-se,	 1
zenn	 1
rai	 1
zhpen	 1
alleg	 1
_-Ha_	 1
leb._	 1
nad.	 1
_Lake	 1
anañ	 1
_Gl	 1
art	 1
riñ	 1
ied_	 1
uzhp	 1
eg,	 1
Neu	 1
reg,	 1
ourm	 1
Br	 1
ou),	 1
ssion	 1
porp	 1
zeañ_	 1
ez..	 1
ñvre_	 1
skoua	 1
_Vra	 1
_Etre	 1
re._	 1
neve	 1
zime	 1
uez.	 1
el-s	 1
_wel	 1
ihuni	 1
dirol	 1
mia	 1
lin	 1
'hoan	 1
miad	 1
_kr	 1
denn"	 1
Pre	 1
_zeb	 1
Tit	 1
genla	 1
koua	 1
yaou	 1
bern_	 1
_ko	 1
uz_	 1
_ma;_	 1
pita	 1
'hie	 1
Spour	 1
raio	 1
zed_	 1
zhadu	 1
hog	 1
ael_	 1
uroù_	 1
ñv_	 1
_mich	 1
gad	 1
_Lava	 1
anezh	 1
'h.	 1
tei	 1
nig:_	 1
_lec'	 1
_Glav	 1
lez	 1
hant	 1
mbele	 1
-ha-	 1
Ul_	 1
gomza	 1
_gleb	 1
_Buan	 1
reñ	 1
rock	 1
annañ	 1
oenno	 1
-v	 1
_ard	 1
disk	 1
git	 1
-noz,	 1
_kalz	 1
Cha	 1
aga	 1
zih	 1
_mall	 1
_noz,	 1
Hi	 1
eko	 1
Kant_	 1
añ:_	 1
j.	 1
sied	 1
_tan,	 1
lti	 1
eni_	 1
mzeri	 1
_dor	 1
_prou	 1
ezhi_	 1
osta	 1
ezad	 1
oube	 1
ile_	 1
rien	 1
reg,_	 1
_Sp	 1
eñv	 1
'hren	 1
_rae-	 1
ig:	 1
h!_	 1
gerio	 1
omzet	 1
gad_	 1
baoe_	 1
urve	 1
hend	 1
_kou	 1
fae	 1
'hra	 1
farz	 1
ñje	 1
_tudo	 1
ued	 1
-noz_	 1
dad,_	 1
par	 1
ikae	 1
mzet_	 1
ouet,	 1
iroll	 1
ruz.	 1
vao	 1
_Am	 1
rout	 1
ard	 1
nla	 1
c'hed	 1
koul	 1
kelti	 1
arni.	 1
erio	 1
b._	 1
wreg_	 1
_ay-	 1
"c'	 1
fall	 1
hadu	 1
anna	 1
glañv	 1
stol	 1
antañ	 1
chom	 1
ell,_	 1
_gwin	 1
sell	 1
_Pi	 1
d'e_	 1
t-tr	 1
koc'	 1
boan_	 1
endiv	 1
_(MA)	 1
disp	 1
Moug_	 1
_ay-h	 1
pro	 1
zhio	 1
Vras	 1
leze	 1
_(MA	 1
g,_	 1
moue	 1
voto	 1
mpe	 1
_sa	 1
oska	 1
ael	 1
oñva	 1
pat_	 1
or-m	 1
ro_	 1
Ne	 1
nig:	 1
nus,_	 1
ein._	 1
'hed?	 1
vont	 1
ito	 1
_pour	 1
uge	 1
-vic	 1
kfen_	 1
ipat	 1
ennat	 1
a'	 1
avate	 1
hadur	 1
dia	 1
!	 1
oad,_	 1
pant	 1
_eost	 1
stre	 1
c'h-m	 1
ale	 1
-Ha	 1
ezañ_	 1
ud_	 1
kael	 1
_Bu	 1
lavar	 1
gav	 1
uk_	 1
vaou	 1
llet	 1
oenn	 1
eni	 1
_wr	 1
istol	 1
-rui	 1
ec'hi	 1
ñvre	 1
ospi	 1
ak?_	 1
ried	 1
ñva	 1
udek	 1
raoù_	 1
reñv_	 1
ered	 1
_vac'	 1
Yaou_	 1
edont	 1
kaez	 1
ivec'	 1
_Dao	 1
_merc	 1
(M	 1
ouiñ_	 1
onad	 1
zab	 1
e?	 1
_Kan	 1
lr	 1
rp	 1
_ler,	 1
to._	 1
ugale	 1
evit_	 1
rtez	 1
out,_	 1
buhez	 1
_asi	 1
miade	 1
_Pele	 1
_Lab	 1
aouen	 1
eil	 1
det,	 1
veze_	 1
let	 1
ioure	 1
(MA),	 1
lz.	 1
lio	 1
dar	 1
_tred	 1
_vrag	 1
bout_	 1
ureri	 1
ak?	 1
ti_	 1
on-m	 1
rveze	 1
_rez	 1
well_	 1
-vich	 1
azez_	 1
anv	 1
daol	 1
hoan	 1
_vuhe	 1
hun_	 1
e-p	 1
_Spo	 1
hu_	 1
marte	 1
_vest	 1
nnoad	 1
lleg	 1
'h-m	 1
_bet?	 1
ch.	 1
añvdi	 1
raoù,	 1
wener	 1
ma'z	 1
dou	 1
enl	 1
kaoz	 1
ned	 1
skin	 1
ejou	 1
ay-hi	 1
me._	 1
a;	 1
oug_	 1
dirak	 1
amañ_	 1
-mañ?	 1
ammig	 1
aret_	 1
rier_	 1
non-m	 1
_Kem	 1
tar	 1
lezen	 1
t-dei	 1
hiet	 1
touro	 1
'z	 1
rez,	 1
otoù-	 1
alleu	 1
mig	 1
rake	 1
ouron	 1
_herv	 1
'eo	 1
gwele	 1
oune	 1
_rin_	 1
e-pa	 1
nn 	 1
aezh	 1
nni	 1
ouz	 1
enta	 1
Lak	 1
nn :	 1
nel,	 1
ih	 1
reda	 1
-barz	 1
gnon	 1
c'hra	 1
soñje	 1
_en-	 1
uet,_	 1
hed?_	 1
nozv	 1
goun	 1
Amañ_	 1
Komz	 1
rd	 1
zhad	 1
lañvd	 1
ñ?_	 1
zaoul	 1
skoud	 1
ilhad	 1
hwec'	 1
lenn_	 1
zeb	 1
añvd	 1
-t	 1
-boan	 1
edo	 1
_fiz	 1
_gei	 1
Ti	 1
vink	 1
..	 1
_abao	 1
o?	 1
aoz	 1
dennu	 1
zaden	 1
gile	 1
ardiv	 1
_gein	 1
penne	 1
emetk	 1
Lab	 1
Pr	 1
aoe	 1
zoare	 1
ant?	 1
_Gwir	 1
oulag	 1
ski	 1
ouezh	 1
rui	 1
_pen	 1
Er	 1
_gla	 1
otre	 1
_roue	 1
hpenn	 1
-deiz	 1
_Eus_	 1
vug	 1
aoube	 1
igou	 1
_Kemp	 1
t-de	 1
arout	 1
rakon	 1
_sel	 1
nnu	 1
ya	 1
Kempe	 1
_st	 1
_KE	 1
aven_	 1
aour.	 1
ekoc'	 1
eet_	 1
rerie	 1
ik.	 1
av_	 1
aot	 1
nki	 1
ulag	 1
ijet.	 1
aio	 1
_glañ	 1
a-z	 1
vd	 1
 Gan	 1
avaro	 1
irol	 1
loù	 1
ech._	 1
ir,	 1
iaz	 1
hpe	 1
kel	 1
_Er_	 1
laga	 1
iwar-	 1
ganto	 1
bist	 1
ip	 1
uarn	 1
Plou	 1
rez,_	 1
benne	 1
ede	 1
_fel	 1
euet	 1
oll.	 1
barzh	 1
arz_	 1
kouar	 1
raet?	 1
ass	 1
eden	 1
_arc	 1
gerne	 1
irako	 1
ellgo	 1
zh!_	 1
gol	 1
aeso	 1
_git	 1
_vint	 1
niñ	 1
t;	 1
uank	 1
tezea	 1
_kal	 1
_leze	 1
Spou	 1
 _	 1
_vig	 1
Labou	 1
_deue	 1
_prie	 1
chu	 1
eziñ	 1
evet_	 1
rze	 1
anne_	 1
outi	 1
zaou	 1
plann	 1
zet_	 1
_Pel	 1
'h._	 1
vig	 1
_ac'	 1
Ken	 1
leg._	 1
_aour	 1
ankf	 1
ouran	 1
ien	 1
-se,	 1
skañ	 1
itour	 1
akon_	 1
st-de	 1
urm	 1
berr-	 1
ruilh	 1
_nozv	 1
gri	 1
pourm	 1
naden	 1
t;_	 1
ounel	 1
koud	 1
oal	 1
k,	 1
Kor	 1
eziñ_	 1
jin	 1
Lake	 1
nao	 1
_sang	 1
zebro	 1
A),:	 1
lh,	 1
Diga	 1
mzet	 1
lava	 1
uliou	 1
zve	 1
bret_	 1
un._	 1
A)	 1
nia	 1
digou	 1
_e-ma	 1
roz	 1
tosta	 1
pant_	 1
ant:_	 1
liz,	 1
inkoù	 1
Yez	 1
ch_	 1
gê	 1
diaze	 1
_Ker	 1
kaven	 1
darre	 1
eue?_	 1
Soner	 1
eltie	 1
_Bass	 1
ande	 1
izim	 1
anv-	 1
ñvd	 1
ezea	 1
derc'	 1
tol	 1
mzo	 1
aket_	 1
iw	 1
ntañ.	 1
_e-ba	 1
« Ha_	 1
_ac	 1
gwir	 1
par.	 1
buh	 1
ma'	 1
_Komz	 1
lan	 1
alus	 1
_evit	 1
ù-r	 1
_hent	 1
ablus	 1
gria	 1
na,_	 1
ngri	 1
g:	 1
nata_	 1
err,_	 1
amañ	 1
ozve	 1
n 	 1
alz	 1
AV	 1
_kas	 1
orioù	 1
Kenk	 1
vned	 1
_pele	 1
"c'h	 1
euent	 1
neoù	 1
_Brez	 1
nwel	 1
ido	 1
k?	 1
nu	 1
Ba	 1
_voe_	 1
_oa._	 1
ma;	 1
merc'	 1
ivin	 1
iedad	 1
metk	 1
warn	 1
ruz_	 1
blus_	 1
iet_	 1
rz_	 1
pellg	 1
votoù	 1
bro?_	 1
get_	 1
toe	 1
rouen	 1
_roz,	 1
ganta	 1
led	 1
euit;	 1
od_	 1
ogw	 1
_vont	 1
Etre	 1
ltie	 1
_pae	 1
gourv	 1
zihun	 1
_Lav	 1
_priñ	 1
Pel	 1
ber)	 1
enade	 1
beleg	 1
eba	 1
d'h	 1
non-	 1
toc	 1
r-h	 1
orpan	 1
_di_	 1
_tou	 1
sio	 1
_zad_	 1
par._	 1
lij_	 1
splan	 1
etoc'	 1
ouenn	 1
g:_	 1
_kel	 1
omp	 1
abl	 1
iouen	 1
mer	 1
ezen	 1
hab	 1
mouk	 1
ruil	 1
dur_	 1
lleur	 1
_Amañ	 1
uk	 1
hent_	 1
_Te	 1
urer	 1
gwin_	 1
rako	 1
gale_	 1
mar	 1
Bass	 1
erie	 1
vidon	 1
aoub	 1
diour	 1
_a-vi	 1
ubenn	 1
kouez	 1
liste	 1
D'ar	 1
lin_	 1
heng	 1
ein.	 1
anaou	 1
rvezh	 1
hig_	 1
koù_	 1
uniñ_	 1
ele._	 1
_*Piv	 1
djin_	 1
_Neuz	 1
ouk_	 1
igous	 1
uenn,	 1
baoe	 1
blus	 1
zadeg	 1
aneo	 1
KEAV_	 1
ourer	 1
hrenn	 1
varc	 1
por	 1
Sone	 1
wal	 1
A),	 1
t.	 1
boura	 1
Plr	 1
rin_	 1
ell,	 1
_outi	 1
vido	 1
kent	 1
zea	 1
-Ha_	 1
vrago	 1
Azil	 1
rejo	 1
ablu	 1
nata	 1
skoue	 1
ambel	 1
_Plr_	 1
 H	 1
_(Ko	 1
kreñ	 1
Bas	 1
e?_	 1
edad	 1
lm	 1
e'oa	 1
eue?	 1
_edo	 1
ê	 1
_Mik	 1
rn_	 1
wech_	 1
bous	 1
ivink	 1
vec'	 1
_peo	 1
a:	 1
_voto	 1
boan	 1
out ?	 1
_ed	 1
_bed_	 1
na.	 1
nti.	 1
vez..	 1
_Mon	 1
? _	 1
ale_	 1
a-ben	 1
_e-m	 1
_d'e	 1
le.	 1
pouro	 1
riva	 1
_gra	 1
sa	 1
iste	 1
Pelec	 1
nez	 1
_D'ar	 1
_wreg	 1
e'	 1
rag	 1
bret	 1
_eos	 1
diro	 1
sel	 1
ar-se	 1
_Tit	 1
ù-	 1
dana	 1
e-bar	 1
toù_	 1
_lur,	 1
ion	 1
p._	 1
ll,_	 1
mzade	 1
huñvr	 1
mich	 1
An_	 1
C'h	 1
urmen	 1
uilh	 1
_enno	 1
orpa	 1
_rafe	 1
zhi_	 1
iazez	 1
kab	 1
spar	 1
),:	 1
_Spou	 1
-mae	 1
rock,	 1
aol	 1
_buhe	 1
vaat_	 1
e-e	 1
prena	 1
imi	 1
zhañ_	 1
walle	 1
Mog	 1
n :_	 1
_vign	 1
uni	 1
_Hi	 1
niñ_	 1
berr,	 1
naou	 1
angr	 1
gita	 1
toc'	 1
_Gwe	 1
vdio	 1
ilm	 1
are,_	 1
lenna	 1
ro?_	 1
aeet	 1
omze	 1
orej	 1
rm	 1
rava	 1
t:	 1
eomp	 1
aos	 1
uere_	 1
ankiz	 1
_hog	 1
zeuen	 1
rzh_	 1
oued_	 1
aken,	 1
aoù_	 1
hengo	 1
aoe_	 1
ez,	 1
red?	 1
oariv	 1
riñs_	 1
ou),_	 1
as,_	 1
_heg_	 1
où-ru	 1
sonad	 1
hent	 1
eurve	 1
_kaou	 1
Azili	 1
_ma'	 1
a-zo	 1
roz,_	 1
iadet	 1
nv-se	 1
re.	 1
uel-s	 1
a-vi	 1
vrag	 1
egoù,	 1
zeria	 1
fell	 1
edan	 1
vac'	 1
nn :_	 1
echu	 1
e-eñ	 1
rak?	 1
udoù	 1
derc	 1
ne.	 1
eng	 1
Kemp	 1
_unan	 1
zeri	 1
Ye	 1
adet,	 1
agoù_	 1
vra	 1
fen	 1
maez	 1
inw	 1
_vot	 1
kas_	 1
ken,_	 1
_ouzh	 1
spa	 1
nl	 1
tren	 1
on._	 1
aout 	 1
iva,	 1
e-eñ_	 1
uent_	 1
d._	 1
aat	 1
'hele	 1
_mod	 1
ut,_	 1
ken._	 1
gwir,	 1
_vac	 1
bu	 1
enk_	 1
ate	 1
wenn.	 1
chad	 1
mezi	 1
_bern	 1
_kas_	 1
_ad	 1
uezh	 1
rae-	 1
nkfen	 1
deb	 1
iñs_	 1
oun	 1
_rak_	 1
ock,_	 1
ñ:	 1
at-tr	 1
_gavo	 1
'an	 1
noz._	 1
Iz	 1
reg_	 1
sone	 1
gavou	 1
lao	 1
sang	 1
Kant	 1
_kab	 1
hre	 1
_zil	 1
ol._	 1
esoc	 1
vigno	 1
ee	 1
konto	 1
ar.	 1
_gav	 1
tken.	 1
_Azil	 1
_egi	 1
? 	 1
ig:_	 1
uarni	 1
list	 1
inwe	 1
r?	 1
redan	 1
hoal	 1
vez 	 1
ganti	 1
v-se	 1
_adar	 1
-maez	 1
voue	 1
_rai	 1
-bo	 1
_a-v	 1
desk	 1
_enn	 1
paeet	 1
_ho_	 1
ourme	 1
asie	 1
nk_	 1
roue.	 1
_teui	 1
_Etr	 1
_all_	 1
ener_	 1
jet.	 1
iañ:_	 1
alus,	 1
vered	 1
has,_	 1
_ane	 1
_spl	 1
niad	 1
meziñ	 1
rambe	 1
vdiou	 1
lipat	 1
_(b	 1
ler	 1
lur,	 1
_neve	 1
uil	 1
assio	 1
ltiek	 1
mb	 1
roù	 1
bl	 1
evez_	 1
nti._	 1
_tei	 1
vaa	 1
ngoun	 1
Yezha	 1
uben	 1
uñ	 1
Lavar	 1
_dek	 1
_bout	 1
oa.	 1
lidet	 1
_pa,	 1
maez_	 1
hañ.	 1
ousk_	 1
rdiv	 1
aneom	 1
vot	 1
ezvo	 1
ha-	 1
'hiet	 1
penn,	 1
vest	 1
maou	 1
zik	 1
bout	 1
omzo	 1
aro	 1
Kenke	 1
trez,	 1
Gl	 1
mart	 1
_en-d	 1
rien,	 1
gêr,	 1
toù-r	 1
n :	 1
rvarc	 1
tos	 1
ned_	 1
otr	 1
oura	 1
riva,	 1
nel	 1
ouet	 1
dour	 1
nv-s	 1
gla	 1
ital	 1
aee	 1
isten	 1
nozve	 1
_sona	 1
ivec	 1
ut ?_	 1
rone	 1
_Az	 1
haden	 1
toen	 1
osp	 1
_stal	 1
tenn_	 1
_fil	 1
_trak	 1
_evn	 1
revez	 1
ennoa	 1
añ?_	 1
ellg	 1
_gwaz	 1
egeta	 1
hade	 1
_ran	 1
doñ	 1
r-se.	 1
nkont	 1
nna,_	 1
io_	 1
na._	 1
lt	 1
_noz.	 1
_ebat	 1
igan	 1
en-	 1
"_	 1
vre_	 1
adet	 1
rr-	 1
-ru	 1
zeue	 1
_far	 1
ulaga	 1
_flou	 1
