_	 1164
e	 329
a	 276
t	 261
k	 203
s	 200
l	 188
n	 172
r	 154
z	 143
i	 140
é	 136
o	 126
g	 121
á	 114
m	 93
y	 80
b	 73
_a	 72
d	 71
v	 68
t_	 65
a_	 64
,	 54
,_	 54
k_	 54
sz	 53
gy	 52
ö	 48
et	 46
_m	 46
h	 44
p	 43
_a_	 43
ó	 41
_k	 41
en	 39
u	 38
eg	 37
_e	 36
s_	 35
le	 34
el	 33
i_	 33
.	 33
j	 32
._	 32
n_	 32
_s	 31
te	 30
ek	 29
_é	 29
al	 29
ak	 29
f	 28
e_	 28
_t	 27
és	 27
y_	 27
ár	 27
ta	 26
er	 26
z_	 26
õ	 26
ke	 25
tt	 25
A	 25
es	 25
_h	 25
í	 24
re	 24
or	 23
_i	 23
té	 23
ze	 23
_v	 23
az	 22
_sz	 22
gy_	 21
_A	 21
ag	 21
_n	 20
ny	 20
ki	 20
ko	 20
ne	 20
zt	 20
ll	 19
l_	 19
ér	 19
me	 18
an	 18
_f	 18
_az	 18
at	 18
tá	 18
ve	 18
én	 18
egy	 17
is	 17
ol	 17
ás	 17
_b	 17
na	 16
va	 16
os	 16
az_	 16
ég	 16
nk	 16
ít	 16
_az_	 16
ü	 16
mi	 15
ho	 15
ak_	 15
be	 15
ye	 15
_ki	 15
agy	 15
c	 15
_eg	 14
em	 14
la	 14
_A_	 14
rt	 14
ép	 14
ra	 14
se	 14
A_	 14
on	 14
zá	 14
tt_	 14
_egy	 13
ú	 13
sze	 13
ál	 13
r_	 13
_l	 13
za	 13
sé	 13
ok	 13
és_	 13
án	 12
ar	 12
g_	 12
_és_	 12
_és	 12
ro	 12
kö	 12
ik	 12
to	 12
it	 12
ek_	 12
sa	 12
nd	 11
da	 11
bb	 11
_ho	 11
ba	 11
_is	 11
_me	 11
ét	 11
ett	 11
ma	 11
S	 11
ez	 11
en_	 11
zer	 10
szá	 10
in	 10
iz	 10
õ_	 10
_va	 10
cs	 10
mo	 10
ge	 10
oz	 10
an_	 10
rs	 10
og	 10
E	 10
kor	 10
et_	 10
mé	 10
ól	 10
ô	 10
ap	 10
_S	 9
as	 9
ai	 9
né	 9
so	 9
lá	 9
ha	 9
li	 9
_mi	 9
zé	 9
t._	 9
vé	 9
egy_	 9
ka	 9
_d	 9
M	 9
_j	 9
de	 9
st	 9
má	 9
t.	 9
ág	 9
_M	 9
pe	 9
nt	 9
lt	 9
k,_	 8
_le	 8
ul	 8
sí	 8
_egy_	 8
nn	 8
ban	 8
:_	 8
ség	 8
ló	 8
bi	 8
:	 8
lle	 8
tö	 8
a,_	 8
öv	 8
_el	 8
sít	 8
_meg	 8
_E	 8
let	 8
ban_	 8
meg	 8
ut	 8
zi	 8
ad	 8
k,	 8
ká	 8
ék	 8
do	 8
ele	 8
ény	 8
ss	 8
áll	 8
szer	 8
a,	 8
_ke	 8
ot	 7
_ér	 7
_es	 7
_á	 7
_te	 7
N	 7
öl	 7
min	 7
re_	 7
_ha	 7
ák	 7
nak	 7
vén	 7
kr	 7
rá	 7
át	 7
_be	 7
ett_	 7
m_	 7
ri	 7
ik_	 7
e,_	 7
ör	 7
_r	 7
vá	 7
tés	 7
_né	 7
áb	 7
ud	 7
e,	 7
ket	 7
hog	 7
ó_	 7
b_	 7
sza	 7
ya	 7
öt	 7
û	 7
év	 7
ók	 7
_tö	 7
tet	 7
_hog	 7
kár	 7
biz	 6
id	 6
om	 6
tosí	 6
k._	 6
kb	 6
_mé	 6
ön	 6
ké	 6
rz	 6
ben	 6
já	 6
ere	 6
_H	 6
_Sz	 6
al_	 6
di	 6
zet	 6
t,_	 6
osít	 6
izt	 6
ai_	 6
_kö	 6
H	 6
il	 6
uda	 6
ztosí	 6
ps	 6
izto	 6
_má	 6
-	 6
pa	 6
tosít	 6
agy_	 6
tó	 6
gye	 6
bizto	 6
is_	 6
K	 6
osí	 6
zõ	 6
_év	 6
yek	 6
fe	 6
k.	 6
iztos	 6
yi	 6
ell	 6
zto	 6
hogy	 6
_hogy	 6
nye	 6
bizt	 6
ogy	 6
Sz	 6
ga	 6
eh	 6
rd	 6
sok	 6
_mo	 6
rv	 6
ztos	 6
am	 6
_p	 6
ly	 6
hogy_	 6
esz	 6
nt_	 6
zs	 6
t,	 6
nk_	 6
ogy_	 6
tos	 6
_min	 6
ás_	 5
tán	 5
ben_	 5
lõ	 5
vagy	 5
ors	 5
án_	 5
sk	 5
_ma	 5
nek	 5
elle	 5
há	 5
ték	 5
ala	 5
sítá	 5
ln	 5
yo	 5
I	 5
gya	 5
tett	 5
nép	 5
bb_	 5
ítás	 5
l,_	 5
fa	 5
tal	 5
éps	 5
vag	 5
it_	 5
_al	 5
ld	 5
dó	 5
_vag	 5
_g	 5
ár_	 5
tás	 5
_ne	 5
li_	 5
_sze	 5
est	 5
ny_	 5
ítá	 5
szak	 5
ég_	 5
nak_	 5
nyek	 5
_ut	 5
he	 5
_N	 5
övény	 5
_is_	 5
éb	 5
eke	 5
íté	 5
ész	 5
áro	 5
leg	 5
áj	 5
övén	 5
ná	 5
lé	 5
él	 5
lj	 5
vény	 5
énye	 5
G	 5
gyo	 5
kel	 5
len	 5
övé	 5
ól_	 5
osítá	 5
ed	 5
l,	 5
_kel	 5
ren	 5
em_	 5
zak	 5
_u	 5
_vagy	 5
_re	 5
ét_	 5
ete	 5
ítés	 5
sítás	 5
po	 5
vagy_	 5
szé	 5
_ért	 4
pp	 4
csa	 4
_do	 4
od	 4
et.	 4
te,	 4
ô_	 4
sko	 4
növ	 4
_szá	 4
_K	 4
tv	 4
kor_	 4
tak	 4
_dol	 4
ül	 4
ev	 4
még_	 4
fi	 4
zta	 4
_gy	 4
néps	 4
_még	 4
ve_	 4
end	 4
_lét	 4
út	 4
ék_	 4
jé	 4
vi	 4
ények	 4
nyi	 4
_fe	 4
üg	 4
gé	 4
V	 4
ból	 4
ték_	 4
kell	 4
ten	 4
_ta	 4
rsa	 4
ill	 4
alá	 4
_lé	 4
_o	 4
ért	 4
_kell	 4
növé	 4
ara	 4
isko	 4
het	 4
még	 4
ése	 4
val	 4
te,_	 4
Az	 4
növén	 4
szt	 4
vénye	 4
rté	 4
_cs	 4
bo	 4
B	 4
agyo	 4
_nép	 4
sö	 4
sá	 4
_rend	 4
tér	 4
ni	 4
_még_	 4
kis	 4
ját	 4
_ál	 4
ége	 4
tán_	 4
_id	 4
ese	 4
ta_	 4
eze	 4
ozat	 4
aj	 4
nö	 4
tak_	 4
zat	 4
_kis	 4
et._	 4
mos	 4
oza	 4
_tá	 4
or_	 4
ros	 4
lét	 4
on_	 4
_szé	 4
llet	 4
lk	 4
uta	 4
ám	 4
fo	 4
l.	 4
nem	 4
U	 4
épe	 4
R	 4
bó	 4
gk	 4
ött	 4
rsz	 4
kes	 4
rí	 4
jó	 4
rít	 4
tén	 4
kn	 4
lla	 4
dol	 4
kk	 4
les	 4
_B	 4
l._	 4
rt_	 4
isk	 4
ig	 4
ne_	 4
_ren	 4
lm	 4
es_	 4
kez	 4
yé	 4
dõ	 4
iá	 4
yar	 4
_c	 4
bu	 4
_na	 4
gyar	 4
enn	 4
zik	 4
aro	 4
orsz	 4
us	 4
szi	 4
_Az	 4
rend	 4
kelle	 3
ir	 3
ezet	 3
ordó	 3
Magy	 3
Me	 3
jégk	 3
sége	 3
_tör	 3
ól,	 3
ból,_	 3
víz	 3
ene	 3
ódoz	 3
zett	 3
Bu	 3
set	 3
ja	 3
orszá	 3
ata	 3
gg	 3
d_	 3
Buda	 3
_már_	 3
get	 3
rorsz	 3
go	 3
dr	 3
ztá	 3
ügy	 3
lett_	 3
tot	 3
menn	 3
ébe	 3
yaro	 3
Ma	 3
kedv	 3
oly	 3
_mos	 3
kbe	 3
övet	 3
_most	 3
enk	 3
et,_	 3
öz	 3
e._	 3
br	 3
fol	 3
psz	 3
eket	 3
et,	 3
de_	 3
rdó	 3
ársa	 3
_jé	 3
bud	 3
vo	 3
lo	 3
_Magy	 3
_isk	 3
vü	 3
ví	 3
skolá	 3
_vé	 3
ból,	 3
iskol	 3
agya	 3
kol	 3
szám	 3
eset	 3
dozat	 3
_szép	 3
okna	 3
zám	 3
égk	 3
?_	 3
éve	 3
õr	 3
módoz	 3
társa	 3
ra,	 3
jü	 3
p_	 3
egye	 3
vet	 3
er_	 3
_est	 3
arors	 3
most	 3
zár	 3
tr	 3
hat	 3
udai_	 3
_bo	 3
_növ	 3
kal	 3
ésé	 3
éz	 3
fal	 3
ság	 3
íz	 3
st_	 3
_csa	 3
ró	 3
pen	 3
ink	 3
dv	 3
hi	 3
lat	 3
ot_	 3
usz	 3
ku	 3
Magya	 3
zett_	 3
_szi	 3
Az_	 3
iss	 3
oknak	 3
unk	 3
zás	 3
mind	 3
fiz	 3
_buda	 3
doz	 3
eri	 3
eté	 3
_Ma	 3
tve	 3
foly	 3
_I	 3
yö	 3
tól	 3
pen_	 3
õl	 3
ket_	 3
ódoza	 3
álla	 3
szép	 3
edv	 3
_Az_	 3
int	 3
rors	 3
_mind	 3
nás	 3
un	 3
psze	 3
ól,_	 3
rszág	 3
_Buda	 3
ére	 3
i,	 3
_kép	 3
izet	 3
_Bud	 3
erû	 3
köv	 3
kre	 3
tette	 3
rû	 3
ti	 3
ind	 3
mel	 3
árs	 3
g,	 3
yaror	 3
zép	 3
rak	 3
szõ	 3
ste	 3
_ak	 3
ább	 3
nem_	 3
kolá	 3
tte	 3
gyaro	 3
unk_	 3
n,_	 3
vár	 3
_G	 3
zk	 3
ille	 3
Va	 3
_V	 3
_Na	 3
ok_	 3
áz	 3
ali	 3
térít	 3
eg_	 3
men	 3
köve	 3
épsz	 3
bor	 3
eme	 3
_fa	 3
kl	 3
a._	 3
árt	 3
s,	 3
dai	 3
budai	 3
_té	 3
épsze	 3
eb	 3
ében_	 3
ror	 3
yek_	 3
ia	 3
_bud	 3
_jég	 3
szerû	 3
népsz	 3
ssz	 3
s._	 3
térí	 3
társ	 3
Na	 3
skol	 3
att	 3
tott	 3
_néps	 3
okn	 3
je	 3
már	 3
_bu	 3
_Me	 3
ord	 3
érít	 3
_már	 3
elj	 3
dé	 3
fizet	 3
ize	 3
kí	 3
kép	 3
Mag	 3
arak	 3
i,_	 3
ezett	 3
pes	 3
ott	 3
rszá	 3
g,_	 3
kna	 3
_nem	 3
a.	 3
buda	 3
_Bu	 3
tár	 3
os_	 3
olá	 3
dai_	 3
knak	 3
Bud	 3
_fi	 3
aror	 3
hor	 3
tel	 3
_jégk	 3
ák_	 3
ök	 3
más	 3
lta	 3
ében	 3
kon	 3
at_	 3
zág	 3
s,_	 3
szág	 3
sen	 3
_isko	 3
ru	 3
_ké	 3
éne	 3
L	 3
doza	 3
hord	 3
s.	 3
nap	 3
mó	 3
e.	 3
_Mag	 3
_uta	 3
út_	 3
_Va	 3
"	 3
_szer	 3
pszer	 3
zte	 3
ette	 3
ege	 3
yi_	 3
lu	 3
öld	 3
módo	 3
_más	 3
_áll	 3
lem	 3
uk	 3
ost	 3
egé	 3
már_	 3
el_	 3
ód	 3
jég	 3
eny	 3
_sza	 3
rzs	 3
Z	 3
mai	 3
_nö	 3
lett	 3
tek	 3
hordó	 3
tör	 3
n,	 3
követ	 3
ked	 3
ju	 3
nne	 3
vez	 3
_növé	 3
nyek_	 3
fize	 3
öve	 3
ra,_	 3
nek_	 3
knak_	 3
ük	 3
udai	 3
_em	 3
ú_	 3
agyar	 3
iv	 3
mód	 3
tól_	 3
tag	 3
zõ_	 3
hé	 3
érí	 3
tése	 3
mb	 3
_ve	 3
ódo	 3
hoz	 3
zerû	 3
_szak	 3
?	 3
SZ	 2
számo	 2
_Gene	 2
_ért_	 2
olák	 2
jégká	 2
vel	 2
kolák	 2
att_	 2
yész	 2
utazá	 2
nyész	 2
erûbb	 2
int_	 2
lenl	 2
ide	 2
rk	 2
elt	 2
dj	 2
udape	 2
mán	 2
ult_	 2
jel	 2
óko	 2
nera	 2
_vasú	 2
üke	 2
Mi	 2
nleg	 2
vis	 2
örz	 2
ssza	 2
_veg	 2
é_	 2
azás_	 2
övetk	 2
_kör	 2
ûz	 2
kes_	 2
_haj	 2
zo	 2
_vis	 2
alak	 2
enle	 2
no	 2
rb	 2
_nem_	 2
tke	 2
önk	 2
mér	 2
ána	 2
ak.	 2
etve	 2
_há	 2
lnek	 2
_ille	 2
egyéb	 2
elju	 2
gar	 2
uto	 2
dolo	 2
gyi	 2
ek,	 2
szár	 2
alu	 2
alál	 2
itt_	 2
dk	 2
óút	 2
kot_	 2
yer	 2
kívü	 2
lju	 2
_vén	 2
ár,	 2
tk	 2
enyé	 2
rítés	 2
esí	 2
_Nap	 2
re,	 2
rûb	 2
letv	 2
vol	 2
olg	 2
mint	 2
mit_	 2
õlõ	 2
dve	 2
Ha_	 2
képe	 2
leg_	 2
veze	 2
lí	 2
ívül	 2
ada	 2
_Vag	 2
állat	 2
gysz	 2
áját	 2
_szõl	 2
le_	 2
öté	 2
mi_	 2
rl	 2
i.	 2
is._	 2
ki,	 2
rali	 2
ivat	 2
vissz	 2
éríté	 2
jut	 2
kkor	 2
fel	 2
_pon	 2
szál	 2
sak	 2
_se	 2
ívül_	 2
ort	 2
ng	 2
ori	 2
rit	 2
_hor	 2
_Ily	 2
hajó	 2
_Il	 2
vas	 2
_vas	 2
örté	 2
ek,_	 2
rom_	 2
_ká	 2
apest	 2
nagy	 2
gn	 2
folya	 2
ák,	 2
issza	 2
talál	 2
rom	 2
_ala	 2
elenl	 2
_Mi	 2
psé	 2
tört	 2
ént	 2
Õ	 2
én_	 2
ndk	 2
ad_	 2
_szõ	 2
idô	 2
tü	 2
_tört	 2
gyéb_	 2
ráj	 2
etve_	 2
lel	 2
vasú	 2
if	 2
eál	 2
ner	 2
töb	 2
iatt	 2
_leh	 2
ítás,	 2
sn	 2
enleg	 2
lja	 2
este	 2
tás,	 2
olo	 2
hajóú	 2
enyés	 2
_-	 2
ító	 2
_val	 2
tõ_	 2
re,_	 2
iatt_	 2
gká	 2
ájá	 2
_is.	 2
kad	 2
nde	 2
_ó	 2
yen	 2
psége	 2
_mag	 2
örtén	 2
vat	 2
ések	 2
oko	 2
_po	 2
kkal_	 2
zerûb	 2
ljut	 2
ünk	 2
_it	 2
feh	 2
omi	 2
ztán_	 2
obb	 2
vezet	 2
nek.	 2
álta	 2
váro	 2
önkre	 2
lyam	 2
zô	 2
lít	 2
iáb	 2
tté	 2
kat	 2
lna	 2
lg	 2
ebr	 2
éget	 2
ket.	 2
ob	 2
zta_	 2
en,_	 2
lomi	 2
_tel	 2
aság	 2
árvíz	 2
ül_	 2
_érd	 2
gyon	 2
kív	 2
elk	 2
di_	 2
elen	 2
ral	 2
étre	 2
_"	 2
na,	 2
_érde	 2
tönkr	 2
etõ	 2
gokn	 2
kkor_	 2
apes	 2
lf	 2
oro	 2
viss	 2
_viss	 2
ház	 2
lag	 2
tott_	 2
köz	 2
éppe	 2
llat	 2
ter	 2
mai_	 2
_am	 2
sére_	 2
_kir	 2
ony_	 2
állí	 2
_so	 2
rek	 2
óút_	 2
lmá	 2
tre	 2
lye	 2
õs	 2
yon	 2
ap_	 2
osok	 2
ener	 2
ában	 2
mad	 2
nle	 2
gys	 2
ki,_	 2
ként_	 2
zô_	 2
eá	 2
öbb	 2
kon_	 2
_lehe	 2
dt	 2
aka	 2
föld	 2
város	 2
Budap	 2
ssé	 2
etk	 2
síté	 2
issz	 2
uszt	 2
yam	 2
ény_	 2
itt	 2
ént_	 2
rta	 2
ah	 2
éte	 2
_ügy	 2
ztak	 2
_idô	 2
_Ilye	 2
ársas	 2
ont	 2
yf	 2
mét	 2
_több	 2
öb	 2
ezte	 2
jük	 2
t:_	 2
_vi	 2
sz_	 2
_ese	 2
ajó	 2
_teny	 2
_szik	 2
hozta	 2
rsasá	 2
etõ_	 2
eáll	 2
_fal	 2
teny	 2
ml	 2
önkr	 2
_F	 2
Meg	 2
ult	 2
tago	 2
-_	 2
iat	 2
tazás	 2
örzs	 2
söl	 2
lák	 2
lál	 2
yéb_	 2
zik_	 2
nek._	 2
_Ha	 2
rad	 2
most_	 2
gkár	 2
yó	 2
teg	 2
óh	 2
_hord	 2
tez	 2
llít	 2
vül	 2
jö	 2
_jele	 2
csak_	 2
_tet	 2
_elju	 2
aná	 2
_il	 2
anás	 2
ló_	 2
_óko	 2
ré	 2
Gener	 2
yel	 2
kkal	 2
sére	 2
_Ke	 2
_nap	 2
pan	 2
jóút_	 2
nev	 2
ki_	 2
ívü	 2
ün	 2
ket,_	 2
omit_	 2
esít	 2
ppe	 2
talá	 2
lehe	 2
lja_	 2
bet	 2
enc	 2
ás,	 2
éle	 2
ej	 2
_de	 2
elem	 2
ák,_	 2
eket_	 2
rdek	 2
etkez	 2
lak	 2
_létr	 2
ûb	 2
ókor	 2
sp	 2
erz	 2
érd	 2
S_	 2
lfa	 2
leh	 2
_más_	 2
tazá	 2
kból	 2
enne	 2
_je	 2
szta	 2
nkre	 2
özt	 2
llen	 2
_s_	 2
dap	 2
_bor	 2
miat	 2
_dolg	 2
csak	 2
gara	 2
om_	 2
ezõ	 2
ysz	 2
át_	 2
_fö	 2
ra_	 2
ha_	 2
zés	 2
Há	 2
árví	 2
era	 2
ehet	 2
jóút	 2
ehér	 2
ról	 2
_Meg	 2
r,	 2
ako	 2
_nagy	 2
_ókor	 2
erûb	 2
yés	 2
vül_	 2
iva	 2
ola	 2
nkr	 2
rem	 2
érde	 2
jutot	 2
_Vagy	 2
_de_	 2
ón	 2
zi_	 2
old	 2
lt_	 2
yszer	 2
árom	 2
asút	 2
utá	 2
alf	 2
ekb	 2
_éve	 2
zás_	 2
mit	 2
tték	 2
ába	 2
fehér	 2
lehet	 2
rví	 2
_miat	 2
szõlõ	 2
ért_	 2
_itt	 2
erali	 2
ünk_	 2
Il	 2
olom	 2
han	 2
sér	 2
kívül	 2
utot	 2
gokna	 2
ajóút	 2
kka	 2
Ha	 2
ost_	 2
érv	 2
épség	 2
Vagy	 2
_hi	 2
ügyf	 2
tart	 2
ony	 2
ket,	 2
veg	 2
_szám	 2
is.	 2
pség	 2
_SZ	 2
_dolo	 2
kár,_	 2
etke	 2
nyi_	 2
ali_	 2
tenyé	 2
_jó	 2
rsas	 2
het_	 2
ago	 2
száll	 2
zámo	 2
Ke	 2
mag	 2
hozt	 2
ib	 2
azá	 2
rde	 2
llett	 2
_itt_	 2
D	 2
gb	 2
olomi	 2
kén	 2
art	 2
rûbb	 2
ek.	 2
lenle	 2
törté	 2
_ók	 2
tok	 2
asú	 2
ei	 2
_ten	 2
nék	 2
_sok_	 2
mia	 2
zö	 2
nko	 2
kori_	 2
tkez	 2
lyen	 2
tõ	 2
sas	 2
_ko	 2
ámo	 2
te_	 2
mek	 2
dapes	 2
záll	 2
vasút	 2
ikl	 2
_ö	 2
eljut	 2
rán	 2
_után	 2
gyf	 2
_ép	 2
enki	 2
_vo	 2
óú	 2
edve	 2
pont	 2
sal	 2
nag	 2
vetke	 2
miatt	 2
lv	 2
ítése	 2
ány	 2
juto	 2
ozta	 2
par	 2
szk	 2
okon	 2
_föl	 2
ehérv	 2
kir	 2
_nag	 2
enera	 2
gu	 2
_elj	 2
_egyé	 2
tésé	 2
_pont	 2
el.	 2
etv	 2
nyés	 2
gr	 2
lomit	 2
udap	 2
szõl	 2
(	 2
ri_	 2
_ked	 2
_tön	 2
yéb	 2
égká	 2
_utaz	 2
rö	 2
_hajó	 2
mek_	 2
rág	 2
étr	 2
állít	 2
ti_	 2
_képe	 2
egyé	 2
nyé	 2
_-_	 2
enl	 2
_ü	 2
dak	 2
_Há	 2
_töb	 2
ehé	 2
_tett	 2
si	 2
árom_	 2
tar	 2
utaz	 2
éppen	 2
_(	 2
en,	 2
ga,_	 2
pon	 2
égkár	 2
r,_	 2
Nap	 2
föl	 2
_sok	 2
rtén	 2
létre	 2
érdek	 2
íz_	 2
_fiz	 2
asá	 2
-m	 2
lya	 2
ci	 2
tta	 2
ókori	 2
_z	 2
néz	 2
gi	 2
jóú	 2
éke	 2
ott_	 2
ált	 2
tön	 2
omit	 2
_pa	 2
Gen	 2
gyéb	 2
ról_	 2
sú	 2
nki	 2
más_	 2
kal_	 2
_este	 2
dô	 2
pest	 2
_vol	 2
ezt	 2
ver	 2
kõ	 2
ríté	 2
_eset	 2
ehe	 2
_Szé	 2
ört	 2
utott	 2
_mó	 2
éb_	 2
kedve	 2
dolom	 2
azás	 2
kori	 2
_mód	 2
gysze	 2
jele	 2
sok_	 2
neral	 2
áros	 2
sek	 2
_kedv	 2
után_	 2
ok,	 2
_módo	 2
Szé	 2
Ily	 2
ív	 2
agyon	 2
_árví	 2
eo	 2
tték_	 2
_mia	 2
fö	 2
üket	 2
hér	 2
llí	 2
ûbb	 2
oso	 2
ppa	 2
na,_	 2
Vag	 2
gyel	 2
nu	 2
ása	 2
saság	 2
nc	 2
kre_	 2
pá	 2
ys	 2
lne	 2
Gy	 2
_néz	 2
zt_	 2
garak	 2
yeket	 2
zõlõ	 2
_vá	 2
Gene	 2
épp	 2
tás,_	 2
_föld	 2
kör	 2
zõl	 2
zak_	 2
ori_	 2
_Gen	 2
azt	 2
ga,	 2
_bet	 2
el._	 2
letve	 2
nagyo	 2
Ilyen	 2
ep	 2
létr	 2
)	 2
_ha_	 2
zél	 2
sak_	 2
F	 2
kár,	 2
_kár	 2
több	 2
ehet_	 2
gyé	 2
ak._	 2
kko	 2
ek._	 2
esíté	 2
szak_	 2
olyam	 2
T	 2
tl	 2
zer_	 2
épsé	 2
sasá	 2
kbó	 2
eral	 2
ba_	 2
olya	 2
egg	 2
haj	 2
vál	 2
_U	 2
ió	 2
ztán	 2
ysze	 2
enny	 2
gi_	 2
_azt	 2
_jel	 2
dek	 2
menny	 2
tu	 2
áso	 2
_Ha_	 2
zál	 2
gok	 2
_Ge	 2
_üg	 2
rm	 2
tú	 2
_utá	 2
t:	 2
tle	 2
ni_	 2
ok,_	 2
jelen	 2
hérv	 2
víz_	 2
zd	 2
lletv	 2
ennyi	 2
_is._	 2
nny	 2
kot	 2
nl	 2
ape	 2
yeke	 2
dape	 2
lom	 2
illet	 2
fehé	 2
taz	 2
alm	 2
ére_	 2
cso	 2
ás,_	 2
_ill	 2
ket._	 2
szél	 2
úl	 2
Ge	 2
tönk	 2
_árv	 2
ljuto	 2
ppen	 2
_ügyf	 2
fele	 2
ellet	 2
sút	 2
ékes	 2
vetk	 2
ztak_	 2
után	 2
dolg	 2
ára	 2
_hat	 2
ások	 2
_tönk	 2
ezõ_	 2
erek	 2
ként	 2
ppen_	 2
nap_	 2
nte	 2
sai	 2
tve_	 2
irá	 2
árv	 2
ja_	 2
Ilye	 2
ár,_	 2
ában_	 2
su	 2
_le_	 2
_fize	 2
val_	 2
_ár	 2
zek	 2
sítés	 2
rvíz	 2
nnyi	 2
ajóú	 2
ozt	 2
op	 2
"_	 2
szik	 2
alfa	 2
yob	 1
_múlv	 1
ségr	 1
n.	 1
úsul	 1
öré	 1
ita	 1
_ER	 1
anko	 1
épjü	 1
ltalu	 1
sod	 1
Úg	 1
káb	 1
ELVE	 1
enie_	 1
égé	 1
zeté	 1
építm	 1
jün	 1
szen	 1
yulla	 1
iû	 1
af	 1
égüg	 1
_ol	 1
zött	 1
_éle	 1
can	 1
lesz	 1
eteg	 1
zafi	 1
_drá	 1
zsöli	 1
_Ú	 1
éli	 1
kivág	 1
AZ	 1
únak	 1
etén_	 1
ötle	 1
tüze	 1
zkõ	 1
_néki	 1
zámb	 1
ászt	 1
kla	 1
dör	 1
yakor	 1
tartj	 1
véne	 1
onnan	 1
_Megd	 1
_E-	 1
õgy	 1
épen	 1
ghiús	 1
jo	 1
_Nag	 1
apás	 1
rezte	 1
ende	 1
utat	 1
_elk	 1
Urunk	 1
gró	 1
_HAN	 1
ásna	 1
arkot	 1
gei	 1
erem	 1
jén	 1
õtar	 1
_ôke	 1
ahán	 1
oztak	 1
_tago	 1
madar	 1
_Tol	 1
egt	 1
agoza	 1
klagy	 1
lgo	 1
ran	 1
_Kíná	 1
öldr	 1
úlv	 1
kul	 1
nként	 1
érô	 1
nyibe	 1
legi_	 1
vala	 1
Am	 1
_kit	 1
vák	 1
ôt_	 1
gba_	 1
ldraj	 1
E-ma	 1
ábor	 1
_Mikl	 1
úg	 1
átok,	 1
rdóny	 1
akár	 1
_vég	 1
nd,_	 1
eviz	 1
Vagy_	 1
õlõ_	 1
Ekko	 1
kaptá	 1
ortü	 1
_ig	 1
falu	 1
udóva	 1
zeg	 1
mpl	 1
(r	 1
tna	 1
okra,	 1
aláb	 1
ölc	 1
tarta	 1
sökö	 1
am,_	 1
nnyib	 1
dõrsé	 1
fjúna	 1
_nev	 1
fejük	 1
Köztá	 1
legn	 1
enki,	 1
sa,	 1
ránd	 1
ga.	 1
játék	 1
tváll	 1
korló	 1
kik_	 1
madt	 1
ggy	 1
ogara	 1
rik	 1
_benn	 1
_aztá	 1
ézi	 1
ccaná	 1
lde	 1
diva	 1
ködjü	 1
soka	 1
sgáz	 1
geng	 1
akas	 1
egeng	 1
aló	 1
and	 1
maz	 1
as_	 1
gyak	 1
kelet	 1
eszen	 1
salá	 1
obbr	 1
rdókb	 1
eggel	 1
maga	 1
utasb	 1
_já	 1
zkár	 1
gdö	 1
_játé	 1
Mik	 1
fala	 1
lová	 1
)_	 1
kaszo	 1
fr	 1
_kárt	 1
_minu	 1
m,_	 1
ölcs	 1
gügyi	 1
lgokn	 1
i:	 1
_%-ba	 1
õhúr_	 1
ente	 1
szárm	 1
akko	 1
fj	 1
apot.	 1
ógysz	 1
integ	 1
kat?_	 1
ákia_	 1
_amp	 1
álko	 1
lene	 1
seté	 1
dalfa	 1
si_	 1
zárad	 1
zlo	 1
_maga	 1
ámos	 1
ógy	 1
évf	 1
zs:_	 1
rülv	 1
lkoz	 1
épj	 1
iók	 1
Fe	 1
lõsö	 1
léte	 1
ták	 1
hane	 1
örkö	 1
nket	 1
állal	 1
_ide_	 1
iru	 1
egtér	 1
ja.	 1
ONUS_	 1
ágja	 1
aguk	 1
démiá	 1
_R	 1
kifol	 1
_táj_	 1
teni	 1
GUL	 1
-mail	 1
_tér	 1
_hé	 1
adic	 1
ignál	 1
bal	 1
amely	 1
Debr	 1
inte	 1
dájá	 1
ali,	 1
nyíl	 1
yu	 1
_vad	 1
uróp	 1
köp	 1
job	 1
nkor	 1
olan	 1
etl	 1
_Mer	 1
tésk	 1
dón	 1
bõr	 1
morog	 1
orú_	 1
ségre	 1
més	 1
akba	 1
üze	 1
Mit	 1
_Iste	 1
jön	 1
bõ	 1
pjük	 1
útt	 1
ráját	 1
port	 1
panás	 1
nno	 1
éki_	 1
kat?	 1
lnak.	 1
bbé	 1
hét	 1
tûzô_	 1
üggõ	 1
öpött	 1
alb	 1
téli	 1
aztán	 1
elh	 1
enékb	 1
idõta	 1
mészk	 1
érete	 1
E-	 1
zõdés	 1
IA	 1
zéke	 1
gelr	 1
_ink	 1
_Feb	 1
nkrem	 1
lik	 1
ocsár	 1
való	 1
_fagy	 1
t?	 1
agyep	 1
ava	 1
erzõ	 1
erít	 1
ndj	 1
kutat	 1
_Ausz	 1
betér	 1
át,_	 1
szaf	 1
angul	 1
rte	 1
kult_	 1
ilón	 1
ely_	 1
_han	 1
llió	 1
lente	 1
duló	 1
hány	 1
_SZÓ:	 1
öke	 1
öul	 1
_Re	 1
siv	 1
rzõdé	 1
gese	 1
sító_	 1
_táb	 1
ûbbé	 1
eodéz	 1
ltség	 1
_ötle	 1
ebre	 1
Repü	 1
jz	 1
któ	 1
_azt_	 1
ONUS	 1
appal	 1
iskor	 1
fôvár	 1
bôl	 1
zet._	 1
yerek	 1
káro	 1
_Hát_	 1
dig_	 1
_Cs	 1
egn	 1
ényb	 1
õvel	 1
áll_	 1
gyará	 1
Amenn	 1
zöu	 1
keszi	 1
zámba	 1
tabb_	 1
lunk	 1
olna	 1
_fejü	 1
_Ame	 1
fonsz	 1
seh	 1
íli	 1
ndelk	 1
ruár	 1
riáb	 1
_bil	 1
Feb	 1
kozha	 1
oda	 1
illi	 1
k?_	 1
elesl	 1
azó_	 1
pek_	 1
híme	 1
_kiûz	 1
párz	 1
getác	 1
_köz	 1
ermek	 1
amá	 1
ügyfé	 1
Utána	 1
épjük	 1
_állu	 1
éget_	 1
enie	 1
_olda	 1
ség_	 1
ûkíté	 1
ritik	 1
hangu	 1
esl	 1
zûkí	 1
õsö	 1
ôváro	 1
at:	 1
öldm	 1
endõ	 1
_kív	 1
berek	 1
mate	 1
ifol	 1
dta	 1
üz	 1
ût	 1
nás_	 1
ifo	 1
rlóit	 1
_kiló	 1
_bal	 1
okat	 1
Úgy,	 1
mlõs	 1
legi	 1
ciák	 1
nciá	 1
rítet	 1
."_	 1
aink_	 1
sug	 1
orog	 1
ámos_	 1
(h	 1
ekre_	 1
rtejö	 1
lete	 1
mat	 1
_kisk	 1
Szl	 1
hidak	 1
enék	 1
alapm	 1
obbra	 1
zass	 1
omlá	 1
ehoz	 1
Ekk	 1
gyul	 1
észkõ	 1
ldet	 1
rú	 1
dõt	 1
tejön	 1
_fran	 1
lítot	 1
otta	 1
észál	 1
dôsz	 1
mlá	 1
kne	 1
RAZ	 1
Másn	 1
kból,	 1
som	 1
lõgyö	 1
ílik	 1
ldalf	 1
lyamá	 1
hatal	 1
yerme	 1
ndre_	 1
zte,_	 1
inden	 1
ond	 1
ek?_	 1
vek_	 1
_Amen	 1
énõ_	 1
ázba	 1
kital	 1
Szü	 1
szikr	 1
zikl	 1
éná	 1
ét._	 1
téské	 1
zne_	 1
ágró	 1
_hû	 1
_tár	 1
zhat	 1
_õsnö	 1
_kid	 1
sév	 1
ank	 1
akma	 1
drá	 1
Szén	 1
onsz	 1
klós	 1
itu	 1
sb	 1
_fené	 1
llta	 1
tudóv	 1
törzs	 1
játé	 1
tunk	 1
lt,_	 1
sport	 1
ópai_	 1
rség	 1
_voln	 1
todi	 1
szágr	 1
"Gye	 1
tb	 1
tegy	 1
pot	 1
ürcs	 1
dake	 1
méte	 1
tlete	 1
_kiru	 1
ágról	 1
osh	 1
arako	 1
minke	 1
ár:	 1
kma	 1
óha	 1
sodáj	 1
hida	 1
HAN	 1
_akko	 1
Ekkor	 1
gyik_	 1
rsaik	 1
gyne	 1
hetün	 1
ová	 1
sõ	 1
_kut	 1
_fej	 1
serit	 1
ázban	 1
rkö	 1
dtag	 1
gény_	 1
verse	 1
ll_	 1
átvál	 1
_od	 1
eljes	 1
ul._	 1
tók	 1
totta	 1
lovák	 1
endõr	 1
léb	 1
_vala	 1
Ame	 1
ESIK	 1
afi	 1
zata.	 1
_ERD	 1
lnek_	 1
csõ	 1
dõln	 1
Febr	 1
hát_	 1
ozat:	 1
kezé	 1
pött	 1
kon:_	 1
émiá	 1
gyepe	 1
ekre	 1
lõs	 1
üket.	 1
_köl	 1
rog	 1
ésére	 1
mban	 1
ejü	 1
ES	 1
eremt	 1
hú	 1
ból._	 1
isz	 1
dö	 1
plit	 1
dké	 1
nézt	 1
ONU	 1
_iga	 1
aság,	 1
árta	 1
ULAt_	 1
ürc	 1
zikla	 1
hány_	 1
örül	 1
_%	 1
erit	 1
aztá	 1
_hata	 1
dónyi	 1
emt	 1
vf	 1
sôzé	 1
lene_	 1
zsöl	 1
utas	 1
sgá	 1
jük_	 1
_átv	 1
uár:	 1
lagye	 1
edvé	 1
ekes_	 1
alka	 1
zlov	 1
_rög	 1
zaf	 1
ímek	 1
ládt	 1
ljesí	 1
iûz	 1
váló	 1
ítóe	 1
ég,	 1
része	 1
ane	 1
ció_	 1
koráb	 1
ór	 1
nnan	 1
óitó	 1
edvét	 1
IA,	 1
_aho	 1
enciá	 1
_Hár	 1
õlne	 1
ulók.	 1
lve	 1
ibe	 1
köpöt	 1
napsu	 1
RD	 1
nálja	 1
ép_	 1
nába	 1
_Po	 1
este_	 1
lli	 1
lmán	 1
kárb	 1
alfal	 1
tám	 1
ánk	 1
tt)	 1
%-ban	 1
_Napo	 1
óho	 1
zign	 1
olga,	 1
él,	 1
yorsa	 1
yará	 1
táj	 1
mcsak	 1
okon_	 1
rándu	 1
kiv	 1
tanu	 1
rzsöl	 1
nki,	 1
szeá	 1
rténõ	 1
_falu	 1
toktó	 1
_mint	 1
_Eu	 1
meg.	 1
evõ_	 1
bogar	 1
gyot	 1
egs	 1
íti	 1
zésé	 1
zárta	 1
_jóh	 1
evüke	 1
en.	 1
közt_	 1
mada	 1
oppan	 1
_Ut	 1
leme	 1
rvízk	 1
ügyi	 1
ártab	 1
óbiz	 1
vevõ_	 1
BONUS	 1
ranko	 1
iszár	 1
_kri	 1
_nézn	 1
bes	 1
ílik.	 1
iák	 1
san	 1
ováki	 1
öss	 1
_érté	 1
szeál	 1
bbôl_	 1
nál	 1
erí	 1
_rájö	 1
ikus	 1
rra_	 1
ni.	 1
rtam	 1
áki	 1
nában	 1
tte_	 1
zká	 1
NUS_	 1
zakas	 1
Kegye	 1
lábbi	 1
ETIA,	 1
epül	 1
dõtar	 1
bruá	 1
bille	 1
portv	 1
rágú	 1
kezõ	 1
erek_	 1
lákka	 1
lel_	 1
nevez	 1
_beté	 1
król_	 1
yere	 1
ítm	 1
_ezer	 1
Eur	 1
_kiss	 1
ákia	 1
szem	 1
váll	 1
lt.	 1
mos_	 1
ece	 1
árb	 1
beáll	 1
iga	 1
rû_	 1
illió	 1
iszá	 1
luk_	 1
íl	 1
ulmá	 1
ghi	 1
_elá	 1
egérl	 1
rtérí	 1
_tábo	 1
A,_	 1
Rep	 1
_%-b	 1
enge	 1
ssel	 1
ének_	 1
erzse	 1
gség	 1
yör	 1
pmó	 1
ie	 1
öldet	 1
pe_	 1
tj	 1
atun	 1
v,_	 1
aink	 1
Z_	 1
ggõ	 1
rló	 1
ábbi_	 1
tésse	 1
_HELV	 1
yká	 1
_Köz	 1
tab	 1
tezte	 1
mban_	 1
rok_	 1
zûkít	 1
támad	 1
nybi	 1
lta_	 1
zassá	 1
erik_	 1
sult_	 1
skén	 1
észõ_	 1
kben_	 1
_bö	 1
tác	 1
erezt	 1
ödjün	 1
õjé	 1
ízká	 1
ezte,	 1
rsan_	 1
gz	 1
onna	 1
_kívü	 1
olt._	 1
vir	 1
elték	 1
),_	 1
inket	 1
lesz_	 1
g?_	 1
landó	 1
virág	 1
ia_	 1
frank	 1
rdóh	 1
ság,_	 1
mián	 1
volt	 1
gsé	 1
ETI	 1
anno	 1
ság?_	 1
vüke	 1
ezés	 1
boro	 1
etü	 1
ágr	 1
endk	 1
aradi	 1
seny	 1
ki:	 1
gyfé	 1
egyar	 1
pöt	 1
nevü	 1
reho	 1
ggel	 1
óssal	 1
zekr	 1
minte	 1
_Ek	 1
mcsa	 1
nõ_	 1
_S_	 1
ak,	 1
rali,	 1
ánt	 1
elt,	 1
enye	 1
eddig	 1
rba	 1
aspar	 1
mosta	 1
sét_	 1
egge	 1
falb	 1
égre	 1
rtják	 1
kadé	 1
zségü	 1
treh	 1
bukik	 1
bek	 1
kifo	 1
_káro	 1
Nö	 1
_SZÁ	 1
õre	 1
zakma	 1
Gye	 1
ahá	 1
yamá	 1
rábba	 1
uga	 1
yit	 1
súttá	 1
itik	 1
regg	 1
_geod	 1
csomb	 1
ôzé	 1
népem	 1
_Rep	 1
éseke	 1
zeren	 1
nézn	 1
gyob	 1
énye.	 1
ake	 1
olga	 1
akban	 1
tagok	 1
ida	 1
Ne_	 1
nd,	 1
dtago	 1
ür	 1
Pozso	 1
nnek	 1
észek	 1
tötté	 1
eho	 1
_fló	 1
ni._	 1
_drág	 1
figye	 1
Aztán	 1
ízkár	 1
rik_	 1
yep	 1
kbe.	 1
dók	 1
rmazó	 1
ónk	 1
slege	 1
zági	 1
attal	 1
emcs	 1
ülve	 1
_(h	 1
erdõk	 1
gköté	 1
kat_	 1
egér	 1
korú	 1
Egy	 1
ettet	 1
erenc	 1
TI	 1
efon	 1
tép	 1
Megdö	 1
nás),	 1
lka	 1
kötés	 1
_hono	 1
ézt	 1
g._	 1
sti	 1
Uru	 1
kivá	 1
ségü	 1
éské	 1
yfel	 1
gtérí	 1
etünk	 1
_korá	 1
ög	 1
arad	 1
_szem	 1
olgok	 1
szág_	 1
önd,	 1
ékes_	 1
rtéke	 1
hono	 1
ôke	 1
ás),	 1
kõhúr	 1
_tart	 1
esôzé	 1
odézi	 1
ontok	 1
ilen,	 1
lam	 1
ltsé	 1
gyi_	 1
_évf	 1
észs	 1
mte	 1
esfeh	 1
kut	 1
tjá	 1
Po	 1
zet.	 1
kia	 1
fôvá	 1
sság	 1
ûkí	 1
ónyi_	 1
hatod	 1
áma	 1
_gyer	 1
lónk	 1
õk	 1
kiûzö	 1
lga,	 1
NGULA	 1
lór	 1
gy,_	 1
évfo	 1
yüt	 1
va_	 1
nki."	 1
ûzöt	 1
árok_	 1
odik	 1
lkez	 1
ará	 1
Széke	 1
hiú	 1
_rö	 1
kmai	 1
ikrá	 1
NG	 1
_idô_	 1
snö	 1
egi_	 1
kön,_	 1
_éppe	 1
ono	 1
_mell	 1
ításo	 1
goz	 1
lák_	 1
div	 1
olyól	 1
sal_	 1
ámad	 1
ájö	 1
lalj	 1
_nyíl	 1
ág,_	 1
figy	 1
_kivá	 1
örébe	 1
gkára	 1
lcs	 1
óhan	 1
ját,	 1
érvir	 1
atek	 1
_bõ	 1
seket	 1
önyö	 1
Tol	 1
_el.	 1
yóg	 1
alahá	 1
_szeg	 1
nyeke	 1
pogó_	 1
sztak	 1
nszá	 1
kesz	 1
falak	 1
idak_	 1
_ku	 1
_kuta	 1
ullad	 1
pus	 1
_öt	 1
íme	 1
endre	 1
talma	 1
elõre	 1
dém	 1
ejüke	 1
skorú	 1
rme	 1
ázi	 1
ame	 1
telef	 1
_sen	 1
óbizt	 1
DÕK	 1
ákka	 1
DÕKR	 1
vatag	 1
ág,	 1
atók	 1
rópai	 1
sombó	 1
nk,	 1
kló	 1
nei	 1
lõgy	 1
áv	 1
ét:_	 1
onto	 1
_Told	 1
gyüt	 1
láju	 1
rôt	 1
osa	 1
s-he	 1
_onna	 1
este,	 1
dõrs	 1
_kil	 1
y,_	 1
_(hár	 1
õdés_	 1
lov	 1
úgyn	 1
Hát	 1
ozso	 1
ibák_	 1
_ERDÕ	 1
gkö	 1
letbi	 1
ign	 1
ztri	 1
ptá	 1
ER	 1
rûbb_	 1
ljes	 1
_kõhú	 1
ése._	 1
köré	 1
pal	 1
-moc	 1
sugar	 1
_Gyön	 1
gyik	 1
kri	 1
inus	 1
inu	 1
ebru	 1
óhang	 1
yneve	 1
_hid	 1
reke	 1
eod	 1
képes	 1
akad	 1
csére	 1
elhet	 1
_seri	 1
De	 1
gynev	 1
nne,_	 1
lók	 1
ölde	 1
elébe	 1
ködj	 1
ja._	 1
úgy	 1
áté	 1
éss	 1
_vége	 1
ttete	 1
égko	 1
rzik_	 1
plitu	 1
örköd	 1
zéná	 1
szekr	 1
_köze	 1
tasb	 1
ndre	 1
Növé	 1
õrönd	 1
emi	 1
nás)	 1
yöke	 1
Föld	 1
zállí	 1
rc	 1
_ter	 1
emen	 1
radn	 1
zerv	 1
regge	 1
_tûz	 1
."	 1
égéb	 1
yepek	 1
oppa	 1
_évfo	 1
erd	 1
zban	 1
zikrá	 1
háza	 1
lag_	 1
Eu	 1
lami	 1
ió_	 1
_megt	 1
zése	 1
korá	 1
_telj	 1
ciák,	 1
korl	 1
õrség	 1
senk	 1
dre	 1
pem	 1
on:	 1
éziá	 1
yekn	 1
tunk_	 1
nbiz	 1
_él	 1
gen	 1
zson	 1
ozson	 1
jes	 1
éki	 1
lba	 1
gész	 1
derít	 1
épem	 1
szkõ	 1
ödj	 1
_lesz	 1
pesí	 1
tése.	 1
szõ_	 1
kön	 1
gében	 1
nke	 1
dkét_	 1
_fol	 1
nulmá	 1
eml	 1
ts	 1
ríte	 1
güg	 1
_feh	 1
akad_	 1
eghiú	 1
bbr	 1
gykár	 1
ádta	 1
ése.	 1
_Má	 1
tépj	 1
mbe	 1
gtér	 1
_ES	 1
etle	 1
SI	 1
kár_	 1
vers	 1
tmé	 1
zköz	 1
_eb	 1
lmas	 1
iûzö	 1
tezõ	 1
udak	 1
sain	 1
_nék	 1
sen._	 1
énõ	 1
enko	 1
ogar	 1
_ver	 1
shord	 1
gnéps	 1
_spo	 1
aros	 1
kõh	 1
Ut	 1
-b	 1
alba	 1
eset,	 1
iben_	 1
játok	 1
tség	 1
Növén	 1
_költ	 1
élnek	 1
képp	 1
tvál	 1
õd	 1
elkez	 1
bbsé	 1
Má	 1
rtü	 1
szo	 1
lefon	 1
_mai_	 1
HEL	 1
jzi_	 1
iló	 1
ozd	 1
szakb	 1
élne	 1
kriti	 1
denki	 1
iából	 1
sen.	 1
onos_	 1
koz	 1
eríte	 1
vmi	 1
sf	 1
ppal	 1
asz	 1
pali_	 1
tenie	 1
rni_	 1
ozta_	 1
réb	 1
gyors	 1
ekö	 1
_HANG	 1
seri	 1
ahol_	 1
_kapt	 1
szkö	 1
be.	 1
KRÕ	 1
ím	 1
ókkal	 1
adna,	 1
zdi	 1
_za	 1
dóh	 1
ányi_	 1
est_	 1
lás	 1
_pann	 1
ôzése	 1
_Mit_	 1
rtj	 1
ÁRAZ	 1
ámba	 1
_"_	 1
ménye	 1
_körü	 1
_vada	 1
tegy_	 1
Szék	 1
áto	 1
_Szöu	 1
ldmé	 1
ötték	 1
múl	 1
_ját	 1
ötés	 1
_váro	 1
ókedv	 1
tetõ_	 1
adar	 1
Gyöny	 1
_köp	 1
gulat	 1
igazo	 1
ssza_	 1
ruár:	 1
orsa	 1
_bölc	 1
_Föl	 1
tvá	 1
ros_	 1
tják,	 1
yök	 1
álja	 1
jünk_	 1
mlõsö	 1
fl	 1
sõjé	 1
gõe	 1
ájátó	 1
tvers	 1
_söt	 1
õsn	 1
lfala	 1
telje	 1
udó	 1
ób	 1
téli_	 1
park	 1
ónyi	 1
ber	 1
ztriá	 1
ói	 1
ind_	 1
onbi	 1
_alá	 1
verik	 1
zágr	 1
û_	 1
ol_	 1
ások,	 1
eges	 1
éless	 1
_P	 1
õkben	 1
udake	 1
onbiz	 1
mányi	 1
_job	 1
_ka	 1
ortüz	 1
mely	 1
beoml	 1
est.	 1
dõta	 1
dóval	 1
_háza	 1
Szöu	 1
llene	 1
náb	 1
szeri	 1
egetá	 1
-heg	 1
yörk	 1
triáb	 1
adt_	 1
_megh	 1
ánk,_	 1
pest_	 1
US	 1
psug	 1
jesí	 1
_Szék	 1
idô_	 1
voln	 1
etet	 1
szeré	 1
ól._	 1
húr_	 1
Nagy	 1
zép_	 1
kult	 1
Vagyo	 1
hogz	 1
_bete	 1
_ESIK	 1
endkí	 1
lô_	 1
ggõen	 1
ELVET	 1
ssá	 1
nge	 1
alami	 1
less	 1
dony_	 1
ons	 1
almáv	 1
ájöt	 1
ítóes	 1
gté	 1
hiúsu	 1
gyü	 1
bog	 1
tt,	 1
ségüg	 1
SZÁ	 1
zépen	 1
lmére	 1
ete,	 1
kban	 1
orvos	 1
gné	 1
iti	 1
elem_	 1
táj_	 1
ncsér	 1
gó_	 1
lga	 1
ndr	 1
_emlõ	 1
ziábó	 1
úttár	 1
g.	 1
okat_	 1
jéne	 1
sekor	 1
tte,_	 1
_SZÁR	 1
LA	 1
_oda	 1
yfé	 1
épen_	 1
_Másn	 1
lét.	 1
atodi	 1
ybiz	 1
uki	 1
tén_	 1
ic	 1
ozatu	 1
jóked	 1
_tal	 1
sapás	 1
_hane	 1
mlõ	 1
alja_	 1
tét_	 1
_függ	 1
gyütt	 1
nul	 1
emten	 1
gyfél	 1
leges	 1
ZÓ	 1
ús	 1
_hût	 1
gba	 1
esen	 1
yekne	 1
daé	 1
ekes	 1
kiû	 1
runk_	 1
_fo	 1
gyobb	 1
_Növ	 1
rende	 1
ZÓ:	 1
eket.	 1
egés	 1
ább_	 1
rvi	 1
kasz	 1
ésk	 1
zésér	 1
ezer	 1
ciá	 1
agoz	 1
ozdon	 1
áradn	 1
zhatn	 1
tûzô	 1
pítmé	 1
athá	 1
yik_	 1
_foly	 1
apm	 1
árz	 1
ekor	 1
pli	 1
gyk	 1
_szál	 1
_kide	 1
bba	 1
_mer	 1
_Ist	 1
dörz	 1
evi	 1
zási_	 1
olák_	 1
dvé	 1
tre,_	 1
énybi	 1
gy,	 1
imol	 1
kon:	 1
ulnak	 1
beté	 1
non	 1
ddi	 1
rzõd	 1
tsé	 1
bö	 1
ebbô	 1
sök	 1
elköv	 1
eszkö	 1
jóke	 1
dra	 1
nálj	 1
mérôt	 1
kbe_	 1
osoka	 1
orább	 1
bá	 1
t)_	 1
ntett	 1
dmér	 1
véget	 1
mét:	 1
ekbe.	 1
ntok	 1
ûbb_	 1
ábo	 1
kezõ_	 1
_Föld	 1
irán	 1
ssal	 1
eláju	 1
elje	 1
öldmé	 1
Szer	 1
triá	 1
irág	 1
gyeke	 1
ikló	 1
s),	 1
_fôvá	 1
_mor	 1
_évek	 1
ági_	 1
geo	 1
At_	 1
ik._	 1
_ny	 1
csal	 1
aság?	 1
ull	 1
pták_	 1
zél,_	 1
ékbe	 1
dig	 1
dm	 1
ügg	 1
lmér	 1
ítot	 1
gyonb	 1
pülõ	 1
gyöke	 1
õrsé	 1
tû	 1
oml	 1
lcsõ	 1
jégko	 1
KR	 1
nyör	 1
evü	 1
rdók	 1
_hato	 1
lemes	 1
iruc	 1
böl	 1
õvel_	 1
tver	 1
li,_	 1
adé	 1
zközt	 1
moc	 1
alfa_	 1
lyó	 1
ziá	 1
thá	 1
bbs	 1
atekb	 1
edhet	 1
zakm	 1
gkor	 1
áci	 1
inke	 1
falba	 1
_esz	 1
közel	 1
atház	 1
zó	 1
ekl	 1
szaka	 1
ldi	 1
hon	 1
let_	 1
_érzi	 1
Napo	 1
ított	 1
bra	 1
tóe	 1
est._	 1
ögö	 1
mére	 1
anul	 1
setén	 1
%-ba	 1
ától	 1
mász	 1
oráb	 1
rek_	 1
ják,	 1
LVE	 1
lmány	 1
lfal	 1
mból	 1
sza_	 1
apt	 1
e-mo	 1
ikr	 1
se_	 1
táb	 1
rtér	 1
õe	 1
_nevü	 1
angu	 1
is,_	 1
lálta	 1
gyes	 1
õen_	 1
lós	 1
nna	 1
lelté	 1
ebrec	 1
ang	 1
õen	 1
mol	 1
gyep	 1
mint_	 1
mok	 1
égkor	 1
ezésé	 1
_dõ	 1
san_	 1
ibá	 1
lit	 1
lték_	 1
bere	 1
bra,	 1
NUS	 1
_zár	 1
ser	 1
_szû	 1
kek,	 1
gyele	 1
kors	 1
llun	 1
%	 1
kisz	 1
tejö	 1
ykár	 1
ársai	 1
együ	 1
akm	 1
zenci	 1
_együ	 1
õln	 1
yn	 1
gbuki	 1
vég	 1
ítésk	 1
adt	 1
pest.	 1
sszaf	 1
encsé	 1
_ki,	 1
_Vala	 1
dáját	 1
óp	 1
_tele	 1
séget	 1
téke	 1
e-m	 1
liókk	 1
erû_	 1
_kiv	 1
szoko	 1
pj	 1
ólag_	 1
ne,	 1
ás-h	 1
minu	 1
gköt	 1
nciák	 1
sul	 1
szer_	 1
ztár	 1
vénn	 1
ásnap	 1
_táj	 1
esô	 1
yógy	 1
gja	 1
pu	 1
bölc	 1
yors	 1
úr	 1
kas	 1
vük	 1
lmas_	 1
_Ez_	 1
dá	 1
dhe	 1
eléb	 1
táso	 1
yíli	 1
_naps	 1
bbi	 1
tetek	 1
öze	 1
djá	 1
zén	 1
Széná	 1
rr	 1
árr	 1
ndkí	 1
ecen,	 1
egész	 1
Kínáb	 1
ôl_	 1
ain	 1
átó	 1
gõen	 1
érzi	 1
RDÕK	 1
jönn	 1
ANGU	 1
ás-	 1
endr	 1
_álta	 1
yon_	 1
ann	 1
dasp	 1
kapt	 1
ét.	 1
nkot_	 1
bortü	 1
ügyfe	 1
ANG	 1
_ESI	 1
ötét	 1
remt	 1
szerv	 1
eg._	 1
_"Gye	 1
vel_	 1
_ös	 1
évm	 1
yobb_	 1
ának	 1
dre_	 1
ltak_	 1
-h	 1
_beo	 1
rdón	 1
ugar	 1
_vegy	 1
ezdi_	 1
öbb_	 1
ggõe	 1
ük_	 1
yönyö	 1
_Kere	 1
lánk	 1
gök	 1
odáj	 1
öp	 1
embe	 1
jött	 1
rsan	 1
_HEL	 1
alált	 1
ajz	 1
ggyul	 1
lió	 1
s:	 1
gná	 1
remen	 1
rak_	 1
Sze	 1
apsu	 1
rdõk	 1
dkívü	 1
eszi	 1
ette_	 1
_kí	 1
kus	 1
_söté	 1
E-mai	 1
_moro	 1
lese	 1
lje	 1
alálk	 1
Cse	 1
_akad	 1
_beá	 1
egsé	 1
besz	 1
zafiz	 1
_Növé	 1
rték	 1
gula	 1
csapá	 1
entet	 1
h_	 1
zetés	 1
zeré	 1
_én_	 1
zekre	 1
ôv	 1
odá	 1
_kiû	 1
fôv	 1
szikl	 1
rzi	 1
_víz_	 1
éret	 1
fa_	 1
_gyor	 1
litud	 1
yelhe	 1
_kap	 1
alap	 1
kop	 1
odéz	 1
ogz	 1
bõrö	 1
_gya	 1
vizs	 1
óval	 1
bbôl	 1
jobbr	 1
lad_	 1
jától	 1
zsö	 1
ncs	 1
aránt	 1
uln	 1
_kez	 1
igyel	 1
nyb	 1
egb	 1
ce	 1
sútt	 1
almas	 1
fig	 1
megbu	 1
_jóke	 1
állta	 1
yészá	 1
_emb	 1
ják,_	 1
áció	 1
ers	 1
_ide	 1
gre_	 1
oln	 1
enkor	 1
lték	 1
átvá	 1
ött.	 1
dôs	 1
érle	 1
_alf	 1
egnép	 1
ókk	 1
djünk	 1
boga	 1
para	 1
õgyök	 1
ivágj	 1
Á	 1
tbizt	 1
BONU	 1
érl	 1
%-b	 1
aik	 1
mell	 1
ázas	 1
ilen	 1
brece	 1
bô	 1
orú	 1
zeáll	 1
uló	 1
tama_	 1
zat:	 1
rko	 1
odaé	 1
sõj	 1
jünk	 1
öul._	 1
zban_	 1
ocsá	 1
párzá	 1
itó	 1
lóra_	 1
igaz	 1
denk	 1
_E_	 1
mill	 1
volt.	 1
rô	 1
_alak	 1
rosa_	 1
hán	 1
yes_	 1
nak,_	 1
djü	 1
erdõ	 1
ddig	 1
rosh	 1
vel.	 1
hetõ_	 1
aguka	 1
ajzi_	 1
ngul	 1
hid	 1
örü	 1
aér._	 1
uccan	 1
etén	 1
geit_	 1
ságk	 1
omlás	 1
nás-h	 1
tete	 1
nteg	 1
atta	 1
ség,	 1
orv	 1
_figy	 1
_év_	 1
rés	 1
láb	 1
õkbe	 1
atod	 1
taluk	 1
lek_	 1
get.	 1
Egyi	 1
sével	 1
_Megé	 1
zne	 1
múlv	 1
sító	 1
rájá	 1
nki,_	 1
_Háro	 1
lté	 1
ajzi	 1
sg	 1
pann	 1
tezt	 1
delke	 1
lev	 1
rább	 1
eszél	 1
LAt	 1
tek?	 1
rûbbé	 1
kirán	 1
Kö	 1
rlói	 1
beszé	 1
rseny	 1
ndkív	 1
artjá	 1
_Repü	 1
ötése	 1
rin	 1
ttak_	 1
ágk	 1
ské	 1
állt	 1
odájá	 1
_idõ	 1
hegy	 1
hí	 1
rendk	 1
_Cseh	 1
ütt)	 1
Ker	 1
osho	 1
aló_	 1
_Deb	 1
fag	 1
dõkb	 1
ámok	 1
dhet	 1
ll,	 1
_vál	 1
milli	 1
_hí	 1
zági_	 1
_idõt	 1
eg.	 1
_híme	 1
rendõ	 1
ula	 1
árm	 1
tun	 1
itell	 1
ajár	 1
jének	 1
ETIA	 1
eom	 1
érlel	 1
hanem	 1
_er	 1
_ví	 1
meg,_	 1
Szere	 1
Vala	 1
sse	 1
liók	 1
rzs:_	 1
ordók	 1
zh	 1
zõlõg	 1
kif	 1
s),_	 1
zség	 1
gyu	 1
A,	 1
lleme	 1
ától_	 1
adas	 1
Ak	 1
olyó	 1
áció_	 1
öztá	 1
tházb	 1
bbra	 1
_fehé	 1
GULAt	 1
ítás.	 1
ntokt	 1
maile	 1
gról_	 1
mt	 1
ányi	 1
öldra	 1
ztény	 1
ekr	 1
osta_	 1
C	 1
meg,	 1
oc	 1
etegs	 1
ztet	 1
pjü	 1
ttárs	 1
_csap	 1
tások	 1
Ó:	 1
_kor	 1
fjún	 1
arak.	 1
uró	 1
kolán	 1
aho	 1
_kõ	 1
aluk_	 1
szség	 1
három	 1
essé	 1
asútt	 1
kita	 1
fõ_	 1
lása,	 1
októl	 1
dvét_	 1
_pan	 1
ön,	 1
_Aka	 1
Után	 1
rtv	 1
csom	 1
aká	 1
flóra	 1
sle	 1
orba	 1
fejü	 1
llal	 1
iák,	 1
enne,	 1
bort	 1
mes	 1
gról	 1
_eml	 1
zeál	 1
lent	 1
Kín	 1
évmi	 1
ból.	 1
nki.	 1
eh_	 1
LAt_	 1
járt	 1
tó_	 1
tkeze	 1
_Ur	 1
kítés	 1
folyó	 1
olánk	 1
nkre_	 1
(ropp	 1
senye	 1
li,	 1
kba	 1
gkár,	 1
_ahol	 1
õhúr	 1
aszo	 1
ukik_	 1
óv	 1
lal	 1
terem	 1
ttal	 1
rban	 1
ot._	 1
ndó_	 1
uka	 1
_térí	 1
djün	 1
erite	 1
Eg	 1
_erdõ	 1
sap	 1
rü	 1
átok	 1
rcsö	 1
ztek	 1
almá	 1
det_	 1
_Febr	 1
õta	 1
_erd	 1
etb	 1
csár	 1
la_	 1
alj	 1
_alfa	 1
anás)	 1
zha	 1
th	 1
król	 1
tépjü	 1
ged	 1
HA	 1
_víz	 1
ankot	 1
Megé	 1
körül	 1
rbiz	 1
_fag	 1
moz	 1
tam	 1
ök_	 1
ata.	 1
tlet	 1
_tan	 1
rezt	 1
ykár,	 1
_ki,_	 1
bé	 1
ének	 1
ZÁ	 1
rali_	 1
enyek	 1
_beál	 1
ULAt	 1
aszok	 1
rlel	 1
rszak	 1
agok	 1
_Szö	 1
zemét	 1
orlói	 1
õjéne	 1
_érz	 1
tabb	 1
edd	 1
kisk	 1
zerzõ	 1
lalja	 1
nie	 1
emel	 1
tása	 1
_éve_	 1
nnan_	 1
tkezõ	 1
nszám	 1
vada	 1
matek	 1
yészõ	 1
nyörk	 1
erzõd	 1
õrön	 1
egdö	 1
rbizt	 1
sár_	 1
egbuk	 1
iús	 1
lõr	 1
erzs	 1
ólag	 1
lakul	 1
s-heg	 1
éli_	 1
pem_	 1
okon:	 1
_moz	 1
_Ekk	 1
adn	 1
_rá	 1
odi	 1
_levi	 1
_kele	 1
son	 1
rög	 1
_köré	 1
Kíná	 1
spark	 1
borb	 1
lna,_	 1
õjén	 1
ók._	 1
vízk	 1
krá	 1
telle	 1
_Közt	 1
Told	 1
év,	 1
Napot	 1
égr	 1
ölcsõ	 1
_köve	 1
várra	 1
_nap_	 1
rköd	 1
izs	 1
rôt_	 1
lkozh	 1
tan	 1
nyib	 1
érni	 1
öztár	 1
_alap	 1
dmérô	 1
rága	 1
lóssa	 1
akon	 1
gõen_	 1
júnak	 1
ie_	 1
ûtö	 1
ütt	 1
_bõr	 1
evez	 1
arak_	 1
vetet	 1
ztek,	 1
köl	 1
tleg	 1
ggelr	 1
Kere	 1
Szürc	 1
_Egyi	 1
mink	 1
_geo	 1
mor	 1
ely	 1
dve_	 1
zlová	 1
_lett	 1
árzá	 1
_mad	 1
_Szl	 1
_inká	 1
-mo	 1
orá	 1
oldi_	 1
ság,	 1
ád	 1
_idôs	 1
oz_	 1
ert	 1
üt	 1
_aká	 1
zágró	 1
_fig	 1
lakr	 1
_elem	 1
pog	 1
ôket	 1
nne_	 1
ákk	 1
pülõv	 1
ondj	 1
gesen	 1
P	 1
esfe	 1
rájöt	 1
adics	 1
sokna	 1
lóra	 1
kezdi	 1
_év,_	 1
_Szlo	 1
bák_	 1
ervez	 1
_spor	 1
inusz	 1
_para	 1
_jók	 1
meg._	 1
yobb	 1
ifj	 1
akk	 1
elõr	 1
runk	 1
aér.	 1
zsé	 1
zára	 1
_Cse	 1
dõkbe	 1
amán	 1
im	 1
hato	 1
egség	 1
nduló	 1
_orv	 1
nlegi	 1
_eláj	 1
sség	 1
aku	 1
ajá	 1
vev	 1
össze	 1
ág?	 1
emi_	 1
ztr	 1
tanul	 1
adém	 1
ztén	 1
s:_	 1
lô	 1
eit_	 1
rvoso	 1
ezé	 1
dvezô	 1
dolga	 1
Utá	 1
t)	 1
nkább	 1
eszté	 1
lek	 1
gáz	 1
örülv	 1
indké	 1
-mocs	 1
jóh	 1
ULA	 1
meghi	 1
ÕL	 1
sôz	 1
HELVE	 1
gbuk	 1
õrs	 1
rtve	 1
émián	 1
agokn	 1
rül	 1
szsé	 1
múlva	 1
iklag	 1
riti	 1
uc	 1
bák	 1
hegye	 1
árzás	 1
mola_	 1
ncsé	 1
mból,	 1
séve	 1
ámban	 1
jüket	 1
ruá	 1
_mat	 1
_dõln	 1
lhetü	 1
borba	 1
kisko	 1
méret	 1
atnak	 1
st.	 1
bill	 1
ára,	 1
fjú	 1
gnál	 1
zn	 1
nak.	 1
ámadt	 1
õtart	 1
utató	 1
dõl	 1
rtama	 1
omb	 1
itel	 1
_pus	 1
valam	 1
szára	 1
ssé_	 1
epü	 1
páso	 1
ránt	 1
_ez	 1
ókból	 1
_Ne_	 1
dés_	 1
tek,_	 1
való_	 1
ékb	 1
vadas	 1
hol	 1
tere	 1
apáso	 1
fej	 1
_sp	 1
zte,	 1
júna	 1
alah	 1
vénne	 1
gyako	 1
megt	 1
ERDÕ	 1
ye.	 1
kit	 1
tekb	 1
atna	 1
Növ	 1
Ez	 1
ámb	 1
Szlov	 1
adara	 1
_tere	 1
Egyik	 1
get._	 1
ítmé	 1
ájött	 1
árbiz	 1
egd	 1
krem	 1
rint_	 1
vath	 1
_hib	 1
riá	 1
etá	 1
_fr	 1
dakes	 1
kiûz	 1
iána	 1
õt	 1
éséve	 1
dik_	 1
dics	 1
tik	 1
orló	 1
reme	 1
ÁRAZ_	 1
ldet_	 1
_meg_	 1
csodá	 1
ifoly	 1
elet_	 1
nket_	 1
ail	 1
_fõ_	 1
ulna	 1
SZÓ:_	 1
bale	 1
ukat?	 1
akkor	 1
dõr	 1
llent	 1
_siva	 1
mond	 1
téne	 1
nus	 1
Kí	 1
ját,_	 1
pít	 1
kiss	 1
sé_	 1
ZÓ:_	 1
térn	 1
rzõ	 1
jul	 1
únak,	 1
vényb	 1
csö	 1
eveze	 1
roppa	 1
_hoz	 1
llalj	 1
melle	 1
ûbbé_	 1
zürcs	 1
éln	 1
_les	 1
ot.	 1
csalá	 1
lahán	 1
érvár	 1
lmé	 1
alja	 1
okr	 1
_orvo	 1
amán_	 1
_Keg	 1
ûk	 1
agyot	 1
fõ	 1
máva	 1
_ben	 1
hímek	 1
sár	 1
_ebb	 1
_el._	 1
lege	 1
ógys	 1
tél	 1
ldal	 1
guk	 1
láj	 1
ponto	 1
megb	 1
rcsöl	 1
ocs	 1
LVETI	 1
mén	 1
sa,_	 1
kele	 1
dvez	 1
ökön	 1
lõvel	 1
_hozt	 1
zdi_	 1
najá	 1
tését	 1
tüz	 1
_is,_	 1
jú	 1
_Ne	 1
olt	 1
dvét	 1
elté	 1
brec	 1
TIA,_	 1
non_	 1
snövé	 1
ordóh	 1
aros_	 1
elé	 1
amel	 1
nnon	 1
özel	 1
at:_	 1
hûtöt	 1
októ	 1
zigná	 1
ekbe	 1
_bekö	 1
_ki:	 1
land	 1
éztek	 1
_in	 1
zegén	 1
zsgá	 1
res	 1
_ki:_	 1
õg	 1
értej	 1
lda	 1
eit	 1
guka	 1
kiru	 1
_õs	 1
_diva	 1
yepe	 1
dját	 1
hoz_	 1
mcs	 1
ábban	 1
hogz_	 1
ûzô_	 1
esetl	 1
ára,_	 1
dô_	 1
együt	 1
irágú	 1
italá	 1
Hát_	 1
_vár	 1
ssze	 1
_szél	 1
Aztá	 1
akmai	 1
lkezé	 1
pot._	 1
_Val	 1
ndó	 1
ikla	 1
gd	 1
lfa_	 1
_nemc	 1
zág_	 1
_legn	 1
_si	 1
TIA,	 1
_épí	 1
zûk	 1
_álla	 1
ánaj	 1
ddig_	 1
egdör	 1
ándu	 1
_esôz	 1
atunk	 1
spo	 1
énnek	 1
cen	 1
fran	 1
Aus	 1
_siv	 1
_mász	 1
mlása	 1
nk,_	 1
csér	 1
gyek	 1
öbbsé	 1
ánd	 1
_tám	 1
géb	 1
spor	 1
-ba	 1
ejük	 1
rópa	 1
ESIK_	 1
szû	 1
var	 1
tetõ	 1
azol	 1
ópa	 1
megh	 1
del	 1
yólag	 1
áték	 1
söli	 1
yfél	 1
törz	 1
szok	 1
maga.	 1
zolan	 1
zárma	 1
ött,	 1
_"Gy	 1
set,_	 1
örzs:	 1
_odaé	 1
lvev	 1
ldi_	 1
ehozt	 1
atagb	 1
zkõ_	 1
i._	 1
orog_	 1
seke	 1
óval_	 1
i:_	 1
E-m	 1
okt	 1
efons	 1
etett	 1
llel	 1
tábo	 1
kít	 1
yonbi	 1
lahá	 1
ésse	 1
bbra,	 1
bban_	 1
ekek,	 1
us_	 1
sodá	 1
máv	 1
gdörz	 1
ziáb	 1
epe	 1
_Merz	 1
_Után	 1
sa_	 1
_tépj	 1
épí	 1
ámoko	 1
yull	 1
abb	 1
_kifo	 1
kább_	 1
jobb	 1
_mai	 1
rle	 1
egyek	 1
lhet	 1
gyer	 1
csé	 1
éskén	 1
gja.	 1
lesle	 1
déz	 1
kró	 1
gazol	 1
tleg_	 1
gedhe	 1
emlõ	 1
_nézt	 1
_E-m	 1
ágköt	 1
csõj	 1
õsök	 1
üggõe	 1
naps	 1
öpö	 1
vezô_	 1
mba	 1
egbu	 1
_Sze	 1
ôzés	 1
megen	 1
esôz	 1
ézne_	 1
beköv	 1
ából	 1
ezd	 1
abb_	 1
gyó	 1
bbség	 1
ítmén	 1
opo	 1
ás._	 1
zöul	 1
Pozs	 1
tej	 1
tmény	 1
IK_	 1
yí	 1
yam,_	 1
_egé	 1
óes	 1
rekek	 1
E_	 1
sult	 1
-hegy	 1
ark	 1
hatn	 1
ami	 1
rvárr	 1
ndenk	 1
aládt	 1
szél,	 1
_dõl	 1
hût	 1
károk	 1
fagy	 1
pm	 1
moro	 1
lók._	 1
is,	 1
tják	 1
Keg	 1
_BON	 1
eg,_	 1
kára	 1
iklós	 1
nbizt	 1
ttá	 1
ás)	 1
Budak	 1
irucc	 1
éve_	 1
árma	 1
túlmé	 1
lóbi	 1
yöker	 1
gbu	 1
ríti	 1
_fôv	 1
esti_	 1
rájö	 1
ével	 1
énn	 1
veri	 1
ülv	 1
gyfe	 1
néki	 1
fené	 1
ottak	 1
Gyön	 1
_ba	 1
rzá	 1
itud	 1
gérl	 1
(rop	 1
ából,	 1
kreme	 1
akult	 1
_tú	 1
ali,_	 1
darak	 1
kráj	 1
évmil	 1
_Kí	 1
õkb	 1
kider	 1
asság	 1
ET	 1
esti	 1
aspa	 1
szági	 1
zámos	 1
líto	 1
pusz	 1
ovák	 1
lyól	 1
_elô_	 1
artj	 1
ppali	 1
jesít	 1
_hát_	 1
kõhú	 1
yféln	 1
genge	 1
lu_	 1
gel	 1
_flór	 1
kezet	 1
_bes	 1
sút_	 1
edve_	 1
egyel	 1
ésér	 1
_"G	 1
íti_	 1
_zav	 1
kli	 1
kiló	 1
úlmé	 1
rvíz_	 1
dés	 1
okra	 1
ászta	 1
állu	 1
kban_	 1
etek	 1
Ez_	 1
ttal_	 1
ág_	 1
épes	 1
sökön	 1
aik_	 1
apo	 1
canás	 1
ôvár	 1
ság?	 1
ónké	 1
gõ	 1
se-mo	 1
pött.	 1
ázik_	 1
tóesz	 1
ÕKR	 1
ssel_	 1
lef	 1
len,	 1
At	 1
yörkö	 1
táci	 1
miá	 1
emc	 1
_mert	 1
itiku	 1
ozs	 1
yonb	 1
egény	 1
Kegy	 1
_tar	 1
_(ro	 1
õlõgy	 1
zoko	 1
zöul.	 1
áj_	 1
mét:_	 1
vos	 1
_D	 1
fô	 1
ereke	 1
_div	 1
bruár	 1
egné	 1
évek	 1
s-h	 1
zen	 1
LV	 1
_évm	 1
két_	 1
rága,	 1
itól_	 1
don	 1
_egys	 1
oros	 1
treho	 1
Nagyo	 1
Poz	 1
nékb	 1
NGU	 1
_pá	 1
azo	 1
ogó	 1
onn	 1
ynev	 1
yam,	 1
Ú	 1
asb	 1
rdekl	 1
óked	 1
_hogz	 1
mbó	 1
ge_	 1
gú	 1
kuta	 1
_méte	 1
apmód	 1
dézi	 1
rse	 1
ÕKRÕ	 1
érvi	 1
ÕKRÕL	 1
rve	 1
lko	 1
ekor_	 1
ato	 1
zemé	 1
túlm	 1
_Más	 1
_öss	 1
gyö	 1
zaka	 1
iránd	 1
akul	 1
ortve	 1
kiruc	 1
ÕL_	 1
_menn	 1
eszé	 1
_boro	 1
_beom	 1
ütt)_	 1
vosok	 1
_tag	 1
To	 1
yako	 1
ág?_	 1
goza	 1
ármaz	 1
gz_	 1
_hét	 1
_én	 1
ngedh	 1
obb_	 1
beál	 1
_köpö	 1
Fö	 1
árad	 1
ide_	 1
tagba	 1
pül	 1
köt	 1
IK	 1
zõlõ_	 1
lagy	 1
rében	 1
ôvá	 1
pogó	 1
Mit_	 1
arta	 1
ánajá	 1
rendr	 1
kil	 1
mas_	 1
mú	 1
tre,	 1
_mi_	 1
_Fö	 1
lh	 1
RÕ	 1
rönd,	 1
lva_	 1
ûtött	 1
ordón	 1
ánk,	 1
eszk	 1
énei	 1
olgo	 1
pai	 1
etérn	 1
ltal	 1
mindk	 1
öpöt	 1
rönd	 1
za_	 1
elre	 1
ták_	 1
Napp	 1
sként	 1
rosa	 1
Ó	 1
ESI	 1
nni.	 1
aptá	 1
ekn	 1
kárté	 1
_ifjú	 1
tett_	 1
se.	 1
erés	 1
áva	 1
mazó_	 1
Repül	 1
nusz	 1
énei_	 1
ém	 1
óra_	 1
lliók	 1
atal	 1
),	 1
sti_	 1
iúsu	 1
ímek_	 1
olda	 1
kli_	 1
edvez	 1
ile	 1
ájul	 1
tat	 1
lón	 1
_sö	 1
levi	 1
eoml	 1
_úgy	 1
_kis_	 1
_füg	 1
ött,_	 1
ybizt	 1
mteni	 1
zava	 1
-mai	 1
égei	 1
ági	 1
ével.	 1
_kõh	 1
iókka	 1
__	 1
ágú	 1
tábor	 1
nak._	 1
hol_	 1
rmaz	 1
yot_	 1
mola	 1
ellel	 1
yenk	 1
ata._	 1
zl	 1
szig	 1
_képp	 1
sokn	 1
lah	 1
_népe	 1
csár_	 1
_szûk	 1
ndkét	 1
ökö	 1
gukat	 1
óla	 1
roso	 1
st._	 1
vfo	 1
kább	 1
éles	 1
énás-	 1
szafi	 1
evõ	 1
étreh	 1
gügy	 1
lre,_	 1
_regg	 1
ülõve	 1
iának	 1
yílik	 1
nnyit	 1
buk	 1
ama_	 1
rak._	 1
L_	 1
mával	 1
_fl	 1
riába	 1
ur	 1
_Gyö	 1
dulók	 1
úlm	 1
encs	 1
_megg	 1
szeg	 1
óg	 1
lõve	 1
mail	 1
annon	 1
dõlne	 1
ns	 1
_BONU	 1
yen_	 1
egi	 1
remte	 1
ók.	 1
_veri	 1
erin	 1
_köv	 1
lun	 1
kerez	 1
opogó	 1
app	 1
lvevõ	 1
hérvi	 1
énet_	 1
tüzek	 1
pár	 1
óra	 1
uár:_	 1
vegye	 1
nás-	 1
ntegy	 1
eres	 1
nni._	 1
km	 1
_if	 1
_men	 1
tudó	 1
rülve	 1
alább	 1
ert_	 1
ötté	 1
ulmán	 1
nká	 1
_lev	 1
ötét_	 1
itudó	 1
llem	 1
das	 1
enci	 1
megté	 1
ON	 1
kt	 1
tnak_	 1
mondj	 1
_gyóg	 1
rece	 1
öd	 1
észk	 1
anu	 1
_Kö	 1
zék	 1
latta	 1
_Nagy	 1
zat:_	 1
sszeá	 1
VETI	 1
heg	 1
öbbs	 1
ûtöt	 1
ezô	 1
gs	 1
ôk	 1
radi	 1
õv	 1
ádt	 1
saik_	 1
illen	 1
_vege	 1
ség,_	 1
lálk	 1
ozha	 1
eköv	 1
ác	 1
-ma	 1
udóv	 1
ersen	 1
nto	 1
rank	 1
tün	 1
tú_	 1
_or	 1
gozat	 1
szép_	 1
_onn	 1
lált	 1
_jo	 1
váló_	 1
_:	 1
nemcs	 1
ött_	 1
öu	 1
_mozd	 1
e-moc	 1
_akár	 1
aluk	 1
tás._	 1
yön	 1
_ser	 1
_reg	 1
_épp	 1
kesfe	 1
ampli	 1
kezés	 1
-ban_	 1
_borb	 1
AN	 1
elek	 1
zb	 1
_bi	 1
iák,_	 1
ürcsö	 1
rtjá	 1
eomlá	 1
talm	 1
földr	 1
ggyu	 1
olákk	 1
US_	 1
Úgy	 1
_véne	 1
köze	 1
hûtö	 1
ulatú	 1
r.	 1
gyfel	 1
rma	 1
sokra	 1
_mon	 1
g?	 1
en._	 1
rsé	 1
at?_	 1
lálko	 1
árok	 1
ldra	 1
KRÕL_	 1
rvár	 1
arán	 1
_imo	 1
_magu	 1
nden	 1
dõk	 1
néki_	 1
_Ak	 1
_úg	 1
örk	 1
pai_	 1
_Azt	 1
rcs	 1
_át	 1
varo	 1
asút_	 1
tokt	 1
llu	 1
éríti	 1
_di	 1
_tû	 1
bru	 1
zések	 1
yöny	 1
_hûtö	 1
lõsök	 1
zig	 1
iûzöt	 1
_egés	 1
bekö	 1
lamin	 1
av	 1
ülõv	 1
etté	 1
EL	 1
_fra	 1
_Kín	 1
ölni_	 1
zsony	 1
tána	 1
tezõ_	 1
_mege	 1
Merz	 1
ibák	 1
vét	 1
egyes	 1
bölcs	 1
ldr	 1
nézne	 1
võ	 1
_Euró	 1
ölts	 1
eg,	 1
szs	 1
ozh	 1
lad	 1
akesz	 1
sbizt	 1
gú_	 1
lnak	 1
lga,_	 1
retez	 1
_meg.	 1
nyit_	 1
rak.	 1
agye	 1
év,_	 1
zó_	 1
ékesf	 1
megg	 1
epek	 1
anem	 1
%-	 1
mocsá	 1
atag	 1
"G	 1
_Szén	 1
észsé	 1
jzi	 1
öltsé	 1
háro	 1
RAZ_	 1
_leg	 1
któl	 1
neve	 1
üzekb	 1
setl	 1
run	 1
ága,_	 1
mon	 1
pmód	 1
gyn	 1
ölt	 1
len,_	 1
sõjén	 1
ajárt	 1
köté	 1
_kr	 1
eköve	 1
flór	 1
_ált	 1
sony	 1
vata	 1
õlõg	 1
ôket,	 1
ikus_	 1
(hár	 1
lb	 1
házb	 1
m,	 1
endel	 1
net_	 1
_böl	 1
_fen	 1
asbi	 1
_lóbi	 1
vágj	 1
vágja	 1
térni	 1
öny	 1
éssel	 1
önyör	 1
rkot_	 1
jók	 1
ítet	 1
õh	 1
opp	 1
_lét.	 1
kalm	 1
boros	 1
Mikló	 1
rez	 1
nye.	 1
_bale	 1
ÁRA	 1
aér	 1
Cseh_	 1
der	 1
ládta	 1
tánaj	 1
ndõ	 1
ér.	 1
ány_	 1
elef	 1
HELV	 1
cc	 1
inká	 1
Keres	 1
nd_	 1
gkors	 1
NGUL	 1
_rögö	 1
_HE	 1
ókbó	 1
u_	 1
elre,	 1
ki."_	 1
öréb	 1
Akad	 1
öli_	 1
számb	 1
észá	 1
am,	 1
elemi	 1
sfehé	 1
lán	 1
_fõ	 1
ító_	 1
kilón	 1
húr	 1
rec	 1
aga	 1
beá	 1
iben	 1
_fô	 1
ukik	 1
lre	 1
kirá	 1
odé	 1
yelem	 1
fra	 1
ulm	 1
zür	 1
körü	 1
ent	 1
gnép	 1
eko	 1
nkot	 1
izeté	 1
tas	 1
orvo	 1
HANG	 1
énne	 1
több_	 1
AZ_	 1
imo	 1
_(r	 1
osta	 1
igy	 1
rdeke	 1
eállí	 1
lyam,	 1
elô_	 1
ábba	 1
_kisz	 1
_besz	 1
öli	 1
_hibá	 1
tt.	 1
ider	 1
nõ	 1
zálla	 1
ópai	 1
lt._	 1
mplit	 1
be._	 1
úttá	 1
nyí	 1
gény	 1
pali	 1
etez	 1
ülvev	 1
gészs	 1
zse	 1
rész	 1
szenc	 1
llunk	 1
tt)_	 1
ete,_	 1
szté	 1
_Aztá	 1
emes_	 1
lása	 1
élet	 1
õgyö	 1
yü	 1
nged	 1
_Utá	 1
Úgy,_	 1
snöv	 1
yele	 1
lapmó	 1
rség,	 1
yól	 1
shor	 1
ccan	 1
lító	 1
_Am	 1
pot.	 1
ítésé	 1
du	 1
_gye	 1
ették	 1
ebb	 1
kedvé	 1
ának_	 1
emcsa	 1
tt,_	 1
drajz	 1
tasbi	 1
mocs	 1
atalm	 1
önni.	 1
rdóho	 1
örzsö	 1
égügy	 1
_úgyn	 1
elkö	 1
nkáb	 1
érte	 1
nan	 1
fé	 1
ága,	 1
Amen	 1
atú_	 1
ERD	 1
által	 1
set,	 1
agba	 1
_bõrö	 1
rencs	 1
õsökö	 1
esleg	 1
söté	 1
raj	 1
ási_	 1
hár	 1
tések	 1
rvo	 1
zékes	 1
úna	 1
cen,_	 1
kik	 1
dkív	 1
_HA	 1
ell,_	 1
evük	 1
képpe	 1
krit	 1
_Debr	 1
népe	 1
sbi	 1
ales	 1
ûzö	 1
íte	 1
gyógy	 1
emb	 1
beo	 1
varos	 1
_Úg	 1
eré	 1
zokon	 1
atók_	 1
_év,	 1
költ	 1
bé_	 1
agyob	 1
rön	 1
d,	 1
nulm	 1
_eze	 1
ölni	 1
zso	 1
n:_	 1
ön,_	 1
tte,	 1
zok	 1
zkö	 1
dóny	 1
érn	 1
ágkö	 1
tnak	 1
vét_	 1
idôsz	 1
ságkö	 1
ssal_	 1
árra	 1
zem	 1
ését	 1
etek?	 1
tikus	 1
Ne	 1
nevük	 1
ivá	 1
éziáb	 1
_E-ma	 1
bségé	 1
oldi	 1
ink_	 1
éget.	 1
vathá	 1
eggy	 1
éter	 1
ülõ	 1
elek_	 1
Ausz	 1
TIA	 1
klóss	 1
divat	 1
sgázi	 1
árosa	 1
zéle	 1
Mer	 1
odik_	 1
rzsö	 1
tt._	 1
etésé	 1
idõt	 1
tött	 1
v,	 1
rvos	 1
ale	 1
r:	 1
vegy	 1
áju	 1
Ist	 1
óke	 1
_össz	 1
_old	 1
rajzi	 1
pt	 1
zõd	 1
edhe	 1
GU	 1
ége_	 1
uk_	 1
adasp	 1
be_	 1
akorl	 1
elá	 1
vízká	 1
eni	 1
étre,	 1
emét:	 1
bra,_	 1
honos	 1
ama	 1
atu	 1
Megér	 1
_ne_	 1
hiús	 1
égü	 1
ndjá	 1
ruc	 1
sbiz	 1
osa_	 1
ELV	 1
_mate	 1
sztri	 1
yamán	 1
tetté	 1
bség	 1
dicso	 1
egén	 1
mbere	 1
_Egy	 1
ivath	 1
étezõ	 1
nyíli	 1
e-	 1
zött_	 1
ivág	 1
lyenk	 1
imola	 1
(ro	 1
akb	 1
odaér	 1
rdõkb	 1
ltak	 1
_hon	 1
llíto	 1
ec	 1
ása,_	 1
olán	 1
eknek	 1
delk	 1
_kirá	 1
lts	 1
llad	 1
LVET	 1
tény_	 1
szemé	 1
lr	 1
bil	 1
issé	 1
sna	 1
mány	 1
etác	 1
söli_	 1
_õ	 1
függõ	 1
kid	 1
kia_	 1
_jobb	 1
opog	 1
ítéss	 1
_ráj	 1
ögök	 1
sta_	 1
Másna	 1
lma	 1
lni_	 1
töt	 1
net	 1
_im	 1
seko	 1
sságk	 1
ínába	 1
félne	 1
zegé	 1
sh	 1
efo	 1
ázb	 1
róp	 1
telj	 1
elô	 1
Val	 1
azó	 1
zata	 1
kból.	 1
dar	 1
lke	 1
_Mit	 1
iku	 1
él,_	 1
daér	 1
_edd	 1
erint	 1
_lób	 1
_Gy	 1
egté	 1
daspa	 1
fenék	 1
rveze	 1
_BO	 1
áló	 1
sô	 1
alma	 1
sten_	 1
"Gyer	 1
_fele	 1
yib	 1
táció	 1
egya	 1
llel_	 1
ulat	 1
kára,	 1
zdony	 1
GULA	 1
szi_	 1
ríti_	 1
lõre	 1
mászt	 1
árbi	 1
ával_	 1
ekne	 1
onb	 1
_cso	 1
agb	 1
íto	 1
lelt	 1
Ur	 1
Urun	 1
zelé	 1
DÕKRÕ	 1
erez	 1
_ah	 1
_elõr	 1
dh	 1
tm	 1
SZÓ:	 1
RDÕKR	 1
jüke	 1
_Eur	 1
óbi	 1
álja_	 1
ndu	 1
zû	 1
_zava	 1
kis_	 1
akr	 1
tünk_	 1
óhoz_	 1
úgyne	 1
ér._	 1
emes	 1
dul	 1
tekbó	 1
_Hát	 1
letb	 1
_elkö	 1
lébe	 1
ránt_	 1
ndké	 1
ortv	 1
lem_	 1
sho	 1
elke	 1
gyot_	 1
ak,_	 1
K_	 1
táma	 1
mész	 1
SIK_	 1
önn	 1
reh	 1
_SZÓ	 1
Megd	 1
rmek_	 1
ékbe_	 1
_való	 1
ése_	 1
eztet	 1
usz_	 1
lhe	 1
aps	 1
rzse	 1
hérvá	 1
démi	 1
akes	 1
rite	 1
emte	 1
ció	 1
kus_	 1
ucc	 1
mber	 1
álj	 1
tás.	 1
lc	 1
uár	 1
_Ez	 1
ász	 1
kozh	 1
jóhan	 1
egh	 1
tiku	 1
nni	 1
gér	 1
õve	 1
ki."	 1
ov	 1
_ge	 1
pás	 1
tagoz	 1
tásai	 1
appa	 1
n:	 1
íná	 1
zakba	 1
agu	 1
dörzs	 1
Isten	 1
se._	 1
ppan	 1
Szö	 1
játo	 1
ÁR	 1
seh_	 1
_õsn	 1
esle	 1
_is,	 1
edh	 1
feles	 1
cen,	 1
lõv	 1
olt.	 1
ándul	 1
év_	 1
RÕL	 1
RDÕ	 1
óesz	 1
se-m	 1
_eddi	 1
ndõr	 1
ánt_	 1
dekes	 1
Akadé	 1
gyelh	 1
_pár	 1
ulla	 1
_mész	 1
ANGUL	 1
lób	 1
vmil	 1
yíl	 1
izet_	 1
szerz	 1
zeá	 1
dalf	 1
yiben	 1
dóva	 1
játó	 1
tóes	 1
_épít	 1
amp	 1
vmill	 1
võ_	 1
etezt	 1
SZÓ	 1
tegs	 1
özelé	 1
reszt	 1
rosho	 1
kissé	 1
pások	 1
rögök	 1
ásn	 1
zenc	 1
dt_	 1
elt,_	 1
össz	 1
lítóe	 1
ly_	 1
méter	 1
ozhat	 1
urópa	 1
_amel	 1
ug	 1
gyerm	 1
gaz	 1
tama	 1
kra,	 1
kalmá	 1
tésév	 1
ste,	 1
ste_	 1
tékes	 1
uszta	 1
_múl	 1
gázik	 1
sta	 1
anulm	 1
rténe	 1
esze	 1
_bog	 1
knek	 1
rete	 1
melt,	 1
rtabb	 1
ezô_	 1
zépsé	 1
azola	 1
kesf	 1
bôl_	 1
_zárt	 1
énet	 1
Három	 1
zerin	 1
_bill	 1
Gyö	 1
széps	 1
elefo	 1
gt	 1
ábort	 1
epek_	 1
féln	 1
rakon	 1
ta._	 1
ukat	 1
_tép	 1
lét._	 1
sfeh	 1
virá	 1
ombó	 1
lva	 1
iábó	 1
RA	 1
gébe	 1
meg_	 1
Szür	 1
nyit	 1
_tél	 1
vág	 1
nsz	 1
r:_	 1
ne,_	 1
ik.	 1
agyká	 1
_mú	 1
zs:	 1
osító	 1
_pusz	 1
etés	 1
oka	 1
gyes_	 1
vel._	 1
eseté	 1
latú_	 1
dókbó	 1
gedh	 1
érni_	 1
orl	 1
lre,	 1
ött._	 1
pesít	 1
_mada	 1
idõ	 1
észe	 1
lakró	 1
idôs	 1
Gyere	 1
szegé	 1
zikr	 1
issé_	 1
dna,	 1
függ	 1
n._	 1
knek_	 1
ahol	 1
ezdi	 1
ügyi_	 1
avaro	 1
Mikl	 1
apot	 1
Ó:_	 1
_élet	 1
ejö	 1
Deb	 1
_kopo	 1
lónké	 1
artam	 1
v_	 1
ste,_	 1
pü	 1
krájá	 1
Szlo	 1
ogz_	 1
moko	 1
tmén	 1
_esze	 1
épesí	 1
gén	 1
óny	 1
zas	 1
bete	 1
ôz	 1
zöt	 1
bs	 1
lmáv	 1
benne	 1
_fel	 1
_esti	 1
apmó	 1
pjük_	 1
kopog	 1
ola_	 1
_T	 1
alk	 1
át,	 1
ténõ	 1
den	 1
ass	 1
_elõ	 1
IA,_	 1
Toldi	 1
fons	 1
ítása	 1
épít	 1
_fü	 1
hatna	 1
psuga	 1
_Kegy	 1
_aka	 1
ailen	 1
ta.	 1
gre	 1
_kop	 1
áló_	 1
dôsza	 1
_Fe	 1
izsg	 1
hím	 1
yor	 1
dekl	 1
rsza	 1
ERDÕK	 1
õlnek	 1
Cs	 1
rvá	 1
panno	 1
rkot	 1
étez	 1
_mond	 1
önd	 1
agyk	 1
ek?	 1
vákia	 1
lyen_	 1
zté	 1
alaku	 1
pont_	 1
ásokn	 1
zet_	 1
elet	 1
szköz	 1
mozd	 1
VET	 1
alu_	 1
csõjé	 1
rmek	 1
gök_	 1
lat_	 1
köréb	 1
_csod	 1
ahány	 1
sok,	 1
kiszá	 1
aga.	 1
tegsé	 1
Iste	 1
eodé	 1
szépe	 1
gyull	 1
getá	 1
nnon_	 1
mert	 1
ûkít	 1
geod	 1
zárm	 1
lapm	 1
nleg_	 1
akon_	 1
ásai	 1
úsult	 1
pmódo	 1
iúsul	 1
s)	 1
csá	 1
tünk	 1
sten	 1
HANGU	 1
talu	 1
litu	 1
akár_	 1
yik	 1
rágú_	 1
_Napp	 1
Európ	 1
ókb	 1
áza	 1
õdé	 1
ssa	 1
ilónk	 1
zatun	 1
égébe	 1
beteg	 1
eszi_	 1
zéps	 1
váki	 1
rögö	 1
enged	 1
yógys	 1
tagb	 1
zba	 1
paná	 1
_Au	 1
VETIA	 1
yne	 1
elõ	 1
rtab	 1
inde	 1
érté	 1
nan_	 1
_falb	 1
rsai	 1
nbi	 1
lemi	 1
nybiz	 1
_:_	 1
ábó	 1
korú_	 1
ól.	 1
rbi	 1
árté	 1
zerû_	 1
lik.	 1
mokon	 1
egen	 1
zere	 1
zsgáz	 1
emelt	 1
két	 1
bbô	 1
eállt	 1
dhetõ	 1
erse	 1
kra,_	 1
rog_	 1
parko	 1
úsu	 1
derí	 1
uá	 1
rajz	 1
_Ker	 1
lõg	 1
_mét	 1
enne_	 1
etleg	 1
nemc	 1
skor	 1
miána	 1
ábbi	 1
mazó	 1
üket,	 1
yütt)	 1
vete	 1
adna	 1
lete,	 1
házas	 1
tek,	 1
tri	 1
zéles	 1
Földe	 1
resz	 1
ezer_	 1
yul	 1
ázik	 1
avar	 1
álkoz	 1
_jóha	 1
djáto	 1
drág	 1
vezô	 1
sokr	 1
észõ	 1
yb	 1
zárt	 1
yibe	 1
sét	 1
rtver	 1
cca	 1
_gyak	 1
sel_	 1
minde	 1
_Úgy,	 1
lni	 1
árt_	 1
lan	 1
ozata	 1
llad_	 1
nkor_	 1
képe_	 1
ebbôl	 1
NU	 1
széle	 1
ízk	 1
(há	 1
dna	 1
gko	 1
kezd	 1
etbi	 1
volna	 1
idak	 1
rni	 1
etér	 1
rködj	 1
ldmér	 1
ejönn	 1
sokat	 1
yit_	 1
ekli	 1
mc	 1
k?	 1
tok,_	 1
zse-	 1
yfele	 1
tbiz	 1
ye._	 1
nye._	 1
gdör	 1
latú	 1
lkalm	 1
nos	 1
gyök	 1
zel	 1
_Eg	 1
vénei	 1
magu	 1
renc	 1
gó	 1
rvir	 1
_táma	 1
nyö	 1
sivat	 1
_eme	 1
jönni	 1
nékbe	 1
_csal	 1
ttet	 1
ritel	 1
zépe	 1
-he	 1
vad	 1
Euró	 1
vfol	 1
hibá	 1
_léte	 1
agba_	 1
sony_	 1
ártér	 1
ián	 1
puszt	 1
tók_	 1
õdés	 1
énás	 1
nézte	 1
get_	 1
Re	 1
_gyo	 1
dara	 1
kmai_	 1
d,_	 1
yak	 1
gség_	 1
apá	 1
lunk_	 1
gyor	 1
ei_	 1
_szig	 1
aile	 1
orsza	 1
lna,	 1
nkén	 1
gü	 1
zav	 1
lõ_	 1
nci	 1
somb	 1
szkõ_	 1
mpli	 1
Valah	 1
etbiz	 1
r._	 1
gérle	 1
aé	 1
ath	 1
zol	 1
lemi_	 1
j_	 1
fagyk	 1
_téli	 1
dóho	 1
nké	 1
ás.	 1
nei_	 1
kek,_	 1
lköv	 1
llt	 1
ekból	 1
_túl	 1
saink	 1
todik	 1
nak,	 1
rzse-	 1
ését_	 1
_meg,	 1
on:_	 1
ntet	 1
KRÕL	 1
_senk	 1
orsan	 1
_törz	 1
psu	 1
ágú_	 1
ten_	 1
asbiz	 1
ics	 1
ma_	 1
Aka	 1
radna	 1
_Akad	 1
kell,	 1
kbe._	 1
kap	 1
ökere	 1
õrö	 1
orban	 1
dókb	 1
ségei	 1
HE	 1
dmé	 1
DÕ	 1
mer	 1
_ló	 1
elr	 1
kra	 1
rébe	 1
épem_	 1
rop	 1
tét	 1
_ampl	 1
onos	 1
_krit	 1
ene_	 1
_érte	 1
_kezd	 1
ôs	 1
vüket	 1
_De	 1
ínáb	 1
mten	 1
ín	 1
maguk	 1
válla	 1
tató	 1
létez	 1
ess	 1
mérô	 1
ki:_	 1
ette,	 1
fü	 1
rako	 1
ecen	 1
enki.	 1
ós	 1
lmáva	 1
nos_	 1
kíté	 1
_túlm	 1
siva	 1
_nyí	 1
fél	 1
érz	 1
ároso	 1
önd,_	 1
amin	 1
ont_	 1
ôl	 1
dekli	 1
najár	 1
erész	 1
óss	 1
felek	 1
gés	 1
ZÁRAZ	 1
ekek	 1
bbé_	 1
_on	 1
rint	 1
üzek	 1
lnek.	 1
_ú	 1
ite	 1
ter_	 1
egese	 1
_(há	 1
zola	 1
igye	 1
kárt	 1
ga._	 1
ndel	 1
ók_	 1
Föl	 1
ifjún	 1
ghiú	 1
bi_	 1
rdõ	 1
zavar	 1
zdon	 1
zõdé	 1
túl	 1
_alk	 1
_mink	 1
llító	 1
ldm	 1
épe_	 1
dóhoz	 1
ondjá	 1
_vénn	 1
nnek.	 1
egysz	 1
det	 1
ges	 1
ker	 1
akró	 1
_szár	 1
_társ	 1
ôsz	 1
laku	 1
kopo	 1
ségé	 1
úlva	 1
ulók	 1
_megb	 1
lltak	 1
lgok	 1
yfe	 1
esen.	 1
lók.	 1
por	 1
ozdo	 1
állun	 1
_ôket	 1
õre_	 1
lefo	 1
_utas	 1
érvá	 1
ás-he	 1
dna,_	 1
ásain	 1
gj	 1
emé	 1
sölni	 1
icso	 1
azt_	 1
naj	 1
_Aus	 1
ZÁRA	 1
ell,	 1
költs	 1
özt_	 1
osokr	 1
ár:_	 1
dd	 1
ozat_	 1
vm	 1
dony	 1
eddi	 1
dkét	 1
któl_	 1
õj	 1
Köz	 1
rú_	 1
lóss	 1
rosok	 1
óhoz	 1
VE	 1
orb	 1
gnálj	 1
gelre	 1
pták	 1
házba	 1
_Szü	 1
oland	 1
kõ_	 1
yes	 1
mlás	 1
caná	 1
_To	 1
Szöul	 1
_Mik	 1
salád	 1
llatt	 1
atú	 1
lköve	 1
voso	 1
lád	 1
_Ekko	 1
téss	 1
áját,	 1
yelh	 1
ndõrs	 1
BON	 1
mely_	 1
zü	 1
zkárb	 1
s-	 1
jöt	 1
zdo	 1
_ed	 1
_aláb	 1
dik	 1
hét_	 1
ténet	 1
álta_	 1
fló	 1
ca	 1
érôt_	 1
egys	 1
oshor	 1
ténõ_	 1
reg	 1
daér.	 1
szign	 1
_ô	 1
ökön,	 1
önni	 1
gazo	 1
tház	 1
ekbó	 1
lánk,	 1
kön,	 1
éseko	 1
dak_	 1
ttár	 1
kere	 1
geit	 1
csöln	 1
_Szer	 1
radic	 1
hetü	 1
zürc	 1
ikráj	 1
dóv	 1
legné	 1
Azt	 1
álk	 1
Debre	 1
dó_	 1
adi	 1
usztr	 1
y,	 1
ttak	 1
rlelt	 1
recen	 1
sel	 1
meggy	 1
Hár	 1
zekbe	 1
jár	 1
öul.	 1
amint	 1
óssa	 1
og_	 1
ampl	 1
lyóla	 1
óitól	 1
égeit	 1
kek	 1
ötl	 1
ll,_	 1
ztárs	 1
rtüz	 1
Közt	 1
tsége	 1
ágja.	 1
rra	 1
"Gy	 1
_elô	 1
aga._	 1
rehoz	 1
RÕL_	 1
madt_	 1
alam	 1
köd	 1
fon	 1
ôsza	 1
spar	 1
_akk	 1
rok	 1
sötét	 1
átv	 1
életb	 1
oga	 1
áték_	 1
ivata	 1
gázi	 1
_Uru	 1
õsnö	 1
korsz	 1
bre	 1
ngula	 1
afize	 1
esség	 1
draj	 1
Háro	 1
rvirá	 1
_ház	 1
évek_	 1
_bek	 1
zeléb	 1
_tûzô	 1
öker	 1
kárbi	 1
õsnöv	 1
_váló	 1
ráb	 1
évfol	 1
rucc	 1
sok,_	 1
lkal	 1
ené	 1
ézne	 1
elhe	 1
csod	 1
gge	 1
gh	 1
apták	 1
snap_	 1
ös	 1
nne,	 1
_ele	 1
ató	 1
Cseh	 1
orosh	 1
zekb	 1
rn	 1
adémi	 1
akasz	 1
setle	 1
Nappa	 1
söln	 1
többs	 1
ónkén	 1
bbi_	 1
keze	 1
ával	 1
ás),_	 1
saik	 1
indk	 1
eghi	 1
akor	 1
_hida	 1
nusz_	 1
epülõ	 1
geodé	 1
ségéb	 1
csap	 1
vek	 1
BO	 1
alese	 1
gul	 1
i."_	 1
ájuln	 1
_ki_	 1
nie_	 1
_Is	 1
alba_	 1
olna,	 1
ekli_	 1
buki	 1
_egya	 1
ki.	 1
_ebbô	 1
_let	 1
anem_	 1
icsom	 1
pl	 1
lessé	 1
ig_	 1
kide	 1
zse-m	 1
sôzés	 1
_ötl	 1
lóit	 1
ucca	 1
ef	 1
menne	 1
hib	 1
emenn	 1
árra_	 1
_Urun	 1
szakm	 1
óeszk	 1
ebruá	 1
apsug	 1
jóha	 1
úlva_	 1
iú	 1
SZÁRA	 1
eng	 1
zeri	 1
SZÁR	 1
mil	 1
snap	 1
óit	 1
yenko	 1
_évmi	 1
_kif	 1
ödjü	 1
fen	 1
lább	 1
lba_	 1
Auszt	 1
_esô	 1
ret	 1
hetõ	 1
népsé	 1
iókk	 1
spa	 1
sztr	 1
sségr	 1
ég,_	 1
eren	 1
ppaná	 1
ugara	 1
pek	 1
_emel	 1
zerz	 1
tn	 1
emlõs	 1
yk	 1
ag_	 1
dkí	 1
_(rop	 1
iában	 1
sleg	 1
alkal	 1
ngu	 1
_hát	 1
ókka	 1
ate	 1
_átvá	 1
zakb	 1
zél,	 1
-ban	 1
gö	 1
akról	 1
lói	 1
_imol	 1
kadém	 1
gyká	 1
atn	 1
zat_	 1
mert_	 1
tud	 1
ybi	 1
hû	 1
erik	 1
pö	 1
UL	 1
mind_	 1
erve	 1
_boga	 1
_igaz	 1
ellem	 1
zerve	 1
mege	 1
lik._	 1
égre_	 1
ített	 1
rban_	 1
yarán	 1
mas	 1
etáci	 1
rzási	 1
zámok	 1
hát	 1
ifjú	 1
ab	 1
_tanu	 1
_par	 1
iderí	 1
i."	 1
Febru	 1
lesl	 1
lákk	 1
beom	 1
_pu	 1
ndul	 1
óe	 1
Más	 1
kad_	 1
söt	 1
ötlet	 1
ûzött	 1
inkáb	 1
zénás	 1
andó_	 1
dic	 1
lében	 1
émi	 1
vége	 1
eles	 1
ember	 1
öln	 1
várr	 1
eresz	 1
_dr	 1
_Poz	 1
luk	 1
yot	 1
szûkí	 1
köpö	 1
lóbiz	 1
rsen	 1
ôszak	 1
ztetõ	 1
tell	 1
tûz	 1
ézn	 1
tele	 1
rucca	 1
tok,	 1
tbi	 1
Is	 1
vevõ	 1
parad	 1
közt	 1
járt_	 1
juln	 1
ási	 1
dáj	 1
bõrön	 1
bales	 1
sapá	 1
rzs:	 1
_%-	 1
iába	 1
_talá	 1
rzás	 1
mán_	 1
földm	 1
pítm	 1
erv	 1
ndját	 1
yütt	 1
ása,	 1
mény	 1
drága	 1
gja._	 1
szta_	 1
ázass	 1
rzik	 1
se-	 1
zerés	 1
lóitó	 1
assá	 1
leset	 1
vizsg	 1
lkö	 1
_volt	 1
ága	 1
lájul	 1
minus	 1
bban	 1
dal	 1
melt	 1
_gyó	 1
eve	 1
_kita	 1
Ek	 1
lõre_	 1
ôt	 1
füg	 1
erm	 1
_Pozs	 1
ellen	 1
zatu	 1
tény	 1
ZÁR	 1
ul.	 1
_ifj	 1
õhú	 1
bsé	 1
alád	 1
hata	 1
deke	 1
eget	 1
izsgá	 1
alakr	 1
ádtag	 1
onszá	 1
_ôk	 1
tal_	 1
mes_	 1
Merzs	 1
Gyer	 1
sége_	 1
suga	 1
t?_	 1
emét	 1
_Szür	 1
erme	 1
tek?_	 1
_hét_	 1
_mel	 1
eszt	 1
ágj	 1
rvez	 1
rtüze	 1
óva	 1
hibák	 1
dn	 1
_ame	 1
érôt	 1
mozdo	 1
ún	 1
itól	 1
ogó_	 1
zási	 1
asp	 1
_més	 1
arko	 1
SIK	 1
yóla	 1
veget	 1
lt,	 1
ákkal	 1
_C	 1
ropp	 1
at?	 1
dolgo	 1
_alka	 1
úlmér	 1
latt	 1
sl	 1
tatók	 1
_Nö	 1
szek	 1
kben	 1
hang	 1
érzik	 1
déziá	 1
(háro	 1
csöl	 1
zsg	 1
sztén	 1
vfoly	 1
gyon_	 1
jött,	 1
afiz	 1
nb	 1
yerm	 1
ital	 1
pí	 1
evizs	 1
jún	 1
eláj	 1
etün	 1
ják	 1
mp	 1
_zá	 1
úr_	 1
övete	 1
lap	 1
_hím	 1
klag	 1
tése_	 1
_párz	 1
érték	 1
julna	 1
Nag	 1
_áll_	 1
lcsõj	 1
_embe	 1
izet.	 1
ésév	 1
Au	 1
tod	 1
_csak	 1
ejön	 1
ÕK	 1
igná	 1
esz_	 1
llat_	 1
gyóg	 1
falu_	 1
omból	 1
anás_	 1
gá	 1
nyekn	 1
ûzô	 1
vege	 1
eggyu	 1
ögök_	 1
benn	 1
ézte	 1
senki	 1
esf	 1
éter_	 1
rtej	 1
leviz	 1
viz	 1
O	 1
andó	 1
sfe	 1
oldal	 1
_Úgy	 1
ét:	 1
szûk	 1
