_	 1326
a	 715
n	 366
e	 308
i	 298
u	 211
r	 208
k	 205
t	 205
an	 185
s	 152
g	 152
d	 149
m	 149
ng	 108
l	 108
p	 99
a_	 97
n_	 92
o	 91
b	 85
er	 85
an_	 84
_d	 79
,	 77
ka	 76
i_	 75
h	 73
,_	 72
_m	 67
ar	 65
en	 65
ta	 59
di	 59
_k	 59
me	 58
ang	 56
ra	 55
at	 54
y	 53
ak	 53
_me	 52
da	 49
ga	 48
in	 46
_di	 44
ya	 43
._	 42
.	 42
_p	 42
_s	 41
tu	 41
un	 40
la	 38
j	 38
_b	 38
g_	 37
_t	 37
ma	 37
k_	 37
ng_	 37
na	 36
ah	 35
ri	 34
ke	 33
be	 33
se	 33
as	 32
pe	 32
al	 32
h_	 31
men	 31
ia	 31
_ke	 30
P	 29
_men	 29
si	 29
ti	 28
pa	 28
it	 28
em	 27
_a	 27
ny	 27
s_	 27
_se	 26
_pe	 26
ang_	 26
_P	 26
kan	 26
u_	 26
am	 26
sa	 26
_i	 24
te	 24
c	 24
eng	 24
ja	 23
nga	 23
r_	 23
ba	 23
S	 23
el	 22
ber	 22
di_	 22
li	 22
t_	 22
_da	 22
ak_	 21
_ka	 21
_be	 21
ni	 21
nt	 21
ata	 20
ran	 19
kan_	 19
ara	 19
is	 19
ah_	 19
gan	 19
nya	 19
ik	 19
ap	 19
ad	 19
bu	 19
us	 19
dan	 18
era	 18
_ber	 18
ru	 18
nd	 17
ari	 17
-	 17
a,_	 17
es	 17
ur	 17
to	 17
uk	 17
a,	 17
_te	 16
ung	 16
ala	 16
_S	 16
_ya	 16
I	 16
ter	 16
ha	 16
ol	 16
_y	 16
yan	 16
ngan	 16
_di_	 16
yang	 16
su	 16
M	 15
J	 15
yang_	 14
_yan	 14
itu	 14
A	 14
enga	 14
_ter	 14
_dan	 14
l_	 14
_yang	 14
ek	 14
ya_	 14
_dan_	 14
du	 14
de	 14
at_	 14
ok	 14
"	 14
lu	 14
dan_	 14
kar	 13
na_	 13
rang	 13
ai	 13
ku	 13
eri	 13
ge	 13
per	 13
ko	 13
ina	 13
D	 13
R	 13
da_	 13
ul	 12
ua	 12
pen	 12
et	 12
rin	 12
ngan_	 12
w	 12
ut	 12
gi	 12
gan_	 12
e_	 12
ju	 12
_J	 12
po	 12
or	 11
gg	 11
ia_	 11
aka	 11
B	 11
us_	 11
ngg	 11
ena	 11
ama	 11
_pen	 11
lan	 11
ed	 11
re	 11
ca	 11
ni_	 11
mp	 11
nya_	 11
mi	 10
ela	 10
_Zar	 10
_Z	 10
si_	 10
wa	 10
rt	 10
_Zari	 10
arina	 10
Zarin	 10
arin	 10
uh	 10
eru	 10
im	 10
_in	 10
_ba	 10
ngk	 10
rina	 10
ika	 10
ini	 10
uk_	 10
Zari	 10
_Za	 10
gk	 10
_T	 10
Zar	 10
_B	 10
Z	 10
T	 10
adi	 10
_M	 10
_c	 10
ab	 10
Za	 10
jad	 9
as_	 9
_mem	 9
tu_	 9
i.	 9
os	 9
engan	 9
_ta	 9
_it	 9
_ini	 9
mu	 9
apa	 9
il	 9
ag	 9
jadi	 9
i,	 9
asi	 9
_itu	 9
_per	 9
_de	 9
i._	 9
ntu	 9
K	 9
eb	 9
ta_	 9
i,_	 9
ing	 9
mem	 9
_meng	 8
rk	 8
_K	 8
pat	 8
_ma	 8
ada	 8
_A	 8
al_	 8
meng	 8
p_	 8
oko	 8
ant	 8
_I	 8
man	 8
le	 8
au	 8
ki	 8
itu_	 8
isi	 8
oh	 8
aga	 8
ian	 8
emb	 8
dia	 8
ri_	 8
ar_	 8
ip	 8
L	 8
st	 8
nj	 8
ep	 8
eny	 8
mb	 8
n.	 7
ita	 7
ot	 7
erl	 7
and	 7
um	 7
_meny	 7
rang_	 7
tak	 7
bur	 7
rl	 7
uga	 7
eka	 7
ng,	 7
aran	 7
kal	 7
_peng	 7
ntuk	 7
pu	 7
ce	 7
tuk_	 7
toko	 7
atan	 7
_Ta	 7
g,	 7
tan	 7
peng	 7
ej	 7
ro	 7
a._	 7
nda	 7
ay	 7
lu_	 7
gka	 7
ngka	 7
gga	 7
u,	 7
ib	 7
art	 7
tok	 7
Ta	 7
tuk	 7
_j	 7
ada_	 7
g,_	 7
a.	 7
aya	 7
ih	 7
rina_	 7
ger	 7
ug	 7
arang	 7
n._	 7
rah	 7
_itu_	 7
ng,_	 7
sia	 7
nu	 7
alan	 7
ma_	 7
_Ja	 7
_u	 7
ina_	 7
ngga	 7
Ja	 7
meny	 7
ntuk_	 7
"_	 7
karta	 6
PR	 6
_Pol	 6
rus	 6
N	 6
pi	 6
_Po	 6
an._	 6
san	 6
_H	 6
denga	 6
uny	 6
akart	 6
ini_	 6
Po	 6
Pol	 6
ga_	 6
_po	 6
ub	 6
ung_	 6
nge	 6
kat	 6
ema	 6
_"	 6
H	 6
asa	 6
ap_	 6
rta	 6
an,	 6
_g	 6
_tak	 6
up	 6
ura	 6
_den	 6
m_	 6
_ini_	 6
mel	 6
lis	 6
aha	 6
tin	 6
_deng	 6
n,_	 6
f	 6
mun	 6
pol	 6
ra_	 6
ang,	 6
kart	 6
an,_	 6
sus	 6
arta	 6
ud	 6
aj	 6
tak_	 6
kt	 6
nta	 6
on	 6
okoh	 6
ang,_	 6
tokoh	 6
_L	 6
an.	 6
koh	 6
U	 6
tar	 6
akar	 6
den	 6
oli	 6
deng	 6
poli	 6
ngi	 6
n,	 6
_U	 6
ana	 6
_mel	 6
au_	 6
_tak_	 6
isa	 6
id	 5
eja	 5
olis	 5
seb	 5
untuk	 5
asu	 5
Se	 5
mat	 5
menj	 5
dun	 5
elu	 5
_Pa	 5
polis	 5
rah_	 5
_n	 5
anga	 5
h,_	 5
ur_	 5
lam	 5
eran	 5
ara_	 5
_un	 5
aja	 5
enj	 5
adi_	 5
tr	 5
aw	 5
_an	 5
hi	 5
rat	 5
pr	 5
Di	 5
pun	 5
_unt	 5
ser	 5
kas	 5
ers	 5
uli	 5
jadi_	 5
h,	 5
ari_	 5
C	 5
uka	 5
ran_	 5
angg	 5
sus_	 5
rs	 5
_Jaka	 5
o_	 5
rak	 5
_at	 5
aku	 5
pan	 5
rj	 5
ks	 5
_seb	 5
_ke_	 5
olisi	 5
ikan	 5
Jaka	 5
ima	 5
isi_	 5
angk	 5
bar	 5
gera	 5
_N	 5
awa	 5
,"_	 5
tur	 5
_D	 5
_dia	 5
han	 5
_untu	 5
lah	 5
ama_	 5
_bu	 5
Pa	 5
ena_	 5
beri	 5
uran	 5
ting	 5
ing_	 5
erk	 5
ke_	 5
or_	 5
ent	 5
akan	 5
nan	 5
pat_	 5
lah_	 5
unt	 5
SM	 5
ti_	 5
amp	 5
erj	 5
upa	 5
_Se	 5
k,	 5
Jakar	 5
tah	 5
Jak	 5
yak	 5
angan	 5
mer	 5
untu	 5
ker	 5
lang	 5
es_	 5
_Jak	 5
alam	 5
tor	 5
,"	 5
lisi	 5
erus	 5
_menj	 5
uh_	 5
ati	 5
ir	 4
kasu	 4
Me	 4
asus_	 4
_ap	 4
okoh_	 4
eg	 4
_R	 4
abu	 4
ila	 4
d_	 4
ebe	 4
epa	 4
sm	 4
Ma	 4
aan_	 4
arena	 4
ta,	 4
han_	 4
ntar	 4
angka	 4
unya	 4
iha	 4
RD	 4
_ker	 4
de_	 4
enjad	 4
kasus	 4
asus	 4
anda	 4
ak,	 4
eli	 4
esi	 4
_to	 4
Pe	 4
end	 4
kali	 4
cepa	 4
menja	 4
ban	 4
LSM	 4
_kasu	 4
menga	 4
eda	 4
rena_	 4
alang	 4
In	 4
sama	 4
Ade_	 4
h-	 4
nja	 4
am_	 4
mo	 4
alam_	 4
ut_	 4
_pol	 4
atan_	 4
_Pe	 4
_mer	 4
_Di	 4
Ad	 4
na,	 4
ai_	 4
hu	 4
enu	 4
enja	 4
san_	 4
_Ma	 4
D_	 4
menu	 4
_l	 4
kare	 4
mbu	 4
ta,_	 4
gak	 4
_perl	 4
u,_	 4
rena	 4
_F	 4
_dip	 4
karen	 4
aren	 4
sam	 4
tam	 4
_dib	 4
li_	 4
angga	 4
epat	 4
_In	 4
perlu	 4
_Ad	 4
_ak	 4
_Ke	 4
akt	 4
lam_	 4
ina,	 4
dip	 4
tik	 4
Tan	 4
cep	 4
_G	 4
memb	 4
res	 4
_ia	 4
_si	 4
_Na	 4
tan_	 4
aru	 4
_poli	 4
ali	 4
sa_	 4
rlu_	 4
erlu_	 4
dit	 4
Y	 4
terk	 4
rlu	 4
_ce	 4
car	 4
Ade	 4
_du	 4
koh_	 4
Na	 4
tat	 4
_ti	 4
aa	 4
bag	 4
embu	 4
_tu	 4
_menu	 4
_Me	 4
tua	 4
tor_	 4
_Ba	 4
Ke	 4
ket	 4
a-	 4
tata	 4
_Ade	 4
emp	 4
_Ade_	 4
v	 4
are	 4
tas	 4
_PR	 4
akan_	 4
_apa	 4
baga	 4
gu	 4
tau	 4
_terk	 4
_toko	 4
LS	 4
_ia_	 4
atu	 4
(	 4
_kar	 4
_tok	 4
cepat	 4
usa	 4
njadi	 4
aan	 4
dar	 4
mpa	 4
dak	 4
_(	 4
_dit	 4
_ge	 4
eh	 4
ina,_	 4
rd	 4
G	 4
lan_	 4
_pa	 4
_akt	 4
kn	 4
erang	 4
_PRD	 4
jung	 4
na,_	 4
dib	 4
_kas	 4
njad	 4
Ba	 4
jun	 4
do	 4
_memb	 4
tau_	 4
ne	 4
erlu	 4
ren	 4
)	 4
F	 4
oh_	 4
bah	 4
dik	 4
perl	 4
rn	 4
Sa	 4
in_	 4
kti	 4
PRD	 4
unya_	 4
_ad	 4
bun	 4
_ket	 4
?	 4
_C	 4
_Tan	 4
seba	 3
tura	 3
nya._	 3
hka	 3
mpu	 3
om	 3
osial	 3
nju	 3
_PRD_	 3
rta_	 3
atura	 3
_ca	 3
eks	 3
ris	 3
rik	 3
tidak	 3
osi	 3
_berm	 3
_su	 3
ir_	 3
ya.	 3
_atau	 3
yu	 3
R_	 3
akti	 3
eman	 3
atata	 3
Ga	 3
rb	 3
_tida	 3
-c	 3
alan_	 3
osia	 3
ern	 3
Su	 3
dala	 3
k,_	 3
gas	 3
pada_	 3
edi	 3
tem	 3
ahka	 3
u,"_	 3
lisi_	 3
gaku	 3
_kare	 3
esa	 3
_dik	 3
br	 3
tug	 3
tugas	 3
enge	 3
_meli	 3
_Mal	 3
Je	 3
enye	 3
api_	 3
bek	 3
sej	 3
ida	 3
anta	 3
_dala	 3
erja	 3
hk	 3
tut	 3
g._	 3
gai	 3
tatan	 3
rka	 3
mung	 3
gap_	 3
ubu	 3
_ku	 3
idak_	 3
nyi	 3
?_	 3
sial	 3
_ja	 3
arta_	 3
oto	 3
kabu	 3
t,_	 3
mena	 3
ukan	 3
uran_	 3
asa_	 3
kan,_	 3
_ada_	 3
ian_	 3
ungk	 3
menun	 3
hat	 3
kin	 3
lim	 3
menye	 3
_LSM	 3
_Mala	 3
bi	 3
ngak	 3
nak	 3
ahu	 3
ngaku	 3
_akti	 3
g.	 3
erma	 3
ggap	 3
anak	 3
ras	 3
I_	 3
agai	 3
kera	 3
rh	 3
nti	 3
uma	 3
ata_	 3
_ana	 3
eti	 3
ulu	 3
kabur	 3
rta,_	 3
ye	 3
eris	 3
rak_	 3
_Sa	 3
Polr	 3
rina,	 3
_LS	 3
ugas	 3
inya	 3
_Su	 3
_Polr	 3
_kabu	 3
_dipe	 3
_bar	 3
gkap	 3
itu,	 3
u,"	 3
_La	 3
rja	 3
pi_	 3
at-	 3
anger	 3
pad	 3
diper	 3
nggap	 3
la_	 3
abur	 3
atur	 3
ik_	 3
ng.	 3
erh	 3
tuga	 3
rta,	 3
has	 3
ert	 3
hkan_	 3
_mi	 3
_pada	 3
erah	 3
rupa	 3
lek	 3
berm	 3
rup	 3
AR	 3
Tange	 3
erup	 3
ngera	 3
aya_	 3
Tang	 3
_sej	 3
erupa	 3
dap	 3
turan	 3
ark	 3
ami	 3
r,	 3
atat	 3
tahu	 3
_ada	 3
_r	 3
_seba	 3
_ata	 3
ka_	 3
rse	 3
ui	 3
jar	 3
geran	 3
bur_	 3
yi	 3
nya.	 3
ikan_	 3
je	 3
buk	 3
meli	 3
egi	 3
dipe	 3
ndo	 3
tida	 3
iny	 3
nye	 3
_ser	 3
kan,	 3
_beri	 3
rma	 3
akn	 3
gas_	 3
iper	 3
tar_	 3
lin	 3
med	 3
_ko	 3
kem	 3
apan	 3
_Tang	 3
sme	 3
ampu	 3
hkan	 3
bara	 3
etu	 3
uli_	 3
tu,	 3
uga_	 3
a?	 3
aba	 3
uan	 3
dian	 3
_pad	 3
enda	 3
asi_	 3
_dal	 3
_sa	 3
was	 3
dung	 3
ya._	 3
ita_	 3
ec	 3
uta	 3
_pern	 3
lr	 3
jung_	 3
tid	 3
rti	 3
usu	 3
RD_	 3
arta,	 3
ihat	 3
ange	 3
emu	 3
ungi	 3
tel	 3
nger	 3
ndu	 3
dang	 3
uat	 3
r,_	 3
mah	 3
tama	 3
sun	 3
pan_	 3
_terj	 3
_tid	 3
ahan	 3
Mala	 3
tra	 3
t-	 3
Mal	 3
ial_	 3
dim	 3
kel	 3
ipe	 3
sial_	 3
_kal	 3
_Je	 3
olr	 3
_Ga	 3
ggap_	 3
nan_	 3
erse	 3
sed	 3
gap	 3
ukan_	 3
idak	 3
La	 3
pern	 3
un_	 3
dil	 3
atau_	 3
ahkan	 3
berma	 3
_anak	 3
eba	 3
sah	 3
_kel	 3
kap	 3
api	 3
t,	 3
ngkap	 3
terj	 3
ekan	 3
dak_	 3
erb	 3
ng._	 3
ial	 3
pada	 3
kab	 3
ahk	 3
uni	 3
sama_	 3
utu	 3
rm	 3
eras	 3
nun	 3
ete	 3
_kab	 3
atau	 3
bagai	 3
PRD_	 3
dal	 3
erm	 3
_kem	 3
enun	 3
sin	 3
baran	 3
uru	 3
rang,	 3
op	 3
ugas_	 3
mpung	 2
_Pu	 2
daera	 2
dapa	 2
mamp	 2
laja	 2
)._	 2
IJAR_	 2
jum	 2
uma_	 2
cuma_	 2
_puny	 2
ias	 2
_Juli	 2
at,	 2
_bert	 2
_kit	 2
nar	 2
uha	 2
pel	 2
edia_	 2
_Gat	 2
am,_	 2
o._	 2
rose	 2
Indo	 2
yembu	 2
mera	 2
_kam	 2
jel	 2
m,_	 2
_.	 2
_mung	 2
ting_	 2
uar	 2
rju	 2
gaj	 2
memp	 2
Jalan	 2
rcay	 2
Fe	 2
Jal	 2
Malah	 2
Bu	 2
bel	 2
set	 2
rku	 2
_Indo	 2
AR_	 2
erbed	 2
ora	 2
buny	 2
eser	 2
limat	 2
mlah_	 2
cak	 2
kete	 2
Tapi	 2
mpat	 2
aer	 2
lik	 2
gor	 2
ernah	 2
dug	 2
nnya	 2
_set	 2
_Re	 2
cari	 2
no	 2
uhan_	 2
aks	 2
gia	 2
_dian	 2
ben	 2
_ngak	 2
go	 2
nat	 2
esia	 2
pat-	 2
prose	 2
rika	 2
iang	 2
dalam	 2
gani	 2
gar	 2
_dari	 2
_kete	 2
kalan	 2
nuh	 2
_Ini_	 2
_pro	 2
_cepa	 2
ndung	 2
_juga	 2
tiv	 2
rbeda	 2
kec	 2
cata	 2
_kera	 2
mesi	 2
seka	 2
at-c	 2
_mela	 2
erit	 2
ipo	 2
mak	 2
usuha	 2
ere	 2
Uj	 2
_jug	 2
ibe	 2
aman	 2
erjad	 2
tai	 2
oran	 2
jag	 2
ibu	 2
gger	 2
ikat_	 2
ni.	 2
jumla	 2
oh-t	 2
karan	 2
mi_	 2
_ini.	 2
hasi	 2
emun	 2
apar	 2
meru	 2
apat_	 2
beris	 2
sak	 2
mal	 2
_buk	 2
ntin	 2
_dibe	 2
rusuh	 2
mbuny	 2
temp	 2
wan	 2
_apa?	 2
rus_	 2
pa?	 2
ru_	 2
vo	 2
lajar	 2
rit	 2
elind	 2
_bers	 2
jadi.	 2
lo	 2
ebag	 2
ni._	 2
adi._	 2
knya	 2
kni_	 2
u._	 2
mau	 2
_dun	 2
erkub	 2
kat_	 2
bed	 2
_Bo	 2
tasi_	 2
dunia	 2
ksud	 2
lihat	 2
menya	 2
_sam	 2
rmaks	 2
jelas	 2
kunya	 2
_Pan	 2
prah_	 2
ed,	 2
ae	 2
dibe	 2
sosia	 2
ekan_	 2
itu,_	 2
vi	 2
oh-	 2
iangg	 2
asi,_	 2
rny	 2
asi,	 2
bers	 2
_Ria_	 2
nn	 2
liha	 2
min	 2
JA	 2
caya_	 2
-a	 2
_seri	 2
if	 2
rc	 2
kub	 2
_aga	 2
aki	 2
pem	 2
rbed	 2
gitu	 2
langa	 2
kep	 2
gin	 2
juga	 2
ntara	 2
di._	 2
h-t	 2
Pold	 2
mbe	 2
kalim	 2
ksud_	 2
any	 2
rsa	 2
itaha	 2
gakun	 2
serse	 2
rasa	 2
er_	 2
rna	 2
akni_	 2
-b	 2
isal	 2
epo	 2
yem	 2
_Seri	 2
dari_	 2
dungi	 2
wasa	 2
seri	 2
akni	 2
ikat	 2
keti	 2
_cep	 2
ejum	 2
ahu,	 2
gin_	 2
membe	 2
beka	 2
embun	 2
ses_	 2
eju	 2
_bur	 2
t-ce	 2
kara	 2
_"ka	 2
njuk	 2
embua	 2
tahan	 2
leks	 2
_o	 2
keras	 2
Indon	 2
_teru	 2
jala	 2
_,_	 2
PI	 2
_keh	 2
pros	 2
ak,"	 2
_f	 2
_cuma	 2
diang	 2
ic	 2
suha	 2
ekara	 2
Ri	 2
raka	 2
oses	 2
enan	 2
Jes	 2
situ	 2
SM_	 2
rat_	 2
uh,	 2
cat	 2
mpun	 2
erju	 2
dih	 2
beda	 2
ones	 2
IJAR	 2
tutur	 2
yak_	 2
utur	 2
mla	 2
antu	 2
dila	 2
isas	 2
suhan	 2
_kemu	 2
Jesu	 2
juml	 2
aera	 2
Jala	 2
JAR	 2
_Ujun	 2
rita	 2
iman	 2
erti	 2
erusa	 2
ngaja	 2
ercay	 2
unju	 2
_Met	 2
bra	 2
_,	 2
res_	 2
lisia	 2
mam	 2
se_	 2
Gat	 2
dapat	 2
erna	 2
tu._	 2
ungi,	 2
elaja	 2
kun	 2
_so	 2
asan	 2
keter	 2
ejuml	 2
buat	 2
it_	 2
iperc	 2
sit	 2
keh	 2
_ng	 2
uti	 2
emo	 2
ann	 2
_sem	 2
_kata	 2
ehi	 2
rmak	 2
puny	 2
elin	 2
_cum	 2
rjadi	 2
nyika	 2
koh-	 2
laj	 2
las	 2
embe	 2
h-tok	 2
kuk	 2
annya	 2
dones	 2
inya_	 2
aksu	 2
gang	 2
kny	 2
rkub	 2
esu	 2
ld	 2
bert	 2
so	 2
alim	 2
ri.	 2
gkapa	 2
para	 2
nal	 2
aik	 2
jela	 2
tama_	 2
_Jul	 2
yakni	 2
Metro	 2
_LSM_	 2
ersa	 2
Ini	 2
enang	 2
ngaj	 2
Ujung	 2
ring_	 2
_bah	 2
_dar	 2
Jul	 2
duni	 2
rbe	 2
rti_	 2
rusa	 2
kam	 2
int	 2
So	 2
indu	 2
ea	 2
rupa_	 2
Seri	 2
luar	 2
iprah	 2
usuh	 2
ntai	 2
nah_	 2
_Lam	 2
_ki	 2
ili	 2
uan_	 2
_mau	 2
ngge	 2
isia	 2
_Rese	 2
_mes	 2
-ce	 2
duga	 2
nting	 2
PIJA	 2
t-cep	 2
pay	 2
Pan	 2
kita	 2
ahu,"	 2
mes	 2
Ria	 2
o,	 2
sud_	 2
terku	 2
ngkin	 2
_sebe	 2
rkubu	 2
ml	 2
_kep	 2
erasa	 2
_Tapi	 2
cu	 2
Pand	 2
maks	 2
engin	 2
-_	 2
anya	 2
Lam	 2
yikan	 2
iba	 2
"k	 2
Uju	 2
erha	 2
_itu,	 2
itah	 2
tu.	 2
op_	 2
_So	 2
_Ha	 2
_"k	 2
engg	 2
uml	 2
awan	 2
mat_	 2
ind	 2
nyemb	 2
kemu	 2
_Ho	 2
_situ	 2
-tok	 2
utama	 2
anto	 2
ken	 2
ist	 2
_Y	 2
perna	 2
_terl	 2
berbe	 2
a?_	 2
etro.	 2
ya,_	 2
mlah	 2
nyem	 2
ubur	 2
tika_	 2
cara	 2
sung	 2
okoh-	 2
og	 2
alima	 2
utam	 2
alah	 2
arat	 2
Ju	 2
kit	 2
ahan_	 2
mema	 2
edu	 2
umla	 2
_Isme	 2
ini.	 2
med,_	 2
_memp	 2
entar	 2
lak	 2
ai,_	 2
ses	 2
_pros	 2
al.	 2
Pu	 2
kala	 2
_seka	 2
gkin	 2
Ya	 2
nyik	 2
parat	 2
rnah_	 2
gil	 2
hia	 2
kait	 2
ivi	 2
ngi,_	 2
pra	 2
antar	 2
lda	 2
_Ser	 2
ndon	 2
_Per	 2
kapa	 2
_je	 2
tempa	 2
ulu_	 2
_Tap	 2
at,_	 2
kni	 2
_Jal	 2
ro._	 2
Tapi_	 2
ok_	 2
_jela	 2
_la	 2
man_	 2
nis	 2
ajar	 2
_mesi	 2
juga_	 2
epe	 2
beru	 2
keru	 2
IJ	 2
apat	 2
seju	 2
tutu	 2
rjad	 2
ktiv	 2
ri._	 2
sem	 2
agai_	 2
mba	 2
pung	 2
epoli	 2
ahas	 2
unyik	 2
entin	 2
di.	 2
yika	 2
unjuk	 2
mbua	 2
_berb	 2
rse_	 2
erusu	 2
anny	 2
h-to	 2
emba	 2
eme	 2
ampun	 2
Un	 2
imat	 2
sasi	 2
ksu	 2
Ujun	 2
_tut	 2
erse_	 2
ini._	 2
kuny	 2
s,	 2
hu,	 2
cay	 2
_Pand	 2
ering	 2
kah_	 2
esin	 2
taha	 2
kena	 2
old	 2
perca	 2
onesi	 2
ikan,	 2
_Ju	 2
nati	 2
_apar	 2
_._	 2
LSM_	 2
ese	 2
eter	 2
daer	 2
Ho	 2
JAR_	 2
don	 2
enal	 2
ak,"_	 2
_sit	 2
_Uju	 2
rikat	 2
unuh	 2
jak	 2
ato	 2
olres	 2
pa_	 2
tro._	 2
risi_	 2
tul	 2
aktiv	 2
o.	 2
melin	 2
sto	 2
kapan	 2
pengi	 2
unia	 2
aksud	 2
ai,	 2
kemun	 2
hu,"_	 2
sebag	 2
eno	 2
enti	 2
usah	 2
_yak	 2
olda	 2
dika	 2
_keti	 2
Ha	 2
Polre	 2
arah	 2
tas_	 2
epat-	 2
edia	 2
mang	 2
isasi	 2
cuma	 2
_sos	 2
unu	 2
Metr	 2
erin	 2
pat-c	 2
olda_	 2
imu	 2
lind	 2
ipra	 2
_O	 2
tu,_	 2
andan	 2
nangk	 2
ngger	 2
dem	 2
anak,	 2
gant	 2
lda_	 2
nto	 2
_pi	 2
med,	 2
pent	 2
tivi	 2
Panda	 2
sos	 2
pah	 2
_bi	 2
ait	 2
Tap	 2
lima	 2
_sosi	 2
lindu	 2
isian	 2
/	 2
_Ini	 2
nesia	 2
erisi	 2
mesin	 2
perc	 2
ngin_	 2
berh	 2
berb	 2
arah_	 2
ngki	 2
_pun	 2
terl	 2
mela	 2
mara	 2
kami	 2
nunju	 2
m,	 2
kenal	 2
erak	 2
nah	 2
sas	 2
-cep	 2
indun	 2
si,	 2
_mas	 2
ang.	 2
olre	 2
ungg	 2
gil_	 2
eri_	 2
am,	 2
git	 2
_Lamp	 2
mot	 2
lre	 2
_dem	 2
_tahu	 2
elaj	 2
empat	 2
sal	 2
at-ce	 2
gi,_	 2
apa?	 2
rha	 2
_atur	 2
Res	 2
par	 2
_mena	 2
erika	 2
tasi	 2
ard	 2
sud	 2
_Jesu	 2
ros	 2
jal	 2
bunyi	 2
_kala	 2
arat_	 2
d,	 2
pro	 2
sedi	 2
mbuat	 2
ditah	 2
_Res	 2
mata	 2
ud_	 2
mang_	 2
ah-	 2
_Bu	 2
awas	 2
engi	 2
mana	 2
_pr	 2
yakn	 2
teru	 2
gerak	 2
akuny	 2
one	 2
lih	 2
nesi	 2
Ser	 2
Ind	 2
jug	 2
enyem	 2
ndun	 2
rusu	 2
"ka	 2
ngin	 2
utur_	 2
k,"	 2
Juli_	 2
_Ism	 2
l.	 2
maksu	 2
uh,_	 2
Per	 2
_mun	 2
apan_	 2
_atu	 2
ih_	 2
dul	 2
ak,_	 2
erc	 2
hu,"	 2
yemb	 2
ermak	 2
n-	 2
mungk	 2
_Jes	 2
enunj	 2
enta	 2
Bo	 2
rca	 2
ndang	 2
serin	 2
_kami	 2
pos	 2
ose	 2
Ini_	 2
nes	 2
ring	 2
-t	 2
mili	 2
Reser	 2
smed,	 2
engaj	 2
upa_	 2
unj	 2
_duni	 2
sta	 2
buka	 2
pang	 2
tika	 2
_sed	 2
_mo	 2
-cepa	 2
kerus	 2
s,_	 2
suh	 2
jaga	 2
raw	 2
oti	 2
_st	 2
rut	 2
ipr	 2
juk	 2
punya	 2
asan_	 2
meman	 2
tro.	 2
aerah	 2
_Fe	 2
ang._	 2
catat	 2
mbun	 2
Polda	 2
_seju	 2
beda_	 2
PIJAR	 2
eda_	 2
t-c	 2
_si_	 2
adi.	 2
yik	 2
_sama	 2
kah	 2
rawan	 2
sek	 2
pengg	 2
Met	 2
dia_	 2
sosi	 2
nia	 2
bua	 2
-toko	 2
_cu	 2
idu	 2
_yakn	 2
Lampu	 2
menge	 2
arka	 2
engge	 2
bent	 2
sejum	 2
ebaga	 2
k,"_	 2
ani	 2
nc	 2
apara	 2
rawa	 2
paya	 2
Re	 2
kata	 2
d,_	 2
al._	 2
koh-t	 2
bant	 2
ya,	 2
-to	 2
nak,	 2
epol	 2
etr	 2
).	 2
done	 2
l._	 2
ngi,	 2
ndone	 2
mar	 2
ost	 2
_keru	 2
pa?_	 2
ig	 2
el_	 2
_Un	 2
etro	 2
M_	 2
baru	 2
Isme	 2
_Ri	 2
uhan	 2
gi,	 2
nyu	 2
rakan	 2
esers	 2
Lamp	 2
Serik	 2
suk	 2
smed	 2
elas	 2
_ag	 2
roses	 2
luh	 2
ko_	 2
emang	 2
_dim	 2
o,_	 2
_Pold	 2
tahu,	 2
_Ind	 2
_mu	 2
ndan	 2
oh-to	 2
erbe	 2
gi_	 2
unyi	 2
il_	 2
_jel	 2
u.	 2
Rese	 2
gge	 2
_kom	 2
_nga	 2
ika_	 2
tara	 2
sian	 2
enyu	 2
dita	 2
gai_	 2
Juli	 2
_Is	 2
prah	 2
_ju	 2
kom	 2
cum	 2
hin	 2
ndar	 2
lua	 2
edan	 2
penti	 2
Ismed	 2
nny	 2
mil	 2
brak	 2
knya_	 2
kubur	 2
gki	 2
PIJ	 2
si,_	 2
_sek	 2
kai	 2
iv	 2
nang	 2
penga	 2
_mot	 2
_Metr	 2
ngu	 2
nunj	 2
_ban	 2
lres_	 2
_dita	 2
nak,"	 2
ro.	 2
sebe	 2
erik	 2
mas	 2
Ria_	 2
_pu	 2
_kat	 2
risi	 2
_Uj	 2
IJA	 2
erca	 2
abur_	 2
oses_	 2
erku	 2
_meru	 2
caya	 2
Is	 2
_tutu	 2
_Ria	 2
rcaya	 2
ekar	 2
_Jala	 2
nca	 2
tur_	 2
gaja	 2
_kita	 2
_mema	 2
_pem	 2
dae	 2
ilan	 2
dari	 2
_beru	 2
ktivi	 2
alah_	 2
tro	 2
cara_	 2
wa_	 2
epat_	 2
_car	 2
sers	 2
_tah	 2
lres	 2
ed,_	 2
ja_	 2
_bara	 2
ew	 2
ungki	 2
rnah	 2
_dil	 2
empa	 2
akun	 2
enya	 2
erita	 2
rnya	 2
kita_	 2
apa?_	 2
kubu	 2
Ism	 2
umlah	 2
terja	 2
berit	 2
nas	 2
O	 2
Sela	 1
Aria	 1
ukk	 1
sebel	 1
-kali	 1
dewas	 1
_int	 1
gustu	 1
ewe	 1
awasi	 1
unis	 1
af	 1
ua,	 1
_ol	 1
epen	 1
u",	 1
sedan	 1
MID	 1
bay	 1
can	 1
a?.	 1
dy_	 1
_kej	 1
hari	 1
_mam	 1
ftar	 1
gani_	 1
_lap	 1
ermal	 1
-ha	 1
erka	 1
itra_	 1
atmi	 1
nyus	 1
aipos	 1
jara	 1
Bl	 1
enjej	 1
ron	 1
kan.	 1
_Plan	 1
peme	 1
Putut	 1
fi_	 1
pun_	 1
mbag	 1
ende	 1
dvo	 1
M,_	 1
arkot	 1
ngad	 1
rkip	 1
ejar	 1
kepol	 1
gitu,	 1
tiu	 1
okok	 1
rate	 1
medi	 1
asila	 1
awan"	 1
kkan_	 1
kal._	 1
kul	 1
_Gar	 1
ga-ja	 1
a-j	 1
_terh	 1
yah	 1
erat	 1
_PRD,	 1
"resm	 1
ju,	 1
enari	 1
Pak	 1
ngani	 1
_Dimu	 1
rsang	 1
ekuk	 1
puan	 1
tius	 1
-aba,	 1
beri_	 1
mpl	 1
tual	 1
Lapo	 1
ecara	 1
item	 1
anan	 1
ksta	 1
DPR	 1
erti_	 1
tuan	 1
ruda_	 1
win	 1
angi_	 1
ISJ)	 1
ia?._	 1
Pro	 1
_Pena	 1
_cer	 1
akui	 1
Cata	 1
halam	 1
_komu	 1
ga.	 1
m-b	 1
uduh	 1
SAYA	 1
cak,_	 1
dj	 1
ipond	 1
enyam	 1
elimp	 1
risti	 1
ngga_	 1
tam,_	 1
akpah	 1
ejadi	 1
_Sud	 1
ta-ma	 1
_kec	 1
meno	 1
Kep	 1
enola	 1
_Ca	 1
bisa_	 1
Pena	 1
urn	 1
esm	 1
usun_	 1
kehe	 1
gyak	 1
baru,	 1
imin	 1
AYA_	 1
umkan	 1
Tanju	 1
ela_	 1
_neg	 1
rumah	 1
_Ya_	 1
ulai	 1
_"Sab	 1
_peri	 1
kip	 1
_Ata	 1
har	 1
hidu	 1
k._	 1
Ata	 1
andi	 1
eman_	 1
okokn	 1
_Ord	 1
lum	 1
Haki	 1
esus_	 1
elua	 1
)_	 1
ncari	 1
SJ	 1
ene	 1
an)	 1
ndain	 1
rbuk	 1
berja	 1
nuh_	 1
amat	 1
langs	 1
ukka	 1
UC	 1
muni	 1
lik,	 1
saj	 1
advo	 1
owar	 1
Tanj	 1
kting	 1
gunan	 1
baju,	 1
Gores	 1
_kebe	 1
enje	 1
impa	 1
onar	 1
m-boo	 1
dike	 1
refl	 1
vis	 1
tus	 1
_(I	 1
tut_	 1
_dij	 1
ARI	 1
ibent	 1
Cipon	 1
_Bogo	 1
_petu	 1
inte	 1
nia_	 1
etul	 1
ar,	 1
stol_	 1
nyang	 1
erjag	 1
UCLA	 1
yata	 1
owa	 1
rart	 1
pis	 1
rud	 1
itu.	 1
"Sa	 1
UCL	 1
ike	 1
IS	 1
tumk	 1
_Nark	 1
ti._	 1
kepo	 1
_baru	 1
berki	 1
auh._	 1
bany	 1
ia)	 1
_lapa	 1
mkan	 1
ruma	 1
egeri	 1
_Unt	 1
-bar	 1
Mem	 1
_aba	 1
meref	 1
ku_	 1
gian_	 1
ri,	 1
_Sem	 1
nyak_	 1
PK	 1
elab	 1
_Muc	 1
ranga	 1
buatn	 1
ba,_	 1
ahw	 1
enca	 1
jukk	 1
bertu	 1
taan_	 1
eksik	 1
auh.	 1
unan	 1
udjat	 1
ingga	 1
fle	 1
aca	 1
dian_	 1
rgani	 1
rda	 1
_nila	 1
natiu	 1
ngelu	 1
ndai	 1
PR/	 1
_Peri	 1
_seme	 1
asib	 1
urnya	 1
edung	 1
aya,_	 1
_mau_	 1
_tuga	 1
_Sol	 1
upaya	 1
gian	 1
kaan	 1
Abdul	 1
ius_	 1
ores	 1
gyaka	 1
gaim	 1
seh	 1
_Kip	 1
usak	 1
get	 1
keber	 1
enung	 1
ja,_	 1
_foto	 1
_ang	 1
sekal	 1
citra	 1
_gi	 1
nkan.	 1
_Bar	 1
Erwin	 1
gedun	 1
eram	 1
acak_	 1
hub	 1
_kece	 1
lann	 1
ral_	 1
mka	 1
mun_	 1
semat	 1
eisa	 1
gguh	 1
njukk	 1
ka,_	 1
uark	 1
eriba	 1
Atau	 1
payah	 1
okat	 1
-aba	 1
guber	 1
ehidu	 1
pemer	 1
melim	 1
kp	 1
?.	 1
okato	 1
sedih	 1
kay	 1
Howa	 1
UCLA,	 1
atin	 1
mem-	 1
_Pen	 1
igor	 1
seja	 1
PDI_	 1
adil	 1
Yo	 1
popul	 1
_ni	 1
h-d	 1
tot	 1
mann	 1
ftar_	 1
_Jend	 1
kerap	 1
hing	 1
olri.	 1
alu	 1
maran	 1
bd	 1
_Pad	 1
berk	 1
ajar_	 1
PDI	 1
ond	 1
-hari	 1
Ter	 1
ali._	 1
saja	 1
ejad	 1
_dimu	 1
kapi_	 1
seda	 1
rli	 1
_dipa	 1
ndy	 1
seor	 1
kipra	 1
jau	 1
dikhi	 1
_Prov	 1
_le	 1
_Howa	 1
kawa	 1
unan_	 1
yer	 1
iko	 1
tuas	 1
adap	 1
adian	 1
mpir_	 1
dan,_	 1
silan	 1
os,_	 1
imint	 1
igo	 1
ras_	 1
_Utam	 1
_Cu	 1
erlal	 1
Ketua	 1
D,_	 1
arud	 1
buru	 1
iposp	 1
Jend	 1
Tig	 1
utut	 1
kur	 1
tk	 1
_Har	 1
kela	 1
_-an	 1
dipan	 1
iperj	 1
emata	 1
-book	 1
pist	 1
lnya	 1
ijadi	 1
baha	 1
bur,	 1
resa	 1
kej	 1
ditud	 1
_mej	 1
oknya	 1
dul_	 1
ara,	 1
kehid	 1
-mat	 1
mban	 1
adv	 1
teman	 1
Peris	 1
atuan	 1
etahu	 1
bentu	 1
Kal	 1
eflek	 1
_Ko	 1
_kawa	 1
_SA	 1
ul_	 1
an-ca	 1
sea	 1
Kek	 1
fta	 1
cera	 1
kat,_	 1
gere	 1
diri_	 1
mint	 1
_Peka	 1
lkah	 1
ikh	 1
geb	 1
Punc	 1
tahui	 1
utas	 1
Fif	 1
PD	 1
wa.	 1
nal_	 1
bata	 1
ubah_	 1
BS	 1
RI-h	 1
melak	 1
Ko	 1
Polri	 1
ipan	 1
_mara	 1
esawa	 1
rib	 1
um_	 1
gaku_	 1
Terl	 1
aitka	 1
gub	 1
hari_	 1
ual_	 1
ungan	 1
_Yog	 1
_gedu	 1
e._	 1
_kard	 1
ibun	 1
Cost	 1
tulka	 1
-sa	 1
BSI_	 1
dak,	 1
bahk	 1
etah	 1
ung,	 1
setia	 1
_bai	 1
mpi	 1
-ab	 1
_aba-	 1
_Feno	 1
mundu	 1
njej	 1
ow	 1
hat_	 1
_seja	 1
iawa	 1
kait,	 1
lakny	 1
_Solo	 1
ulisa	 1
ing.	 1
Yog	 1
mpr	 1
ami_	 1
ktu	 1
ungka	 1
dua,_	 1
ntor	 1
buat_	 1
_mene	 1
beku	 1
rita_	 1
ba-ab	 1
rov	 1
istiw	 1
mat-	 1
enemu	 1
_Ut	 1
LSM).	 1
amun_	 1
fi	 1
Ign	 1
a-jag	 1
bes	 1
ngil_	 1
perj	 1
empr	 1
vost	 1
Kipr	 1
rasak	 1
ra._	 1
rela_	 1
akui,	 1
_Put	 1
ncak,	 1
dite	 1
ikus	 1
sian_	 1
uro	 1
ndara	 1
doh,_	 1
_"r	 1
do_	 1
_Cost	 1
ketik	 1
rkeco	 1
leks_	 1
erda	 1
seru	 1
mata-	 1
diri	 1
_meno	 1
tivit	 1
PKI	 1
Te	 1
M).	 1
Har	 1
_Pr	 1
ece	 1
RI-ha	 1
nal._	 1
iga	 1
_dulu	 1
bekan	 1
ghi	 1
bdu	 1
_raw	 1
unuh_	 1
Cipo	 1
A,_	 1
sw	 1
_Vi	 1
etiga	 1
_kan	 1
tulis	 1
ani_	 1
luar_	 1
resm	 1
bih	 1
nia?.	 1
KI_	 1
etera	 1
nggar	 1
N_	 1
Med	 1
ler_	 1
narik	 1
iswa.	 1
haan_	 1
esmi	 1
enget	 1
lan.	 1
tab	 1
ook	 1
intel	 1
uatn	 1
DPR_	 1
abe	 1
_Tigo	 1
or,	 1
nnya_	 1
sec	 1
erahk	 1
dibun	 1
Bag	 1
_Erwi	 1
_medi	 1
ubur_	 1
membu	 1
pati	 1
aupun	 1
gaima	 1
tabes	 1
ebra	 1
umah	 1
),_	 1
-har	 1
ntu.	 1
tan.	 1
fleks	 1
rdu	 1
_Er	 1
tiga_	 1
wat_	 1
_ab	 1
mokra	 1
ntai,	 1
_utam	 1
ukti_	 1
(ISJ)	 1
rtuga	 1
kaya	 1
genda	 1
t-kal	 1
kok	 1
He	 1
_Ton	 1
saha	 1
Kok	 1
_Kal	 1
unia_	 1
_sedi	 1
ngun	 1
pahka	 1
hasa_	 1
_ibu_	 1
adap_	 1
eri,	 1
tol_	 1
gkin_	 1
undur	 1
nghia	 1
_Man	 1
MI	 1
_inte	 1
ukaan	 1
_lua	 1
itik	 1
SAY	 1
SB	 1
_Fen	 1
inas	 1
hati	 1
ma,	 1
anya.	 1
arik_	 1
inim	 1
ndur	 1
ileng	 1
doh,	 1
sui	 1
(I	 1
sung_	 1
pondo	 1
as,	 1
ooki	 1
we	 1
rik_	 1
_Bag	 1
ta-m	 1
ch	 1
ung,_	 1
_"kal	 1
ganut	 1
adik	 1
tar,	 1
andar	 1
iberi	 1
eaman	 1
kuka	 1
etua_	 1
isme.	 1
Sema	 1
Fifi_	 1
nege	 1
diak	 1
bes_	 1
_jau	 1
itu,"	 1
baju	 1
atany	 1
uduh_	 1
mi.	 1
lka	 1
bukt	 1
gn	 1
sti	 1
LA,	 1
ntel	 1
berhu	 1
ona	 1
_Feis	 1
San	 1
rkec	 1
R/	 1
_kul	 1
/_	 1
iaku	 1
fam	 1
nba	 1
tnya	 1
nung	 1
_PD	 1
PRD,_	 1
u"	 1
ihi	 1
lri	 1
menyu	 1
dara_	 1
dalan	 1
terus	 1
ntar,	 1
eral_	 1
sekar	 1
ua,_	 1
ngub	 1
ma-	 1
_Ketu	 1
Sek	 1
kut	 1
_SAY	 1
andy_	 1
Dimut	 1
stra	 1
angku	 1
ubr	 1
kkan	 1
cari_	 1
enuru	 1
engad	 1
uasi	 1
erhad	 1
btu	 1
ln	 1
ntai_	 1
Agust	 1
kura	 1
pung,	 1
pelu	 1
_kea	 1
_dir	 1
gust	 1
egi_	 1
Pada_	 1
kebe	 1
Kepo	 1
_keli	 1
hatan	 1
uat,	 1
sal_	 1
tis	 1
_Go	 1
",	 1
doh	 1
rnya_	 1
secar	 1
anat	 1
Catat	 1
tor.	 1
ngah_	 1
imana	 1
rmal	 1
ng-b	 1
emamp	 1
sisw	 1
miko	 1
ahasi	 1
cer	 1
ribah	 1
(LSM)	 1
Jesus	 1
(PIJA	 1
limpa	 1
_tiku	 1
elah_	 1
ipa	 1
moti	 1
_sen	 1
ampir	 1
nisa	 1
agar_	 1
_Erw	 1
lektu	 1
omena	 1
abra	 1
ard_	 1
_rum	 1
ks_	 1
ksika	 1
Kok_	 1
_jauh	 1
_daf	 1
org	 1
_bel	 1
ogo	 1
nut_	 1
andai	 1
n-c	 1
demok	 1
ubur,	 1
Keker	 1
etuga	 1
kipr	 1
mpuan	 1
gkut	 1
gya	 1
lama	 1
ggera	 1
_(LS	 1
_Atau	 1
siny	 1
abtu_	 1
h.	 1
Pek	 1
Sandy	 1
Vic	 1
lri._	 1
ilik	 1
etiap	 1
pule	 1
Tong	 1
komp	 1
tema	 1
arai,	 1
eis	 1
_(ISJ	 1
iap_	 1
mpat_	 1
udj	 1
rdo	 1
mi"_	 1
"S	 1
terka	 1
rati	 1
opu	 1
kanba	 1
_ha	 1
yang,	 1
las.	 1
atot	 1
emi	 1
idup	 1
rla	 1
Prov	 1
emen	 1
iawas	 1
PRD,	 1
SI_	 1
a-a	 1
_kaya	 1
esaw	 1
rkan	 1
chta	 1
oleh	 1
erd	 1
lok	 1
kami_	 1
tny	 1
anj	 1
ra,	 1
Tak	 1
rasan	 1
_Aria	 1
_akto	 1
nisme	 1
a)	 1
mpri	 1
_Med	 1
it,_	 1
upan_	 1
olo	 1
V	 1
iant	 1
oleh_	 1
gen	 1
_masu	 1
dew	 1
telah	 1
Bunuh	 1
lacak	 1
nyusu	 1
_-	 1
rbu	 1
aku_	 1
ulik,	 1
ram	 1
nyamp	 1
pahk	 1
Ag	 1
an)._	 1
egitu	 1
keb	 1
ten	 1
Betul	 1
ceram	 1
eksta	 1
_Cat	 1
ebel	 1
SI	 1
rsedi	 1
mpir	 1
atan.	 1
gah	 1
rsed	 1
strat	 1
tu,"	 1
ihat_	 1
erlih	 1
mini	 1
_Oh	 1
boo	 1
kst	 1
idupa	 1
komu	 1
utir	 1
Ki	 1
mej	 1
iasa_	 1
Nan	 1
Ut	 1
_sto	 1
lo,	 1
nde	 1
ssa._	 1
chtar	 1
Bat	 1
mulai	 1
had	 1
stop	 1
mpua	 1
ifi_	 1
erhas	 1
Pun	 1
tra_	 1
ome	 1
kuli	 1
abr	 1
"Sabt	 1
meja	 1
"kal	 1
roto,	 1
situa	 1
eisal	 1
jejak	 1
to,	 1
mpahk	 1
ct	 1
plek	 1
atam	 1
_peme	 1
rkipr	 1
wek	 1
rkan_	 1
_kay	 1
n).	 1
fa	 1
gube	 1
nyisi	 1
Satu	 1
Erw	 1
Pera	 1
esin_	 1
Abd	 1
kin_	 1
amann	 1
unia?	 1
_mar	 1
rke	 1
Nu	 1
ID_	 1
asuk_	 1
PR_	 1
ft	 1
erle	 1
_kes	 1
ubah	 1
ekali	 1
ama,_	 1
_pist	 1
hak_	 1
uran.	 1
bunuh	 1
ID	 1
tersa	 1
_jal	 1
gadil	 1
Uta	 1
ebat	 1
ngend	 1
h-da	 1
fl	 1
stus	 1
yisir	 1
_FN	 1
_Kedu	 1
yangk	 1
or,_	 1
sungg	 1
udu	 1
atius	 1
unc	 1
bai	 1
embek	 1
_Bark	 1
rsam	 1
I-har	 1
_Sura	 1
_diak	 1
_dica	 1
-jag	 1
lakuk	 1
_ibu	 1
tum	 1
nyul	 1
me.	 1
/DP	 1
_dike	 1
tan-	 1
ol_	 1
_dih	 1
_cera	 1
ersed	 1
pua	 1
Ketu	 1
gy	 1
ayan	 1
eterb	 1
inta	 1
_Dala	 1
auh	 1
_bag	 1
gku	 1
afta	 1
MPR/	 1
kard	 1
rub	 1
rgan	 1
ali.	 1
akim	 1
_str	 1
_Say	 1
bu",	 1
keco	 1
_Agu	 1
iasa	 1
taka	 1
eras_	 1
st_	 1
kua	 1
itra	 1
ja,	 1
ictor	 1
esah	 1
pet	 1
emar	 1
esan_	 1
_kepe	 1
bahwa	 1
ingk	 1
erebe	 1
_angg	 1
nungg	 1
iana	 1
wasi,	 1
diam	 1
eluh	 1
_seh	 1
mis	 1
ink	 1
ktual	 1
ktor	 1
Ig	 1
_dihi	 1
edun	 1
iti	 1
leh_	 1
_ini,	 1
dv	 1
yulu	 1
eksi	 1
_gera	 1
LA	 1
gereb	 1
or.	 1
_dile	 1
Dina	 1
ggan	 1
t-k	 1
dar_	 1
garai	 1
jadia	 1
erkec	 1
tiw	 1
liti	 1
hingg	 1
lat	 1
_bang	 1
ot_	 1
_SMI	 1
Nan_	 1
ebr	 1
mul	 1
uron	 1
Bon	 1
at-k	 1
anti	 1
Ar	 1
_fo	 1
Sur	 1
mutas	 1
Jende	 1
_dimi	 1
Cip	 1
ngang	 1
gaan	 1
_Nusa	 1
ruda	 1
_Budi	 1
mah,	 1
engh	 1
terke	 1
oh,_	 1
kan).	 1
htar_	 1
terd	 1
Howar	 1
ilar	 1
_-an,	 1
ovos	 1
belum	 1
_baj	 1
tel_	 1
ui,_	 1
ndi_	 1
imat-	 1
khi	 1
anati	 1
anju	 1
lekt	 1
peri	 1
dang_	 1
erny	 1
_Ti	 1
eku	 1
nggu	 1
sis	 1
rtin	 1
iatan	 1
gelua	 1
Be	 1
_jadi	 1
_mis	 1
intai	 1
Pl	 1
dimi	 1
alau_	 1
batas	 1
rg	 1
ahan.	 1
daf	 1
ntok	 1
amah_	 1
itas	 1
_(L	 1
Para_	 1
Mang	 1
resan	 1
to_	 1
minim	 1
_MPR	 1
labu	 1
ral	 1
uang	 1
AY	 1
ktin	 1
sa.	 1
mpati	 1
str	 1
aft	 1
ik._	 1
Ordo	 1
_kur	 1
(LSM	 1
sangk	 1
nom	 1
rwin.	 1
Utam	 1
ukaa	 1
geri,	 1
mberi	 1
_nege	 1
kea	 1
_kema	 1
_diri	 1
iam,_	 1
und	 1
kecoh	 1
esmi"	 1
ebek	 1
dile	 1
urut	 1
Utama	 1
_Sudj	 1
nyer	 1
_"res	 1
(L	 1
ati.	 1
motif	 1
cak_	 1
Arian	 1
nimal	 1
kelab	 1
SJ)	 1
begit	 1
erki	 1
mplek	 1
wan"_	 1
i"	 1
pembu	 1
djatm	 1
mau_	 1
ui_	 1
tius_	 1
_Ag	 1
_ruma	 1
bat	 1
ebih_	 1
li._	 1
Sosi	 1
terut	 1
gga._	 1
kato	 1
ketig	 1
ru,	 1
ewas	 1
sika	 1
rab	 1
duh	 1
mokr	 1
top_	 1
a-ab	 1
"kali	 1
_Nan_	 1
omple	 1
angu	 1
tanya	 1
foto_	 1
keam	 1
luru_	 1
enyus	 1
seti	 1
tiap_	 1
ri,_	 1
mok	 1
Din	 1
rhada	 1
diaw	 1
ggil_	 1
booki	 1
lit	 1
oko_	 1
enyul	 1
_Sos	 1
bunu	 1
dvoka	 1
_am	 1
ng-	 1
dus	 1
lengk	 1
tif_	 1
ratis	 1
aba,	 1
erus_	 1
n"_	 1
"Dia	 1
ngel	 1
ertug	 1
_mass	 1
ovost	 1
labu"	 1
ka,	 1
enal.	 1
ang-b	 1
Ca	 1
inima	 1
gun	 1
perib	 1
tka	 1
nomen	 1
_Gato	 1
fot	 1
kardu	 1
enur	 1
akim_	 1
lan._	 1
_saja	 1
_Hak	 1
rdo_	 1
rhubu	 1
miko_	 1
yakar	 1
LSM)	 1
Fen	 1
Dinas	 1
uba	 1
antai	 1
apor	 1
rubah	 1
Untu	 1
_hal	 1
_Haki	 1
aika	 1
_Blo	 1
DI_	 1
ekal	 1
rmala	 1
ndak	 1
SM)	 1
luark	 1
ain	 1
bukti	 1
(PI	 1
oo	 1
nemu	 1
olta	 1
njuk_	 1
ookin	 1
reb	 1
ilin	 1
_Kipr	 1
SJ),_	 1
rum	 1
gga.	 1
atisa	 1
Tak_	 1
organ	 1
os,	 1
baga_	 1
piha	 1
_agar	 1
trat	 1
Mangg	 1
_Tak_	 1
guna	 1
ebent	 1
_Ari	 1
ampua	 1
Memo_	 1
urab	 1
_pok	 1
CLA,	 1
yampa	 1
utut_	 1
Agu	 1
Ton	 1
-h	 1
"r	 1
stiwa	 1
ote	 1
diban	 1
Costa	 1
pahan	 1
aburn	 1
etela	 1
RD,_	 1
uch	 1
ntu._	 1
vokat	 1
rsan	 1
_luar	 1
ngku	 1
perus	 1
ahui	 1
emuk	 1
in._	 1
Ari	 1
melul	 1
ngkut	 1
_kelu	 1
_How	 1
_Sosi	 1
_Pl	 1
_tema	 1
iri	 1
ssa.	 1
kus	 1
umk	 1
Vict	 1
belaj	 1
Unit_	 1
Nar	 1
ator	 1
eraka	 1
tai,	 1
ni,_	 1
iwa_	 1
_moto	 1
_kehe	 1
-s	 1
riba	 1
gedu	 1
(te	 1
elas,	 1
geri	 1
mere	 1
ba-a	 1
ator_	 1
hwa	 1
inas_	 1
atiu	 1
asis	 1
jari	 1
luru	 1
Barka	 1
kr	 1
kop	 1
erhu	 1
imp	 1
gar_	 1
ganu	 1
nti_	 1
gah_	 1
braka	 1
_Sand	 1
ias_	 1
_Tak	 1
buti	 1
pekan	 1
oh,	 1
ipos	 1
gajak	 1
",_	 1
ngkat	 1
nim	 1
ntele	 1
gna	 1
santa	 1
lisa	 1
nola	 1
dua,	 1
itak	 1
pir	 1
_MP	 1
oh?	 1
aja_	 1
lau	 1
mbeku	 1
ilen	 1
Tongg	 1
dican	 1
_Namu	 1
nyak	 1
riha	 1
ektua	 1
erart	 1
sedia	 1
_daft	 1
ersam	 1
keja	 1
ing._	 1
rko	 1
_kali	 1
panga	 1
_ama	 1
yutin	 1
pelur	 1
_Bagi	 1
kinan	 1
_Sel	 1
_ters	 1
_Iraw	 1
iakui	 1
aknya	 1
cant	 1
nasi	 1
Sud	 1
Peri	 1
ospos	 1
yam	 1
SMID_	 1
rela	 1
uda	 1
wek_	 1
aju,	 1
duh_	 1
hid	 1
gsung	 1
uarka	 1
menab	 1
ogyak	 1
engka	 1
anut	 1
smi"_	 1
eta	 1
Oh	 1
_sun	 1
Subro	 1
ndera	 1
dura	 1
_dul	 1
tiga	 1
kpah	 1
ia?.	 1
_lang	 1
jalan	 1
agaim	 1
mempr	 1
em-	 1
ifi	 1
erama	 1
pih	 1
rjuan	 1
_ged	 1
kesah	 1
lkah_	 1
sah_	 1
kuli_	 1
ogor,	 1
Gatot	 1
kpa	 1
_Nam	 1
hubun	 1
_(LSM	 1
kejad	 1
rsama	 1
nas_	 1
Dia	 1
penge	 1
ender	 1
_kaw	 1
etig	 1
eja_	 1
ism	 1
bahw	 1
Yang_	 1
Penan	 1
_peru	 1
gka,	 1
ikait	 1
Pada	 1
_Untu	 1
acak	 1
lulu_	 1
rusah	 1
bias	 1
Gato	 1
rdus_	 1
syu	 1
ula	 1
dafta	 1
_(t	 1
eca	 1
kaan_	 1
Cul	 1
king	 1
_ne	 1
lara	 1
ibu_	 1
_PKI	 1
enom	 1
mengu	 1
rot	 1
orga	 1
LSM,_	 1
A,	 1
luh,_	 1
(tem	 1
sah-	 1
Memo	 1
ekas_	 1
resmi	 1
udim	 1
bur,_	 1
_sema	 1
dewa	 1
but	 1
_jala	 1
_Abd	 1
Ban	 1
lata	 1
ndak,	 1
Malan	 1
agar	 1
ernya	 1
tra.	 1
ihata	 1
_menc	 1
ampi	 1
SBSI	 1
_oleh	 1
kelih	 1
_popu	 1
tiwa	 1
ari.	 1
_buka	 1
posp	 1
-ja	 1
htar	 1
YA_	 1
las._	 1
ihak_	 1
ebeka	 1
polit	 1
kan._	 1
_Subr	 1
ndi	 1
udima	 1
eh_	 1
Naip	 1
_susa	 1
_Sur	 1
ndar_	 1
_dew	 1
_Bet	 1
ipang	 1
ubung	 1
_bias	 1
paya_	 1
_bia	 1
sir	 1
rhasi	 1
_fami	 1
_demo	 1
Bet	 1
lal	 1
ivit	 1
erkip	 1
uber	 1
_beg	 1
ius	 1
atot_	 1
nyat	 1
_Ked	 1
kant	 1
_Vic	 1
mple	 1
nut	 1
iban	 1
uber_	 1
laca	 1
CL	 1
aipo	 1
nyam	 1
hina	 1
PKI_	 1
_Bud	 1
hada	 1
iat	 1
pri	 1
uar_	 1
HA	 1
ged	 1
dilen	 1
rahk	 1
_up	 1
arus_	 1
ruta	 1
rhub	 1
hw	 1
bahas	 1
sant	 1
neger	 1
eker	 1
_Abdu	 1
ba-	 1
Ka	 1
_piha	 1
ategi	 1
rdapa	 1
priha	 1
nguna	 1
_ib	 1
sia)_	 1
refle	 1
atm	 1
las,	 1
btu_	 1
ikhia	 1
abu",	 1
tif	 1
_misa	 1
SBSI_	 1
jeja	 1
lemba	 1
bo	 1
itr	 1
omuni	 1
Fi	 1
opule	 1
arai	 1
idug	 1
ereb	 1
pangg	 1
Haru	 1
Her	 1
ward	 1
cantu	 1
uit	 1
edih	 1
ment	 1
_moti	 1
LA,_	 1
_stop	 1
_ga	 1
inka	 1
efle	 1
Sudja	 1
a)_	 1
alnya	 1
_sy	 1
_(PIJ	 1
ar,_	 1
dup	 1
omen	 1
gnati	 1
I-h	 1
teg	 1
_lem	 1
ni,	 1
kan)	 1
urut_	 1
rting	 1
tara_	 1
han._	 1
akuka	 1
ahasa	 1
itik.	 1
usah-	 1
_Bona	 1
Oh,	 1
FN_	 1
bro	 1
guh	 1
ting.	 1
telek	 1
saln	 1
_rela	 1
"D	 1
dan,	 1
Kala	 1
nab	 1
bekas	 1
tisas	 1
amu	 1
arak_	 1
koti	 1
kti_	 1
pena	 1
dica	 1
_/_	 1
Naipo	 1
Nam	 1
ratu	 1
serup	 1
eor	 1
jaki_	 1
a-m	 1
_pelu	 1
_Pada	 1
eben	 1
jar_	 1
HARI	 1
mal_	 1
ndura	 1
perti	 1
rjag	 1
enyis	 1
Irawa	 1
_Kok_	 1
emban	 1
teran	 1
upak	 1
_PIJA	 1
_mere	 1
erub	 1
berti	 1
okny	 1
lebih	 1
gaa	 1
Gatr	 1
pospo	 1
lul	 1
olak	 1
Solo,	 1
to,_	 1
mukan	 1
eri,_	 1
elata	 1
itk	 1
ang-	 1
ait,	 1
Bonar	 1
_eks	 1
popu	 1
hwa_	 1
Bona	 1
ah,_	 1
Pen	 1
duga_	 1
apora	 1
ra.	 1
Say	 1
tuan_	 1
emi_	 1
_buti	 1
_seti	 1
erap_	 1
_syut	 1
agak	 1
_Oh,_	 1
okin	 1
_UC	 1
lalu_	 1
meran	 1
etua	 1
encar	 1
(P	 1
(IS	 1
_baik	 1
_Seka	 1
olri	 1
esin-	 1
ggi	 1
nget	 1
pihak	 1
im_	 1
mpaik	 1
_bis	 1
uc	 1
Jesui	 1
ucht	 1
atr	 1
erah-	 1
terju	 1
ini,_	 1
ngkal	 1
aim	 1
penan	 1
mi._	 1
_Fi	 1
edan,	 1
ahwa_	 1
agian	 1
dupa	 1
olit	 1
_Nan	 1
kui,_	 1
eratu	 1
Hot	 1
daft	 1
inan	 1
nder	 1
-sama	 1
ainy	 1
ki_	 1
las,_	 1
n)._	 1
sebat	 1
_Betu	 1
upu	 1
dipa	 1
leb	 1
yaka	 1
ber_	 1
-cata	 1
ungga	 1
aru,	 1
engu	 1
sila	 1
elim	 1
kim	 1
Gatra	 1
rkah_	 1
Pakpa	 1
Hakim	 1
aba-a	 1
jala_	 1
_bahw	 1
_demi	 1
erjun	 1
bahka	 1
enc	 1
jat	 1
ore	 1
Bagi	 1
"kar	 1
egit	 1
eanda	 1
_He	 1
enol	 1
rjun	 1
Narko	 1
keli	 1
ube	 1
_Agus	 1
pop	 1
Co	 1
agi	 1
juang	 1
cew	 1
Sat	 1
iman_	 1
sama-	 1
masuk	 1
MPR/D	 1
ayak_	 1
_Terl	 1
Pad	 1
jadik	 1
_SBS	 1
_Didu	 1
abrak	 1
mpel	 1
ehen	 1
rah-	 1
elaku	 1
elulu	 1
Saya	 1
okr	 1
berse	 1
_sep	 1
otel_	 1
SMI	 1
ncak	 1
aju,_	 1
gaja_	 1
_saj	 1
_dae	 1
sp	 1
ateg	 1
-d	 1
Bog	 1
enome	 1
erah_	 1
_pet	 1
-k	 1
akny	 1
ami.	 1
terbu	 1
_seo	 1
_kela	 1
geta	 1
sta,_	 1
elih	 1
anti_	 1
imul	 1
_suk	 1
elat	 1
_ara	 1
_mamp	 1
olt	 1
ma-s	 1
enal_	 1
_Putu	 1
uangk	 1
leh	 1
Yan	 1
Muc	 1
Didu	 1
Sayan	 1
_pay	 1
salny	 1
mungi	 1
Peka	 1
Tigo	 1
ebi	 1
seper	 1
_Culi	 1
Or	 1
ngube	 1
yuluh	 1
iak	 1
ctor	 1
bera	 1
sehin	 1
isme	 1
imal_	 1
kokny	 1
Medan	 1
sahaa	 1
wasa_	 1
brak_	 1
nak_	 1
a-sa	 1
_Bl	 1
tmiko	 1
hian	 1
_maha	 1
_cat	 1
anis	 1
ersan	 1
ukti	 1
CLA,_	 1
m-	 1
nk	 1
_mera	 1
_pek	 1
_Co	 1
erkai	 1
_V	 1
coh?	 1
_tug	 1
y_	 1
endar	 1
_Par	 1
in.	 1
gkat,	 1
ekanb	 1
geja	 1
spo	 1
_Para	 1
How	 1
nol	 1
lny	 1
henda	 1
kompl	 1
Ord	 1
angs	 1
lo,_	 1
rutam	 1
Budi	 1
top	 1
tir	 1
stas	 1
kanb	 1
lisan	 1
dugaa	 1
Solo	 1
-ba	 1
mahas	 1
Cu	 1
enar	 1
empel	 1
Culik	 1
melac	 1
ran._	 1
ik,	 1
keg	 1
gkan_	 1
petu	 1
tik.	 1
hiana	 1
_"Ya	 1
_Ban	 1
iswa	 1
jatm	 1
menje	 1
uting	 1
tik._	 1
_bela	 1
antor	 1
tot_	 1
arus	 1
ari._	 1
enab	 1
Namun	 1
ganga	 1
gara	 1
wan,_	 1
ncar	 1
Sabt	 1
_HARI	 1
_ut	 1
he	 1
ipon	 1
berar	 1
rleb	 1
_Ab	 1
_ru	 1
dupan	 1
ngah	 1
rhu	 1
KI	 1
rle	 1
h-dae	 1
ican	 1
Keke	 1
Gore	 1
ampa	 1
yah_	 1
khia	 1
Perat	 1
mah_	 1
lapa	 1
elas.	 1
dur	 1
_SAYA	 1
olo,	 1
pung_	 1
is_	 1
_advo	 1
Much	 1
sin-_	 1
_kehi	 1
jatmi	 1
_seda	 1
mula	 1
dain	 1
sia_	 1
uka_	 1
_kop_	 1
egia	 1
bukan	 1
_seca	 1
ngeta	 1
ctor_	 1
ianto	 1
-bara	 1
demi	 1
nya,_	 1
abes	 1
_Bon	 1
abes_	 1
okrat	 1
ndoh,	 1
h?_	 1
Ya_	 1
Bark	 1
ulis	 1
ngil	 1
D,	 1
belu	 1
tela	 1
an"	 1
otor_	 1
suk_	 1
inan_	 1
sawat	 1
_ger	 1
aima	 1
uda_	 1
E	 1
hui_	 1
luh,	 1
ISJ),	 1
ihati	 1
_fa	 1
neg	 1
_dite	 1
rut_	 1
Blok	 1
anjun	 1
usak_	 1
Dal	 1
tivis	 1
Mucht	 1
itud	 1
ihak	 1
kokn	 1
nasib	 1
_Dal	 1
atam,	 1
_Much	 1
vost_	 1
amana	 1
Ignat	 1
gak_	 1
ola	 1
tkan_	 1
imal	 1
ib_	 1
tuasi	 1
tuduh	 1
J),_	 1
ataa	 1
tany	 1
mala	 1
emo_	 1
giat	 1
epert	 1
_PDI_	 1
_fam	 1
_Cos	 1
_geb	 1
nia?	 1
_begi	 1
epent	 1
dai	 1
_but	 1
Da	 1
aki_	 1
gel	 1
jaga,	 1
swa	 1
uat,_	 1
milik	 1
Polta	 1
_Ka	 1
siswa	 1
ah-_	 1
ij	 1
empri	 1
mpah	 1
uat_	 1
_ditu	 1
n-_	 1
Harus	 1
okra	 1
g-b	 1
_Ign	 1
ngi_	 1
upun_	 1
erefl	 1
_terd	 1
sete	 1
butir	 1
_buru	 1
aik_	 1
jua	 1
Gar	 1
atan-	 1
apo	 1
coh	 1
antok	 1
ngguh	 1
rar	 1
alama	 1
ibant	 1
_diam	 1
nurut	 1
laran	 1
ainya	 1
At	 1
_Cata	 1
pelaj	 1
elul	 1
erap	 1
Ab	 1
dus_	 1
ibah	 1
jaga-	 1
usaha	 1
vos	 1
oto_	 1
_cew	 1
arti_	 1
ejara	 1
sun_	 1
_pemb	 1
suit_	 1
ntum	 1
ju,_	 1
hias_	 1
_gan	 1
nyulu	 1
engen	 1
ua_	 1
sy	 1
tumka	 1
uh.	 1
ghia	 1
nuru	 1
Kedu	 1
mo_	 1
rjung	 1
/DPR_	 1
kaitk	 1
_Tig	 1
dera	 1
Kipra	 1
_pes	 1
-cat	 1
Go	 1
wi	 1
advok	 1
osta,	 1
ik,_	 1
ompl	 1
ggere	 1
_da_	 1
(PIJ	 1
_(te	 1
hta	 1
_Tong	 1
lemb	 1
_tata	 1
masu	 1
g-	 1
jungk	 1
uler	 1
n"	 1
nur	 1
_sea	 1
ewasa	 1
u",_	 1
To	 1
upay	 1
ron_	 1
amil	 1
sinya	 1
_Nus	 1
isa_	 1
ayang	 1
nyata	 1
omu	 1
mund	 1
Unt	 1
lai_	 1
Yang	 1
YA	 1
pakan	 1
erbuk	 1
_ra	 1
seme	 1
akto	 1
mem-b	 1
tam,	 1
diba	 1
_Kepo	 1
unga	 1
dij	 1
minta	 1
_"Yan	 1
_Uni	 1
beg	 1
dang.	 1
uluh,	 1
sah-_	 1
k.	 1
pul	 1
pai	 1
s._	 1
nabra	 1
sin_	 1
diawa	 1
poko	 1
ecoh	 1
nuh,_	 1
broto	 1
_gitu	 1
_keg	 1
rkah	 1
Atau_	 1
sir_	 1
uatny	 1
Sand	 1
kuran	 1
eora	 1
swa.	 1
ondoh	 1
empe	 1
_Punc	 1
atas	 1
war	 1
win.	 1
),	 1
A_	 1
ust	 1
a-sam	 1
bang	 1
Heri_	 1
yusu	 1
hasa	 1
uit_	 1
ibunu	 1
J)	 1
kka	 1
ile	 1
inya.	 1
ost_	 1
berha	 1
lebi	 1
_"Sa	 1
Pakp	 1
bu_	 1
_pis	 1
ruh	 1
__	 1
ratur	 1
-an,	 1
stop_	 1
as.	 1
ngant	 1
Sub	 1
meja_	 1
_Sub	 1
ara,_	 1
uler_	 1
bisa	 1
Ket	 1
iu	 1
ggar	 1
_dika	 1
bela	 1
tenga	 1
nal.	 1
_berk	 1
bdul_	 1
rnyat	 1
Sabtu	 1
okn	 1
iko_	 1
Cos	 1
_Fei	 1
_Pak	 1
Ira	 1
media	 1
_dikh	 1
an-	 1
_Kep	 1
"Yang	 1
nkan	 1
kepen	 1
mata_	 1
asisw	 1
unca	 1
suka_	 1
_Sek	 1
eliha	 1
kat,	 1
ertu	 1
ehing	 1
_diba	 1
rkoti	 1
biasa	 1
anba	 1
_Band	 1
ritak	 1
ama,	 1
_Din	 1
n-cat	 1
-jaga	 1
_pih	 1
Oh,_	 1
ajak_	 1
unuh,	 1
misa	 1
sik	 1
spos	 1
mi"	 1
begi	 1
baik	 1
lik,_	 1
tegi_	 1
ggang	 1
Bun	 1
lai	 1
asaka	 1
nism	 1
_Uta	 1
hal	 1
dir	 1
iwa	 1
amat_	 1
mik	 1
pati_	 1
amun	 1
anu	 1
hatin	 1
_gej	 1
_"kar	 1
tor._	 1
esui	 1
isw	 1
Ked	 1
iken	 1
ejaki	 1
rama	 1
wasan	 1
gs	 1
_Sela	 1
nbar	 1
_baju	 1
nyis	 1
leng	 1
_Kala	 1
engah	 1
lok_	 1
bih_	 1
ali_	 1
_nasi	 1
rga	 1
pok	 1
ihin	 1
_Ci	 1
-ma	 1
bu"	 1
n-ca	 1
wasi	 1
atink	 1
nit	 1
_tat	 1
jak_	 1
utasi	 1
_or	 1
Fenom	 1
h._	 1
uas	 1
Sol	 1
luh_	 1
_sel_	 1
tabe	 1
ndap	 1
oto,	 1
_beka	 1
tiwa_	 1
sasi,	 1
ole	 1
rtug	 1
erke	 1
ur,_	 1
erak_	 1
ehid	 1
oresa	 1
-j	 1
ecoh?	 1
nit_	 1
elek	 1
alny	 1
rai,	 1
baik_	 1
asak	 1
kapi	 1
tara,	 1
rih	 1
mass	 1
bis	 1
_Pek	 1
gaan_	 1
r.	 1
Sosia	 1
_nil	 1
an-c	 1
_upa	 1
aiman	 1
eke	 1
rdap	 1
sme._	 1
eks_	 1
Man	 1
tuli	 1
tkan	 1
_MPR/	 1
Banda	 1
jarah	 1
lar	 1
seand	 1
gitu_	 1
_dug	 1
eger	 1
esuit	 1
amah	 1
ebrak	 1
_pent	 1
onar_	 1
gej	 1
engak	 1
seng	 1
syuti	 1
kina	 1
Dim	 1
nabr	 1
_Cul	 1
hadap	 1
rusak	 1
duran	 1
R/D	 1
dvok	 1
guh_	 1
tisa	 1
ti.	 1
_At	 1
baj	 1
rai	 1
smi"	 1
esia)	 1
R/DP	 1
diben	 1
susa	 1
gkal.	 1
Tigor	 1
ijad	 1
rahka	 1
ondo	 1
Ir	 1
tar,_	 1
rel	 1
kaa	 1
ngh	 1
"res	 1
keluh	 1
sejar	 1
_bahk	 1
Sudj	 1
kema	 1
awat	 1
_Ya	 1
ei	 1
erar	 1
_ten	 1
kepe	 1
ektu	 1
_PKI_	 1
terha	 1
adika	 1
dua	 1
anisa	 1
usan	 1
engel	 1
rwin	 1
stiw	 1
kegi	 1
ardu	 1
sian.	 1
ia?	 1
hidup	 1
rjua	 1
g-bar	 1
mene	 1
_Cipo	 1
ikus_	 1
kali.	 1
a-s	 1
Did	 1
aga_	 1
awan,	 1
nka	 1
menta	 1
hina,	 1
_org	 1
rlalu	 1
itudu	 1
_kesa	 1
_ken	 1
tua_	 1
ulka	 1
vis_	 1
arak	 1
abaya	 1
gad	 1
aya,	 1
iliny	 1
_San	 1
agak_	 1
etia	 1
hubu	 1
nisas	 1
ejala	 1
ampai	 1
_Ter	 1
lapan	 1
der	 1
_bera	 1
Iraw	 1
stu	 1
"Yan	 1
nemuk	 1
erib	 1
Hak	 1
nd_	 1
(ISJ	 1
HAR	 1
dimu	 1
RI	 1
_and_	 1
bantu	 1
saka	 1
oward	 1
dilan	 1
njeja	 1
nome	 1
iben	 1
_Gor	 1
hen	 1
otel	 1
_Garu	 1
eoran	 1
_peny	 1
rhas	 1
Kip	 1
tudu	 1
SM).	 1
Garud	 1
kawas	 1
kehi	 1
-daer	 1
_Igna	 1
cto	 1
gus	 1
gor,_	 1
eruba	 1
Dia_	 1
_cara	 1
ia)_	 1
_tik	 1
_daer	 1
sepe	 1
ndoh	 1
osta	 1
_(IS	 1
-an	 1
njun	 1
urny	 1
meras	 1
Nusa	 1
nje	 1
_Mang	 1
banya	 1
ustus	 1
SBS	 1
akuk	 1
ivis	 1
usun	 1
deral	 1
R/DPR	 1
ajak	 1
agia	 1
menol	 1
ajari	 1
pes	 1
sil	 1
ple	 1
_Ig	 1
li.	 1
kpaha	 1
una	 1
hend	 1
_mil	 1
ngga.	 1
_Bat	 1
ahwa	 1
etel	 1
inga	 1
_Keke	 1
ogy	 1
seca	 1
_Nu	 1
njung	 1
pemb	 1
ngkan	 1
laman	 1
oran_	 1
ta-	 1
Yogy	 1
munis	 1
perju	 1
J),	 1
rap_	 1
_Lap	 1
sib_	 1
Put	 1
n)	 1
-an,_	 1
terb	 1
wat	 1
aja,	 1
kotik	 1
uru_	 1
egiat	 1
_cit	 1
etika	 1
ngen	 1
uluh	 1
iduga	 1
abay	 1
atmik	 1
ht	 1
_sung	 1
lakn	 1
olo,_	 1
embag	 1
_(PI	 1
ma-sa	 1
_baga	 1
seben	 1
icant	 1
dainy	 1
stol	 1
enabr	 1
_E	 1
erdap	 1
edua	 1
_HA	 1
gor,	 1
ekt	 1
Pla	 1
M)	 1
dih_	 1
ru,_	 1
Ci	 1
jauh.	 1
gsu	 1
mk	 1
endak	 1
Surab	 1
bekuk	 1
puan_	 1
isir_	 1
yera	 1
tai_	 1
rovos	 1
FN	 1
_Meda	 1
_tem	 1
mpe	 1
terda	 1
_tuli	 1
buruh	 1
bunga	 1
-ka	 1
uh._	 1
tikus	 1
ehend	 1
sia)	 1
jukka	 1
abt	 1
lnya.	 1
-da	 1
on_	 1
_Satu	 1
_Polt	 1
anut_	 1
ngsun	 1
ma,_	 1
ivis_	 1
arkan	 1
kuat,	 1
tnya_	 1
"Ya	 1
itka	 1
elum	 1
erbu	 1
tiap	 1
terla	 1
bia	 1
Sura	 1
Provo	 1
sta,	 1
iaw	 1
_meja	 1
edang	 1
b_	 1
coh?_	 1
enghi	 1
Didug	 1
tata_	 1
mand	 1
Kalau	 1
tan-c	 1
Nai	 1
elekt	 1
tus_	 1
ikhi	 1
_e	 1
ama-	 1
pora	 1
ilara	 1
as._	 1
istol	 1
_kegi	 1
emat	 1
_Pla	 1
_"Y	 1
_berj	 1
erhub	 1
mut	 1
Cat	 1
ltabe	 1
ulk	 1
assa.	 1
wan,	 1
semen	 1
vok	 1
anbar	 1
demo	 1
ngs	 1
lk	 1
han.	 1
nganu	 1
ilann	 1
ataan	 1
kami.	 1
Batam	 1
_agak	 1
maup	 1
gkal	 1
umah,	 1
suka	 1
erjua	 1
bangu	 1
lik_	 1
ward_	 1
"Sab	 1
ungil	 1
yusun	 1
yataa	 1
_pesa	 1
elac	 1
jauh	 1
gnat	 1
aitk	 1
katan	 1
ngka,	 1
mbek	 1
Mu	 1
_gant	 1
unggu	 1
Vi	 1
_keam	 1
fo	 1
ekst	 1
dak,_	 1
erist	 1
Budim	 1
iku	 1
Bud	 1
kayak	 1
nggan	 1
setel	 1
gguh_	 1
_Ira	 1
Punca	 1
eper	 1
ewek_	 1
benta	 1
undu	 1
ah-da	 1
dikh	 1
_"Di	 1
MPR	 1
sep	 1
mbant	 1
_ar	 1
buron	 1
Pekan	 1
ija	 1
buro	 1
sawa	 1
tegi	 1
aru,_	 1
engk	 1
a-mat	 1
poran	 1
SAYA_	 1
nem	 1
RI-	 1
_Nar	 1
if_	 1
_seor	 1
tm	 1
ertin	 1
aikan	 1
ngadi	 1
Putu	 1
_SB	 1
me._	 1
awat_	 1
emara	 1
gkapi	 1
_med	 1
lang_	 1
ikai	 1
upun	 1
aga,	 1
itua	 1
eluh_	 1
K_	 1
amili	 1
bdul	 1
Fei	 1
_dibu	 1
mbaga	 1
marak	 1
komun	 1
gejal	 1
tu,"_	 1
_Tanj	 1
ingka	 1
Bogo	 1
at-ka	 1
ek_	 1
kus_	 1
ubrot	 1
mber	 1
ulai_	 1
_ekst	 1
_K_	 1
t-ka	 1
_FN_	 1
ndapa	 1
Yogya	 1
tiku	 1
_Di_	 1
ov	 1
ga,_	 1
ref	 1
Victo	 1
Garu	 1
pon	 1
aru_	 1
senga	 1
banta	 1
_kena	 1
_Or	 1
khian	 1
ramah	 1
haan	 1
pesa	 1
toko_	 1
nnya,	 1
ata-	 1
mpela	 1
rd_	 1
kelu	 1
maha	 1
rjaga	 1
Bar	 1
-kal	 1
rkai	 1
aba,_	 1
lta	 1
oltab	 1
_Did	 1
ecar	 1
ktua	 1
juan	 1
Par	 1
ati._	 1
andi_	 1
ghias	 1
ogya	 1
ustu	 1
dja	 1
yuti	 1
Semar	 1
kes	 1
suit	 1
Jen	 1
olakn	 1
fami	 1
pert	 1
entu	 1
kal.	 1
Heri	 1
ahaa	 1
yamp	 1
"Y	 1
elabu	 1
emera	 1
asiny	 1
manny	 1
ilan.	 1
Ti	 1
aktin	 1
nima	 1
_Ket	 1
rang.	 1
/DPR	 1
-m	 1
malam	 1
ci	 1
adila	 1
sean	 1
kemam	 1
_buro	 1
_nas	 1
Pr	 1
_HAR	 1
kstas	 1
_Ir	 1
alau	 1
iata	 1
_teng	 1
_pend	 1
merus	 1
_kura	 1
prih	 1
ian.	 1
or._	 1
baya,	 1
Er	 1
Di_	 1
ah-d	 1
diam,	 1
kece_	 1
_Pera	 1
_sel	 1
paka	 1
uasi_	 1
nggil	 1
jej	 1
_Hote	 1
_fot	 1
kali_	 1
nil	 1
_Heri	 1
iam,	 1
atra	 1
ik.	 1
enem	 1
taa	 1
kaw	 1
_Gatr	 1
rkait	 1
tingk	 1
oka	 1
ba,	 1
iam	 1
raba	 1
rupak	 1
tig	 1
emok	 1
_Yo	 1
it,	 1
lanny	 1
_Memo	 1
vita	 1
angi	 1
pisto	 1
sehi	 1
Lapor	 1
Dimu	 1
eref	 1
I-ha	 1
lang,	 1
sen	 1
SM,_	 1
ekas	 1
aba-	 1
Sel	 1
otika	 1
ui,	 1
ini,	 1
uncak	 1
_Naip	 1
_(P	 1
Kepol	 1
gor_	 1
tulk	 1
_Dim	 1
_mem-	 1
hak	 1
liny	 1
mandi	 1
berj	 1
motor	 1
_syu	 1
saja,	 1
efl	 1
endap	 1
_gebr	 1
gend	 1
_berh	 1
Bagia	 1
taan	 1
ass	 1
cak,	 1
etug	 1
ayak	 1
_Vict	 1
ahui_	 1
_Kek	 1
rebek	 1
_kop	 1
rdus	 1
_hala	 1
ehe	 1
akpa	 1
dijad	 1
_git	 1
asil	 1
rkot	 1
s.	 1
kanto	 1
(t	 1
ebata	 1
djat	 1
len	 1
tual_	 1
rlal	 1
kim_	 1
_PIJ	 1
sme.	 1
giata	 1
a-ja	 1
kop_	 1
rlih	 1
dulu_	 1
Bunu	 1
ekera	 1
syut	 1
pak	 1
Blok_	 1
ksik	 1
opul	 1
book	 1
kk	 1
rhad	 1
peru	 1
alu_	 1
rabay	 1
stasi	 1
DI	 1
DP	 1
_Sema	 1
dihin	 1
pleks	 1
gelu	 1
rtu	 1
_keja	 1
atra.	 1
e.	 1
_kua	 1
dikai	 1
moto	 1
mana_	 1
burny	 1
etulk	 1
_man	 1
ssa	 1
ltab	 1
ARI-h	 1
_uta	 1
h-_	 1
ndy_	 1
_Lapo	 1
muk	 1
erli	 1
menur	 1
bah_	 1
rarti	 1
ubun	 1
_and	 1
gadi	 1
ng-ba	 1
I-	 1
Band	 1
gga_	 1
pesaw	 1
baru_	 1
itu._	 1
kui,	 1
hias	 1
enyan	 1
gkat	 1
pela	 1
uchta	 1
erut	 1
ntor_	 1
eo	 1
hasil	 1
SJ),	 1
_arah	 1
oh?_	 1
nya,	 1
Bata	 1
pir_	 1
_mili	 1
ntar_	 1
ejak	 1
Hotel	 1
edih_	 1
isan_	 1
_bany	 1
ubro	 1
_Mu	 1
aup	 1
tai,_	 1
_Blok	 1
SMID	 1
_geja	 1
tol	 1
BSI	 1
_suka	 1
Meda	 1
rbuka	 1
Satua	 1
otor	 1
ovo	 1
iw	 1
yul	 1
ingan	 1
_Dina	 1
ac	 1
penda	 1
imuta	 1
gkina	 1
citr	 1
_pel	 1
riant	 1
abu"	 1
ati_	 1
upaka	 1
umka	 1
sel_	 1
anb	 1
tir_	 1
otif_	 1
_komp	 1
pend	 1
_peka	 1
"Di	 1
isti	 1
rian	 1
memba	 1
kator	 1
lum_	 1
AYA	 1
ege	 1
king_	 1
andy	 1
Erwi	 1
_Kok	 1
muta	 1
dimul	 1
_kepo	 1
abtu	 1
_sus	 1
yat	 1
hala	 1
antum	 1
peka	 1
kto	 1
eand	 1
h?	 1
/D	 1
enyer	 1
_amat	 1
paha	 1
Uni	 1
_Ar	 1
lau_	 1
rap	 1
_Nai	 1
SA	 1
Culi	 1
_"S	 1
Lap	 1
_cari	 1
aruda	 1
ntumk	 1
dara	 1
_rel	 1
ganta	 1
berup	 1
sib	 1
mpai	 1
esus	 1
_mini	 1
_Unit	 1
demi_	 1
kuat	 1
eluar	 1
juk_	 1
ebih	 1
r._	 1
_Pro	 1
_paya	 1
udi	 1
ga-j	 1
elum_	 1
ami._	 1
Nusan	 1
_Oh,	 1
mampi	 1
bung	 1
linya	 1
berub	 1
Feno	 1
_ole	 1
_Mem	 1
itaka	 1
lalu	 1
tinka	 1
hui	 1
iri_	 1
ewa	 1
lem	 1
dija	 1
omp	 1
aja,_	 1
eluru	 1
kra	 1
nolak	 1
_Her	 1
baya	 1
_Pun	 1
ISJ	 1
penyu	 1
asuk	 1
kut_	 1
elak	 1
_Te	 1
smi	 1
imat_	 1
terh	 1
CLA	 1
akan,	 1
jari_	 1
_diaw	 1
"re	 1
_duga	 1
_Bata	 1
ce_	 1
yus	 1
ituas	 1
_PDI	 1
ongg	 1
ianat	 1
esah_	 1
ntoko	 1
Kedua	 1
brot	 1
rliha	 1
menar	 1
ite	 1
Namu	 1
ga._	 1
Sekar	 1
uron_	 1
ga,	 1
LSM,	 1
famil	 1
an).	 1
atnya	 1
_citr	 1
_Yogy	 1
aln	 1
atis	 1
ospo	 1
seora	 1
uruh_	 1
arti	 1
krat	 1
elur	 1
merup	 1
ual	 1
nila	 1
ardus	 1
PR/D	 1
MP	 1
ian._	 1
urang	 1
bu",_	 1
milin	 1
ngsu	 1
limp	 1
laku	 1
_seru	 1
-mata	 1
apang	 1
icto	 1
win._	 1
ggara	 1
g-ba	 1
ikena	 1
gangi	 1
nati.	 1
por	 1
lab	 1
ehin	 1
sikan	 1
a?._	 1
otif	 1
ila_	 1
Agus	 1
nuh,	 1
sak_	 1
iber	 1
pond	 1
adia	 1
sa._	 1
?._	 1
kegia	 1
rovo	 1
-boo	 1
diman	 1
_sean	 1
peny	 1
imula	 1
sema	 1
ARI-	 1
ugaa	 1
udja	 1
a-ma	 1
arik	 1
mah,_	 1
_To	 1
_Sat	 1
_bisa	 1
kh	 1
antu.	 1
_Fif	 1
Selat	 1
_seng	 1
ditu	 1
_melu	 1
eruta	 1
_kuat	 1
muka	 1
_mah	 1
_sete	 1
_jad	 1
isan	 1
-dae	 1
krati	 1
asin	 1
eber	 1
aga,_	 1
otik	 1
dimin	 1
oki	 1
terli	 1
petug	 1
ibaha	 1
anggi	 1
paik	 1
_stra	 1
ana_	 1
spos,	 1
ruba	 1
menca	 1
Abdu	 1
enyi	 1
ebelu	 1
_Jen	 1
ala_	 1
ongga	 1
kukan	 1
_kuli	 1
tink	 1
ele	 1
isaln	 1
ters	 1
mampu	 1
emokr	 1
aupu	 1
emuka	 1
ahaan	 1
sel	 1
aga-	 1
nari	 1
Subr	 1
dima	 1
Nus	 1
atny	 1
leksi	 1
_rawa	 1
Sem	 1
eral	 1
anak_	 1
dikan	 1
misal	 1
RD,	 1
ekuk_	 1
wan"	 1
(temp	 1
rw	 1
_lemb	 1
_cewe	 1
rlebi	 1
_Bog	 1
_dija	 1
ayah	 1
tera	 1
foto	 1
mat-k	 1
in-	 1
_dewa	 1
swa._	 1
yisi	 1
Dalam	 1
rki	 1
gebra	 1
aga-j	 1
esia_	 1
seo	 1
kata_	 1
keama	 1
pokok	 1
massa	 1
bt	 1
upan	 1
nila_	 1
_poko	 1
tia	 1
_sepe	 1
gkut_	 1
unism	 1
imi	 1
ran.	 1
erleb	 1
_maup	 1
Feisa	 1
ulik	 1
_bek	 1
gsun	 1
cewek	 1
Para	 1
ogor	 1
uraba	 1
angun	 1
vitas	 1
_UCL	 1
_SMID	 1
ksi	 1
ata-m	 1
Hote	 1
rai,_	 1
eam	 1
oking	 1
cht	 1
ulkah	 1
gh	 1
rateg	 1
SM)._	 1
sasin	 1
ict	 1
sakan	 1
oliti	 1
dap_	 1
mempe	 1
-ca	 1
Polt	 1
Gor	 1
rang-	 1
_Gore	 1
_bukt	 1
kesa	 1
assa	 1
ra,_	 1
trate	 1
MID_	 1
aju	 1
_Be	 1
Nark	 1
ica	 1
utir_	 1
as,_	 1
_re	 1
(LS	 1
dulu	 1
_keb	 1
akp	 1
mena_	 1
jaki	 1
pl	 1
voka	 1
_pena	 1
bersa	 1
haa	 1
_sec	 1
ef	 1
nar_	 1
edua,	 1
SM,	 1
emer	 1
_ci	 1
_"re	 1
em-bo	 1
impah	 1
ss	 1
Igna	 1
Betu	 1
_"Dia	 1
_tul	 1
esan	 1
rah-d	 1
tan._	 1
nyera	 1
Sos	 1
Plan_	 1
menem	 1
eama	 1
kot	 1
dy	 1
kas_	 1
ejal	 1
tama,	 1
tmi	 1
em-b	 1
_Da	 1
pek	 1
pos,	 1
in-_	 1
_h	 1
vit	 1
tn	 1
co	 1
ukkan	 1
rebe	 1
ria	 1
itkan	 1
menc	 1
tra._	 1
menyi	 1
aip	 1
roto	 1
ate	 1
stus_	 1
-sam	 1
ditem	 1
uruh	 1
atn	 1
dibu	 1
atas_	 1
mkan)	 1
_Saya	 1
tud	 1
sin-	 1
nyan	 1
lulu	 1
_orga	 1
cewe	 1
kui	 1
_na	 1
dilar	 1
_SBSI	 1
erla	 1
latan	 1
ule	 1
perny	 1
sang	 1
utin	 1
bukaa	 1
etik	 1
ktor.	 1
nghi	 1
_UCLA	 1
ga-	 1
ewek	 1
orang	 1
diken	 1
_upay	 1
dic	 1
Untuk	 1
takan	 1
usant	 1
ember	 1
an"_	 1
Dala	 1
_/	 1
kehen	 1
_mand	 1
dung_	 1
isto	 1
litik	 1
engub	 1
paika	 1
ukt	 1
Blo	 1
ingg	 1
diber	 1
ganti	 1
yis	 1
tele	 1
-bo	 1
gkan	 1
kuk_	 1
ivita	 1
ggu	 1
ayah_	 1
awasa	 1
oto,_	 1
aftar	 1
dang,	 1
ong	 1
ece_	 1
flek	 1
_Bun	 1
tinga	 1
_dila	 1
Feis	 1
_Fifi	 1
ean	 1
aktor	 1
Sab	 1
Bogor	 1
PR/DP	 1
_Ki	 1
entuk	 1
ruh_	 1
elah	 1
eran_	 1
and_	 1
hasis	 1
_Bunu	 1
imut	 1
ler	 1
ama-s	 1
teng	 1
elaca	 1
ur,	 1
gebr	 1
ugaan	 1
mprih	 1
_kant	 1
gka,_	 1
ggil	 1
isal_	 1
cit	 1
ah,	 1
M)._	 1
angsu	 1
i"_	 1
emund	 1
Seka	 1
hata	 1
anan_	 1
HARI-	 1
diaku	 1
Unit	 1
_PI	 1
rihat	 1
ganis	 1
maupu	 1
emung	 1
_-a	 1
Terle	 1
Fifi	 1
iap	 1
nte	 1
Ordo_	 1
_ek	 1
_(tem	 1
rist	 1
inkan	 1
arko	 1
_lan	 1
burn	 1
nbaru	 1
a-aba	 1
"Dia_	 1
eberh	 1
pos,_	 1
arkah	 1
situ.	 1
_Haru	 1
puler	 1
m-bo	 1
wa._	 1
susah	 1
iga_	 1
f_	 1
_lu	 1
nb	 1
ement	 1
atua	 1
cari.	 1
_min	 1
Plan	 1
_dic	 1
emam	 1
_PK	 1
yerah	 1
nggi	 1
asib_	 1
osp	 1
lac	 1
lap	 1
ilik_	 1
_sehi	 1
_Ordo	 1
getah	 1
isir	 1
lri.	 1
_cata	 1
manan	 1
_Pakp	 1
melu	 1
tmik	 1
dihi	 1
ihina	 1
M,	 1
eco	 1
lur	 1
omun	 1
_Hot	 1
_pop	 1
_LSM,	 1
itas_	 1
lt	 1
_SM	 1
"kare	 1
mengh	 1
_"D	 1
_Cip	 1
kece	 1
saw	 1
ait,_	 1
anyak	 1
igor_	 1
yut	 1
_adv	 1
itemp	 1
rwi	 1
