_	 1600
e	 430
a	 407
o	 348
i	 340
n	 282
r	 204
s	 198
l	 197
t	 175
j	 171
v	 148
k	 146
d	 137
e_	 136
y	 119
z	 119
p	 117
a_	 116
m	 97
o_	 96
_s	 93
c	 89
i_	 79
_p	 79
je	 78
_n	 76
cy	 70
_v	 62
u	 61
b	 60
,	 58
,_	 58
_j	 54
na	 53
_z	 53
st	 53
ra	 51
je_	 51
ni	 50
_je	 50
g	 48
al	 46
._	 45
.	 45
_je_	 44
in	 44
se	 44
po	 43
h	 42
la	 41
no	 40
el	 40
_k	 40
ye	 39
ti	 38
il	 37
n_	 37
re	 36
ne	 35
en	 35
pr	 34
ko	 34
_d	 34
_na	 34
ja	 33
va	 33
lo	 33
_i	 33
_po	 33
de	 33
_t	 32
_o	 32
ka	 31
ve	 31
le	 30
_m	 30
ov	 30
ri	 29
za	 29
nj	 29
zy	 28
an	 28
li	 28
aj	 28
te	 28
_se	 27
l_	 27
et	 27
od	 26
_pr	 26
_b	 26
v_	 26
da	 25
ek	 25
ro	 25
_za	 24
ih	 24
ed	 24
se_	 23
yi	 23
to	 23
h_	 22
_se_	 22
_r	 22
ad	 22
so	 21
oc	 21
lo_	 21
ih_	 21
ocy	 21
em	 20
ar	 20
ji	 20
tr	 20
_ne	 20
_v_	 20
ic	 19
ob	 19
_so	 19
r_	 19
la_	 19
es	 19
ya	 19
ta	 18
iz	 18
cye	 18
mo	 18
_in	 18
er	 18
_in_	 18
in_	 18
ak	 18
mi	 17
ye_	 17
na_	 17
os	 17
as	 17
az	 17
bi	 17
is	 17
m_	 17
ki	 17
sy	 17
no_	 17
ga	 17
lj	 17
pre	 16
pa	 16
og	 16
so_	 16
ns	 16
on	 16
ik	 16
u_	 16
ec	 16
z_	 16
ne_	 16
_ve	 16
ot	 15
or	 15
kr	 15
ol	 15
_so_	 15
_bi	 15
sa	 15
ja_	 15
om	 14
_pre	 14
vo	 14
di	 14
yn	 14
at	 14
im	 14
t_	 14
zye	 14
av	 14
nje	 14
j_	 14
ecy	 14
_c	 14
cyi	 14
dn	 14
ke	 13
me	 13
ir	 13
_iz	 13
go	 13
i,	 13
_ko	 13
ins	 13
i,_	 13
ti_	 13
ap	 13
raz	 13
eg	 12
_bil	 12
_ni	 12
_na_	 12
ova	 12
li_	 12
-	 12
sto	 12
ez	 12
bil	 12
ok	 12
_st	 12
da_	 12
cya	 12
do	 12
ko_	 12
jo	 11
ilo	 11
_cy	 11
sk	 11
ev	 11
le_	 11
ala	 11
vi	 11
ga_	 11
cyn	 11
_l	 11
_g	 11
elo	 11
a,_	 11
del	 11
ij	 11
_ra	 11
nst	 11
_da	 11
ilo_	 11
_mo	 11
_pa	 11
ni_	 11
a,	 11
_do	 10
d_	 10
W	 10
Win	 10
Winst	 10
ln	 10
Wins	 10
nsto	 10
anj	 10
aj_	 10
Wi	 10
eti	 10
ton	 10
un	 10
nston	 10
ali	 10
cye_	 10
ston	 10
insto	 10
yal	 10
_zy	 10
ac	 10
ost	 10
ala_	 10
em_	 10
inst	 10
_Wins	 9
_te	 9
icy	 9
_od	 9
pi	 9
br	 9
_Wi	 9
al_	 9
_Win	 9
acy	 9
_ka	 9
_ob	 9
oz	 9
ce	 9
elo_	 9
rj	 9
ka_	 9
it	 9
k_	 9
_W	 9
nic	 9
am	 9
nu	 9
kra	 9
il_	 9
ran	 8
o._	 8
tv	 8
jen	 8
_nj	 8
rat	 8
val	 8
ah	 8
bo	 8
ze	 8
vr	 8
ist	 8
ki_	 8
y_	 8
kl	 8
a._	 8
ese	 8
_da_	 8
o.	 8
za_	 8
ma	 8
ali_	 8
a.	 8
ezy	 8
stv	 8
_po_	 8
po_	 8
imi	 8
pe	 8
yil	 8
O	 8
nost	 7
set	 7
dr	 7
tak	 7
_le	 7
tem	 7
_ko_	 7
ton_	 7
kih	 7
_S	 7
sti	 7
I	 7
yno	 7
V	 7
_ta	 7
er_	 7
ega	 7
dno	 7
to_	 7
str	 7
_a	 7
nih	 7
o,	 7
pri	 7
ste	 7
_de	 7
e,_	 7
_pri	 7
_V	 7
var	 7
pol	 7
nih_	 7
cy_	 7
pa_	 7
ston_	 7
ji_	 7
e,	 7
S	 7
_kr	 7
nov	 7
on_	 7
_ne_	 7
kih_	 7
ci	 7
en_	 7
sed	 7
_zye	 7
nos	 7
el_	 7
o,_	 7
ju	 7
_re	 7
_za_	 7
vec	 6
tvar	 6
_--_	 6
nik	 6
tk	 6
dese	 6
_vs	 6
zya	 6
i.	 6
yno_	 6
eli	 6
ved	 6
va_	 6
eset	 6
eka	 6
aja	 6
_stv	 6
_raz	 6
sn	 6
deset	 6
_-	 6
zap	 6
be	 6
_nje	 6
nja	 6
_pol	 6
di_	 6
des	 6
--_	 6
gl	 6
nicy	 6
-_	 6
--	 6
_mi	 6
ej	 6
sp	 6
i._	 6
gov	 6
red	 6
ecye	 6
_--	 6
_ti	 6
stva	 6
_O	 6
ocye	 6
lad	 6
ke_	 6
or_	 6
vs	 6
raj	 6
et_	 6
ale	 6
_zap	 6
eni	 6
zyi	 6
ocye_	 6
si	 6
stvar	 6
nil	 6
ede	 6
tva	 6
mog	 6
T	 6
_z_	 6
_u	 6
iv	 6
cyno	 6
_stva	 6
dal	 6
id	 5
_pa_	 5
nar	 5
ega_	 5
ela	 5
_vr	 5
kaj	 5
lik	 5
_njeg	 5
_iz_	 5
iko	 5
bilo_	 5
mi_	 5
ocyn	 5
ake	 5
delo	 5
_bilo	 5
ogo	 5
kov	 5
iz_	 5
:_	 5
ten	 5
_pe	 5
obr	 5
iti	 5
:	 5
mr	 5
ku	 5
mu	 5
njen	 5
rek	 5
lje	 5
ova_	 5
pir	 5
eva	 5
_ki	 5
ili	 5
_tak	 5
rja	 5
_sy	 5
yel	 5
enih	 5
_mog	 5
ice	 5
_pos	 5
zyal	 5
jeg	 5
res	 5
asy	 5
_si	 5
kaj_	 5
_me	 5
ako	 5
njeg	 5
ile	 5
_nar	 5
sye	 5
ov_	 5
imi_	 5
jal	 5
zu	 5
let	 5
yali	 5
pos	 5
_sed	 5
tra	 5
bilo	 5
ocyi	 5
iti_	 5
eka_	 5
pom	 5
elik	 5
vl	 5
api	 5
cyno_	 5
ska	 5
ep	 5
zad	 5
ale_	 5
ele	 5
enih_	 5
sede	 5
rn	 5
_ki_	 5
pl	 5
lji	 5
vra	 5
_h	 5
uj	 5
nt	 5
bl	 5
vecy	 5
sni	 5
su	 5
_ni_	 5
_cya	 5
op	 5
ecye_	 4
sv	 4
gocy	 4
eja	 4
ed_	 4
ide	 4
ene	 4
_Z	 4
si_	 4
_su	 4
red_	 4
cij	 4
mocy	 4
odn	 4
ila	 4
zo	 4
azy	 4
mu_	 4
van	 4
pot	 4
_gr	 4
nek	 4
pla	 4
_br	 4
lic	 4
kak	 4
_to	 4
jiv	 4
stra	 4
ono	 4
tis	 4
ari	 4
bvlad	 4
kri	 4
nov_	 4
_va	 4
lja	 4
olo	 4
vet	 4
pred	 4
jegov	 4
eda	 4
_vsa	 4
yen	 4
nad	 4
pred_	 4
_bo	 4
_str	 4
icyn	 4
set_	 4
pet	 4
zg	 4
_nic	 4
dv	 4
ot_	 4
cyil	 4
apir	 4
mogoc	 4
ds	 4
moc	 4
tkih_	 4
bra	 4
ter	 4
kako	 4
bn	 4
tre	 4
egov	 4
eval	 4
oln	 4
aja_	 4
ira	 4
bvl	 4
_vi	 4
ekr	 4
tvari	 4
_ga	 4
adn	 4
B	 4
zyel	 4
lek	 4
ecyi	 4
zn	 4
_sp	 4
_G	 4
pra	 4
_kaj_	 4
ajo	 4
vla	 4
tir	 4
edn	 4
vari	 4
dez	 4
K	 4
obvl	 4
eb	 4
_D	 4
ta_	 4
ena	 4
eno	 4
ud	 4
_kra	 4
recy	 4
_kaj	 4
kor	 4
M	 4
cyal	 4
yali_	 4
ekran	 4
ogoc	 4
ljiv	 4
D	 4
ezye	 4
rec	 4
eko	 4
bv	 4
ile_	 4
kran	 4
du	 4
_sede	 4
ekra	 4
pro	 4
gr	 4
ogocy	 4
obv	 4
ar_	 4
tki	 4
njego	 4
ija	 4
tel	 4
jev	 4
bvla	 4
kova	 4
rd	 4
G	 4
jego	 4
_sk	 4
ut	 4
goc	 4
ru	 4
_T	 4
vlad	 4
_ga_	 4
oj	 4
lni	 4
ici	 4
delo_	 4
vsa	 4
zel	 4
obvla	 4
od_	 4
_pred	 4
dnj	 4
daj	 4
bi_	 4
krat	 4
naj	 4
Z	 4
zyali	 4
mogo	 4
_nicy	 4
rok	 4
oga	 4
uni	 4
tu	 4
dezy	 4
zd	 4
tkih	 4
ijo	 4
apr	 4
gocye	 4
tn	 4
ego	 4
otr	 4
uje	 4
ati	 4
gla	 4
yt	 4
nas	 4
_zyi	 3
apirj	 3
vel	 3
udi_	 3
_vsak	 3
njeni	 3
_svo	 3
nju	 3
decye	 3
nd	 3
ela_	 3
gova	 3
k._	 3
m,_	 3
_od_	 3
_zn	 3
rocy	 3
jale_	 3
ora	 3
sko	 3
rob	 3
ku_	 3
ava	 3
rt	 3
vo_	 3
_gro	 3
_ji	 3
nu_	 3
_pl	 3
ce,	 3
rz	 3
jo,_	 3
oda	 3
iral	 3
sti,	 3
atkih	 3
N	 3
_ma	 3
ho	 3
edi	 3
nja_	 3
dalj	 3
ane	 3
A	 3
esa	 3
rav	 3
dnost	 3
vsak	 3
ada	 3
_obv	 3
poln	 3
rov	 3
_kri	 3
mn	 3
rl	 3
mocyn	 3
atk	 3
sak	 3
nil_	 3
jih	 3
lekr	 3
tih	 3
_kak	 3
gro	 3
rit	 3
_sv	 3
sti,_	 3
u._	 3
ast	 3
gn	 3
loc	 3
je,_	 3
tran	 3
_pap	 3
ame	 3
_oc	 3
inu	 3
h.	 3
nega_	 3
adu	 3
_ali	 3
lacy	 3
t,_	 3
jim	 3
vaj	 3
adi_	 3
vladu	 3
epot	 3
hod	 3
epo	 3
_zapr	 3
syt	 3
_P	 3
st_	 3
ven	 3
tiri	 3
_krat	 3
nav	 3
_tel	 3
_ali_	 3
idese	 3
ade	 3
_to_	 3
ral	 3
hu	 3
_tis	 3
vanj	 3
oro	 3
osti,	 3
atki	 3
ekl	 3
_raj	 3
ratk	 3
_ocy	 3
ladu	 3
uje_	 3
icyno	 3
kas	 3
_pla	 3
til	 3
_mu_	 3
duje	 3
_vel	 3
ote	 3
_ji_	 3
dalje	 3
_I	 3
iri	 3
etih	 3
_al	 3
ytir	 3
rala	 3
ri.	 3
nim	 3
V_	 3
nal	 3
mi,	 3
ti,	 3
zye_	 3
_veka	 3
obra	 3
ari.	 3
ave	 3
jam	 3
u,_	 3
ce,_	 3
take_	 3
alj	 3
nosti	 3
_je,_	 3
vz	 3
vari.	 3
pirj	 3
_bi_	 3
no.	 3
rs	 3
eset_	 3
rides	 3
ven_	 3
zapr	 3
P	 3
rid	 3
dl	 3
irj	 3
_nap	 3
im_	 3
svo	 3
veka_	 3
jeva	 3
osti	 3
f	 3
_pra	 3
_pet	 3
_sye_	 3
dnos	 3
onov	 3
edel	 3
aduj	 3
velik	 3
nk	 3
roc	 3
lici	 3
_sko	 3
yti	 3
egova	 3
ari._	 3
om_	 3
_svoj	 3
ri._	 3
men	 3
pap	 3
zgo	 3
E	 3
neg	 3
_N	 3
dec	 3
s_	 3
dezye	 3
kem_	 3
oval	 3
_kako	 3
ocyno	 3
apo	 3
ti,_	 3
locy	 3
laduj	 3
_ce	 3
papi	 3
ice,	 3
_zad	 3
_nek	 3
kle	 3
k.	 3
razy	 3
neka	 3
_sye	 3
anje	 3
_vec	 3
lah	 3
tdese	 3
_tu	 3
u,	 3
deja	 3
h._	 3
bile	 3
_tr	 3
elek	 3
syti	 3
_vecy	 3
riz	 3
ake_	 3
_veli	 3
_mogo	 3
ei	 3
nsk	 3
m,	 3
kem	 3
te_	 3
stran	 3
lez	 3
ent	 3
_vo	 3
_obr	 3
_cyas	 3
je,	 3
_vek	 3
aduje	 3
nji	 3
vor	 3
rala_	 3
ero_	 3
_tem	 3
_sa	 3
ro_	 3
yala	 3
dno_	 3
be_	 3
cyas	 3
niko	 3
lk	 3
veda	 3
papir	 3
_papi	 3
_nad	 3
veli	 3
nega	 3
veka	 3
zr	 3
nem	 3
_neka	 3
no._	 3
ek_	 3
R	 3
ili_	 3
yala_	 3
duje_	 3
yj	 3
eti_	 3
sta	 3
sun	 3
cyist	 3
jale	 3
erj	 3
_groz	 3
bile_	 3
L	 3
obe	 3
svoj	 3
irala	 3
ode	 3
nap	 3
dej	 3
_si_	 3
jo,	 3
yne	 3
td	 3
roz	 3
eo	 3
tri	 3
ovo	 3
cyj	 3
zde	 3
isti	 3
_V_	 3
rni	 3
voj	 3
dil	 3
ani	 3
zyen	 3
groz	 3
vad	 3
_take	 3
decy	 3
udi	 3
lekra	 3
edno	 3
mi,_	 3
ene_	 3
kratk	 3
syi	 3
ytiri	 3
aln	 3
t,	 3
dok	 3
tde	 3
ila_	 3
reko	 3
tni	 3
ratki	 3
yist	 3
adi	 3
_mu	 3
jeni	 3
sytir	 3
cyis	 3
u.	 3
duj	 3
take	 3
ice,_	 3
_je,	 3
vek	 3
_let	 3
ero	 3
ret	 3
_dok	 3
alje	 3
_obvl	 3
_bile	 3
tud	 3
elekr	 3
ana	 3
_dr	 3
yis	 3
yas	 3
dst	 3
eve	 3
nje_	 3
aro	 3
ride	 3
sl	 3
sye_	 3
jih_	 3
lac	 3
gova_	 3
ocya	 3
ides	 3
tdes	 3
AT	 2
_kriz	 2
akor_	 2
eob	 2
sedez	 2
jan	 2
zen_	 2
mo.	 2
_zar	 2
ota	 2
ijo,	 2
c_	 2
vadi	 2
ocyal	 2
repo	 2
sa,	 2
cyin	 2
_prih	 2
ocyil	 2
_pres	 2
robe	 2
yili_	 2
'Brie	 2
mo._	 2
eval.	 2
zun	 2
_kjer	 2
tudi_	 2
tenih	 2
_sovr	 2
koga	 2
riga	 2
um	 2
pirja	 2
jeno	 2
tih_	 2
_.	 2
odno	 2
rju	 2
stvo	 2
zdel	 2
ir_	 2
ens	 2
_pose	 2
Mi	 2
yela	 2
del_	 2
ahko_	 2
govor	 2
_ro	 2
teni	 2
lav	 2
ali,	 2
kje	 2
anja	 2
syn	 2
ike	 2
tru	 2
vrazy	 2
hun	 2
ata	 2
_vrgl	 2
_K	 2
edt	 2
edez	 2
rb	 2
_sm	 2
zuna	 2
'B	 2
icij	 2
ajoc	 2
hko	 2
nilo_	 2
Se	 2
vrgl	 2
_vra	 2
niti	 2
ijo,_	 2
gar	 2
dolo	 2
Iz_	 2
kor_	 2
mat	 2
ji,	 2
k,_	 2
sm	 2
VEL	 2
poro	 2
hodn	 2
_pro	 2
vedno	 2
kot_	 2
ihod	 2
_os	 2
dva	 2
nim_	 2
_rec	 2
yc	 2
lju	 2
enos	 2
_dej	 2
ohu	 2
ope	 2
Brien	 2
v.	 2
rac	 2
ta,	 2
_dol	 2
jer	 2
e._	 2
_mr	 2
_Po	 2
yac	 2
recyi	 2
_tudi	 2
god	 2
rgla	 2
ul	 2
olic	 2
kast	 2
RAT	 2
_moge	 2
ino	 2
kj	 2
ohun	 2
rstv	 2
_kot_	 2
_Iz	 2
iga	 2
kaz	 2
ie	 2
tj	 2
ELI	 2
areko	 2
ikog	 2
v,_	 2
_lah	 2
ler_	 2
oln_	 2
nj_	 2
rstvo	 2
_pon	 2
vsake	 2
aticy	 2
cyk	 2
rod	 2
Golds	 2
olj	 2
koval	 2
ru_	 2
sycy	 2
_zye_	 2
reti_	 2
_lezy	 2
yit	 2
prep	 2
_vrg	 2
zp	 2
Sev	 2
cyi_	 2
erjam	 2
erja	 2
skozi	 2
ticy	 2
dan	 2
_medt	 2
hk	 2
kler	 2
ve_	 2
lka	 2
dob	 2
val._	 2
ec_	 2
olds	 2
_prek	 2
rana	 2
_kje	 2
ona	 2
asa,	 2
az_	 2
ak_	 2
Po	 2
_sme	 2
dstei	 2
ijono	 2
_lez	 2
ive	 2
ELIK	 2
_nare	 2
_Mi	 2
kega_	 2
sal_	 2
nikog	 2
ebno	 2
_Go	 2
sedel	 2
'Bri	 2
oku	 2
_cye	 2
_cyis	 2
olocy	 2
braz	 2
ad_	 2
robe_	 2
cija	 2
lov	 2
_nemo	 2
jamem	 2
asa,_	 2
raj_	 2
yensk	 2
jonov	 2
prav	 2
tem,_	 2
orocy	 2
_Sev	 2
ticyn	 2
rla	 2
hlacy	 2
cyala	 2
oldst	 2
dre	 2
_ze	 2
_lahk	 2
ezya	 2
jive	 2
LIK	 2
ozo	 2
omrit	 2
lij	 2
sake	 2
etde	 2
dokl	 2
syil	 2
ogar	 2
_ver	 2
_spo	 2
pomr	 2
voji	 2
riti_	 2
_njim	 2
koz	 2
yem	 2
imi,	 2
l,_	 2
rni_	 2
to,	 2
oma	 2
locyn	 2
brnj	 2
_brig	 2
_syti	 2
rim	 2
vrg	 2
zyens	 2
kal	 2
ogel	 2
ji,_	 2
lova	 2
godil	 2
em,	 2
O'	 2
_O'	 2
_o_	 2
brig	 2
oji	 2
raz_	 2
_no	 2
medte	 2
ihodn	 2
pravi	 2
_niko	 2
recye	 2
oge	 2
_zu	 2
vedn	 2
yic	 2
ovr	 2
brnje	 2
eveda	 2
kega	 2
_verj	 2
_neo	 2
arobe	 2
anju	 2
yji_	 2
rg	 2
nska_	 2
elk	 2
_mor	 2
na,	 2
bila	 2
zar	 2
ras	 2
zelo	 2
nom	 2
mati	 2
O'B	 2
li,_	 2
_zelo	 2
VELI	 2
zyem	 2
cent	 2
yice	 2
ant	 2
njim	 2
_cyac	 2
ljeva	 2
yela_	 2
aprl	 2
seti	 2
kjer_	 2
_ods	 2
asa	 2
_O'Br	 2
ovan	 2
dela	 2
_tele	 2
;_	 2
peti	 2
mogel	 2
;	 2
ovi	 2
_pob	 2
ljev	 2
nare	 2
em,_	 2
reti	 2
ge	 2
pomri	 2
_lo	 2
reb	 2
veda_	 2
emo	 2
ogel_	 2
ara	 2
gla_	 2
zv	 2
ljal	 2
VELIK	 2
odr	 2
_prod	 2
zunaj	 2
jeval	 2
jene	 2
racy	 2
pres	 2
ld	 2
ahko	 2
_zgod	 2
_kot	 2
kop	 2
gar_	 2
avi	 2
dt	 2
kro	 2
gnal	 2
gna	 2
asni	 2
jenos	 2
petin	 2
aka	 2
hn	 2
stei	 2
unaj	 2
rocya	 2
_bila	 2
dtem	 2
sovra	 2
_recy	 2
ein	 2
azen	 2
ecy_	 2
priho	 2
rie	 2
zel_	 2
nadal	 2
_be	 2
oja	 2
_sun	 2
adno	 2
obrnj	 2
ta,_	 2
rnjen	 2
yilo_	 2
_otr	 2
dokle	 2
_prep	 2
aved	 2
obl	 2
rin	 2
edezy	 2
petde	 2
_ot	 2
!_	 2
eseti	 2
kriz	 2
up	 2
zra	 2
Sy	 2
jono	 2
raja_	 2
bli	 2
polic	 2
ju_	 2
_res	 2
C	 2
ldst	 2
ovor	 2
like	 2
_BRA	 2
lezy	 2
milij	 2
cyit	 2
mes	 2
_mocy	 2
pira	 2
niti_	 2
li,	 2
ml	 2
esn	 2
nut	 2
briga	 2
sam	 2
elova	 2
Seved	 2
'Br	 2
ran_	 2
dilo_	 2
zade	 2
klj	 2
tein	 2
dejan	 2
itr	 2
jon	 2
rad	 2
rst	 2
tnice	 2
ejan	 2
odi	 2
okle	 2
ik_	 2
_zg	 2
telek	 2
lis	 2
_Gol	 2
aze	 2
an_	 2
irja	 2
mor	 2
vadi_	 2
rnj	 2
_bo_	 2
pog	 2
_tri	 2
tin	 2
dnjak	 2
spr	 2
narob	 2
to,_	 2
ynega	 2
narek	 2
zyil	 2
ozi	 2
cyet	 2
est	 2
bno	 2
insy	 2
nasy	 2
riti	 2
otrok	 2
uc	 2
anje_	 2
izye	 2
rep	 2
_tist	 2
omb	 2
_per	 2
kakor	 2
BR	 2
lnik	 2
lijon	 2
_hla	 2
gel_	 2
tik	 2
jo_	 2
lja_	 2
ln_	 2
nemo	 2
amem_	 2
bri	 2
iride	 2
raja	 2
yni	 2
_ocyi	 2
okr	 2
jene_	 2
ses	 2
al.	 2
_zuna	 2
oroc	 2
ycy	 2
odil	 2
sa,_	 2
izp	 2
_ven_	 2
zk	 2
la.	 2
doloc	 2
ilni	 2
ivi	 2
vi_	 2
_dokl	 2
izd	 2
_nik	 2
tirid	 2
yev	 2
edtem	 2
_cyi	 2
nala	 2
_naro	 2
yacyk	 2
etdes	 2
spo	 2
cen	 2
ska_	 2
repot	 2
jimi	 2
_Na	 2
_s_	 2
keg	 2
ods	 2
_poli	 2
_la	 2
rzyal	 2
_raja	 2
iln	 2
_vse	 2
_Iz_	 2
yji	 2
daja_	 2
nis	 2
jenih	 2
he	 2
ekov	 2
_zun	 2
KI	 2
ogar_	 2
daja	 2
kjer	 2
iho	 2
_cen	 2
ldste	 2
njak	 2
petd	 2
ami	 2
yili	 2
prl	 2
cija_	 2
ali,_	 2
zgodi	 2
'	 2
omri	 2
per	 2
_VELI	 2
govo	 2
rem	 2
lds	 2
Da	 2
gel	 2
_zav	 2
_petd	 2
zi_	 2
old	 2
arj	 2
omr	 2
ah.	 2
rjam	 2
_._	 2
rnje	 2
kler_	 2
stein	 2
spom	 2
js	 2
zen	 2
rzy	 2
ov.	 2
razk	 2
rata	 2
cyni	 2
yek	 2
mlj	 2
jak	 2
drzy	 2
Go	 2
zyil_	 2
_VE	 2
_BRAT	 2
ljive	 2
yem_	 2
To	 2
_rok	 2
hla	 2
tist	 2
IK	 2
_poln	 2
rihod	 2
acy_	 2
nsy	 2
_kj	 2
O'Br	 2
_naj	 2
hl	 2
sti_	 2
rig	 2
Na	 2
tem_	 2
ost_	 2
cyilo	 2
rgl	 2
oh	 2
BRA	 2
rjame	 2
_zgo	 2
v._	 2
yasa,	 2
okler	 2
ur	 2
iki	 2
zyem_	 2
_vrat	 2
otro	 2
yens	 2
_dolo	 2
neka_	 2
til_	 2
riga_	 2
nska	 2
anu	 2
tic	 2
zgod	 2
trok	 2
rekov	 2
zno	 2
elj	 2
la._	 2
vse	 2
nto	 2
nit	 2
_spom	 2
pote	 2
brn	 2
poroc	 2
inj	 2
mem_	 2
Brie	 2
avadi	 2
rih	 2
tnic	 2
elov	 2
kozi_	 2
rde	 2
ezyal	 2
ina	 2
_zel	 2
edno_	 2
_dezy	 2
oza	 2
EL	 2
drz	 2
_nav	 2
Br	 2
adal	 2
izyem	 2
atic	 2
BRAT	 2
dte	 2
_syt	 2
med	 2
_dez	 2
ravi	 2
neo	 2
bo_	 2
tei	 2
rez	 2
amem	 2
IKI	 2
svoji	 2
sme	 2
are	 2
_skoz	 2
prepo	 2
lahko	 2
sal	 2
oteni	 2
irid	 2
rien	 2
asn	 2
mrit	 2
una	 2
_mil	 2
par	 2
yele	 2
_obrn	 2
nan	 2
yin	 2
napo	 2
yacy	 2
vk	 2
prek	 2
zyela	 2
jer_	 2
tudi	 2
_nji	 2
LI	 2
aljev	 2
ilijo	 2
navad	 2
onov_	 2
pob	 2
_dal	 2
pero	 2
v,	 2
!	 2
kogar	 2
_nem	 2
b_	 2
imi,_	 2
O'Bri	 2
snicy	 2
_e	 2
acyk	 2
skoz	 2
_dv	 2
ri_	 2
_ved	 2
_BR	 2
alno	 2
cyji_	 2
l.	 2
rizy	 2
matic	 2
okro	 2
_vedn	 2
odre	 2
_otro	 2
_med	 2
rzya	 2
_VEL	 2
ejanj	 2
godi	 2
nice	 2
klju	 2
_zyel	 2
ilij	 2
izy	 2
icija	 2
pon	 2
kog	 2
ose	 2
_Seve	 2
mili	 2
iso	 2
dilo	 2
vt	 2
_nas	 2
edte	 2
odnos	 2
prih	 2
gi	 2
cyacy	 2
sov	 2
sr	 2
RA	 2
odnja	 2
oka	 2
rje	 2
cyneg	 2
kn	 2
naro	 2
_hl	 2
licij	 2
joc	 2
ip	 2
eliki	 2
nu,_	 2
jame	 2
_bri	 2
ozi_	 2
ver	 2
yaj	 2
dol	 2
_Se	 2
_napo	 2
yet	 2
ovraz	 2
_pero	 2
_izd	 2
Gol	 2
obn	 2
zi	 2
len	 2
_Sy	 2
piral	 2
elike	 2
eda_	 2
mno	 2
sovr	 2
ien	 2
e.	 2
k,	 2
zve	 2
Seve	 2
cyasa	 2
LIKI	 2
esnic	 2
_mili	 2
eved	 2
tvo	 2
vrat	 2
oli	 2
obe_	 2
ebn	 2
ija_	 2
pero_	 2
ati_	 2
_razk	 2
lan	 2
moge	 2
arob	 2
_Gold	 2
lezya	 2
etd	 2
na,_	 2
epote	 2
yi_	 2
yil_	 2
okl	 2
_nada	 2
ekova	 2
_O'B	 2
al._	 2
zav	 2
jah	 2
ELIKI	 2
nada	 2
liki	 2
verja	 2
sre	 2
l,	 2
_moc	 2
ma_	 2
riho	 2
etr	 2
adalj	 2
mer	 2
vil	 2
poli	 2
_B	 2
l._	 2
lijo	 2
olici	 2
ig	 2
M_	 2
kozi	 2
tem,	 2
syc	 2
cyji	 2
nicy_	 2
por	 2
zaprl	 2
jocy	 2
hko_	 2
dd	 2
nicyn	 2
avad	 2
amo	 2
_hlac	 2
VE	 2
yes	 2
rgla_	 2
_To	 2
cyne	 2
nec	 2
mriti	 2
na.	 2
oten	 2
_stra	 2
ah._	 2
iste	 2
tl	 2
drzya	 2
mem	 2
Gold	 2
azk	 2
nice,	 2
sel	 2
obraz	 2
_tud	 2
isti_	 2
_pog	 2
bila_	 2
cyaj	 2
kora	 2
ezyel	 2
ogn	 2
ahk	 2
hlac	 2
medt	 2
ane_	 2
spomr	 2
Bri	 2
_M	 2
odilo	 2
snic	 2
rm	 2
esy	 2
poten	 2
yneg	 2
lahk	 2
_sl	 2
obrn	 2
akor	 2
nost_	 2
ovra	 2
ov._	 2
yilo	 2
oloc	 2
kom	 2
val.	 2
etih_	 2
mil	 2
pod	 2
kot	 2
_Da	 2
blis	 2
yk	 2
pose	 2
_cent	 2
etin	 2
ikoga	 2
odnj	 2
_sov	 2
stem	 2
nava	 2
dnja	 2
ijon	 2
ajocy	 2
Iz	 2
yasa	 2
ab	 2
_par	 2
_vaj	 2
esyi	 2
_ven	 2
ucy	 2
nu,	 2
tele	 2
_zyen	 2
lno	 2
esyil	 2
ler	 2
arek	 2
mb	 2
cyac	 2
anj_	 2
ensk	 2
mri	 2
ocyi_	 2
tro	 2
krizy	 2
_ek	 2
valn	 2
_zno	 2
_C	 2
us	 2
iji	 2
vrgla	 2
iga_	 2
nilo	 2
vraz	 2
janj	 2
val_	 2
hodno	 2
enska	 2
prod	 2
lacy_	 2
zelo_	 2
_deja	 2
rizye	 2
azen_	 2
ljen	 2
esni	 2
na._	 2
icy_	 2
enost	 2
verj	 2
dste	 2
isa	 2
_tiln	 1
_zavr	 1
Oce	 1
_ti_	 1
rimer	 1
n.	 1
zljiv	 1
e)	 1
lz	 1
Emman	 1
eobra	 1
visi_	 1
sod	 1
prec	 1
apira	 1
yer_	 1
ikov;	 1
dvai	 1
enut	 1
sanj	 1
syiln	 1
af	 1
evaln	 1
nsye	 1
dda	 1
_vodn	 1
_razd	 1
sedan	 1
tov.	 1
_nad_	 1
arn	 1
mer._	 1
eza	 1
yitl	 1
zagna	 1
mimo	 1
roka,	 1
samlj	 1
tjo	 1
prim	 1
rov._	 1
_resn	 1
vede	 1
sveti	 1
eobr	 1
avlja	 1
insyt	 1
ogija	 1
kac	 1
ko.	 1
vrb	 1
prit	 1
jaka_	 1
OM	 1
kla	 1
ilni_	 1
_Spod	 1
yedno	 1
_hrbt	 1
yoln_	 1
navzg	 1
trstv	 1
dvo	 1
ivi_	 1
erem	 1
_najb	 1
azkri	 1
oze	 1
Cyut	 1
ima_	 1
polo	 1
yajno	 1
at,	 1
vora	 1
ikra	 1
zyelj	 1
dlomk	 1
traj_	 1
_rad_	 1
Emma	 1
etje_	 1
vala	 1
onj	 1
rtlet	 1
lablj	 1
ljiva	 1
ju,	 1
yiln	 1
dlin	 1
staza	 1
nik.	 1
bodec	 1
emno_	 1
cyek.	 1
izv	 1
_prav	 1
yalo_	 1
nju,_	 1
syne	 1
anjos	 1
stjo	 1
lkast	 1
vet_	 1
jh	 1
nifor	 1
_ulic	 1
omn	 1
sla	 1
ksta	 1
pel	 1
nju._	 1
ljene	 1
azg	 1
afr	 1
ejasn	 1
yivi	 1
rk	 1
zapom	 1
_onst	 1
gladk	 1
_izp	 1
jucy	 1
obi	 1
jse	 1
lec	 1
acyni	 1
cyite	 1
ovec_	 1
eks	 1
_komu	 1
ga.	 1
rat,_	 1
dj	 1
formn	 1
los	 1
_cyol	 1
_nec	 1
rik	 1
andir	 1
vb_	 1
rtl	 1
niso_	 1
izpus	 1
mrk	 1
ju._	 1
izog	 1
aok	 1
hrbtn	 1
janje	 1
and	 1
javlj	 1
as_	 1
ao	 1
mmanu	 1
_znan	 1
uno	 1
kako_	 1
_prec	 1
unov	 1
iletk	 1
ykami	 1
zyar	 1
amoz	 1
javl	 1
likim	 1
odsek	 1
ajami	 1
andi	 1
obne_	 1
zkaz	 1
)_	 1
OM_	 1
snik	 1
elna_	 1
liko	 1
seb	 1
fr	 1
_minu	 1
morj	 1
ila:	 1
i:	 1
_tam	 1
unil	 1
etnic	 1
terje	 1
_kupi	 1
anja_	 1
_jedi	 1
den_	 1
lici_	 1
_tril	 1
em.	 1
ikov	 1
nera	 1
muni	 1
saj	 1
_vklj	 1
bno_	 1
unek_	 1
_Vo	 1
_polj	 1
ranom	 1
telo	 1
ovo_	 1
tisti	 1
lnos	 1
_cyo	 1
bc	 1
megle	 1
gaj	 1
cyrn	 1
sunil	 1
ento	 1
ezajt	 1
rdil	 1
radi_	 1
bmoc	 1
prto_	 1
_nanj	 1
obdr	 1
ladn	 1
sabot	 1
Mise	 1
vis	 1
mesy	 1
ja.	 1
kazov	 1
omk	 1
asyek	 1
_R	 1
_A_	 1
lep	 1
lkas	 1
eveto	 1
irju_	 1
remi	 1
bel	 1
razg	 1
kci	 1
dvor	 1
nsyti	 1
tijs	 1
_ured	 1
ibi_	 1
irati	 1
yu	 1
_san	 1
cyja	 1
_kac	 1
etje	 1
pis	 1
Celo_	 1
rda_	 1
azya	 1
plat	 1
edel_	 1
delan	 1
tru._	 1
cyedn	 1
yestd	 1
helik	 1
ilet	 1
yite	 1
ahno_	 1
rja.	 1
trah	 1
_obl	 1
ponav	 1
ahu_	 1
tam_	 1
priz	 1
izo	 1
zac	 1
_(Wi	 1
ycya	 1
praz	 1
arov	 1
_drse	 1
nova_	 1
_ribi	 1
entac	 1
ednji	 1
m._	 1
ko,_	 1
mend	 1
_zrak	 1
_pom	 1
gor	 1
inut	 1
abot	 1
male	 1
y.	 1
dukc	 1
epimi	 1
izad	 1
_vis	 1
_DOL	 1
onocy	 1
lahn	 1
irja.	 1
T_	 1
rda	 1
vrat_	 1
_Re	 1
cyja_	 1
brez	 1
siv	 1
ajt	 1
eglen	 1
labl	 1
jost,	 1
_pod	 1
unaj_	 1
orj	 1
zasve	 1
ddaj	 1
_Nen	 1
rdi	 1
erjev	 1
yarje	 1
yol	 1
rekor	 1
nebo	 1
zbad	 1
studn	 1
e!	 1
ajb	 1
_loku	 1
socy	 1
ben	 1
ja,_	 1
icyna	 1
Krcy	 1
ak.	 1
anjah	 1
yte	 1
azdej	 1
nat	 1
nif	 1
vaja	 1
notra	 1
epa	 1
yeva	 1
_klj	 1
Ocea	 1
_gi	 1
surov	 1
aznin	 1
odlom	 1
tresa	 1
ih.	 1
sivka	 1
zadja	 1
jim_	 1
kami:	 1
_Emm	 1
pter,	 1
bad	 1
ka,_	 1
etni	 1
dinja	 1
ajset	 1
eno_	 1
_bom	 1
_zapi	 1
ifo	 1
pisal	 1
kavo	 1
ranu	 1
jivim	 1
tride	 1
yali,	 1
_odse	 1
zgor	 1
rzel_	 1
ant,_	 1
jte	 1
_brez	 1
uredi	 1
ytevi	 1
_obmo	 1
ev,_	 1
yetni	 1
dala	 1
noma_	 1
ek,	 1
y:_	 1
vezek	 1
esun	 1
pih_	 1
_cel	 1
resu	 1
smer	 1
rcyi	 1
megl	 1
blek	 1
ujet	 1
lane_	 1
_var	 1
_ost	 1
isnil	 1
znane	 1
onoc	 1
utre	 1
esal_	 1
agn	 1
bd	 1
ntru.	 1
dobr	 1
enke_	 1
ila:_	 1
rov.	 1
dk	 1
prime	 1
anas	 1
plan	 1
zam	 1
ejale	 1
anec	 1
dev	 1
_sanj	 1
razyn	 1
menj	 1
lonje	 1
brazy	 1
avtom	 1
tind	 1
ien.	 1
_(Win	 1
seda	 1
rani_	 1
vtisa	 1
_Deve	 1
astem	 1
Em	 1
osrec	 1
trenu	 1
_izpu	 1
vai	 1
_uni	 1
pobl	 1
_af	 1
kimi,	 1
nda_	 1
_pipe	 1
_zacy	 1
mvecy	 1
isy	 1
yer	 1
stik	 1
etind	 1
yins	 1
_lepi	 1
gij	 1
vljal	 1
krana	 1
lz._	 1
gal_	 1
osyne	 1
kraji	 1
niji.	 1
dan,_	 1
bcyin	 1
osyn	 1
vecye	 1
visi	 1
ciji	 1
Vel	 1
ument	 1
_ekr	 1
IKIM_	 1
jno_	 1
ime	 1
ranje	 1
stel	 1
_doda	 1
omni	 1
ozl	 1
anij	 1
pras	 1
_vik_	 1
stal_	 1
lepi	 1
_Nap	 1
celo	 1
vzgor	 1
besed	 1
pobij	 1
lod	 1
agnal	 1
kleni	 1
usy	 1
lane	 1
evanj	 1
ynim_	 1
resa	 1
_mej	 1
uel	 1
_vz	 1
rog	 1
nt,_	 1
odu	 1
etrtl	 1
pogo	 1
_Ko	 1
oja_	 1
LIKI_	 1
ul_	 1
voja	 1
arje	 1
atni	 1
yepa	 1
a;_	 1
deva	 1
reo	 1
kaste	 1
otn	 1
rajo_	 1
meji_	 1
enk	 1
_In_	 1
nej	 1
_zd	 1
nal_	 1
_nasp	 1
pobli	 1
ajbo	 1
yelj	 1
_cyet	 1
yistk	 1
ovaln	 1
njah	 1
tru_	 1
bij	 1
Ko	 1
din	 1
jo?_	 1
otni	 1
ranu_	 1
knit	 1
ere	 1
_zac	 1
rib	 1
noc	 1
_leta	 1
DOL_	 1
_tren	 1
_izda	 1
dve	 1
_sluc	 1
dnji	 1
mvec	 1
ojih_	 1
povzr	 1
oblis	 1
_Svet	 1
orana	 1
obij	 1
ntac	 1
dreti	 1
tjo?	 1
zrak	 1
mesyi	 1
gijah	 1
kran_	 1
elan	 1
_izh	 1
redn	 1
_Dev	 1
zek,	 1
lica_	 1
veze	 1
zacye	 1
neob	 1
veti	 1
nske	 1
cyetr	 1
raska	 1
zapi	 1
sakeg	 1
nad_	 1
enke	 1
likeg	 1
koder	 1
tov	 1
_prim	 1
astir	 1
roki	 1
njeva	 1
edi,	 1
pot_	 1
jev,_	 1
izte	 1
_zapl	 1
zdaja	 1
_mal	 1
rdil_	 1
rezy	 1
ceani	 1
en.	 1
_obm	 1
oran	 1
mrki	 1
sno	 1
_izo	 1
fri	 1
Syte	 1
esezy	 1
yelja	 1
moto,	 1
tonov	 1
er.	 1
bes	 1
srecy	 1
san	 1
ocyja	 1
panju	 1
ezu	 1
espl	 1
vog	 1
_nak	 1
synj	 1
kopt	 1
di,_	 1
uro	 1
aj,	 1
ebogl	 1
lecy_	 1
_a_	 1
inkal	 1
ojav	 1
inske	 1
avc	 1
ke!_	 1
ozyi	 1
_vod	 1
do_	 1
jav	 1
klic	 1
otak	 1
ana.	 1
_gin	 1
ako,_	 1
eji	 1
yice)	 1
_A	 1
dlo	 1
emoc	 1
_Odd	 1
ede_	 1
ami:	 1
sred	 1
_ok	 1
Te	 1
rata,	 1
dvaj	 1
orov	 1
_zve	 1
vzel	 1
zgor_	 1
rednj	 1
zz	 1
_reek	 1
lonj	 1
ukc	 1
Tel	 1
jevan	 1
ani_	 1
de_	 1
jasni	 1
_neop	 1
tiso	 1
oka,	 1
belka	 1
vka	 1
apomn	 1
KI_	 1
TOM_	 1
zaved	 1
vec_	 1
_plat	 1
Z_	 1
imer	 1
nuela	 1
zyele	 1
_vtis	 1
meru	 1
_bra	 1
enju_	 1
rok_	 1
ujeti	 1
ivim	 1
razzy	 1
Ce	 1
soc	 1
Sv	 1
akega	 1
dnje_	 1
mal	 1
vota_	 1
topet	 1
sedl	 1
mve	 1
vir	 1
tljiv	 1
trm	 1
yrnil	 1
util	 1
_ovi	 1
jbol	 1
ljale	 1
lovan	 1
junu	 1
zadr	 1
_Os	 1
rizad	 1
_part	 1
yniko	 1
ajhni	 1
Sm	 1
vorov	 1
Dev	 1
_odve	 1
Mis	 1
_dalj	 1
ravil	 1
aradi	 1
epa_	 1
Ostu	 1
enutk	 1
vetru	 1
lisni	 1
rcy	 1
past	 1
Sye	 1
_odlo	 1
mki	 1
aci	 1
_tuj	 1
nato	 1
ega,	 1
ric	 1
brat	 1
zadev	 1
tenah	 1
jami	 1
kod	 1
hem.	 1
ucye	 1
yino	 1
_Cel	 1
toma	 1
ocyni	 1
Zy	 1
_zapo	 1
ovala	 1
lna_	 1
inas	 1
nejas	 1
vetr	 1
acye	 1
_maj	 1
dalec	 1
jset_	 1
vzro	 1
etil	 1
rbove	 1
edanj	 1
_cyrn	 1
insk	 1
v;_	 1
vati_	 1
inja_	 1
ntaci	 1
vide	 1
_nei	 1
aza_	 1
olj_	 1
yep	 1
suhem	 1
_mord	 1
ena.	 1
_kacy	 1
ek,_	 1
ine	 1
vilk	 1
esar_	 1
azyi	 1
h,_	 1
ndvaj	 1
_suh	 1
yek._	 1
ebo	 1
ATOM_	 1
odala	 1
ua	 1
nicir	 1
_Cyut	 1
unifo	 1
zadrl	 1
_zyep	 1
skih	 1
pomni	 1
Pe	 1
isku_	 1
nuta	 1
mi.	 1
_he	 1
end	 1
arstv	 1
g._	 1
_Zye_	 1
kc	 1
lnil	 1
jed	 1
dp	 1
rbt	 1
emogo	 1
ev_	 1
Tom_	 1
arad	 1
oglje	 1
mrze	 1
esede	 1
_bese	 1
dno,	 1
esez	 1
jset	 1
_pot_	 1
bov	 1
Smr	 1
OL_	 1
nasya	 1
zagn	 1
esar	 1
ze_	 1
edlin	 1
ajno_	 1
navz	 1
_oza	 1
znov	 1
_sam	 1
egov_	 1
azkaz	 1
cyer	 1
kimi	 1
kdo	 1
zarj	 1
plav	 1
mi:	 1
videt	 1
obli	 1
izve	 1
_nan	 1
rla_	 1
jal,_	 1
ter,	 1
_ima_	 1
troki	 1
svoja	 1
odve	 1
_pod_	 1
_Zde	 1
naokr	 1
_neja	 1
stud	 1
dor_	 1
_leti	 1
ntru	 1
_rib	 1
dobra	 1
zyivi	 1
elane	 1
obnih	 1
syek	 1
Zaved	 1
fan	 1
syala	 1
sku	 1
_zba	 1
zrocy	 1
zual	 1
kno	 1
hno_	 1
bra_	 1
ains	 1
dke	 1
pogna	 1
_kdor	 1
napor	 1
las_	 1
dala_	 1
ih._	 1
boglj	 1
_celo	 1
nade	 1
ove	 1
_dod	 1
IKIM	 1
dor	 1
bleko	 1
stona	 1
azz	 1
alno_	 1
ajs	 1
_ku	 1
tni_	 1
pus	 1
ozyil	 1
deval	 1
span	 1
ant,	 1
KIM	 1
deti	 1
_obd	 1
gram	 1
amoza	 1
yo	 1
ipa	 1
rme	 1
mni	 1
ice)_	 1
boter	 1
gle	 1
ata,	 1
sezy	 1
badaj	 1
nei	 1
unici	 1
udna	 1
vid	 1
pod_	 1
aval	 1
?_	 1
osa	 1
prese	 1
rana,	 1
_bel	 1
ripad	 1
mno_	 1
Ost	 1
rajo	 1
_ure	 1
dkem_	 1
_Sve	 1
cyili	 1
_kd	 1
vci,_	 1
ezy_	 1
tujih	 1
jt	 1
iktak	 1
_un	 1
min	 1
_opom	 1
ycyaj	 1
mlje	 1
yitlj	 1
pomot	 1
gnala	 1
bljal	 1
einu,	 1
reke	 1
jega	 1
_Sm	 1
tudn	 1
oma_	 1
De	 1
if	 1
blisn	 1
cel	 1
stir_	 1
ike_	 1
umlj	 1
re_	 1
sya	 1
_utr	 1
ner	 1
_nakl	 1
orov,	 1
ja._	 1
vars	 1
ekla	 1
anil_	 1
vto	 1
nicye	 1
tema	 1
enah_	 1
omati	 1
_opo	 1
rati	 1
(W	 1
oto	 1
nutah	 1
pogn	 1
aste	 1
emi	 1
izde	 1
rc	 1
_ter	 1
notr	 1
vracy	 1
oda._	 1
entru	 1
aki	 1
lok	 1
strs	 1
_brat	 1
cijo	 1
edijo	 1
eopaz	 1
sledi	 1
vohun	 1
vtom	 1
lnik,	 1
erazu	 1
no,	 1
enj	 1
_go	 1
nob	 1
_vik	 1
razgl	 1
_DO	 1
tom	 1
alo	 1
peli_	 1
gin	 1
tins	 1
prazn	 1
reobr	 1
ombe_	 1
_sred	 1
razya	 1
rtle	 1
nke	 1
zpr	 1
zara	 1
apla	 1
BRAT_	 1
emati	 1
tac	 1
eizpr	 1
yek.	 1
z.	 1
mrde	 1
ram	 1
sol	 1
otakn	 1
rezy_	 1
deti_	 1
_ov	 1
razen	 1
_Kot	 1
mbe	 1
ualno	 1
eksta	 1
kandi	 1
drl	 1
_gov	 1
nu.	 1
ombe	 1
_smes	 1
noma	 1
_pobl	 1
azyno	 1
RATO	 1
strst	 1
ostjo	 1
oloz	 1
_vars	 1
rdel_	 1
elja	 1
Zav	 1
opt	 1
adelo	 1
kst	 1
komu	 1
jekl	 1
_Podo	 1
zroc	 1
_vzel	 1
stikr	 1
mej	 1
eneg	 1
dsek_	 1
_sto	 1
ktaka	 1
adrl	 1
Podo	 1
_Odde	 1
jah,	 1
Resni	 1
nici	 1
treti	 1
skak	 1
blodn	 1
stop	 1
isto_	 1
avt	 1
ost:	 1
gov_	 1
_prit	 1
isal	 1
eop	 1
Pod	 1
vodnj	 1
stj	 1
inje	 1
tvar_	 1
_Smr	 1
einu	 1
kin	 1
lku_	 1
ebno.	 1
ana,_	 1
_modr	 1
ezyev	 1
_niso	 1
In	 1
vat	 1
akni	 1
ekle	 1
_Kr	 1
bogl	 1
jaka	 1
tlji	 1
part	 1
fa	 1
suro	 1
pter	 1
logij	 1
gal	 1
zave	 1
njost	 1
ai	 1
_osam	 1
kacy	 1
utr	 1
rosn	 1
nstra	 1
vecy_	 1
eek	 1
etn	 1
razni	 1
selo	 1
_dan,	 1
opet	 1
Mini	 1
dota	 1
kljun	 1
pusyc	 1
_ist	 1
der_	 1
e)_	 1
vklj	 1
polne	 1
_zna	 1
ecyji	 1
_dec	 1
slu	 1
ynj	 1
mnil	 1
tvo_	 1
stjo?	 1
esa_	 1
jekle	 1
istik	 1
cyen	 1
lanil	 1
bcy	 1
zyih_	 1
lovad	 1
nara	 1
_zagn	 1
groze	 1
traj	 1
_cyed	 1
osk	 1
pomo	 1
zyena	 1
avil	 1
_locy	 1
ve._	 1
_To_	 1
Syt	 1
pipe	 1
gramo	 1
omnil	 1
tal	 1
ovane	 1
zkazo	 1
oder	 1
tudna	 1
razz	 1
am_	 1
razu	 1
ipe,	 1
aska	 1
razn	 1
ognit	 1
etj	 1
vic	 1
_dvor	 1
a:_	 1
yna	 1
trtle	 1
lino_	 1
trs	 1
_ri	 1
rilet	 1
asyn	 1
taka	 1
rimi,	 1
Gr	 1
nak	 1
rmen	 1
cyajo	 1
odp	 1
prej	 1
ja,	 1
ahu	 1
ogl	 1
veto	 1
pojav	 1
_,_	 1
pripa	 1
redit	 1
ami,	 1
ons	 1
pros	 1
nik,_	 1
vsaj	 1
ykam	 1
irni_	 1
_Veli	 1
_drs	 1
akal	 1
tindv	 1
bog	 1
mis	 1
roke	 1
ink	 1
afri	 1
ost:_	 1
zkrin	 1
_f	 1
_ocya	 1
irn	 1
rocyi	 1
izra	 1
g.	 1
dnjih	 1
sebno	 1
_an	 1
nkal	 1
hi	 1
zu_	 1
nostj	 1
yoln	 1
lka_	 1
odvec	 1
resn	 1
ez_	 1
izdaj	 1
inis	 1
ATOM	 1
rnil	 1
erem_	 1
idinj	 1
_Syte	 1
syest	 1
kat	 1
vik_	 1
lat	 1
lna	 1
rese	 1
resa_	 1
hit	 1
isyi	 1
presu	 1
oses	 1
_izr	 1
stonu	 1
_avto	 1
ovec	 1
_je:_	 1
_zyic	 1
tne	 1
jpre	 1
roki_	 1
spanj	 1
uh	 1
_napr	 1
prla	 1
njos	 1
aka_	 1
_dan	 1
mest	 1
ema	 1
roduk	 1
aden_	 1
_Po_	 1
_Pe	 1
cyal_	 1
ranj	 1
etins	 1
_Syel	 1
udn	 1
da.	 1
dstr	 1
zapl	 1
_visi	 1
adeva	 1
samo	 1
arjen	 1
blj	 1
nik,	 1
rat_	 1
ikega	 1
platn	 1
ekor	 1
Ve	 1
omoto	 1
dobn	 1
evi	 1
osre	 1
asl	 1
arov.	 1
_trid	 1
sune	 1
mrd	 1
padn	 1
_jekl	 1
modr	 1
ekora	 1
bombe	 1
enda_	 1
ozor_	 1
sis	 1
_izog	 1
ata,_	 1
_Tudi	 1
ise	 1
_mis	 1
ahn	 1
eln	 1
itrim	 1
izt	 1
cyna	 1
yedn	 1
lji_	 1
IM	 1
losyn	 1
bolj	 1
adnos	 1
zy_	 1
ozy	 1
_vses	 1
edij	 1
ogij	 1
yidin	 1
_prin	 1
Veli	 1
cyek	 1
vor_	 1
ezek	 1
dnu_	 1
poj	 1
rozo	 1
tim	 1
obdrz	 1
oterj	 1
sodel	 1
uji	 1
zpu	 1
sa.	 1
ik._	 1
hnim_	 1
omki_	 1
kate	 1
_poka	 1
ablja	 1
lomki	 1
esplo	 1
eklic	 1
zbada	 1
nalah	 1
Tom	 1
edel,	 1
I_	 1
unk	 1
rime	 1
bote	 1
rjev,	 1
ledi	 1
adnj	 1
stega	 1
kom_	 1
tko	 1
cyno.	 1
ured	 1
ana,	 1
eru	 1
plac	 1
odukc	 1
adajo	 1
akl	 1
elka	 1
tvom	 1
arju	 1
let_	 1
sab	 1
acyji	 1
drla_	 1
ikop	 1
placy	 1
orac	 1
isoc	 1
rov,	 1
iseln	 1
zlji	 1
_,	 1
st:	 1
_rezy	 1
apis	 1
_rek	 1
zdej	 1
asve	 1
eekla	 1
jali,	 1
ulici	 1
Ja,	 1
_nao	 1
Grupa	 1
anil	 1
iva_	 1
kel_	 1
tru.	 1
yid	 1
mokr	 1
ko,	 1
ikr	 1
nasp	 1
enu	 1
_njen	 1
el,	 1
zajte	 1
sve	 1
kla.	 1
tjo?_	 1
dinj	 1
mok	 1
yetn	 1
resun	 1
onst	 1
lno_	 1
Zye	 1
yna_	 1
ogaj	 1
rbo	 1
Zde	 1
trahu	 1
polj	 1
akov	 1
_kl	 1
alo_	 1
danj	 1
vedel	 1
yke_	 1
acyj	 1
_zra	 1
ka,	 1
eki	 1
ecyil	 1
minu	 1
ntol	 1
_Ce	 1
mma	 1
_zave	 1
_drob	 1
telov	 1
yja_	 1
_znot	 1
ocyi.	 1
ril	 1
opaz	 1
pu	 1
doda	 1
kranu	 1
zdeja	 1
edl	 1
osy	 1
nuel	 1
jas	 1
ata_	 1
adnje	 1
apor	 1
_hr	 1
z._	 1
voro	 1
omb_	 1
_kv	 1
nsyes	 1
znin	 1
estd	 1
gnit	 1
ain	 1
raji	 1
nemu	 1
akih_	 1
rdecy	 1
stir	 1
aji	 1
skavo	 1
uti	 1
_Dan	 1
_temv	 1
odret	 1
prodr	 1
ami,_	 1
paze	 1
_vrbo	 1
iji.	 1
zrak.	 1
ocyne	 1
odel	 1
stres	 1
et!_	 1
_pok	 1
ozad	 1
pte	 1
dre_	 1
ktak	 1
Obcy	 1
oke	 1
egl	 1
_nato	 1
_Zave	 1
odstr	 1
takni	 1
ogaja	 1
glen	 1
syal	 1
jetih	 1
las	 1
dlom	 1
ov,	 1
rink	 1
obne	 1
varn	 1
_ozad	 1
istrs	 1
latni	 1
dezyi	 1
rave_	 1
jul_	 1
pov	 1
_Vel	 1
ke!	 1
cyes	 1
odal	 1
aknit	 1
AT_	 1
ramoz	 1
zyarj	 1
_mest	 1
kvota	 1
dtem_	 1
zapir	 1
rodr	 1
oku_	 1
isa._	 1
ecyj	 1
ajhn	 1
ajh	 1
blod	 1
ni,_	 1
huni,	 1
_zadn	 1
ine_	 1
emika	 1
jive_	 1
reten	 1
_kvot	 1
esu	 1
ijal	 1
yev_	 1
mocyj	 1
std	 1
ritrd	 1
_bode	 1
Svet_	 1
renut	 1
gra	 1
rova	 1
_pot	 1
onovo	 1
og._	 1
_van	 1
ljun	 1
rinka	 1
ovoro	 1
umen	 1
enad	 1
narav	 1
onava	 1
locyi	 1
jbolj	 1
_pov	 1
solz	 1
njimi	 1
ite_	 1
udna_	 1
bne	 1
izr	 1
eklen	 1
zadnj	 1
njo	 1
emv	 1
anuel	 1
mb_	 1
form	 1
adaj	 1
kum	 1
Na_	 1
kro.	 1
meji	 1
poda	 1
odo	 1
ogi	 1
tikr	 1
oracy	 1
stelj	 1
zavr	 1
drob	 1
_Mise	 1
kovan	 1
etk	 1
kla._	 1
rdec	 1
acijo	 1
zyn	 1
_ter_	 1
nkom	 1
ztez	 1
man	 1
prla.	 1
jte_	 1
tenk	 1
mer.	 1
Ostud	 1
uli	 1
_dvo	 1
opel	 1
ji.	 1
ba	 1
zpus	 1
_neb	 1
yene_	 1
drla	 1
ovadn	 1
ciji,	 1
_posk	 1
_vb_	 1
usyc	 1
Misel	 1
vir_	 1
krink	 1
aprt	 1
glab	 1
Spoda	 1
ndir	 1
etko.	 1
snih	 1
njih_	 1
avi_	 1
zum	 1
eta	 1
orja	 1
trmen	 1
yke	 1
jeti	 1
vimi	 1
(Wi	 1
ljal,	 1
abo	 1
ag	 1
sycye	 1
ajno	 1
odlo	 1
_mrz	 1
yetrt	 1
_ima	 1
an,	 1
nist	 1
ebno_	 1
kam	 1
stk	 1
pih	 1
veto_	 1
grozo	 1
ea	 1
rupa_	 1
pazen	 1
kdor	 1
rcyit	 1
rdel	 1
mokro	 1
nah_	 1
zda	 1
_preb	 1
_dn	 1
h,	 1
o?_	 1
_dela	 1
bili	 1
razum	 1
dvecy	 1
olja	 1
unif	 1
slad	 1
avto	 1
bdrzy	 1
ljivi	 1
azye_	 1
eblis	 1
hrb	 1
icyal	 1
Vohun	 1
_is	 1
zh	 1
rot	 1
splos	 1
cyke_	 1
skih_	 1
_Ob	 1
_mrze	 1
amlje	 1
vtis	 1
uhem.	 1
izu	 1
t:_	 1
sled	 1
_past	 1
_mes	 1
Danas	 1
trim	 1
etru	 1
izpu	 1
eto	 1
dlino	 1
lica	 1
ve.	 1
btne_	 1
ena._	 1
ari_	 1
eizp	 1
_taki	 1
(Win	 1
trebn	 1
cyeva	 1
OL	 1
dnimi	 1
_Obcy	 1
_Tom	 1
inuta	 1
alje.	 1
seln	 1
_vti	 1
sy._	 1
_nep	 1
cyila	 1
_tam_	 1
mrzel	 1
pad	 1
yene	 1
zadn	 1
acyil	 1
Cy	 1
je.	 1
bili_	 1
pono	 1
ikih_	 1
_roke	 1
sle	 1
_sten	 1
_mir	 1
naj,_	 1
ndi	 1
vedal	 1
siste	 1
ostal	 1
imo.	 1
apl	 1
ycyev	 1
cyna_	 1
vali	 1
opte	 1
odobn	 1
cyke	 1
odpi	 1
cyajn	 1
urov	 1
nemog	 1
zka	 1
ovor_	 1
pasti	 1
njeno	 1
vzroc	 1
terem	 1
ajp	 1
Syele	 1
bada	 1
prete	 1
rebli	 1
azyal	 1
ars	 1
adni	 1
avede	 1
yal_	 1
er,	 1
urova	 1
_zam	 1
nskem	 1
upih_	 1
leta_	 1
obmoc	 1
preko	 1
la:_	 1
azd	 1
ci,	 1
emno	 1
kd	 1
mir	 1
moz	 1
tam	 1
vala_	 1
tlet	 1
_skan	 1
alahn	 1
_sabo	 1
Vohu	 1
vrbo	 1
jn	 1
evil	 1
odre_	 1
nocy	 1
vzel_	 1
Oddel	 1
ezu_	 1
var_	 1
ov;	 1
alnik	 1
kast_	 1
atere	 1
ricya	 1
enju	 1
jsk	 1
etil_	 1
omuni	 1
neiz	 1
ast_	 1
adno_	 1
kvo	 1
ecyne	 1
tomat	 1
syek_	 1
_Tud	 1
uml	 1
nanj	 1
zven	 1
blisk	 1
taki	 1
ijah.	 1
ment	 1
_doga	 1
_stop	 1
temat	 1
huno	 1
vanec	 1
inka	 1
ind	 1
ske	 1
Tu	 1
doku	 1
teg	 1
jah.	 1
emn	 1
ni,	 1
sesal	 1
rov,_	 1
inist	 1
_In	 1
tez	 1
izogn	 1
_izt	 1
ato_	 1
Zdelo	 1
odv	 1
emve	 1
upih	 1
_zv	 1
strme	 1
obmo	 1
nstr	 1
irat	 1
apoln	 1
rien.	 1
robn	 1
rej	 1
neop	 1
rl_	 1
dan,	 1
yepa_	 1
nine	 1
cyi._	 1
_dobr	 1
rzel	 1
irju	 1
heli	 1
_Sv	 1
Kot	 1
dstra	 1
zyepa	 1
ost,	 1
lne_	 1
syic	 1
_Grup	 1
vecyj	 1
ako_	 1
_post	 1
anto	 1
zek,_	 1
vb	 1
cyetn	 1
olne_	 1
_razz	 1
prot	 1
aporo	 1
napr	 1
unil_	 1
_DOL_	 1
rat,	 1
voga	 1
stem_	 1
_vet	 1
sezye	 1
rak	 1
di,	 1
tijsk	 1
mman	 1
_Pero	 1
lucya	 1
trimi	 1
eina,	 1
ovanj	 1
avz	 1
lozy	 1
oduk	 1
rupa	 1
okno.	 1
azni	 1
_eks	 1
ah,_	 1
elavc	 1
novi	 1
cyer_	 1
trst	 1
elkas	 1
ozo.	 1
poska	 1
indv	 1
use	 1
aniji	 1
stope	 1
_Oc	 1
hno	 1
Pero	 1
akem	 1
dna_	 1
_drzy	 1
_zb	 1
_vkl	 1
neopa	 1
neb	 1
zarju	 1
ekaj_	 1
rotni	 1
sunko	 1
protn	 1
cyi.	 1
amo.	 1
eobvl	 1
vice_	 1
_use	 1
vains	 1
omot	 1
pan	 1
_rask	 1
dijo	 1
Gla	 1
tono	 1
teina	 1
dkem	 1
mi._	 1
nu._	 1
sez	 1
_vrb	 1
rieno	 1
ks	 1
icye	 1
zor	 1
precy	 1
imi._	 1
dira	 1
nin	 1
zraz	 1
_Sye	 1
ina,	 1
loku_	 1
egle	 1
ozadj	 1
tere	 1
bese	 1
rla.	 1
rup	 1
ijs	 1
rmenj	 1
Napi	 1
isni	 1
opeli	 1
alah	 1
kinj	 1
_samo	 1
zavra	 1
_(W	 1
zova	 1
une	 1
vrac	 1
gni	 1
alec	 1
kim	 1
y:	 1
vze	 1
cira	 1
_ur	 1
oraj	 1
_Gr	 1
okaz	 1
jimi_	 1
jali	 1
Cel	 1
_sune	 1
_ree	 1
lku	 1
_Obc	 1
ovic	 1
ele_	 1
_blo	 1
inu,	 1
emocy	 1
_poj	 1
emvec	 1
rave	 1
edelo	 1
jul	 1
Ja,_	 1
letk	 1
ogov	 1
nasyn	 1
n,_	 1
vetil	 1
cynik	 1
tenke	 1
asyal	 1
zyev_	 1
varst	 1
gnal_	 1
ohuno	 1
zven_	 1
_Ve	 1
voja_	 1
sivk	 1
olog	 1
je:_	 1
kala	 1
iji,	 1
kno.	 1
vlj	 1
odecy	 1
duk	 1
rasye	 1
sta,_	 1
zyep	 1
pe,_	 1
amo._	 1
otni_	 1
ormno	 1
kstaz	 1
ytev	 1
vse_	 1
Zd	 1
pozor	 1
leno_	 1
_Ne	 1
mun	 1
ukcij	 1
set!_	 1
zvez	 1
emik	 1
ynem	 1
racya	 1
dlji	 1
bno._	 1
_bod	 1
iso_	 1
_Emma	 1
centr	 1
mljen	 1
_afr	 1
rja,_	 1
rati_	 1
azgla	 1
ov;_	 1
yasn	 1
riza	 1
asya	 1
_Per	 1
del,_	 1
inja	 1
_pogo	 1
dli	 1
bdr	 1
niji	 1
dpi	 1
huni	 1
okazy	 1
_obdr	 1
ju.	 1
temn	 1
al,_	 1
ebl	 1
DO	 1
at,_	 1
el,_	 1
_zade	 1
trdil	 1
_Dana	 1
alni	 1
_anto	 1
Tele	 1
yilni	 1
kni	 1
_siv	 1
onav	 1
ima	 1
tisoc	 1
_oz	 1
arst	 1
top	 1
etrt	 1
yasni	 1
osebn	 1
zapla	 1
ah_	 1
odob	 1
_vajo	 1
ro._	 1
aprav	 1
isi_	 1
ik,	 1
opomb	 1
nij	 1
ok_	 1
_uje	 1
nato_	 1
rtijs	 1
_hel	 1
obd	 1
_vid	 1
dtem,	 1
peli	 1
hunov	 1
bnih	 1
er,_	 1
frik	 1
loz	 1
tlj	 1
i:_	 1
_uli	 1
eli_	 1
nt,	 1
yele_	 1
_temn	 1
_majh	 1
rla._	 1
utah.	 1
_voga	 1
_ut	 1
prej_	 1
Nena	 1
jeni_	 1
leno	 1
_lok	 1
cyins	 1
sa_	 1
onstr	 1
azkr	 1
selo_	 1
esed	 1
aprla	 1
pomb	 1
aval_	 1
dajo	 1
_cyr	 1
ivka	 1
vodn	 1
DOL	 1
jet	 1
ra_	 1
stema	 1
rog.	 1
dil_	 1
adl	 1
_pozo	 1
sebn	 1
nep	 1
lahno	 1
ricy	 1
_seda	 1
_Gla	 1
anju.	 1
_belk	 1
zaj	 1
opo	 1
okno	 1
rova_	 1
yeval	 1
_Ostu	 1
ekla.	 1
znot	 1
vkl	 1
rmno	 1
umlji	 1
sar	 1
panj	 1
ikt	 1
tah.	 1
asla	 1
avr	 1
munic	 1
era	 1
delov	 1
azn	 1
valno	 1
vzgo	 1
razde	 1
cento	 1
plani	 1
dit	 1
nanj_	 1
To_	 1
_peti	 1
rnilo	 1
nebog	 1
ribi_	 1
rto_	 1
synem	 1
yice,	 1
icy:_	 1
bil_	 1
avci	 1
r,	 1
ano	 1
laval	 1
evan	 1
ablj	 1
voh	 1
Glas	 1
socye	 1
_vse_	 1
cyoln	 1
azova	 1
_fa	 1
_gl	 1
odl	 1
robne	 1
zyic	 1
nicy:	 1
zag	 1
inasy	 1
ici_	 1
_Em	 1
jos	 1
bijal	 1
Po_	 1
adnim	 1
dret	 1
ji._	 1
vti	 1
Kot_	 1
_Cyu	 1
eekl	 1
nda	 1
yih	 1
krin	 1
iva	 1
vlja	 1
kric	 1
vohu	 1
neobv	 1
ajpr	 1
opa	 1
avzgo	 1
ipad	 1
_Cy	 1
_suro	 1
mki_	 1
esta	 1
nue	 1
Da,	 1
hr	 1
prem	 1
_rdec	 1
poz	 1
slucy	 1
yisto	 1
treb	 1
azgl	 1
yutil	 1
evet	 1
_bes	 1
vecyi	 1
_vaja	 1
kli	 1
rebn	 1
aprto	 1
elezu	 1
mm	 1
_sle	 1
diti_	 1
zyidi	 1
utk	 1
nsyt	 1
Minis	 1
zogni	 1
_dnu	 1
_dog	 1
manu	 1
dal_	 1
masy	 1
ekaj	 1
nom,_	 1
losy	 1
onu	 1
inu,_	 1
najbo	 1
_plan	 1
osam	 1
_meji	 1
vci	 1
teinu	 1
uhe	 1
_povz	 1
eani	 1
kv	 1
Cyuti	 1
napra	 1
zua	 1
kazo	 1
ladke	 1
jimi.	 1
preki	 1
j,_	 1
emog	 1
_neiz	 1
obm	 1
yed	 1
selna	 1
_Voh	 1
zumlj	 1
yr	 1
ju,_	 1
BRATO	 1
_Zd	 1
Od	 1
idi	 1
yek_	 1
_prip	 1
_ras	 1
tih._	 1
azo	 1
_odv	 1
lnilo	 1
orda_	 1
_Na_	 1
bm	 1
ci_	 1
_op	 1
kan	 1
_Zy	 1
_hitr	 1
_til	 1
isel	 1
acyal	 1
tinsy	 1
opter	 1
rse	 1
ideti	 1
ik,_	 1
ato	 1
zpusy	 1
Spo	 1
_strm	 1
_rad	 1
rosno	 1
idet	 1
mod	 1
takal	 1
ilnik	 1
_por	 1
_zyid	 1
ikim	 1
_preo	 1
eze	 1
poka	 1
uni,_	 1
inu.	 1
koraj	 1
sprot	 1
zo._	 1
iztez	 1
_sode	 1
okrog	 1
asv	 1
ovir_	 1
_zde	 1
zuml	 1
cea	 1
ivimi	 1
lezu_	 1
_uj	 1
brata	 1
trid	 1
trdi	 1
_mirn	 1
ozlj	 1
eval_	 1
ive.	 1
omu	 1
zglab	 1
unkom	 1
novic	 1
an,_	 1
prl_	 1
vile_	 1
raze	 1
cya_	 1
util_	 1
isi	 1
_Ja,_	 1
vsesp	 1
og.	 1
leni	 1
ijski	 1
_us	 1
rto	 1
bom	 1
roze	 1
rja._	 1
vsak_	 1
snik_	 1
gljen	 1
Obcyi	 1
tuji	 1
utki	 1
_spr	 1
dij	 1
usycy	 1
_Z_	 1
_kric	 1
rina	 1
_Ocea	 1
staz	 1
ienov	 1
njah,	 1
odec	 1
estde	 1
_Mis	 1
mlji	 1
ameg	 1
pusy	 1
razkr	 1
splo	 1
oder_	 1
dog	 1
bod	 1
letih	 1
st,_	 1
onu,_	 1
evilk	 1
post	 1
_Zdel	 1
kacyj	 1
otreb	 1
ko._	 1
_dale	 1
ika	 1
vane	 1
_dekl	 1
_Napi	 1
kinje	 1
misyi	 1
mrki_	 1
zyno	 1
tevi	 1
rile	 1
lje._	 1
eobv	 1
yesa	 1
A_	 1
_Syt	 1
rbtn	 1
_sist	 1
opeti	 1
al,	 1
etim	 1
_resy	 1
enov	 1
synja	 1
osr	 1
RATOM	 1
Sp	 1
elku	 1
_zame	 1
yno._	 1
raji,	 1
__	 1
pona	 1
_vohu	 1
prina	 1
stal	 1
Vo	 1
_hi	 1
skem	 1
vojih	 1
_odl	 1
zl	 1
ibi	 1
likop	 1
sesa	 1
istem	 1
ogal_	 1
epotr	 1
okn	 1
isyic	 1
iko_	 1
skand	 1
misy	 1
ecyit	 1
ezyih	 1
ini	 1
onje	 1
_nebo	 1
korac	 1
askav	 1
istk	 1
Zdel	 1
jhn	 1
pip	 1
vilka	 1
plos	 1
_okn	 1
yelez	 1
for	 1
rak._	 1
zhoda	 1
L_	 1
Tudi_	 1
strm	 1
ynja_	 1
_dvai	 1
unu	 1
etko	 1
kno._	 1
unu_	 1
_solz	 1
_ul	 1
_zarj	 1
arave	 1
nke_	 1
orda	 1
bmocy	 1
spl	 1
del,	 1
vod	 1
zpros	 1
tiln	 1
_Tele	 1
_sab	 1
_tiso	 1
ladk	 1
ajn	 1
kopel	 1
zame	 1
ice_	 1
_naok	 1
rodu	 1
aji,_	 1
odd	 1
ekel_	 1
kcij	 1
pomn	 1
Sve	 1
_men	 1
adkem	 1
ladl	 1
lucy	 1
dir	 1
vladl	 1
suni	 1
njene	 1
asy._	 1
ord	 1
rem_	 1
mik	 1
kt	 1
elna	 1
dale	 1
er._	 1
mnos	 1
ujih	 1
ezyen	 1
stdes	 1
zasv	 1
priza	 1
ikeg	 1
njak_	 1
opaze	 1
ljeno	 1
ostel	 1
Devet	 1
stvom	 1
mi:_	 1
_Krcy	 1
sanja	 1
nimi	 1
radi	 1
enah	 1
_odda	 1
oble	 1
omo	 1
ena_	 1
isn	 1
Smrd	 1
kciji	 1
resni	 1
pok	 1
takih	 1
smes	 1
_nara	 1
nta	 1
skem_	 1
yesar	 1
_pi	 1
morda	 1
jucye	 1
jak_	 1
yarj	 1
asynj	 1
yno.	 1
eliko	 1
arav	 1
_jo	 1
ndva	 1
_Kot_	 1
_mrki	 1
Odd	 1
blja	 1
vanje	 1
yidi	 1
lani	 1
aslad	 1
oto,	 1
_loc	 1
Glas_	 1
eta_	 1
_nera	 1
resy	 1
_bili	 1
stono	 1
vzg	 1
zb	 1
aplav	 1
skan	 1
tih.	 1
t!_	 1
acij	 1
braz_	 1
orm	 1
ica_	 1
reki	 1
ynemu	 1
abote	 1
mika	 1
odaj	 1
ca_	 1
aklon	 1
menda	 1
logi	 1
edal	 1
lisk	 1
tiste	 1
set!	 1
r.	 1
ljucy	 1
_pogn	 1
_zr	 1
otraj	 1
eke	 1
jp	 1
en._	 1
yila	 1
zlj	 1
ovz	 1
tko._	 1
napol	 1
log	 1
dodal	 1
posk	 1
amegl	 1
ib	 1
yalo	 1
nine_	 1
KIM_	 1
yajo	 1
vzr	 1
_izve	 1
la:	 1
_vog	 1
vklju	 1
zveze	 1
bene	 1
ljuc	 1
esp	 1
zyice	 1
akn	 1
bmo	 1
J	 1
klo	 1
kro._	 1
tisa	 1
fant,	 1
dno,_	 1
LIKIM	 1
leta	 1
dejal	 1
_novi	 1
zteza	 1
_Gl	 1
ahno	 1
_dnu_	 1
tolog	 1
art	 1
yivi_	 1
spro	 1
ek.	 1
nju,	 1
tuj	 1
tko.	 1
izho	 1
obni	 1
_mim	 1
ripa	 1
ladno	 1
rak.	 1
temv	 1
tikt	 1
tega	 1
yinom	 1
ynim	 1
irni	 1
pirju	 1
_Vohu	 1
_ten	 1
sespl	 1
roze_	 1
rja_	 1
dajoc	 1
plo	 1
unaj,	 1
ucyaj	 1
v;	 1
btne	 1
vogal	 1
_kup	 1
izdel	 1
izda	 1
dsek	 1
lin	 1
nko	 1
aden	 1
kup	 1
zameg	 1
isocy	 1
pimi_	 1
drs	 1
kami	 1
eto_	 1
kupih	 1
_govo	 1
hitri	 1
jena_	 1
injen	 1
nka	 1
nah	 1
menta	 1
_bil_	 1
racyi	 1
vali_	 1
naspr	 1
zor_	 1
padno	 1
rata_	 1
icira	 1
solz.	 1
ajo_	 1
ecyin	 1
nemu_	 1
ogal	 1
_mas	 1
_Od	 1
ikas	 1
razka	 1
jami,	 1
ce)	 1
tevil	 1
ntolo	 1
akeg	 1
et!	 1
der	 1
_stre	 1
_sled	 1
stu	 1
rozl	 1
manue	 1
_kov	 1
hoda.	 1
vajse	 1
_pobi	 1
nobe	 1
Os	 1
reek	 1
jiva	 1
zdelo	 1
_nasl	 1
zgl	 1
adk	 1
zoval	 1
vc	 1
pogov	 1
dnje	 1
klonj	 1
dde	 1
ov,_	 1
rekel	 1
cyali	 1
_reke	 1
nifo	 1
_isti	 1
unko	 1
mot	 1
dse	 1
cyev	 1
aprl_	 1
_sis	 1
nimi_	 1
pret	 1
azde	 1
eopa	 1
Spod	 1
osno	 1
kvot	 1
vim	 1
tres	 1
_ant	 1
eni_	 1
prasy	 1
_tik	 1
_masy	 1
_kvo	 1
mv	 1
ognal	 1
imo	 1
osta	 1
_mend	 1
jno	 1
_polo	 1
aveda	 1
ue	 1
ntov	 1
st,	 1
remik	 1
_voh	 1
e:_	 1
ycye	 1
avci,	 1
_Sp	 1
podaj	 1
_ovir	 1
_let_	 1
blo	 1
_do_	 1
jocye	 1
zni	 1
azu	 1
(Wins	 1
rjul_	 1
Zave	 1
cyol	 1
ijali	 1
nane_	 1
ya_	 1
saml	 1
tope	 1
rekin	 1
Res	 1
ejas	 1
_fan	 1
oke!_	 1
ekel	 1
zraz_	 1
_zvez	 1
jb	 1
diti	 1
_klju	 1
ater	 1
tvarn	 1
bol	 1
Da,_	 1
elez	 1
aml	 1
_male	 1
_odd	 1
ros	 1
ocyj	 1
isteg	 1
esal	 1
ezaj	 1
hem._	 1
tril	 1
_bre	 1
mirn	 1
adev	 1
_E	 1
smer.	 1
_zag	 1
oke!	 1
_vetr	 1
cyrni	 1
acyi	 1
bija	 1
anjo	 1
_spa	 1
steg	 1
dni	 1
aj,_	 1
oze_	 1
mk	 1
_bomb	 1
_razg	 1
kov;_	 1
icyes	 1
nekaj	 1
osno_	 1
sku_	 1
rebl	 1
enda	 1
jedi	 1
_necy	 1
kumen	 1
eiz	 1
vadni	 1
rjul	 1
dlj	 1
ajte	 1
mnost	 1
trtl	 1
_Gru	 1
ikopt	 1
rjev	 1
ilka_	 1
kav	 1
oska	 1
poseb	 1
lomk	 1
oda.	 1
Ne	 1
dvora	 1
cir	 1
ecyis	 1
ocy_	 1
paz	 1
poja	 1
ovati	 1
dukci	 1
sesp	 1
snila	 1
_izv	 1
ajo,_	 1
atnic	 1
lavc	 1
TOM	 1
morja	 1
za;_	 1
inom	 1
_ta_	 1
necy	 1
lecy	 1
_Zye	 1
_Res	 1
elja_	 1
unov_	 1
rbov	 1
rej_	 1
jev,	 1
sta,	 1
stre	 1
obija	 1
pt	 1
_nala	 1
vota	 1
cyene	 1
tov._	 1
rinas	 1
brez_	 1
naj,	 1
snih_	 1
rip	 1
lino	 1
(	 1
emat	 1
IKI_	 1
nane	 1
necyi	 1
njev	 1
nom,	 1
sode	 1
janja	 1
olozy	 1
trok_	 1
st:_	 1
_posr	 1
erje	 1
itrd	 1
fant	 1
odpir	 1
icir	 1
vrata	 1
cyino	 1
_nepo	 1
acyka	 1
icy:	 1
cirat	 1
rsel	 1
_Ost	 1
acyke	 1
jskih	 1
sto_	 1
delk	 1
uta	 1
ucya	 1
_suhe	 1
leko	 1
varni	 1
_span	 1
ravi_	 1
edit	 1
acyet	 1
klica	 1
syice	 1
_pomo	 1
_sr	 1
zkr	 1
trt	 1
lni_	 1
ovzr	 1
rti	 1
om,	 1
njih	 1
uhem	 1
_im	 1
ilk	 1
fo	 1
ekst	 1
nasla	 1
lz.	 1
posr	 1
asnih	 1
telj	 1
sur	 1
apisa	 1
ginu.	 1
Obc	 1
moza	 1
_to,_	 1
zpro	 1
kdor_	 1
jah._	 1
lodnj	 1
male_	 1
ikta	 1
klen	 1
ako,	 1
ive._	 1
_rez	 1
yi._	 1
_plac	 1
Grup	 1
azye	 1
ormn	 1
drsel	 1
_Spo	 1
cijo,	 1
likih	 1
zyev	 1
tev	 1
spret	 1
preo	 1
_Za	 1
_doku	 1
hu_	 1
emu	 1
Per	 1
da._	 1
ikih	 1
olja_	 1
zajt	 1
imeru	 1
tne_	 1
ebli	 1
cyitl	 1
hem	 1
adja_	 1
elji	 1
_vt	 1
Emm	 1
_izde	 1
cyka	 1
vses	 1
kopte	 1
sno_	 1
a;	 1
_pona	 1
asvet	 1
izua	 1
_Tom_	 1
bnih_	 1
nala_	 1
adke	 1
dro	 1
njim_	 1
ino_	 1
tvom_	 1
ajbol	 1
ulic	 1
_Mini	 1
anjev	 1
ana._	 1
yajn	 1
meg	 1
voran	 1
ive_	 1
rimi	 1
inoma	 1
_obra	 1
iji,_	 1
_znov	 1
taza	 1
edi,_	 1
komun	 1
Krcyi	 1
_avt	 1
najp	 1
jocy_	 1
_mrk	 1
rmnos	 1
itrdi	 1
Tud	 1
adj	 1
_(	 1
iji._	 1
_Tel	 1
zapo	 1
spre	 1
kovat	 1
aspr	 1
_ekst	 1
menju	 1
_Krc	 1
eset!	 1
enta	 1
Dan	 1
timi	 1
ga,_	 1
rebno	 1
razyi	 1
tranj	 1
Podob	 1
letko	 1
Kr	 1
anasy	 1
r,_	 1
eina	 1
acyn	 1
Tudi	 1
kljuc	 1
kale_	 1
Nap	 1
osn	 1
lisn	 1
ina,_	 1
Velik	 1
jive.	 1
drse	 1
adlji	 1
izade	 1
eraz	 1
nepot	 1
ajte_	 1
glj	 1
oter	 1
cynim	 1
temve	 1
novo	 1
rani	 1
saj_	 1
cyr	 1
dotak	 1
tisa.	 1
yetr	 1
epim	 1
cyed	 1
asyc	 1
dijo,	 1
ljunu	 1
dja	 1
yuti	 1
_tre	 1
reekl	 1
asycy	 1
idin	 1
bomb	 1
_ner	 1
nkom_	 1
cyasn	 1
jega.	 1
o?	 1
upa_	 1
ojim	 1
pisa	 1
sredn	 1
Voh	 1
nikov	 1
ddel	 1
osesa	 1
tilni	 1
zhod	 1
avo_	 1
vizua	 1
znine	 1
ipadn	 1
trile	 1
at_	 1
unek	 1
obra_	 1
Ob	 1
_fant	 1
parti	 1
kta	 1
edli	 1
avra	 1
mim	 1
eji_	 1
moza;	 1
ski	 1
_kdo	 1
rete	 1
_kraj	 1
mrdel	 1
upi	 1
najb	 1
orja,	 1
elav	 1
_gla	 1
otre	 1
srec	 1
suh	 1
leti	 1
plava	 1
yite_	 1
celo_	 1
utah	 1
upa	 1
majhn	 1
_zadr	 1
ik.	 1
ivk	 1
etru_	 1
bovec	 1
rana.	 1
jal,	 1
oblek	 1
dnim	 1
azuml	 1
odda	 1
ujih_	 1
zdela	 1
rez_	 1
ucyen	 1
vadn	 1
aklo	 1
vajs	 1
_kate	 1
n._	 1
tako	 1
bove	 1
ecyn	 1
usedl	 1
jhnim	 1
odst	 1
nova	 1
_odpi	 1
_dota	 1
danjo	 1
ramo	 1
ntov.	 1
prto	 1
gor_	 1
ebog	 1
kel	 1
resez	 1
njega	 1
ipe	 1
anu_	 1
rah	 1
zas	 1
kand	 1
_neob	 1
_tako	 1
ledij	 1
najpr	 1
_hit	 1
Sytev	 1
den	 1
loku	 1
_slu	 1
azzy	 1
isa.	 1
_nal	 1
ikasy	 1
_kop	 1
azyil	 1
kode	 1
posre	 1
jivi	 1
dekl	 1
ien._	 1
uela_	 1
tje	 1
skav	 1
_jek	 1
t!	 1
_poz	 1
okum	 1
rbtne	 1
_bl	 1
produ	 1
rze	 1
dobni	 1
vimi_	 1
jena	 1
roka	 1
apra	 1
arni	 1
oskak	 1
neja	 1
cy:_	 1
mord	 1
_nov	 1
doga	 1
potre	 1
renu	 1
dja_	 1
poses	 1
ritr	 1
_used	 1
pe,	 1
olz	 1
ednj	 1
plosy	 1
sten	 1
_hrb	 1
moto	 1
naden	 1
_lep	 1
_ekra	 1
_smer	 1
_tikt	 1
ijah	 1
indva	 1
Nenad	 1
vati	 1
jiva_	 1
_vide	 1
tletj	 1
sek	 1
ualn	 1
zba	 1
mikas	 1
za;	 1
ajal	 1
nao	 1
unic	 1
ekin	 1
TO	 1
itl	 1
_ujet	 1
lava	 1
pimi	 1
kazye	 1
_ons	 1
oste	 1
Odde	 1
izpro	 1
strah	 1
minut	 1
ivkas	 1
nistr	 1
yka	 1
asnik	 1
_ginu	 1
_vizu	 1
asti	 1
ona_	 1
izven	 1
yiv	 1
itri	 1
istr	 1
vile	 1
tezaj	 1
adja	 1
_av	 1
neizp	 1
apom	 1
Celo	 1
acya	 1
skor	 1
pobi	 1
tako,	 1
prin	 1
zogn	 1
gija	 1
_Oce	 1
tol	 1
tiri_	 1
masyc	 1
dvain	 1
ddelk	 1
tikta	 1
Krc	 1
syes	 1
ost,_	 1
asy.	 1
rask	 1
m.	 1
zte	 1
_del	 1
oben	 1
kov;	 1
_sod	 1
ovad	 1
ave_	 1
tir_	 1
polni	 1
edno,	 1
ainsy	 1
_mimo	 1
ojimi	 1
ce)_	 1
rja,	 1
dna	 1
stvo_	 1
_decy	 1
mbe_	 1
adrla	 1
vanju	 1
_pas	 1
prebl	 1
_Min	 1
rano	 1
bode	 1
ekli	 1
ieno	 1
tah	 1
_Celo	 1
jo?	 1
trani	 1
cyesa	 1
_Glas	 1
agna	 1
_sol	 1
zaprt	 1
glad	 1
dnu	 1
_izte	 1
etih.	 1
zyalo	 1
afrik	 1
enov_	 1
_navz	 1
no,_	 1
skora	 1
ogna	 1
jost	 1
dvajs	 1
njaka	 1
rad_	 1
yrni	 1
nik._	 1
vecyn	 1
utret	 1
lne	 1
vci,	 1
Re	 1
lu	 1
_te_	 1
led	 1
jun	 1
Pero_	 1
suhe	 1
povz	 1
esuni	 1
irja_	 1
r._	 1
enade	 1
pomb_	 1
ecyek	 1
roke!	 1
rjena	 1
gleno	 1
inu._	 1
akih	 1
zadj	 1
sist	 1
tona	 1
ndv	 1
rahu	 1
bot	 1
_kode	 1
sede_	 1
_izho	 1
_Da,	 1
naok	 1
Min	 1
ten_	 1
iri_	 1
nocyi	 1
rtij	 1
anec_	 1
ej_	 1
ovzro	 1
nju_	 1
abl	 1
nec_	 1
enega	 1
_tuji	 1
noben	 1
telji	 1
mrz	 1
aza	 1
nemoc	 1
ozo._	 1
ble	 1
sabo	 1
_De	 1
lacyn	 1
junu_	 1
lepim	 1
lon	 1
neraz	 1
je:	 1
uk	 1
omki	 1
anom,	 1
_dro	 1
lozyi	 1
_Te	 1
olz._	 1
_vsaj	 1
ladlj	 1
zyno_	 1
_zas	 1
ce_	 1
isk	 1
luc	 1
_Da,_	 1
_osa	 1
dekli	 1
onjen	 1
_on	 1
_vk	 1
zarad	 1
_skor	 1
oza;	 1
ter_	 1
ite	 1
rselo	 1
ginu	 1
ga._	 1
entr	 1
anju,	 1
ga,	 1
latn	 1
preob	 1
arti	 1
nutki	 1
ree	 1
rki_	 1
ajpre	 1
akem_	 1
pozo	 1
ojavl	 1
vom	 1
ual	 1
_izra	 1
nila	 1
ega._	 1
det	 1
_tem,	 1
adlj	 1
sluc	 1
ajse	 1
tona_	 1
used	 1
jek	 1
rog._	 1
ren	 1
hni	 1
zog	 1
krano	 1
ntr	 1
ribi	 1
_heli	 1
_kope	 1
_jo_	 1
lje.	 1
rozlj	 1
je._	 1
hrbt	 1
Zye_	 1
entov	 1
)	 1
lab	 1
cean	 1
arjul	 1
nost:	 1
premi	 1
ddaja	 1
kakov	 1
vom_	 1
_kova	 1
e!_	 1
sak_	 1
smesy	 1
rotn	 1
amlj	 1
sa._	 1
pipe,	 1
jski	 1
naj_	 1
onu,	 1
zyid	 1
taza_	 1
adr	 1
adel	 1
om,_	 1
hnim	 1
modre	 1
ipe,_	 1
ezyi	 1
_ska	 1
novo_	 1
odaj_	 1
ukci	 1
_gram	 1
valni	 1
ovat	 1
sek_	 1
vanj_	 1
alecy	 1
kupi	 1
RAT_	 1
tena	 1
_oble	 1
a:	 1
_dva	 1
taci	 1
_odp	 1
sy.	 1
Resn	 1
ak._	 1
dvec	 1
ynja	 1
artij	 1
parov	 1
stde	 1
ru._	 1
lj_	 1
ek._	 1
rozo.	 1
terj	 1
ostj	 1
ca	 1
Nen	 1
redi	 1
ikrat	 1
Syel	 1
oki	 1
zdaj	 1
elji_	 1
ilka	 1
otra	 1
_rde	 1
yajoc	 1
eko_	 1
ota_	 1
_gra	 1
zho	 1
izraz	 1
ovice	 1
_vb	 1
aokr	 1
_odst	 1
stena	 1
_unif	 1
ovir	 1
n,	 1
avrac	 1
zyih	 1
_Resn	 1
pas	 1
dpira	 1
sar_	 1
nju.	 1
_kod	 1
dljiv	 1
azyn	 1
jasn	 1
ter,_	 1
hel	 1
rju_	 1
avzg	 1
_praz	 1
tij	 1
akale	 1
omat	 1
pokaz	 1
zo.	 1
antol	 1
_Pod	 1
itlj	 1
_viz	 1
bolj_	 1
uni,	 1
potr	 1
_glad	 1
ume	 1
olni	 1
IM_	 1
rahu_	 1
Gru	 1
olnil	 1
oglj	 1
delku	 1
_dot	 1
tega,	 1
kasy	 1
rki	 1
mljiv	 1
ndira	 1
vez	 1
krog.	 1
eanij	 1
vizu	 1
bt	 1
vrbov	 1
timi_	 1
nila_	 1
editi	 1
bre	 1
isku	 1
vik	 1
icya	 1
dek	 1
_misy	 1
glje	 1
_nis	 1
resyi	 1
takn	 1
reob	 1
_Ja	 1
ega,_	 1
vice	 1
drobn	 1
sunk	 1
bcyi	 1
ask	 1
_priz	 1
_rajo	 1
lavci	 1
juc	 1
nakl	 1
ijsk	 1
yinsk	 1
rjen	 1
vtoma	 1
_kom	 1
t:	 1
tle	 1
prip	 1
vajo	 1
_nat	 1
ru.	 1
tonu,	 1
dpir	 1
_Ja,	 1
stk_	 1
vsaj_	 1
kater	 1
ohuni	 1
vkast	 1
_morj	 1
letje	 1
_zbad	 1
rmn	 1
nik_	 1
ica	 1
_zasv	 1
okume	 1
ozor	 1
osaml	 1
_drz	 1
_poja	 1
skako	 1
diral	 1
sedli	 1
yisti	 1
mnil_	 1
nek_	 1
zzya	 1
prosn	 1
yi.	 1
_afri	 1
yar	 1
vain	 1
letj	 1
Napis	 1
edan	 1
e:	 1
riko_	 1
alnos	 1
_dob	 1
_prem	 1
glabl	 1
eten_	 1
bni	 1
tk_	 1
azum	 1
avl	 1
itlji	 1
daj_	 1
_vze	 1
ogovo	 1
olz.	 1
kniti	 1
_to,	 1
ejal	 1
bdrz	 1
bne_	 1
anom	 1
Ocean	 1
poste	 1
temno	 1
spa	 1
jprej	 1
jah,_	 1
tren	 1
oraj_	 1
ologi	 1
zyiv	 1
obene	 1
_jed	 1
tran_	 1
azzya	 1
insye	 1
_vanj	 1
_mokr	 1
izual	 1
mirni	 1
_mod	 1
zzyar	 1
vajam	 1
prt	 1
lisku	 1
apol	 1
poln_	 1
ate	 1
_nej	 1
ovali	 1
oka,_	 1
arni_	 1
lodn	 1
yila:	 1
trme	 1
maj	 1
atn	 1
aji,	 1
ro.	 1
zualn	 1
esta,	 1
_blod	 1
edal_	 1
lom	 1
taz	 1
jhni	 1
polja	 1
ikimi	 1
ega.	 1
ete	 1
_nobe	 1
mas	 1
yih_	 1
kale	 1
vajo,	 1
iza	 1
leko_	 1
samo.	 1
ozlji	 1
jpr	 1
Cyu	 1
lnik.	 1
_sre	 1
kricy	 1
kazy	 1
sakem	 1
_kat	 1
ee	 1
imi.	 1
_raze	 1
yja	 1
avile	 1
ifor	 1
aspro	 1
iform	 1
_sur	 1
ev,	 1
okro.	 1
isto	 1
yest	 1
Oc	 1
elku_	 1
zadel	 1
mimo.	 1
riko	 1
cyo	 1
_rd	 1
_je:	 1
lenih	 1
_najp	 1
dogaj	 1
ezek,	 1
_ste	 1
izhod	 1
pritr	 1
ecyer	 1
In_	 1
zacy	 1
akova	 1
setih	 1
oto,_	 1
_mok	 1
eru_	 1
nepo	 1
_Smrd	 1
zro	 1
belk	 1
ocya_	 1
sycya	 1
poloz	 1
dod	 1
_tenk	 1
ean	 1
teza	 1
_pip	 1
ajam	 1
_roka	 1
Deve	 1
ure	 1
niso	 1
ponoc	 1
kume	 1
preb	 1
ami:_	 1
delav	 1
oseb	 1
asye	 1
_nava	 1
nutk	 1
ice)	 1
snil	 1
avlj	 1
jedi,	 1
_osta	 1
vojim	 1
y._	 1
odelo	 1
aokro	 1
paro	 1
kasy.	 1
isal_	 1
gaja	 1
_pras	 1
oki_	 1
ah,	 1
anue	 1
Telek	 1
ynik	 1
meru_	 1
Smrde	 1
opom	 1
krog	 1
yena.	 1
kraj	 1
mesta	 1
vari_	 1
cy:	 1
Ja	 1
istk_	 1
_zara	 1
_dek	 1
avo	 1
tal_	 1
lezu	 1
razd	 1
sunek	 1
epi	 1
_okno	 1
_nob	 1
znotr	 1
tacij	 1
azka	 1
znan	 1
bno.	 1
etimi	 1
utkih	 1
vot	 1
zov	 1
ajo,	 1
_zyiv	 1
yena	 1
_Tu	 1
like_	 1
_poro	 1
ekinj	 1
_Zav	 1
_J	 1
zt	 1
_telo	 1
tah._	 1
tonu	 1
asp	 1
vkas	 1
emu_	 1
Gl	 1
ci,_	 1
?	 1
gniti	 1
odse	 1
beneg	 1
zna	 1
kope	 1
syili	 1
cykam	 1
jbo	 1
_zdel	 1
kala_	 1
trd	 1
not	 1
rodre	 1
_le_	 1
zkri	 1
ajale	 1
_spre	 1
Svet	 1
eten	 1
grozl	 1
_min	 1
_pono	 1
krat,	 1
uela	 1
hoda	 1
_Nena	 1
naklo	 1
zgla	 1
tolo	 1
dokum	 1
_utre	 1
btn	 1
zek	 1
izh	 1
pim	 1
nkala	 1
friko	 1
_paro	 1
zzy	 1
znova	 1
sladn	 1
kavo_	 1
ATO	 1
nasl	 1
hitr	 1
dot	 1
imo._	 1
oddaj	 1
yrn	 1
_sivk	 1
tret	 1
olne	 1
omun	 1
ojih	 1
j,	 1
lnost	 1
izpr	 1
azov	 1
ogni	 1
oza;_	 1
tikra	 1
setim	 1
Dana	 1
gajal	 1
tje_	 1
viz	 1
yut	 1
_sunk	 1
em._	 1
Za	 1
klon	 1
rasy	 1
majh	 1
svet	 1
